Archive member included to satisfy reference by file (symbol)

.\CortexM0\ARM_GCC_541\Debug\TestCode.a(CyLib.o)
                              .\CortexM0\ARM_GCC_541\Debug\cyfitter_cfg.o (CyIntEnable)
.\CortexM0\ARM_GCC_541\Debug\TestCode.a(CyLFClk.o)
                              .\CortexM0\ARM_GCC_541\Debug\cyfitter_cfg.o (CySysClkWcoStart)
.\CortexM0\ARM_GCC_541\Debug\TestCode.a(CyBootAsmGnu.o)
                              .\CortexM0\ARM_GCC_541\Debug\cyfitter_cfg.o (CyDelayCycles)
c:/program files (x86)/cypress/psoc creator/4.4/psoc creator/import/gnu/arm/5.4.1/bin/../lib/gcc/arm-none-eabi/5.4.1/armv6-m\libgcc.a(_udivsi3.o)
                              .\CortexM0\ARM_GCC_541\Debug\TestCode.a(CyLib.o) (__aeabi_uidiv)
c:/program files (x86)/cypress/psoc creator/4.4/psoc creator/import/gnu/arm/5.4.1/bin/../lib/gcc/arm-none-eabi/5.4.1/armv6-m\libgcc.a(_divsi3.o)
                              .\CortexM0\ARM_GCC_541\Debug\TestCode.a(CyLFClk.o) (__aeabi_idiv)
c:/program files (x86)/cypress/psoc creator/4.4/psoc creator/import/gnu/arm/5.4.1/bin/../lib/gcc/arm-none-eabi/5.4.1/armv6-m\libgcc.a(_dvmd_tls.o)
                              c:/program files (x86)/cypress/psoc creator/4.4/psoc creator/import/gnu/arm/5.4.1/bin/../lib/gcc/arm-none-eabi/5.4.1/armv6-m\libgcc.a(_udivsi3.o) (__aeabi_idiv0)
c:/program files (x86)/cypress/psoc creator/4.4/psoc creator/import/gnu/arm/5.4.1/bin/../lib/gcc/arm-none-eabi/5.4.1/../../../../arm-none-eabi/lib/armv6-m\libg_nano.a(lib_a-errno.o)
                              .\CortexM0\ARM_GCC_541\Debug\Cm0Start.o (__errno)
c:/program files (x86)/cypress/psoc creator/4.4/psoc creator/import/gnu/arm/5.4.1/bin/../lib/gcc/arm-none-eabi/5.4.1/../../../../arm-none-eabi/lib/armv6-m\libg_nano.a(lib_a-exit.o)
                              c:/program files (x86)/cypress/psoc creator/4.4/psoc creator/import/gnu/arm/5.4.1/bin/../lib/gcc/arm-none-eabi/5.4.1/../../../../arm-none-eabi/lib/armv6-m/crt0.o (exit)
c:/program files (x86)/cypress/psoc creator/4.4/psoc creator/import/gnu/arm/5.4.1/bin/../lib/gcc/arm-none-eabi/5.4.1/../../../../arm-none-eabi/lib/armv6-m\libg_nano.a(lib_a-impure.o)
                              c:/program files (x86)/cypress/psoc creator/4.4/psoc creator/import/gnu/arm/5.4.1/bin/../lib/gcc/arm-none-eabi/5.4.1/../../../../arm-none-eabi/lib/armv6-m\libg_nano.a(lib_a-exit.o) (_global_impure_ptr)
c:/program files (x86)/cypress/psoc creator/4.4/psoc creator/import/gnu/arm/5.4.1/bin/../lib/gcc/arm-none-eabi/5.4.1/../../../../arm-none-eabi/lib/armv6-m\libg_nano.a(lib_a-init.o)
                              c:/program files (x86)/cypress/psoc creator/4.4/psoc creator/import/gnu/arm/5.4.1/bin/../lib/gcc/arm-none-eabi/5.4.1/../../../../arm-none-eabi/lib/armv6-m/crt0.o (__libc_init_array)
c:/program files (x86)/cypress/psoc creator/4.4/psoc creator/import/gnu/arm/5.4.1/bin/../lib/gcc/arm-none-eabi/5.4.1/../../../../arm-none-eabi/lib/armv6-m\libg_nano.a(lib_a-memset.o)
                              c:/program files (x86)/cypress/psoc creator/4.4/psoc creator/import/gnu/arm/5.4.1/bin/../lib/gcc/arm-none-eabi/5.4.1/../../../../arm-none-eabi/lib/armv6-m/crt0.o (memset)

Discarded input sections

 .text          0x00000000        0x0 c:/program files (x86)/cypress/psoc creator/4.4/psoc creator/import/gnu/arm/5.4.1/bin/../lib/gcc/arm-none-eabi/5.4.1/armv6-m/crti.o
 .data          0x00000000        0x0 c:/program files (x86)/cypress/psoc creator/4.4/psoc creator/import/gnu/arm/5.4.1/bin/../lib/gcc/arm-none-eabi/5.4.1/armv6-m/crti.o
 .bss           0x00000000        0x0 c:/program files (x86)/cypress/psoc creator/4.4/psoc creator/import/gnu/arm/5.4.1/bin/../lib/gcc/arm-none-eabi/5.4.1/armv6-m/crti.o
 .data          0x00000000        0x4 c:/program files (x86)/cypress/psoc creator/4.4/psoc creator/import/gnu/arm/5.4.1/bin/../lib/gcc/arm-none-eabi/5.4.1/armv6-m/crtbegin.o
 .text          0x00000000       0x78 c:/program files (x86)/cypress/psoc creator/4.4/psoc creator/import/gnu/arm/5.4.1/bin/../lib/gcc/arm-none-eabi/5.4.1/../../../../arm-none-eabi/lib/armv6-m/crt0.o
 .data          0x00000000        0x0 c:/program files (x86)/cypress/psoc creator/4.4/psoc creator/import/gnu/arm/5.4.1/bin/../lib/gcc/arm-none-eabi/5.4.1/../../../../arm-none-eabi/lib/armv6-m/crt0.o
 .bss           0x00000000        0x0 c:/program files (x86)/cypress/psoc creator/4.4/psoc creator/import/gnu/arm/5.4.1/bin/../lib/gcc/arm-none-eabi/5.4.1/../../../../arm-none-eabi/lib/armv6-m/crt0.o
 .ARM.extab     0x00000000        0x0 c:/program files (x86)/cypress/psoc creator/4.4/psoc creator/import/gnu/arm/5.4.1/bin/../lib/gcc/arm-none-eabi/5.4.1/../../../../arm-none-eabi/lib/armv6-m/crt0.o
 .ARM.exidx     0x00000000        0x8 c:/program files (x86)/cypress/psoc creator/4.4/psoc creator/import/gnu/arm/5.4.1/bin/../lib/gcc/arm-none-eabi/5.4.1/../../../../arm-none-eabi/lib/armv6-m/crt0.o
 .text          0x00000000        0x0 .\CortexM0\ARM_GCC_541\Debug\main.o
 .data          0x00000000        0x0 .\CortexM0\ARM_GCC_541\Debug\main.o
 .bss           0x00000000        0x0 .\CortexM0\ARM_GCC_541\Debug\main.o
 .text          0x00000000        0x0 .\CortexM0\ARM_GCC_541\Debug\CANCommon.o
 .data          0x00000000        0x0 .\CortexM0\ARM_GCC_541\Debug\CANCommon.o
 .bss           0x00000000        0x0 .\CortexM0\ARM_GCC_541\Debug\CANCommon.o
 .text.AssembleEmergencyStopPacket
                0x00000000       0x20 .\CortexM0\ARM_GCC_541\Debug\CANCommon.o
 .text.AssembleGroupBroadcastingEmergencyStopPacket
                0x00000000        0xc .\CortexM0\ARM_GCC_541\Debug\CANCommon.o
 .text.AssembleBrodcastEmergencyStopPacket
                0x00000000        0xc .\CortexM0\ARM_GCC_541\Debug\CANCommon.o
 .text.GetEmergencyStopErrorCode
                0x00000000       0x18 .\CortexM0\ARM_GCC_541\Debug\CANCommon.o
 .text.GetHeartbeatTimeStamp
                0x00000000       0x2c .\CortexM0\ARM_GCC_541\Debug\CANCommon.o
 .text.GetTimeBetweenHeartbeatPacket
                0x00000000       0x20 .\CortexM0\ARM_GCC_541\Debug\CANCommon.o
 .text.GetHeartbeatLeniencyCode
                0x00000000       0x18 .\CortexM0\ARM_GCC_541\Debug\CANCommon.o
 .text.AssembleHeartbeatPacket
                0x00000000       0x44 .\CortexM0\ARM_GCC_541\Debug\CANCommon.o
 .text.AssembleFailReportPacket
                0x00000000       0x20 .\CortexM0\ARM_GCC_541\Debug\CANCommon.o
 .text.AssembleOverrideProtectionPacket
                0x00000000       0x1c .\CortexM0\ARM_GCC_541\Debug\CANCommon.o
 .text.AssembleChipTypePullPacket
                0x00000000       0x24 .\CortexM0\ARM_GCC_541\Debug\CANCommon.o
 .text.AssembleChipTypeReportPacket
                0x00000000       0x24 .\CortexM0\ARM_GCC_541\Debug\CANCommon.o
 .text.GetChipTypeFromPacket
                0x00000000        0x4 .\CortexM0\ARM_GCC_541\Debug\CANCommon.o
 .text.AssembleTelemetryTimingPacket
                0x00000000       0x2c .\CortexM0\ARM_GCC_541\Debug\CANCommon.o
 .text.AssembleTelemetryPullPacket
                0x00000000       0x20 .\CortexM0\ARM_GCC_541\Debug\CANCommon.o
 .text.AssembleTelemetryReportPacket
                0x00000000       0x2c .\CortexM0\ARM_GCC_541\Debug\CANCommon.o
 .text.DecodeTelemetryDataSigned
                0x00000000       0x10 .\CortexM0\ARM_GCC_541\Debug\CANCommon.o
 .text.DecodeTelemetryDataUnsigned
                0x00000000        0x8 .\CortexM0\ARM_GCC_541\Debug\CANCommon.o
 .text.GetTelemetryTimingFromPacket
                0x00000000        0x8 .\CortexM0\ARM_GCC_541\Debug\CANCommon.o
 .text.DecodeTelemetryType
                0x00000000        0x4 .\CortexM0\ARM_GCC_541\Debug\CANCommon.o
 .text.AssembleRGBColorPacket
                0x00000000       0x4c .\CortexM0\ARM_GCC_541\Debug\CANCommon.o
 .text          0x00000000        0x0 .\CortexM0\ARM_GCC_541\Debug\CANGPIO.o
 .data          0x00000000        0x0 .\CortexM0\ARM_GCC_541\Debug\CANGPIO.o
 .bss           0x00000000        0x0 .\CortexM0\ARM_GCC_541\Debug\CANGPIO.o
 .text.AssembleGPIOSetPWMFrequencyPacket
                0x00000000       0x30 .\CortexM0\ARM_GCC_541\Debug\CANGPIO.o
 .text.GetGPIOPWMChannelFromPacket
                0x00000000        0x4 .\CortexM0\ARM_GCC_541\Debug\CANGPIO.o
 .text.GetGPIOPWMFrequencyFromPacket
                0x00000000       0x10 .\CortexM0\ARM_GCC_541\Debug\CANGPIO.o
 .text.AssembleGPIOSetPWMDutyCyclePacket
                0x00000000       0x30 .\CortexM0\ARM_GCC_541\Debug\CANGPIO.o
 .text.GetGPIOPWMDutyCycle
                0x00000000       0x10 .\CortexM0\ARM_GCC_541\Debug\CANGPIO.o
 .text.AssembleGPIOSetADCStateConfiguration
                0x00000000       0x2c .\CortexM0\ARM_GCC_541\Debug\CANGPIO.o
 .text.GetGPIOADCChannelFromPacket
                0x00000000        0x4 .\CortexM0\ARM_GCC_541\Debug\CANGPIO.o
 .text.GetGPIOADCStateFromPacket
                0x00000000        0x4 .\CortexM0\ARM_GCC_541\Debug\CANGPIO.o
 .text.AssembleGPIOSetConfigurationPacket
                0x00000000       0x34 .\CortexM0\ARM_GCC_541\Debug\CANGPIO.o
 .text.GetGPIORegisterFromPacket
                0x00000000        0x4 .\CortexM0\ARM_GCC_541\Debug\CANGPIO.o
 .text.GetGPIOBitNumberFromPacket
                0x00000000        0x4 .\CortexM0\ARM_GCC_541\Debug\CANGPIO.o
 .text.GetGPIOBitConfigFromPacket
                0x00000000        0x4 .\CortexM0\ARM_GCC_541\Debug\CANGPIO.o
 .text.AssembleGPIOWrite
                0x00000000       0x34 .\CortexM0\ARM_GCC_541\Debug\CANGPIO.o
 .text.GetGPIOWriteValuesFromPacket
                0x00000000        0x4 .\CortexM0\ARM_GCC_541\Debug\CANGPIO.o
 .text          0x00000000        0x0 .\CortexM0\ARM_GCC_541\Debug\CANLocalization.o
 .data          0x00000000        0x0 .\CortexM0\ARM_GCC_541\Debug\CANLocalization.o
 .bss           0x00000000        0x0 .\CortexM0\ARM_GCC_541\Debug\CANLocalization.o
 .text          0x00000000        0x0 .\CortexM0\ARM_GCC_541\Debug\CANMotorUnit.o
 .data          0x00000000        0x0 .\CortexM0\ARM_GCC_541\Debug\CANMotorUnit.o
 .bss           0x00000000        0x0 .\CortexM0\ARM_GCC_541\Debug\CANMotorUnit.o
 .text.AssembleModeSetPacket
                0x00000000       0x20 .\CortexM0\ARM_GCC_541\Debug\CANMotorUnit.o
 .text.GetModeFromPacket
                0x00000000        0x4 .\CortexM0\ARM_GCC_541\Debug\CANMotorUnit.o
 .text.AssemblePWMDirSetPacket
                0x00000000       0x28 .\CortexM0\ARM_GCC_541\Debug\CANMotorUnit.o
 .text.GetPWMFromPacket
                0x00000000       0x10 .\CortexM0\ARM_GCC_541\Debug\CANMotorUnit.o
 .text.GetDirectionFromPacket
                0x00000000        0x8 .\CortexM0\ARM_GCC_541\Debug\CANMotorUnit.o
 .text.AssemblePIDTargetSetPacket
                0x00000000       0x28 .\CortexM0\ARM_GCC_541\Debug\CANMotorUnit.o
 .text.GetPIDTargetFromPacket
                0x00000000       0x10 .\CortexM0\ARM_GCC_541\Debug\CANMotorUnit.o
 .text.AssemblePSetPacket
                0x00000000       0x28 .\CortexM0\ARM_GCC_541\Debug\CANMotorUnit.o
 .text.GetPFromPacket
                0x00000000       0x10 .\CortexM0\ARM_GCC_541\Debug\CANMotorUnit.o
 .text.AssembleISetPacket
                0x00000000       0x28 .\CortexM0\ARM_GCC_541\Debug\CANMotorUnit.o
 .text.GetIFromPacket
                0x00000000       0x10 .\CortexM0\ARM_GCC_541\Debug\CANMotorUnit.o
 .text.AssembleDSetPacket
                0x00000000       0x28 .\CortexM0\ARM_GCC_541\Debug\CANMotorUnit.o
 .text.GetDFromPacket
                0x00000000       0x10 .\CortexM0\ARM_GCC_541\Debug\CANMotorUnit.o
 .text.AssembleInitializePacket
                0x00000000       0x20 .\CortexM0\ARM_GCC_541\Debug\CANMotorUnit.o
 .text.GetInitModeFromPacket
                0x00000000        0x4 .\CortexM0\ARM_GCC_541\Debug\CANMotorUnit.o
 .text.AssembleLimitSwitchAlertPacket
                0x00000000       0x20 .\CortexM0\ARM_GCC_541\Debug\CANMotorUnit.o
 .text.GetLimStatusFromPacket
                0x00000000        0x4 .\CortexM0\ARM_GCC_541\Debug\CANMotorUnit.o
 .text.AssembleEncoderPPJRSetPacket
                0x00000000       0x28 .\CortexM0\ARM_GCC_541\Debug\CANMotorUnit.o
 .text.GetEncoderPPJRFromPacket
                0x00000000       0x10 .\CortexM0\ARM_GCC_541\Debug\CANMotorUnit.o
 .text.AssembleMaxJointRevolutionPacket
                0x00000000       0x28 .\CortexM0\ARM_GCC_541\Debug\CANMotorUnit.o
 .text.GetMaxJointRevolutionsFromPacket
                0x00000000       0x10 .\CortexM0\ARM_GCC_541\Debug\CANMotorUnit.o
 .text.AssemblePotHiSetPacket
                0x00000000       0x34 .\CortexM0\ARM_GCC_541\Debug\CANMotorUnit.o
 .text.AssemblePotLoSetPacket
                0x00000000       0x34 .\CortexM0\ARM_GCC_541\Debug\CANMotorUnit.o
 .text.GetPotADCFromPacket
                0x00000000       0x10 .\CortexM0\ARM_GCC_541\Debug\CANMotorUnit.o
 .text.GetPotmDegFromPacket
                0x00000000       0x10 .\CortexM0\ARM_GCC_541\Debug\CANMotorUnit.o
 .text.AssembleEncoderInitializePacket
                0x00000000       0x50 .\CortexM0\ARM_GCC_541\Debug\CANMotorUnit.o
 .text.GetEncoderTypeFromPacket
                0x00000000        0x8 .\CortexM0\ARM_GCC_541\Debug\CANMotorUnit.o
 .text.GetEncoderDirectionFromPacket
                0x00000000        0x8 .\CortexM0\ARM_GCC_541\Debug\CANMotorUnit.o
 .text.GetEncoderZeroFromPacket
                0x00000000        0x8 .\CortexM0\ARM_GCC_541\Debug\CANMotorUnit.o
 .text.AssembleMaxPIDPWMPacket
                0x00000000       0x28 .\CortexM0\ARM_GCC_541\Debug\CANMotorUnit.o
 .text.GetMaxPIDPWMFromPacket
                0x00000000       0x10 .\CortexM0\ARM_GCC_541\Debug\CANMotorUnit.o
 .text.AssemblePCAServoPacket
                0x00000000       0x2c .\CortexM0\ARM_GCC_541\Debug\CANMotorUnit.o
 .text.GetAngleValueFromPacket
                0x00000000       0x10 .\CortexM0\ARM_GCC_541\Debug\CANMotorUnit.o
 .text.GetServoNumFromPacket
                0x00000000        0x4 .\CortexM0\ARM_GCC_541\Debug\CANMotorUnit.o
 .text.AssembleLimSwEncoderBoundPacket
                0x00000000       0x2c .\CortexM0\ARM_GCC_541\Debug\CANMotorUnit.o
 .text.GetEncoderValueFromPacket
                0x00000000       0x10 .\CortexM0\ARM_GCC_541\Debug\CANMotorUnit.o
 .text.GetLimSwNumFromPacket
                0x00000000        0x4 .\CortexM0\ARM_GCC_541\Debug\CANMotorUnit.o
 .text          0x00000000        0x0 .\CortexM0\ARM_GCC_541\Debug\CANPacket.o
 .data          0x00000000        0x0 .\CortexM0\ARM_GCC_541\Debug\CANPacket.o
 .bss           0x00000000        0x0 .\CortexM0\ARM_GCC_541\Debug\CANPacket.o
 .text.ConstructCANID
                0x00000000       0x1c .\CortexM0\ARM_GCC_541\Debug\CANPacket.o
 .text.ConstructCANPacket
                0x00000000       0x18 .\CortexM0\ARM_GCC_541\Debug\CANPacket.o
 .text.WriteSenderSerialAndPacketID
                0x00000000       0x18 .\CortexM0\ARM_GCC_541\Debug\CANPacket.o
 .text.WritePacketIDOnly
                0x00000000        0x8 .\CortexM0\ARM_GCC_541\Debug\CANPacket.o
 .text.GetPacketPriority
                0x00000000        0xc .\CortexM0\ARM_GCC_541\Debug\CANPacket.o
 .text.GetDeviceSerialNumber
                0x00000000        0x8 .\CortexM0\ARM_GCC_541\Debug\CANPacket.o
 .text.GetSenderDeviceSerialNumber
                0x00000000        0x4 .\CortexM0\ARM_GCC_541\Debug\CANPacket.o
 .text.GetDeviceGroupCode
                0x00000000        0xc .\CortexM0\ARM_GCC_541\Debug\CANPacket.o
 .text.GetSenderDeviceGroupCode
                0x00000000        0x4 .\CortexM0\ARM_GCC_541\Debug\CANPacket.o
 .text.PacketIsInGroup
                0x00000000       0x14 .\CortexM0\ARM_GCC_541\Debug\CANPacket.o
 .text.SenderPacketIsInGroup
                0x00000000       0x14 .\CortexM0\ARM_GCC_541\Debug\CANPacket.o
 .text.SenderPacketIsOfDevice
                0x00000000       0x14 .\CortexM0\ARM_GCC_541\Debug\CANPacket.o
 .text.GetPacketID
                0x00000000        0x4 .\CortexM0\ARM_GCC_541\Debug\CANPacket.o
 .text.PacketIsOfID
                0x00000000       0x14 .\CortexM0\ARM_GCC_541\Debug\CANPacket.o
 .text.TargetsDevice
                0x00000000       0x34 .\CortexM0\ARM_GCC_541\Debug\CANPacket.o
 .text.PackIntIntoDataMSBFirst
                0x00000000       0x18 .\CortexM0\ARM_GCC_541\Debug\CANPacket.o
 .text.PackShortIntoDataMSBFirst
                0x00000000        0xc .\CortexM0\ARM_GCC_541\Debug\CANPacket.o
 .text.DecodeBytesToIntMSBFirst
                0x00000000       0x44 .\CortexM0\ARM_GCC_541\Debug\CANPacket.o
 .text          0x00000000        0x0 .\CortexM0\ARM_GCC_541\Debug\CANPower.o
 .data          0x00000000        0x0 .\CortexM0\ARM_GCC_541\Debug\CANPower.o
 .bss           0x00000000        0x0 .\CortexM0\ARM_GCC_541\Debug\CANPower.o
 .text.AssemblePowerRailsSetPacket
                0x00000000       0x20 .\CortexM0\ARM_GCC_541\Debug\CANPower.o
 .text.GetPowerRailsStateFromPacket
                0x00000000        0x4 .\CortexM0\ARM_GCC_541\Debug\CANPower.o
 .text.AssembleOverCurrentPacket
                0x00000000       0x2c .\CortexM0\ARM_GCC_541\Debug\CANPower.o
 .text.GetOverCurrentRailNumFromPacket
                0x00000000        0x4 .\CortexM0\ARM_GCC_541\Debug\CANPower.o
 .text.GetOverCurrentLimitFromPacket
                0x00000000       0x10 .\CortexM0\ARM_GCC_541\Debug\CANPower.o
 .text          0x00000000        0x0 .\CortexM0\ARM_GCC_541\Debug\CANScience.o
 .data          0x00000000        0x0 .\CortexM0\ARM_GCC_541\Debug\CANScience.o
 .bss           0x00000000        0x0 .\CortexM0\ARM_GCC_541\Debug\CANScience.o
 .text.AssembleScienceLazySusanPosSetPacket
                0x00000000       0x20 .\CortexM0\ARM_GCC_541\Debug\CANScience.o
 .text.AssembleScienceServoPacket
                0x00000000       0x24 .\CortexM0\ARM_GCC_541\Debug\CANScience.o
 .text.AssembleScienceContServoPowerSetPacket
                0x00000000       0x28 .\CortexM0\ARM_GCC_541\Debug\CANScience.o
 .text.GetScienceContServoPowerFromPacket
                0x00000000        0x8 .\CortexM0\ARM_GCC_541\Debug\CANScience.o
 .text.GetScienceServoAngleFromPacket
                0x00000000        0x4 .\CortexM0\ARM_GCC_541\Debug\CANScience.o
 .text.GetScienceLazySusanPosFromPacket
                0x00000000        0x4 .\CortexM0\ARM_GCC_541\Debug\CANScience.o
 .text.GetScienceServoIDFromPacket
                0x00000000        0x4 .\CortexM0\ARM_GCC_541\Debug\CANScience.o
 .text          0x00000000        0x0 .\CortexM0\ARM_GCC_541\Debug\cyfitter_cfg.o
 .data          0x00000000        0x0 .\CortexM0\ARM_GCC_541\Debug\cyfitter_cfg.o
 .bss           0x00000000        0x0 .\CortexM0\ARM_GCC_541\Debug\cyfitter_cfg.o
 .text          0x00000000        0x0 .\CortexM0\ARM_GCC_541\Debug\cymetadata.o
 .data          0x00000000        0x0 .\CortexM0\ARM_GCC_541\Debug\cymetadata.o
 .bss           0x00000000        0x0 .\CortexM0\ARM_GCC_541\Debug\cymetadata.o
 .text          0x00000000        0x0 .\CortexM0\ARM_GCC_541\Debug\Cm0Start.o
 .data          0x00000000        0x4 .\CortexM0\ARM_GCC_541\Debug\Cm0Start.o
 .bss           0x00000000        0x0 .\CortexM0\ARM_GCC_541\Debug\Cm0Start.o
 .text._exit    0x00000000        0xc .\CortexM0\ARM_GCC_541\Debug\Cm0Start.o
 .text._sbrk    0x00000000       0x30 .\CortexM0\ARM_GCC_541\Debug\Cm0Start.o
 .text          0x00000000        0x0 .\CortexM0\ARM_GCC_541\Debug\TestCode.a(CyLib.o)
 .bss           0x00000000       0x18 .\CortexM0\ARM_GCC_541\Debug\TestCode.a(CyLib.o)
 .text.CySysClkImoStart
                0x00000000       0x14 .\CortexM0\ARM_GCC_541\Debug\TestCode.a(CyLib.o)
 .text.CySysClkImoStop
                0x00000000       0x10 .\CortexM0\ARM_GCC_541\Debug\TestCode.a(CyLib.o)
 .text.CySysClkWriteHfclkDirect
                0x00000000       0x20 .\CortexM0\ARM_GCC_541\Debug\TestCode.a(CyLib.o)
 .text.CySysEnablePumpClock
                0x00000000       0x38 .\CortexM0\ARM_GCC_541\Debug\TestCode.a(CyLib.o)
 .text.CySysClkGetSysclkSource
                0x00000000       0x1c .\CortexM0\ARM_GCC_541\Debug\TestCode.a(CyLib.o)
 .text.CySysClkWriteSysclkDiv
                0x00000000       0x30 .\CortexM0\ARM_GCC_541\Debug\TestCode.a(CyLib.o)
 .text.CySysClkEcoStop
                0x00000000       0x24 .\CortexM0\ARM_GCC_541\Debug\TestCode.a(CyLib.o)
 .text.CySysLvdDisable
                0x00000000       0x20 .\CortexM0\ARM_GCC_541\Debug\TestCode.a(CyLib.o)
 .text.CySysLvdGetInterruptSource
                0x00000000       0x10 .\CortexM0\ARM_GCC_541\Debug\TestCode.a(CyLib.o)
 .text.CySysLvdClearInterrupt
                0x00000000        0xc .\CortexM0\ARM_GCC_541\Debug\TestCode.a(CyLib.o)
 .text.CySysGetResetReason
                0x00000000       0x14 .\CortexM0\ARM_GCC_541\Debug\TestCode.a(CyLib.o)
 .text.CyDisableInts
                0x00000000       0x10 .\CortexM0\ARM_GCC_541\Debug\TestCode.a(CyLib.o)
 .text.CyEnableInts
                0x00000000        0xc .\CortexM0\ARM_GCC_541\Debug\TestCode.a(CyLib.o)
 .text.CyIntGetState
                0x00000000       0x18 .\CortexM0\ARM_GCC_541\Debug\TestCode.a(CyLib.o)
 .text.CyIntDisable
                0x00000000       0x14 .\CortexM0\ARM_GCC_541\Debug\TestCode.a(CyLib.o)
 .text.CyIntSetPending
                0x00000000       0x14 .\CortexM0\ARM_GCC_541\Debug\TestCode.a(CyLib.o)
 .text.CyIntClearPending
                0x00000000       0x14 .\CortexM0\ARM_GCC_541\Debug\TestCode.a(CyLib.o)
 .text.CySysClkWriteEcoDiv
                0x00000000       0x38 .\CortexM0\ARM_GCC_541\Debug\TestCode.a(CyLib.o)
 .text.CyIntSetSysVector
                0x00000000       0x20 .\CortexM0\ARM_GCC_541\Debug\TestCode.a(CyLib.o)
 .text.CyIntGetSysVector
                0x00000000       0x1c .\CortexM0\ARM_GCC_541\Debug\TestCode.a(CyLib.o)
 .text.CyIntGetVector
                0x00000000       0x20 .\CortexM0\ARM_GCC_541\Debug\TestCode.a(CyLib.o)
 .text.CyIntSetPriority
                0x00000000       0x4c .\CortexM0\ARM_GCC_541\Debug\TestCode.a(CyLib.o)
 .text.CyIntGetPriority
                0x00000000       0x2c .\CortexM0\ARM_GCC_541\Debug\TestCode.a(CyLib.o)
 .text.CySoftwareReset
                0x00000000       0x18 .\CortexM0\ARM_GCC_541\Debug\TestCode.a(CyLib.o)
 .text.CySysLvdEnable
                0x00000000       0x44 .\CortexM0\ARM_GCC_541\Debug\TestCode.a(CyLib.o)
 .text.CyDelayFreq
                0x00000000       0x4c .\CortexM0\ARM_GCC_541\Debug\TestCode.a(CyLib.o)
 .text.CySysTickStop
                0x00000000       0x10 .\CortexM0\ARM_GCC_541\Debug\TestCode.a(CyLib.o)
 .text.CySysTickEnableInterrupt
                0x00000000       0x10 .\CortexM0\ARM_GCC_541\Debug\TestCode.a(CyLib.o)
 .text.CySysTickEnable
                0x00000000       0x18 .\CortexM0\ARM_GCC_541\Debug\TestCode.a(CyLib.o)
 .text.CySysTickDisableInterrupt
                0x00000000       0x10 .\CortexM0\ARM_GCC_541\Debug\TestCode.a(CyLib.o)
 .text.CySysTickSetReload
                0x00000000       0x10 .\CortexM0\ARM_GCC_541\Debug\TestCode.a(CyLib.o)
 .text.CySysTickGetReload
                0x00000000       0x10 .\CortexM0\ARM_GCC_541\Debug\TestCode.a(CyLib.o)
 .text.CySysTickGetValue
                0x00000000       0x10 .\CortexM0\ARM_GCC_541\Debug\TestCode.a(CyLib.o)
 .text.CySysTickSetClockSource
                0x00000000       0x20 .\CortexM0\ARM_GCC_541\Debug\TestCode.a(CyLib.o)
 .text.CySysTickGetClockSource
                0x00000000       0x10 .\CortexM0\ARM_GCC_541\Debug\TestCode.a(CyLib.o)
 .text.CySysTickGetCountFlag
                0x00000000       0x10 .\CortexM0\ARM_GCC_541\Debug\TestCode.a(CyLib.o)
 .text.CySysTickServiceCallbacks
                0x00000000       0x28 .\CortexM0\ARM_GCC_541\Debug\TestCode.a(CyLib.o)
 .text.CySysTickClear
                0x00000000        0xc .\CortexM0\ARM_GCC_541\Debug\TestCode.a(CyLib.o)
 .text.CySysTickInit
                0x00000000       0x44 .\CortexM0\ARM_GCC_541\Debug\TestCode.a(CyLib.o)
 .text.CySysTickStart
                0x00000000       0x20 .\CortexM0\ARM_GCC_541\Debug\TestCode.a(CyLib.o)
 .text.CySysTickSetCallback
                0x00000000       0x10 .\CortexM0\ARM_GCC_541\Debug\TestCode.a(CyLib.o)
 .text.CySysTickGetCallback
                0x00000000        0xc .\CortexM0\ARM_GCC_541\Debug\TestCode.a(CyLib.o)
 .text.CyGetUniqueId
                0x00000000       0x70 .\CortexM0\ARM_GCC_541\Debug\TestCode.a(CyLib.o)
 .text.CySysSetRamAccessArbPriority
                0x00000000       0x20 .\CortexM0\ARM_GCC_541\Debug\TestCode.a(CyLib.o)
 .text.CySysSetFlashAccessArbPriority
                0x00000000       0x20 .\CortexM0\ARM_GCC_541\Debug\TestCode.a(CyLib.o)
 .text.CySysSetDmacAccessArbPriority
                0x00000000       0x20 .\CortexM0\ARM_GCC_541\Debug\TestCode.a(CyLib.o)
 .text.CySysSetPeripheralAccessArbPriority
                0x00000000       0x68 .\CortexM0\ARM_GCC_541\Debug\TestCode.a(CyLib.o)
 .text          0x00000000        0x0 .\CortexM0\ARM_GCC_541\Debug\TestCode.a(CyLFClk.o)
 .text.CySysClkIloEnabled
                0x00000000       0x14 .\CortexM0\ARM_GCC_541\Debug\TestCode.a(CyLFClk.o)
 .text.CySysClkGetLfclkSource
                0x00000000       0x10 .\CortexM0\ARM_GCC_541\Debug\TestCode.a(CyLFClk.o)
 .text.CySysClkIloStart
                0x00000000       0x14 .\CortexM0\ARM_GCC_541\Debug\TestCode.a(CyLFClk.o)
 .text.CySysClkIloStartMeasurement
                0x00000000       0x5c .\CortexM0\ARM_GCC_541\Debug\TestCode.a(CyLFClk.o)
 .text.CySysClkIloStopMeasurement
                0x00000000       0x14 .\CortexM0\ARM_GCC_541\Debug\TestCode.a(CyLFClk.o)
 .text.CySysClkIloCompensate
                0x00000000      0x104 .\CortexM0\ARM_GCC_541\Debug\TestCode.a(CyLFClk.o)
 .text.CySysClkIloUpdateTrimReg
                0x00000000       0xa8 .\CortexM0\ARM_GCC_541\Debug\TestCode.a(CyLFClk.o)
 .text.CySysClkIloTrim
                0x00000000       0xd8 .\CortexM0\ARM_GCC_541\Debug\TestCode.a(CyLFClk.o)
 .text.CySysClkIloRestoreFactoryTrim
                0x00000000       0x30 .\CortexM0\ARM_GCC_541\Debug\TestCode.a(CyLFClk.o)
 .text.CySysClkWcoEnabled
                0x00000000       0x14 .\CortexM0\ARM_GCC_541\Debug\TestCode.a(CyLFClk.o)
 .text.CySysClkWcoClockOutSelect
                0x00000000       0x2c .\CortexM0\ARM_GCC_541\Debug\TestCode.a(CyLFClk.o)
 .text.CySysWdtGetEnabledStatus
                0x00000000       0x24 .\CortexM0\ARM_GCC_541\Debug\TestCode.a(CyLFClk.o)
 .text.CySysWdtSetMode
                0x00000000       0x38 .\CortexM0\ARM_GCC_541\Debug\TestCode.a(CyLFClk.o)
 .text.CySysClkLfclkPosedgeRestore
                0x00000000       0x2c .\CortexM0\ARM_GCC_541\Debug\TestCode.a(CyLFClk.o)
 .text.CySysWdtGetMode
                0x00000000       0x14 .\CortexM0\ARM_GCC_541\Debug\TestCode.a(CyLFClk.o)
 .text.CySysWdtSetClearOnMatch
                0x00000000       0x34 .\CortexM0\ARM_GCC_541\Debug\TestCode.a(CyLFClk.o)
 .text.CySysWdtGetClearOnMatch
                0x00000000       0x24 .\CortexM0\ARM_GCC_541\Debug\TestCode.a(CyLFClk.o)
 .text.CySysWdtEnable
                0x00000000       0x3c .\CortexM0\ARM_GCC_541\Debug\TestCode.a(CyLFClk.o)
 .text.CySysWdtDisable
                0x00000000       0x44 .\CortexM0\ARM_GCC_541\Debug\TestCode.a(CyLFClk.o)
 .text.CySysWdtSetCascade
                0x00000000       0x34 .\CortexM0\ARM_GCC_541\Debug\TestCode.a(CyLFClk.o)
 .text.CySysWdtGetCascade
                0x00000000       0x14 .\CortexM0\ARM_GCC_541\Debug\TestCode.a(CyLFClk.o)
 .text.CySysWdtSetMatch
                0x00000000       0x54 .\CortexM0\ARM_GCC_541\Debug\TestCode.a(CyLFClk.o)
 .text.CySysWdtSetToggleBit
                0x00000000       0x30 .\CortexM0\ARM_GCC_541\Debug\TestCode.a(CyLFClk.o)
 .text.CySysWdtGetToggleBit
                0x00000000       0x10 .\CortexM0\ARM_GCC_541\Debug\TestCode.a(CyLFClk.o)
 .text.CySysWdtGetMatch
                0x00000000       0x20 .\CortexM0\ARM_GCC_541\Debug\TestCode.a(CyLFClk.o)
 .text.CySysWdtGetCount
                0x00000000       0x3c .\CortexM0\ARM_GCC_541\Debug\TestCode.a(CyLFClk.o)
 .text.CySysClkLfclkPosedgeCatch
                0x00000000       0x74 .\CortexM0\ARM_GCC_541\Debug\TestCode.a(CyLFClk.o)
 .text.CySysClkIloStop
                0x00000000       0x4c .\CortexM0\ARM_GCC_541\Debug\TestCode.a(CyLFClk.o)
 .text.CySysClkSetLfclkSource
                0x00000000       0x38 .\CortexM0\ARM_GCC_541\Debug\TestCode.a(CyLFClk.o)
 .text.CySysClkWcoStop
                0x00000000       0x48 .\CortexM0\ARM_GCC_541\Debug\TestCode.a(CyLFClk.o)
 .text.CySysWdtGetInterruptSource
                0x00000000       0x14 .\CortexM0\ARM_GCC_541\Debug\TestCode.a(CyLFClk.o)
 .text.CySysWdtResetCounters
                0x00000000       0x20 .\CortexM0\ARM_GCC_541\Debug\TestCode.a(CyLFClk.o)
 .text.CySysWdtSetInterruptCallback
                0x00000000       0x20 .\CortexM0\ARM_GCC_541\Debug\TestCode.a(CyLFClk.o)
 .text.CySysWdtGetInterruptCallback
                0x00000000       0x20 .\CortexM0\ARM_GCC_541\Debug\TestCode.a(CyLFClk.o)
 .text.CySysWdtEnableCounterIsr
                0x00000000       0x34 .\CortexM0\ARM_GCC_541\Debug\TestCode.a(CyLFClk.o)
 .text.CySysWdtDisableCounterIsr
                0x00000000       0x28 .\CortexM0\ARM_GCC_541\Debug\TestCode.a(CyLFClk.o)
 .text.CySysWatchdogFeed
                0x00000000       0x60 .\CortexM0\ARM_GCC_541\Debug\TestCode.a(CyLFClk.o)
 .text.CySysTimerDelayUntilMatch
                0x00000000       0x6c .\CortexM0\ARM_GCC_541\Debug\TestCode.a(CyLFClk.o)
 .text.CySysTimerDelay
                0x00000000       0x3c .\CortexM0\ARM_GCC_541\Debug\TestCode.a(CyLFClk.o)
 .rodata        0x00000000        0xc .\CortexM0\ARM_GCC_541\Debug\TestCode.a(CyLFClk.o)
 .data          0x00000000        0x0 .\CortexM0\ARM_GCC_541\Debug\TestCode.a(CyBootAsmGnu.o)
 .bss           0x00000000        0x0 .\CortexM0\ARM_GCC_541\Debug\TestCode.a(CyBootAsmGnu.o)
 .text          0x00000000      0x114 c:/program files (x86)/cypress/psoc creator/4.4/psoc creator/import/gnu/arm/5.4.1/bin/../lib/gcc/arm-none-eabi/5.4.1/armv6-m\libgcc.a(_udivsi3.o)
 .data          0x00000000        0x0 c:/program files (x86)/cypress/psoc creator/4.4/psoc creator/import/gnu/arm/5.4.1/bin/../lib/gcc/arm-none-eabi/5.4.1/armv6-m\libgcc.a(_udivsi3.o)
 .bss           0x00000000        0x0 c:/program files (x86)/cypress/psoc creator/4.4/psoc creator/import/gnu/arm/5.4.1/bin/../lib/gcc/arm-none-eabi/5.4.1/armv6-m\libgcc.a(_udivsi3.o)
 .text          0x00000000      0x1d4 c:/program files (x86)/cypress/psoc creator/4.4/psoc creator/import/gnu/arm/5.4.1/bin/../lib/gcc/arm-none-eabi/5.4.1/armv6-m\libgcc.a(_divsi3.o)
 .data          0x00000000        0x0 c:/program files (x86)/cypress/psoc creator/4.4/psoc creator/import/gnu/arm/5.4.1/bin/../lib/gcc/arm-none-eabi/5.4.1/armv6-m\libgcc.a(_divsi3.o)
 .bss           0x00000000        0x0 c:/program files (x86)/cypress/psoc creator/4.4/psoc creator/import/gnu/arm/5.4.1/bin/../lib/gcc/arm-none-eabi/5.4.1/armv6-m\libgcc.a(_divsi3.o)
 .text          0x00000000        0x4 c:/program files (x86)/cypress/psoc creator/4.4/psoc creator/import/gnu/arm/5.4.1/bin/../lib/gcc/arm-none-eabi/5.4.1/armv6-m\libgcc.a(_dvmd_tls.o)
 .data          0x00000000        0x0 c:/program files (x86)/cypress/psoc creator/4.4/psoc creator/import/gnu/arm/5.4.1/bin/../lib/gcc/arm-none-eabi/5.4.1/armv6-m\libgcc.a(_dvmd_tls.o)
 .bss           0x00000000        0x0 c:/program files (x86)/cypress/psoc creator/4.4/psoc creator/import/gnu/arm/5.4.1/bin/../lib/gcc/arm-none-eabi/5.4.1/armv6-m\libgcc.a(_dvmd_tls.o)
 .text          0x00000000        0x0 c:/program files (x86)/cypress/psoc creator/4.4/psoc creator/import/gnu/arm/5.4.1/bin/../lib/gcc/arm-none-eabi/5.4.1/../../../../arm-none-eabi/lib/armv6-m\libg_nano.a(lib_a-errno.o)
 .data          0x00000000        0x0 c:/program files (x86)/cypress/psoc creator/4.4/psoc creator/import/gnu/arm/5.4.1/bin/../lib/gcc/arm-none-eabi/5.4.1/../../../../arm-none-eabi/lib/armv6-m\libg_nano.a(lib_a-errno.o)
 .bss           0x00000000        0x0 c:/program files (x86)/cypress/psoc creator/4.4/psoc creator/import/gnu/arm/5.4.1/bin/../lib/gcc/arm-none-eabi/5.4.1/../../../../arm-none-eabi/lib/armv6-m\libg_nano.a(lib_a-errno.o)
 .text          0x00000000        0x0 c:/program files (x86)/cypress/psoc creator/4.4/psoc creator/import/gnu/arm/5.4.1/bin/../lib/gcc/arm-none-eabi/5.4.1/../../../../arm-none-eabi/lib/armv6-m\libg_nano.a(lib_a-exit.o)
 .data          0x00000000        0x0 c:/program files (x86)/cypress/psoc creator/4.4/psoc creator/import/gnu/arm/5.4.1/bin/../lib/gcc/arm-none-eabi/5.4.1/../../../../arm-none-eabi/lib/armv6-m\libg_nano.a(lib_a-exit.o)
 .bss           0x00000000        0x0 c:/program files (x86)/cypress/psoc creator/4.4/psoc creator/import/gnu/arm/5.4.1/bin/../lib/gcc/arm-none-eabi/5.4.1/../../../../arm-none-eabi/lib/armv6-m\libg_nano.a(lib_a-exit.o)
 .text.exit     0x00000000       0x2c c:/program files (x86)/cypress/psoc creator/4.4/psoc creator/import/gnu/arm/5.4.1/bin/../lib/gcc/arm-none-eabi/5.4.1/../../../../arm-none-eabi/lib/armv6-m\libg_nano.a(lib_a-exit.o)
 .text          0x00000000        0x0 c:/program files (x86)/cypress/psoc creator/4.4/psoc creator/import/gnu/arm/5.4.1/bin/../lib/gcc/arm-none-eabi/5.4.1/../../../../arm-none-eabi/lib/armv6-m\libg_nano.a(lib_a-impure.o)
 .data          0x00000000        0x0 c:/program files (x86)/cypress/psoc creator/4.4/psoc creator/import/gnu/arm/5.4.1/bin/../lib/gcc/arm-none-eabi/5.4.1/../../../../arm-none-eabi/lib/armv6-m\libg_nano.a(lib_a-impure.o)
 .bss           0x00000000        0x0 c:/program files (x86)/cypress/psoc creator/4.4/psoc creator/import/gnu/arm/5.4.1/bin/../lib/gcc/arm-none-eabi/5.4.1/../../../../arm-none-eabi/lib/armv6-m\libg_nano.a(lib_a-impure.o)
 .rodata._global_impure_ptr
                0x00000000        0x4 c:/program files (x86)/cypress/psoc creator/4.4/psoc creator/import/gnu/arm/5.4.1/bin/../lib/gcc/arm-none-eabi/5.4.1/../../../../arm-none-eabi/lib/armv6-m\libg_nano.a(lib_a-impure.o)
 .text          0x00000000        0x0 c:/program files (x86)/cypress/psoc creator/4.4/psoc creator/import/gnu/arm/5.4.1/bin/../lib/gcc/arm-none-eabi/5.4.1/../../../../arm-none-eabi/lib/armv6-m\libg_nano.a(lib_a-init.o)
 .data          0x00000000        0x0 c:/program files (x86)/cypress/psoc creator/4.4/psoc creator/import/gnu/arm/5.4.1/bin/../lib/gcc/arm-none-eabi/5.4.1/../../../../arm-none-eabi/lib/armv6-m\libg_nano.a(lib_a-init.o)
 .bss           0x00000000        0x0 c:/program files (x86)/cypress/psoc creator/4.4/psoc creator/import/gnu/arm/5.4.1/bin/../lib/gcc/arm-none-eabi/5.4.1/../../../../arm-none-eabi/lib/armv6-m\libg_nano.a(lib_a-init.o)
 .text          0x00000000        0x0 c:/program files (x86)/cypress/psoc creator/4.4/psoc creator/import/gnu/arm/5.4.1/bin/../lib/gcc/arm-none-eabi/5.4.1/../../../../arm-none-eabi/lib/armv6-m\libg_nano.a(lib_a-memset.o)
 .data          0x00000000        0x0 c:/program files (x86)/cypress/psoc creator/4.4/psoc creator/import/gnu/arm/5.4.1/bin/../lib/gcc/arm-none-eabi/5.4.1/../../../../arm-none-eabi/lib/armv6-m\libg_nano.a(lib_a-memset.o)
 .bss           0x00000000        0x0 c:/program files (x86)/cypress/psoc creator/4.4/psoc creator/import/gnu/arm/5.4.1/bin/../lib/gcc/arm-none-eabi/5.4.1/../../../../arm-none-eabi/lib/armv6-m\libg_nano.a(lib_a-memset.o)
 .text          0x00000000        0x0 c:/program files (x86)/cypress/psoc creator/4.4/psoc creator/import/gnu/arm/5.4.1/bin/../lib/gcc/arm-none-eabi/5.4.1/armv6-m/crtend.o
 .data          0x00000000        0x0 c:/program files (x86)/cypress/psoc creator/4.4/psoc creator/import/gnu/arm/5.4.1/bin/../lib/gcc/arm-none-eabi/5.4.1/armv6-m/crtend.o
 .bss           0x00000000        0x0 c:/program files (x86)/cypress/psoc creator/4.4/psoc creator/import/gnu/arm/5.4.1/bin/../lib/gcc/arm-none-eabi/5.4.1/armv6-m/crtend.o
 .text          0x00000000        0x0 c:/program files (x86)/cypress/psoc creator/4.4/psoc creator/import/gnu/arm/5.4.1/bin/../lib/gcc/arm-none-eabi/5.4.1/armv6-m/crtn.o
 .data          0x00000000        0x0 c:/program files (x86)/cypress/psoc creator/4.4/psoc creator/import/gnu/arm/5.4.1/bin/../lib/gcc/arm-none-eabi/5.4.1/armv6-m/crtn.o
 .bss           0x00000000        0x0 c:/program files (x86)/cypress/psoc creator/4.4/psoc creator/import/gnu/arm/5.4.1/bin/../lib/gcc/arm-none-eabi/5.4.1/armv6-m/crtn.o

Memory Configuration

Name             Origin             Length             Attributes
rom              0x00000000         0x00040000         xr
ram              0x20000000         0x00008000         xrw
*default*        0x00000000         0xffffffff

Linker script and memory map

LOAD c:/program files (x86)/cypress/psoc creator/4.4/psoc creator/import/gnu/arm/5.4.1/bin/../lib/gcc/arm-none-eabi/5.4.1/armv6-m/crti.o
LOAD c:/program files (x86)/cypress/psoc creator/4.4/psoc creator/import/gnu/arm/5.4.1/bin/../lib/gcc/arm-none-eabi/5.4.1/armv6-m/crtbegin.o
LOAD c:/program files (x86)/cypress/psoc creator/4.4/psoc creator/import/gnu/arm/5.4.1/bin/../lib/gcc/arm-none-eabi/5.4.1/../../../../arm-none-eabi/lib/armv6-m/crt0.o
START GROUP
LOAD .\CortexM0\ARM_GCC_541\Debug\main.o
LOAD .\CortexM0\ARM_GCC_541\Debug\CANCommon.o
LOAD .\CortexM0\ARM_GCC_541\Debug\CANGPIO.o
LOAD .\CortexM0\ARM_GCC_541\Debug\CANLocalization.o
LOAD .\CortexM0\ARM_GCC_541\Debug\CANMotorUnit.o
LOAD .\CortexM0\ARM_GCC_541\Debug\CANPacket.o
LOAD .\CortexM0\ARM_GCC_541\Debug\CANPower.o
LOAD .\CortexM0\ARM_GCC_541\Debug\CANScience.o
LOAD .\CortexM0\ARM_GCC_541\Debug\cyfitter_cfg.o
LOAD .\CortexM0\ARM_GCC_541\Debug\cymetadata.o
LOAD .\CortexM0\ARM_GCC_541\Debug\Cm0Start.o
LOAD .\CortexM0\ARM_GCC_541\Debug\TestCode.a
END GROUP
START GROUP
LOAD c:/program files (x86)/cypress/psoc creator/4.4/psoc creator/import/gnu/arm/5.4.1/bin/../lib/gcc/arm-none-eabi/5.4.1/armv6-m\libgcc.a
LOAD c:/program files (x86)/cypress/psoc creator/4.4/psoc creator/import/gnu/arm/5.4.1/bin/../lib/gcc/arm-none-eabi/5.4.1/../../../../arm-none-eabi/lib/armv6-m\libg_nano.a
LOAD c:/program files (x86)/cypress/psoc creator/4.4/psoc creator/import/gnu/arm/5.4.1/bin/../lib/gcc/arm-none-eabi/5.4.1/../../../../arm-none-eabi/lib/armv6-m\libc_nano.a
END GROUP
START GROUP
LOAD c:/program files (x86)/cypress/psoc creator/4.4/psoc creator/import/gnu/arm/5.4.1/bin/../lib/gcc/arm-none-eabi/5.4.1/armv6-m\libgcc.a
LOAD c:/program files (x86)/cypress/psoc creator/4.4/psoc creator/import/gnu/arm/5.4.1/bin/../lib/gcc/arm-none-eabi/5.4.1/../../../../arm-none-eabi/lib/armv6-m\libc_nano.a
END GROUP
LOAD c:/program files (x86)/cypress/psoc creator/4.4/psoc creator/import/gnu/arm/5.4.1/bin/../lib/gcc/arm-none-eabi/5.4.1/armv6-m/crtend.o
LOAD c:/program files (x86)/cypress/psoc creator/4.4/psoc creator/import/gnu/arm/5.4.1/bin/../lib/gcc/arm-none-eabi/5.4.1/armv6-m/crtn.o
START GROUP
LOAD c:/program files (x86)/cypress/psoc creator/4.4/psoc creator/import/gnu/arm/5.4.1/bin/../lib/gcc/arm-none-eabi/5.4.1/armv6-m\libgcc.a
LOAD c:/program files (x86)/cypress/psoc creator/4.4/psoc creator/import/gnu/arm/5.4.1/bin/../lib/gcc/arm-none-eabi/5.4.1/../../../../arm-none-eabi/lib/armv6-m\libc.a
LOAD c:/program files (x86)/cypress/psoc creator/4.4/psoc creator/import/gnu/arm/5.4.1/bin/../lib/gcc/arm-none-eabi/5.4.1/../../../../arm-none-eabi/lib/armv6-m\libnosys.a
END GROUP
                0x00000000                CY_APPL_ORIGIN = 0x0
                0x00000100                CY_FLASH_ROW_SIZE = 0x100
                0x00000001                CY_APPL_NUM = 0x1
                0x00000001                CY_APPL_MAX = 0x1
                0x00000040                CY_METADATA_SIZE = 0x40
                0x00000000                CY_APPL_LOADABLE = 0x0
                0x00000000                CY_CHECKSUM_EXCLUDE_SIZE = ALIGN (0x0, CY_FLASH_ROW_SIZE)
                0x00000000                CY_APP_FOR_STACK_AND_COPIER = 0x0
                [!provide]                PROVIDE (__cy_heap_start, _end)
                0x00000001                PROVIDE (__cy_region_num, ((__cy_regions_end - __cy_regions) / 0x10))
                0x20008000                PROVIDE (__cy_stack, (ORIGIN (ram) + LENGTH (ram)))
                [!provide]                PROVIDE (__cy_heap_end, (__cy_stack - 0x800))

.cybootloader   0x00000000        0x0
 *(.cybootloader)
                0x00000000                appl1_start = CY_APPL_ORIGIN?CY_APPL_ORIGIN:ALIGN (CY_FLASH_ROW_SIZE)
                0x0001ff00                appl2_start = (appl1_start + ALIGN ((((LENGTH (rom) - appl1_start) - (0x2 * CY_FLASH_ROW_SIZE)) / 0x2), CY_FLASH_ROW_SIZE))
                0x00000000                appl_start = (CY_APPL_NUM == 0x1)?appl1_start:appl2_start
                0x00000001                cy_project_type_bootloader = (appl_start == 0x0)?0x1:0x0
                0x00000000                cy_project_type_app_for_stack_and_copier = (CY_APP_FOR_STACK_AND_COPIER == 0x1)?0x1:0x0

.text           0x00000000      0x808
 CREATE_OBJECT_SYMBOLS
                0x00000000                PROVIDE (__cy_interrupt_vector, RomVectors)
 *(.romvectors)
 .romvectors    0x00000000       0x10 .\CortexM0\ARM_GCC_541\Debug\Cm0Start.o
                0x00000000                RomVectors
                0x00000001                ASSERT ((. != __cy_interrupt_vector), No interrupt vector)
                0x00000001                ASSERT (CY_APPL_ORIGIN?(SIZEOF (.cybootloader) <= CY_APPL_ORIGIN):0x1, Wrong image location)
                0x00000010                PROVIDE (__cy_reset, Reset)
 *(.text.Reset)
 .text.Reset    0x00000010        0x8 .\CortexM0\ARM_GCC_541\Debug\Cm0Start.o
                0x00000010                Reset
                0x00000001                ASSERT ((. != __cy_reset), No reset code)
 *(.psocinit)
 .psocinit      0x00000018      0x184 .\CortexM0\ARM_GCC_541\Debug\cyfitter_cfg.o
                0x000000cc                cyfitter_cfg
                0x0000019c                . = MAX (., 0x100)
 *(.text .text.* .gnu.linkonce.t.*)
 .text          0x0000019c       0x60 c:/program files (x86)/cypress/psoc creator/4.4/psoc creator/import/gnu/arm/5.4.1/bin/../lib/gcc/arm-none-eabi/5.4.1/armv6-m/crtbegin.o
 .text.main     0x000001fc       0x28 .\CortexM0\ARM_GCC_541\Debug\main.o
                0x000001fc                main
 .text.cfg_write_bytes32
                0x00000224       0x34 .\CortexM0\ARM_GCC_541\Debug\cyfitter_cfg.o
 .text.AnalogSetDefault
                0x00000258       0x20 .\CortexM0\ARM_GCC_541\Debug\cyfitter_cfg.o
 .text.CYMEMZERO
                0x00000278        0xc .\CortexM0\ARM_GCC_541\Debug\cyfitter_cfg.o
 .text.IntDefaultHandler
                0x00000284       0x10 .\CortexM0\ARM_GCC_541\Debug\Cm0Start.o
                0x00000284                IntDefaultHandler
 .text.Start_c  0x00000294       0x48 .\CortexM0\ARM_GCC_541\Debug\Cm0Start.o
                0x00000294                Start_c
 .text.initialize_psoc
                0x000002dc       0x4c .\CortexM0\ARM_GCC_541\Debug\Cm0Start.o
                0x000002dc                initialize_psoc
 .text.CySysClkEcoReadStatus
                0x00000328       0x10 .\CortexM0\ARM_GCC_541\Debug\TestCode.a(CyLib.o)
                0x00000328                CySysClkEcoReadStatus
 .text.CyIntEnable
                0x00000338       0x14 .\CortexM0\ARM_GCC_541\Debug\TestCode.a(CyLib.o)
                0x00000338                CyIntEnable
 .text.CyHalt   0x0000034c        0x4 .\CortexM0\ARM_GCC_541\Debug\TestCode.a(CyLib.o)
                0x0000034c                CyHalt
 .text.CyIntSetVector
                0x00000350       0x24 .\CortexM0\ARM_GCC_541\Debug\TestCode.a(CyLib.o)
                0x00000350                CyIntSetVector
 .text.CyDelay  0x00000374       0x30 .\CortexM0\ARM_GCC_541\Debug\TestCode.a(CyLib.o)
                0x00000374                CyDelay
 .text.CyDelayUs
                0x000003a4       0x14 .\CortexM0\ARM_GCC_541\Debug\TestCode.a(CyLib.o)
                0x000003a4                CyDelayUs
 .text.CySysClkWriteImoFreq
                0x000003b8      0x164 .\CortexM0\ARM_GCC_541\Debug\TestCode.a(CyLib.o)
                0x000003b8                CySysClkWriteImoFreq
 .text.CySysClkEcoStart
                0x0000051c       0x54 .\CortexM0\ARM_GCC_541\Debug\TestCode.a(CyLib.o)
                0x0000051c                CySysClkEcoStart
 .text.CySysWdtLocked
                0x00000570       0x14 .\CortexM0\ARM_GCC_541\Debug\TestCode.a(CyLFClk.o)
 .text.CySysClkWcoStart
                0x00000584       0x40 .\CortexM0\ARM_GCC_541\Debug\TestCode.a(CyLFClk.o)
                0x00000584                CySysClkWcoStart
 .text.CySysClkWcoSetPowerMode
                0x000005c4       0x80 .\CortexM0\ARM_GCC_541\Debug\TestCode.a(CyLFClk.o)
                0x000005c4                CySysClkWcoSetPowerMode
 .text.CySysWdtLock
                0x00000644       0x1c .\CortexM0\ARM_GCC_541\Debug\TestCode.a(CyLFClk.o)
                0x00000644                CySysWdtLock
 .text.CySysWdtUnlock
                0x00000660       0x30 .\CortexM0\ARM_GCC_541\Debug\TestCode.a(CyLFClk.o)
                0x00000660                CySysWdtUnlock
 .text.CySysWdtClearInterrupt
                0x00000690       0x4c .\CortexM0\ARM_GCC_541\Debug\TestCode.a(CyLFClk.o)
                0x00000690                CySysWdtClearInterrupt
 .text.CySysWdtIsr
                0x000006dc       0xa4 .\CortexM0\ARM_GCC_541\Debug\TestCode.a(CyLFClk.o)
                0x000006dc                CySysWdtIsr
 .text          0x00000780       0x20 .\CortexM0\ARM_GCC_541\Debug\TestCode.a(CyBootAsmGnu.o)
                0x00000780                CyDelayCycles
                0x00000792                CyEnterCriticalSection
                0x0000079a                CyExitCriticalSection
 .text.__errno  0x000007a0        0xc c:/program files (x86)/cypress/psoc creator/4.4/psoc creator/import/gnu/arm/5.4.1/bin/../lib/gcc/arm-none-eabi/5.4.1/../../../../arm-none-eabi/lib/armv6-m\libg_nano.a(lib_a-errno.o)
                0x000007a0                __errno
 .text.__libc_init_array
                0x000007ac       0x4c c:/program files (x86)/cypress/psoc creator/4.4/psoc creator/import/gnu/arm/5.4.1/bin/../lib/gcc/arm-none-eabi/5.4.1/../../../../arm-none-eabi/lib/armv6-m\libg_nano.a(lib_a-init.o)
                0x000007ac                __libc_init_array
 .text.memset   0x000007f8       0x10 c:/program files (x86)/cypress/psoc creator/4.4/psoc creator/import/gnu/arm/5.4.1/bin/../lib/gcc/arm-none-eabi/5.4.1/../../../../arm-none-eabi/lib/armv6-m\libg_nano.a(lib_a-memset.o)
                0x000007f8                memset
 *(.plt)
 *(.gnu.warning)
 *(.glue_7t)
 .glue_7t       0x00000808        0x0 linker stubs
 *(.glue_7)
 .glue_7        0x00000808        0x0 linker stubs
 *(.vfp11_veneer)
 .vfp11_veneer  0x00000808        0x0 linker stubs
 *(.bootloader)
 *(.ARM.extab* .gnu.linkonce.armextab.*)
 *(.gcc_except_table)

.v4_bx          0x00000808        0x0
 .v4_bx         0x00000808        0x0 linker stubs

.iplt           0x00000808        0x0
 .iplt          0x00000808        0x0 c:/program files (x86)/cypress/psoc creator/4.4/psoc creator/import/gnu/arm/5.4.1/bin/../lib/gcc/arm-none-eabi/5.4.1/armv6-m/crtbegin.o

.eh_frame_hdr
 *(.eh_frame_hdr)

.eh_frame       0x00000808        0x4
 *(.eh_frame)
 .eh_frame      0x00000808        0x0 c:/program files (x86)/cypress/psoc creator/4.4/psoc creator/import/gnu/arm/5.4.1/bin/../lib/gcc/arm-none-eabi/5.4.1/armv6-m/crtbegin.o
 .eh_frame      0x00000808        0x4 c:/program files (x86)/cypress/psoc creator/4.4/psoc creator/import/gnu/arm/5.4.1/bin/../lib/gcc/arm-none-eabi/5.4.1/armv6-m/crtend.o
                [!provide]                PROVIDE (__exidx_start, .)

.ARM.exidx
 *(.ARM.exidx* .gnu.linkonce.armexidx.*)
                0x0000080c                __exidx_end = .

.rodata         0x0000080c       0x8c
 *(.rodata .rodata.* .gnu.linkonce.r.*)
 .rodata        0x0000080c       0x28 .\CortexM0\ARM_GCC_541\Debug\cyfitter_cfg.o
 .rodata        0x00000834       0x2e .\CortexM0\ARM_GCC_541\Debug\TestCode.a(CyLib.o)
                0x00000834                cyImoFreqMhz2Reg
 .rodata.str1.1
                0x00000862        0x2 c:/program files (x86)/cypress/psoc creator/4.4/psoc creator/import/gnu/arm/5.4.1/bin/../lib/gcc/arm-none-eabi/5.4.1/../../../../arm-none-eabi/lib/armv6-m\libg_nano.a(lib_a-impure.o)
                0x00000864                . = ALIGN (0x4)
 *(.init)
 .init          0x00000864        0x4 c:/program files (x86)/cypress/psoc creator/4.4/psoc creator/import/gnu/arm/5.4.1/bin/../lib/gcc/arm-none-eabi/5.4.1/armv6-m/crti.o
                0x00000864                _init
 .init          0x00000868        0x8 c:/program files (x86)/cypress/psoc creator/4.4/psoc creator/import/gnu/arm/5.4.1/bin/../lib/gcc/arm-none-eabi/5.4.1/armv6-m/crtn.o
                0x00000870                . = ALIGN (0x4)
                0x00000870                __preinit_array_start = .
 *(.preinit_array)
                0x00000870                __preinit_array_end = .
                0x00000870                . = ALIGN (0x4)
                0x00000870                __init_array_start = .
 *(SORT(.init_array.*))
 *(.init_array)
 .init_array    0x00000870        0x4 c:/program files (x86)/cypress/psoc creator/4.4/psoc creator/import/gnu/arm/5.4.1/bin/../lib/gcc/arm-none-eabi/5.4.1/armv6-m/crtbegin.o
 .init_array    0x00000874        0x4 .\CortexM0\ARM_GCC_541\Debug\Cm0Start.o
                0x00000878                __init_array_end = .
                0x00000878                . = ALIGN (0x4)
 *(.fini)
 .fini          0x00000878        0x4 c:/program files (x86)/cypress/psoc creator/4.4/psoc creator/import/gnu/arm/5.4.1/bin/../lib/gcc/arm-none-eabi/5.4.1/armv6-m/crti.o
                0x00000878                _fini
 .fini          0x0000087c        0x8 c:/program files (x86)/cypress/psoc creator/4.4/psoc creator/import/gnu/arm/5.4.1/bin/../lib/gcc/arm-none-eabi/5.4.1/armv6-m/crtn.o
                0x00000884                . = ALIGN (0x4)
                0x00000884                __fini_array_start = .
 *(.fini_array)
 .fini_array    0x00000884        0x4 c:/program files (x86)/cypress/psoc creator/4.4/psoc creator/import/gnu/arm/5.4.1/bin/../lib/gcc/arm-none-eabi/5.4.1/armv6-m/crtbegin.o
 *(SORT(.fini_array.*))
                0x00000888                __fini_array_end = .
                0x00000888                . = ALIGN (0x4)
 *crtbegin.o(.ctors)
 *(EXCLUDE_FILE(*crtend.o) .ctors)
 *(SORT(.ctors.*))
 *crtend.o(.ctors)
                0x00000888                . = ALIGN (0x4)
 *crtbegin.o(.dtors)
 *(EXCLUDE_FILE(*crtend.o) .dtors)
 *(SORT(.dtors.*))
 *crtend.o(.dtors)
                0x00000888                . = ALIGN (0x4)
                0x00000888                __cy_regions = .
                0x00000888        0x4 LONG 0x898 __cy_region_init_ram
                0x0000088c        0x4 LONG 0x200000c0 __cy_region_start_data
                0x00000890        0x4 LONG 0x88 __cy_region_init_size_ram
                0x00000894        0x4 LONG 0x48 __cy_region_zero_size_ram
                0x00000898                __cy_regions_end = .
                0x00000898                . = ALIGN (0x8)
                0x00000898                _etext = .

.cy_checksum_exclude
                0x00000898        0x0
 *(.cy_checksum_exclude)

.ramvectors     0x20000000       0xc0
                0x20000000                __cy_region_start_ram = .
 *(.ramvectors)
 .ramvectors    0x20000000       0xc0 .\CortexM0\ARM_GCC_541\Debug\Cm0Start.o
                0x20000000                CyRamVectors

.noinit
 *(.noinit)

.data           0x200000c0       0x88 load address 0x00000898
                0x200000c0                __cy_region_start_data = .
 *(.jcr)
 .jcr           0x200000c0        0x0 c:/program files (x86)/cypress/psoc creator/4.4/psoc creator/import/gnu/arm/5.4.1/bin/../lib/gcc/arm-none-eabi/5.4.1/armv6-m/crtbegin.o
 .jcr           0x200000c0        0x4 c:/program files (x86)/cypress/psoc creator/4.4/psoc creator/import/gnu/arm/5.4.1/bin/../lib/gcc/arm-none-eabi/5.4.1/armv6-m/crtend.o
 *(.got.plt)
 *(.got)
 *(.shdata)
 *(.data .data.* .gnu.linkonce.d.*)
 .data          0x200000c4       0x14 .\CortexM0\ARM_GCC_541\Debug\TestCode.a(CyLib.o)
                0x200000c4                CySysClkPumpConfig
                0x200000c8                cydelay32kMs
                0x200000cc                cydelayFreqKhz
                0x200000d0                cydelayFreqMhz
                0x200000d4                cydelayFreqHz
 .data          0x200000d8        0x8 .\CortexM0\ARM_GCC_541\Debug\TestCode.a(CyLFClk.o)
 .data.impure_data
                0x200000e0       0x60 c:/program files (x86)/cypress/psoc creator/4.4/psoc creator/import/gnu/arm/5.4.1/bin/../lib/gcc/arm-none-eabi/5.4.1/../../../../arm-none-eabi/lib/armv6-m\libg_nano.a(lib_a-impure.o)
 .data._impure_ptr
                0x20000140        0x4 c:/program files (x86)/cypress/psoc creator/4.4/psoc creator/import/gnu/arm/5.4.1/bin/../lib/gcc/arm-none-eabi/5.4.1/../../../../arm-none-eabi/lib/armv6-m\libg_nano.a(lib_a-impure.o)
                0x20000140                _impure_ptr
                0x20000148                . = ALIGN (0x8)
 *fill*         0x20000144        0x4 
 *(.ram)
                0x20000148                _edata = .

.igot.plt       0x20000148        0x0 load address 0x00000920
 .igot.plt      0x20000148        0x0 c:/program files (x86)/cypress/psoc creator/4.4/psoc creator/import/gnu/arm/5.4.1/bin/../lib/gcc/arm-none-eabi/5.4.1/armv6-m/crtbegin.o

.bss            0x20000148       0x48 load address 0x00000920
                0x20000148                PROVIDE (__bss_start__, .)
 *(.shbss)
 *(.bss .bss.* .gnu.linkonce.b.*)
 .bss           0x20000148       0x1c c:/program files (x86)/cypress/psoc creator/4.4/psoc creator/import/gnu/arm/5.4.1/bin/../lib/gcc/arm-none-eabi/5.4.1/armv6-m/crtbegin.o
 .bss           0x20000164       0x28 .\CortexM0\ARM_GCC_541\Debug\TestCode.a(CyLFClk.o)
 *(COMMON)
                0x20000190                . = ALIGN (0x8)
 *fill*         0x2000018c        0x4 
 *(.ram.b)
                0x20000190                _end = .
                0x20000190                __end = .
                0x20000190                PROVIDE (end, .)
                0x20000190                PROVIDE (__bss_end__, .)
                0x00000898                __cy_region_init_ram = LOADADDR (.data)
                0x00000088                __cy_region_init_size_ram = (_edata - ADDR (.data))
                0x00000048                __cy_region_zero_size_ram = (_end - _edata)

.heap           0x20000190       0x80 load address 0x00000920
                0x20000190                . = _end
                0x20000210                . = (. + 0x80)
 *fill*         0x20000190       0x80 
                0x20000210                __cy_heap_limit = .

.stack          0x20007800      0x800
                0x20007800                __cy_stack_limit = .
                0x20008000                . = (. + 0x800)
 *fill*         0x20007800      0x800 
                0x00000001                ASSERT ((__cy_stack_limit >= __cy_heap_limit), region RAM overflowed with stack)
                0x00000000                cy_checksum_exclude_size = (CY_APPL_LOADABLE == 0x1)?SIZEOF (.cy_checksum_exclude):0x0
                0x00000001                ASSERT ((cy_checksum_exclude_size <= CY_CHECKSUM_EXCLUDE_SIZE), CY_BOOT: Section .cy_checksum_exclude size exceedes specified limit.)
                0x0003ffc0                cyloadermeta_start = (cy_project_type_bootloader || cy_project_type_app_for_stack_and_copier)?(LENGTH (rom) - CY_METADATA_SIZE):0xf0000000

.cyloadermeta
 *(.cyloadermeta)
                0x0003ffc0                cyloadablemeta_start = cy_project_type_app_for_stack_and_copier?((LENGTH (rom) - CY_FLASH_ROW_SIZE) - CY_METADATA_SIZE):((LENGTH (rom) - (CY_FLASH_ROW_SIZE * (CY_APPL_NUM - 0x1))) - CY_METADATA_SIZE)

.cyloadablemeta
 *(.cyloadablemeta)

.cyflashprotect
                0x90400000       0x80
 *(.cyflashprotect)
 .cyflashprotect
                0x90400000       0x80 .\CortexM0\ARM_GCC_541\Debug\cymetadata.o
                0x90400000                cy_meta_flashprotect

.cymeta         0x90500000        0xc
 *(.cymeta)
 .cymeta        0x90500000        0xc .\CortexM0\ARM_GCC_541\Debug\cymetadata.o
                0x90500000                cy_metadata

.cychipprotect  0x90600000        0x1
 *(.cychipprotect)
 .cychipprotect
                0x90600000        0x1 .\CortexM0\ARM_GCC_541\Debug\cymetadata.o
                0x90600000                cy_meta_chipprotect

.rel.dyn        0x00000920        0x0 load address 0x90600004
 .rel.iplt      0x00000920        0x0 c:/program files (x86)/cypress/psoc creator/4.4/psoc creator/import/gnu/arm/5.4.1/bin/../lib/gcc/arm-none-eabi/5.4.1/armv6-m/crtbegin.o

.stab
 *(.stab)

.stabstr
 *(.stabstr)

.debug
 *(.debug)

.line
 *(.line)

.debug_srcinfo
 *(.debug_srcinfo)

.debug_sfnames
 *(.debug_sfnames)

.debug_aranges  0x00000000      0x810
 *(.debug_aranges)
 .debug_aranges
                0x00000000       0x20 .\CortexM0\ARM_GCC_541\Debug\main.o
 .debug_aranges
                0x00000020       0xc0 .\CortexM0\ARM_GCC_541\Debug\CANCommon.o
 .debug_aranges
                0x000000e0       0x88 .\CortexM0\ARM_GCC_541\Debug\CANGPIO.o
 .debug_aranges
                0x00000168       0x18 .\CortexM0\ARM_GCC_541\Debug\CANLocalization.o
 .debug_aranges
                0x00000180      0x140 .\CortexM0\ARM_GCC_541\Debug\CANMotorUnit.o
 .debug_aranges
                0x000002c0       0xa8 .\CortexM0\ARM_GCC_541\Debug\CANPacket.o
 .debug_aranges
                0x00000368       0x40 .\CortexM0\ARM_GCC_541\Debug\CANPower.o
 .debug_aranges
                0x000003a8       0x50 .\CortexM0\ARM_GCC_541\Debug\CANScience.o
 .debug_aranges
                0x000003f8       0x40 .\CortexM0\ARM_GCC_541\Debug\cyfitter_cfg.o
 .debug_aranges
                0x00000438       0x18 .\CortexM0\ARM_GCC_541\Debug\cymetadata.o
 .debug_aranges
                0x00000450       0x48 .\CortexM0\ARM_GCC_541\Debug\Cm0Start.o
 .debug_aranges
                0x00000498      0x1d0 .\CortexM0\ARM_GCC_541\Debug\TestCode.a(CyLib.o)
 .debug_aranges
                0x00000668      0x188 .\CortexM0\ARM_GCC_541\Debug\TestCode.a(CyLFClk.o)
 .debug_aranges
                0x000007f0       0x20 .\CortexM0\ARM_GCC_541\Debug\TestCode.a(CyBootAsmGnu.o)

.debug_pubnames
 *(.debug_pubnames)

.debug_info     0x00000000     0x5630
 *(.debug_info .gnu.linkonce.wi.*)
 .debug_info    0x00000000       0xf5 .\CortexM0\ARM_GCC_541\Debug\main.o
 .debug_info    0x000000f5      0xa46 .\CortexM0\ARM_GCC_541\Debug\CANCommon.o
 .debug_info    0x00000b3b      0x60d .\CortexM0\ARM_GCC_541\Debug\CANGPIO.o
 .debug_info    0x00001148       0x6b .\CortexM0\ARM_GCC_541\Debug\CANLocalization.o
 .debug_info    0x000011b3     0x10ba .\CortexM0\ARM_GCC_541\Debug\CANMotorUnit.o
 .debug_info    0x0000226d      0x641 .\CortexM0\ARM_GCC_541\Debug\CANPacket.o
 .debug_info    0x000028ae      0x2ff .\CortexM0\ARM_GCC_541\Debug\CANPower.o
 .debug_info    0x00002bad      0x353 .\CortexM0\ARM_GCC_541\Debug\CANScience.o
 .debug_info    0x00002f00      0x450 .\CortexM0\ARM_GCC_541\Debug\cyfitter_cfg.o
 .debug_info    0x00003350       0xf8 .\CortexM0\ARM_GCC_541\Debug\cymetadata.o
 .debug_info    0x00003448      0x3a2 .\CortexM0\ARM_GCC_541\Debug\Cm0Start.o
 .debug_info    0x000037ea      0xd2c .\CortexM0\ARM_GCC_541\Debug\TestCode.a(CyLib.o)
 .debug_info    0x00004516     0x1071 .\CortexM0\ARM_GCC_541\Debug\TestCode.a(CyLFClk.o)
 .debug_info    0x00005587       0xa9 .\CortexM0\ARM_GCC_541\Debug\TestCode.a(CyBootAsmGnu.o)

.debug_abbrev   0x00000000     0x1047
 *(.debug_abbrev)
 .debug_abbrev  0x00000000       0x92 .\CortexM0\ARM_GCC_541\Debug\main.o
 .debug_abbrev  0x00000092      0x149 .\CortexM0\ARM_GCC_541\Debug\CANCommon.o
 .debug_abbrev  0x000001db      0x106 .\CortexM0\ARM_GCC_541\Debug\CANGPIO.o
 .debug_abbrev  0x000002e1       0x26 .\CortexM0\ARM_GCC_541\Debug\CANLocalization.o
 .debug_abbrev  0x00000307      0x19d .\CortexM0\ARM_GCC_541\Debug\CANMotorUnit.o
 .debug_abbrev  0x000004a4      0x16f .\CortexM0\ARM_GCC_541\Debug\CANPacket.o
 .debug_abbrev  0x00000613      0x124 .\CortexM0\ARM_GCC_541\Debug\CANPower.o
 .debug_abbrev  0x00000737       0xfe .\CortexM0\ARM_GCC_541\Debug\CANScience.o
 .debug_abbrev  0x00000835      0x1af .\CortexM0\ARM_GCC_541\Debug\cyfitter_cfg.o
 .debug_abbrev  0x000009e4       0x5d .\CortexM0\ARM_GCC_541\Debug\cymetadata.o
 .debug_abbrev  0x00000a41      0x1d7 .\CortexM0\ARM_GCC_541\Debug\Cm0Start.o
 .debug_abbrev  0x00000c18      0x1d3 .\CortexM0\ARM_GCC_541\Debug\TestCode.a(CyLib.o)
 .debug_abbrev  0x00000deb      0x248 .\CortexM0\ARM_GCC_541\Debug\TestCode.a(CyLFClk.o)
 .debug_abbrev  0x00001033       0x14 .\CortexM0\ARM_GCC_541\Debug\TestCode.a(CyBootAsmGnu.o)

.debug_line     0x00000000     0x20c6
 *(.debug_line)
 .debug_line    0x00000000       0x7f .\CortexM0\ARM_GCC_541\Debug\main.o
 .debug_line    0x0000007f      0x2f3 .\CortexM0\ARM_GCC_541\Debug\CANCommon.o
 .debug_line    0x00000372      0x24e .\CortexM0\ARM_GCC_541\Debug\CANGPIO.o
 .debug_line    0x000005c0       0x1d .\CortexM0\ARM_GCC_541\Debug\CANLocalization.o
 .debug_line    0x000005dd      0x417 .\CortexM0\ARM_GCC_541\Debug\CANMotorUnit.o
 .debug_line    0x000009f4      0x2dc .\CortexM0\ARM_GCC_541\Debug\CANPacket.o
 .debug_line    0x00000cd0      0x19d .\CortexM0\ARM_GCC_541\Debug\CANPower.o
 .debug_line    0x00000e6d      0x1c5 .\CortexM0\ARM_GCC_541\Debug\CANScience.o
 .debug_line    0x00001032      0x187 .\CortexM0\ARM_GCC_541\Debug\cyfitter_cfg.o
 .debug_line    0x000011b9      0x141 .\CortexM0\ARM_GCC_541\Debug\cymetadata.o
 .debug_line    0x000012fa      0x236 .\CortexM0\ARM_GCC_541\Debug\Cm0Start.o
 .debug_line    0x00001530      0x553 .\CortexM0\ARM_GCC_541\Debug\TestCode.a(CyLib.o)
 .debug_line    0x00001a83      0x5db .\CortexM0\ARM_GCC_541\Debug\TestCode.a(CyLFClk.o)
 .debug_line    0x0000205e       0x68 .\CortexM0\ARM_GCC_541\Debug\TestCode.a(CyBootAsmGnu.o)

.debug_frame    0x00000000     0x1674
 *(.debug_frame)
 .debug_frame   0x00000000       0x30 .\CortexM0\ARM_GCC_541\Debug\main.o
 .debug_frame   0x00000030      0x27c .\CortexM0\ARM_GCC_541\Debug\CANCommon.o
 .debug_frame   0x000002ac      0x178 .\CortexM0\ARM_GCC_541\Debug\CANGPIO.o
 .debug_frame   0x00000424      0x3f8 .\CortexM0\ARM_GCC_541\Debug\CANMotorUnit.o
 .debug_frame   0x0000081c      0x1a4 .\CortexM0\ARM_GCC_541\Debug\CANPacket.o
 .debug_frame   0x000009c0       0x8c .\CortexM0\ARM_GCC_541\Debug\CANPower.o
 .debug_frame   0x00000a4c       0xb0 .\CortexM0\ARM_GCC_541\Debug\CANScience.o
 .debug_frame   0x00000afc       0x9c .\CortexM0\ARM_GCC_541\Debug\cyfitter_cfg.o
 .debug_frame   0x00000b98       0xbc .\CortexM0\ARM_GCC_541\Debug\Cm0Start.o
 .debug_frame   0x00000c54      0x4a4 .\CortexM0\ARM_GCC_541\Debug\TestCode.a(CyLib.o)
 .debug_frame   0x000010f8      0x4a8 .\CortexM0\ARM_GCC_541\Debug\TestCode.a(CyLFClk.o)
 .debug_frame   0x000015a0       0x20 c:/program files (x86)/cypress/psoc creator/4.4/psoc creator/import/gnu/arm/5.4.1/bin/../lib/gcc/arm-none-eabi/5.4.1/armv6-m\libgcc.a(_udivsi3.o)
 .debug_frame   0x000015c0       0x20 c:/program files (x86)/cypress/psoc creator/4.4/psoc creator/import/gnu/arm/5.4.1/bin/../lib/gcc/arm-none-eabi/5.4.1/armv6-m\libgcc.a(_divsi3.o)
 .debug_frame   0x000015e0       0x20 c:/program files (x86)/cypress/psoc creator/4.4/psoc creator/import/gnu/arm/5.4.1/bin/../lib/gcc/arm-none-eabi/5.4.1/../../../../arm-none-eabi/lib/armv6-m\libg_nano.a(lib_a-errno.o)
 .debug_frame   0x00001600       0x28 c:/program files (x86)/cypress/psoc creator/4.4/psoc creator/import/gnu/arm/5.4.1/bin/../lib/gcc/arm-none-eabi/5.4.1/../../../../arm-none-eabi/lib/armv6-m\libg_nano.a(lib_a-exit.o)
 .debug_frame   0x00001628       0x2c c:/program files (x86)/cypress/psoc creator/4.4/psoc creator/import/gnu/arm/5.4.1/bin/../lib/gcc/arm-none-eabi/5.4.1/../../../../arm-none-eabi/lib/armv6-m\libg_nano.a(lib_a-init.o)
 .debug_frame   0x00001654       0x20 c:/program files (x86)/cypress/psoc creator/4.4/psoc creator/import/gnu/arm/5.4.1/bin/../lib/gcc/arm-none-eabi/5.4.1/../../../../arm-none-eabi/lib/armv6-m\libg_nano.a(lib_a-memset.o)

.debug_str      0x00000000     0x1f38
 *(.debug_str)
 .debug_str     0x00000000      0x173 .\CortexM0\ARM_GCC_541\Debug\main.o
                                0x1b3 (size before relaxing)
 .debug_str     0x00000173      0x415 .\CortexM0\ARM_GCC_541\Debug\CANCommon.o
                                0x5bc (size before relaxing)
 .debug_str     0x00000588      0x202 .\CortexM0\ARM_GCC_541\Debug\CANGPIO.o
                                0x445 (size before relaxing)
 .debug_str     0x0000078a       0x1c .\CortexM0\ARM_GCC_541\Debug\CANLocalization.o
                                0x192 (size before relaxing)
 .debug_str     0x000007a6      0x45d .\CortexM0\ARM_GCC_541\Debug\CANMotorUnit.o
                                0x6eb (size before relaxing)
 .debug_str     0x00000c03      0x197 .\CortexM0\ARM_GCC_541\Debug\CANPacket.o
                                0x444 (size before relaxing)
 .debug_str     0x00000d9a       0xbc .\CortexM0\ARM_GCC_541\Debug\CANPower.o
                                0x32a (size before relaxing)
 .debug_str     0x00000e56      0x123 .\CortexM0\ARM_GCC_541\Debug\CANScience.o
                                0x34c (size before relaxing)
 .debug_str     0x00000f79      0x17f .\CortexM0\ARM_GCC_541\Debug\cyfitter_cfg.o
                                0x341 (size before relaxing)
 .debug_str     0x000010f8       0x59 .\CortexM0\ARM_GCC_541\Debug\cymetadata.o
                                0x1e1 (size before relaxing)
 .debug_str     0x00001151      0x13a .\CortexM0\ARM_GCC_541\Debug\Cm0Start.o
                                0x31a (size before relaxing)
 .debug_str     0x0000128b      0x5c6 .\CortexM0\ARM_GCC_541\Debug\TestCode.a(CyLib.o)
                                0x811 (size before relaxing)
 .debug_str     0x00001851      0x6e7 .\CortexM0\ARM_GCC_541\Debug\TestCode.a(CyLFClk.o)
                                0x951 (size before relaxing)

.debug_loc      0x00000000     0x4037
 *(.debug_loc)
 .debug_loc     0x00000000      0x926 .\CortexM0\ARM_GCC_541\Debug\CANCommon.o
 .debug_loc     0x00000926      0x620 .\CortexM0\ARM_GCC_541\Debug\CANGPIO.o
 .debug_loc     0x00000f46      0xf44 .\CortexM0\ARM_GCC_541\Debug\CANMotorUnit.o
 .debug_loc     0x00001e8a      0x540 .\CortexM0\ARM_GCC_541\Debug\CANPacket.o
 .debug_loc     0x000023ca      0x1bb .\CortexM0\ARM_GCC_541\Debug\CANPower.o
 .debug_loc     0x00002585      0x289 .\CortexM0\ARM_GCC_541\Debug\CANScience.o
 .debug_loc     0x0000280e      0x118 .\CortexM0\ARM_GCC_541\Debug\cyfitter_cfg.o
 .debug_loc     0x00002926      0x14f .\CortexM0\ARM_GCC_541\Debug\Cm0Start.o
 .debug_loc     0x00002a75      0x818 .\CortexM0\ARM_GCC_541\Debug\TestCode.a(CyLib.o)
 .debug_loc     0x0000328d      0xdaa .\CortexM0\ARM_GCC_541\Debug\TestCode.a(CyLFClk.o)

.debug_macinfo
 *(.debug_macinfo)

.debug_ranges   0x00000000      0x740
 *(.debug_ranges)
 .debug_ranges  0x00000000       0x10 .\CortexM0\ARM_GCC_541\Debug\main.o
 .debug_ranges  0x00000010       0xb0 .\CortexM0\ARM_GCC_541\Debug\CANCommon.o
 .debug_ranges  0x000000c0       0x78 .\CortexM0\ARM_GCC_541\Debug\CANGPIO.o
 .debug_ranges  0x00000138      0x130 .\CortexM0\ARM_GCC_541\Debug\CANMotorUnit.o
 .debug_ranges  0x00000268       0xc8 .\CortexM0\ARM_GCC_541\Debug\CANPacket.o
 .debug_ranges  0x00000330       0x30 .\CortexM0\ARM_GCC_541\Debug\CANPower.o
 .debug_ranges  0x00000360       0x40 .\CortexM0\ARM_GCC_541\Debug\CANScience.o
 .debug_ranges  0x000003a0       0x30 .\CortexM0\ARM_GCC_541\Debug\cyfitter_cfg.o
 .debug_ranges  0x000003d0       0x38 .\CortexM0\ARM_GCC_541\Debug\Cm0Start.o
 .debug_ranges  0x00000408      0x1c0 .\CortexM0\ARM_GCC_541\Debug\TestCode.a(CyLib.o)
 .debug_ranges  0x000005c8      0x178 .\CortexM0\ARM_GCC_541\Debug\TestCode.a(CyLFClk.o)

.comment        0x00000000       0x6e
 .comment       0x00000000       0x6e .\CortexM0\ARM_GCC_541\Debug\main.o
                                 0x6f (size before relaxing)
 .comment       0x0000006e       0x6f .\CortexM0\ARM_GCC_541\Debug\CANCommon.o
 .comment       0x0000006e       0x6f .\CortexM0\ARM_GCC_541\Debug\CANGPIO.o
 .comment       0x0000006e       0x6f .\CortexM0\ARM_GCC_541\Debug\CANLocalization.o
 .comment       0x0000006e       0x6f .\CortexM0\ARM_GCC_541\Debug\CANMotorUnit.o
 .comment       0x0000006e       0x6f .\CortexM0\ARM_GCC_541\Debug\CANPacket.o
 .comment       0x0000006e       0x6f .\CortexM0\ARM_GCC_541\Debug\CANPower.o
 .comment       0x0000006e       0x6f .\CortexM0\ARM_GCC_541\Debug\CANScience.o
 .comment       0x0000006e       0x6f .\CortexM0\ARM_GCC_541\Debug\cyfitter_cfg.o
 .comment       0x0000006e       0x6f .\CortexM0\ARM_GCC_541\Debug\cymetadata.o
 .comment       0x0000006e       0x6f .\CortexM0\ARM_GCC_541\Debug\Cm0Start.o
 .comment       0x0000006e       0x6f .\CortexM0\ARM_GCC_541\Debug\TestCode.a(CyLib.o)
 .comment       0x0000006e       0x6f .\CortexM0\ARM_GCC_541\Debug\TestCode.a(CyLFClk.o)

.debug_weaknames
 *(.debug_weaknames)

.debug_funcnames
 *(.debug_funcnames)

.debug_typenames
 *(.debug_typenames)

.debug_varnames
 *(.debug_varnames)

.note.gnu.arm.ident
 *(.note.gnu.arm.ident)

.ARM.attributes
                0x00000000       0x28
 *(.ARM.attributes)
 .ARM.attributes
                0x00000000       0x1e c:/program files (x86)/cypress/psoc creator/4.4/psoc creator/import/gnu/arm/5.4.1/bin/../lib/gcc/arm-none-eabi/5.4.1/armv6-m/crti.o
 .ARM.attributes
                0x0000001e       0x2c c:/program files (x86)/cypress/psoc creator/4.4/psoc creator/import/gnu/arm/5.4.1/bin/../lib/gcc/arm-none-eabi/5.4.1/armv6-m/crtbegin.o
 .ARM.attributes
                0x0000004a       0x1b c:/program files (x86)/cypress/psoc creator/4.4/psoc creator/import/gnu/arm/5.4.1/bin/../lib/gcc/arm-none-eabi/5.4.1/../../../../arm-none-eabi/lib/armv6-m/crt0.o
 .ARM.attributes
                0x00000065       0x31 .\CortexM0\ARM_GCC_541\Debug\main.o
 .ARM.attributes
                0x00000096       0x31 .\CortexM0\ARM_GCC_541\Debug\CANCommon.o
 .ARM.attributes
                0x000000c7       0x31 .\CortexM0\ARM_GCC_541\Debug\CANGPIO.o
 .ARM.attributes
                0x000000f8       0x31 .\CortexM0\ARM_GCC_541\Debug\CANLocalization.o
 .ARM.attributes
                0x00000129       0x31 .\CortexM0\ARM_GCC_541\Debug\CANMotorUnit.o
 .ARM.attributes
                0x0000015a       0x31 .\CortexM0\ARM_GCC_541\Debug\CANPacket.o
 .ARM.attributes
                0x0000018b       0x31 .\CortexM0\ARM_GCC_541\Debug\CANPower.o
 .ARM.attributes
                0x000001bc       0x31 .\CortexM0\ARM_GCC_541\Debug\CANScience.o
 .ARM.attributes
                0x000001ed       0x31 .\CortexM0\ARM_GCC_541\Debug\cyfitter_cfg.o
 .ARM.attributes
                0x0000021e       0x31 .\CortexM0\ARM_GCC_541\Debug\cymetadata.o
 .ARM.attributes
                0x0000024f       0x31 .\CortexM0\ARM_GCC_541\Debug\Cm0Start.o
 .ARM.attributes
                0x00000280       0x31 .\CortexM0\ARM_GCC_541\Debug\TestCode.a(CyLib.o)
 .ARM.attributes
                0x000002b1       0x31 .\CortexM0\ARM_GCC_541\Debug\TestCode.a(CyLFClk.o)
 .ARM.attributes
                0x000002e2       0x21 .\CortexM0\ARM_GCC_541\Debug\TestCode.a(CyBootAsmGnu.o)
 .ARM.attributes
                0x00000303       0x1e c:/program files (x86)/cypress/psoc creator/4.4/psoc creator/import/gnu/arm/5.4.1/bin/../lib/gcc/arm-none-eabi/5.4.1/armv6-m\libgcc.a(_udivsi3.o)
 .ARM.attributes
                0x00000321       0x1e c:/program files (x86)/cypress/psoc creator/4.4/psoc creator/import/gnu/arm/5.4.1/bin/../lib/gcc/arm-none-eabi/5.4.1/armv6-m\libgcc.a(_divsi3.o)
 .ARM.attributes
                0x0000033f       0x1e c:/program files (x86)/cypress/psoc creator/4.4/psoc creator/import/gnu/arm/5.4.1/bin/../lib/gcc/arm-none-eabi/5.4.1/armv6-m\libgcc.a(_dvmd_tls.o)
 .ARM.attributes
                0x0000035d       0x2c c:/program files (x86)/cypress/psoc creator/4.4/psoc creator/import/gnu/arm/5.4.1/bin/../lib/gcc/arm-none-eabi/5.4.1/../../../../arm-none-eabi/lib/armv6-m\libg_nano.a(lib_a-errno.o)
 .ARM.attributes
                0x00000389       0x2c c:/program files (x86)/cypress/psoc creator/4.4/psoc creator/import/gnu/arm/5.4.1/bin/../lib/gcc/arm-none-eabi/5.4.1/../../../../arm-none-eabi/lib/armv6-m\libg_nano.a(lib_a-exit.o)
 .ARM.attributes
                0x000003b5       0x2c c:/program files (x86)/cypress/psoc creator/4.4/psoc creator/import/gnu/arm/5.4.1/bin/../lib/gcc/arm-none-eabi/5.4.1/../../../../arm-none-eabi/lib/armv6-m\libg_nano.a(lib_a-impure.o)
 .ARM.attributes
                0x000003e1       0x2c c:/program files (x86)/cypress/psoc creator/4.4/psoc creator/import/gnu/arm/5.4.1/bin/../lib/gcc/arm-none-eabi/5.4.1/../../../../arm-none-eabi/lib/armv6-m\libg_nano.a(lib_a-init.o)
 .ARM.attributes
                0x0000040d       0x2c c:/program files (x86)/cypress/psoc creator/4.4/psoc creator/import/gnu/arm/5.4.1/bin/../lib/gcc/arm-none-eabi/5.4.1/../../../../arm-none-eabi/lib/armv6-m\libg_nano.a(lib_a-memset.o)
 .ARM.attributes
                0x00000439       0x2c c:/program files (x86)/cypress/psoc creator/4.4/psoc creator/import/gnu/arm/5.4.1/bin/../lib/gcc/arm-none-eabi/5.4.1/armv6-m/crtend.o
 .ARM.attributes
                0x00000465       0x1e c:/program files (x86)/cypress/psoc creator/4.4/psoc creator/import/gnu/arm/5.4.1/bin/../lib/gcc/arm-none-eabi/5.4.1/armv6-m/crtn.o

/DISCARD/
 *(.note.GNU-stack)
OUTPUT(C:\Users\casey\Desktop\Robotics Stuff\BLDC_Motor_Board_PY2023\BLDCWorkspace\TestCode.cydsn\CortexM0\ARM_GCC_541\Debug\TestCode.elf elf32-littlearm)
