ARM GAS  C:\Users\lucbu\AppData\Local\Temp\cc5JIPr8.s 			page 1


   1              		.syntax unified
   2              		.cpu cortex-m0
   3              		.fpu softvfp
   4              		.eabi_attribute 20, 1
   5              		.eabi_attribute 21, 1
   6              		.eabi_attribute 23, 3
   7              		.eabi_attribute 24, 1
   8              		.eabi_attribute 25, 1
   9              		.eabi_attribute 26, 1
  10              		.eabi_attribute 30, 1
  11              		.eabi_attribute 34, 0
  12              		.eabi_attribute 18, 4
  13              		.thumb
  14              		.syntax unified
  15              		.file	"cyfitter_cfg.c"
  16              		.text
  17              	.Ltext0:
  18              		.cfi_sections	.debug_frame
  19              		.section	.text.AnalogSetDefault,"ax",%progbits
  20              		.align	2
  21              		.code	16
  22              		.thumb_func
  23              		.type	AnalogSetDefault, %function
  24              	AnalogSetDefault:
  25              	.LFB5:
  26              		.file 1 "Generated_Source\\PSoC4\\cyfitter_cfg.c"
   1:Generated_Source\PSoC4/cyfitter_cfg.c **** 
   2:Generated_Source\PSoC4/cyfitter_cfg.c **** /*******************************************************************************
   3:Generated_Source\PSoC4/cyfitter_cfg.c **** * File Name: cyfitter_cfg.c
   4:Generated_Source\PSoC4/cyfitter_cfg.c **** * 
   5:Generated_Source\PSoC4/cyfitter_cfg.c **** * PSoC Creator  4.4
   6:Generated_Source\PSoC4/cyfitter_cfg.c **** *
   7:Generated_Source\PSoC4/cyfitter_cfg.c **** * Description:
   8:Generated_Source\PSoC4/cyfitter_cfg.c **** * This file contains device initialization code.
   9:Generated_Source\PSoC4/cyfitter_cfg.c **** * Except for the user defined sections in CyClockStartupError(), this file should not be modified.
  10:Generated_Source\PSoC4/cyfitter_cfg.c **** * This file is automatically generated by PSoC Creator.
  11:Generated_Source\PSoC4/cyfitter_cfg.c **** *
  12:Generated_Source\PSoC4/cyfitter_cfg.c **** ********************************************************************************
  13:Generated_Source\PSoC4/cyfitter_cfg.c **** * Copyright (c) 2007-2020 Cypress Semiconductor.  All rights reserved.
  14:Generated_Source\PSoC4/cyfitter_cfg.c **** * You may use this file only in accordance with the license, terms, conditions, 
  15:Generated_Source\PSoC4/cyfitter_cfg.c **** * disclaimers, and limitations in the end user license agreement accompanying 
  16:Generated_Source\PSoC4/cyfitter_cfg.c **** * the software package with which this file was provided.
  17:Generated_Source\PSoC4/cyfitter_cfg.c **** ********************************************************************************/
  18:Generated_Source\PSoC4/cyfitter_cfg.c **** 
  19:Generated_Source\PSoC4/cyfitter_cfg.c **** #include <string.h>
  20:Generated_Source\PSoC4/cyfitter_cfg.c **** #include "cytypes.h"
  21:Generated_Source\PSoC4/cyfitter_cfg.c **** #include "cydevice_trm.h"
  22:Generated_Source\PSoC4/cyfitter_cfg.c **** #include "cyfitter.h"
  23:Generated_Source\PSoC4/cyfitter_cfg.c **** #include "CyLib.h"
  24:Generated_Source\PSoC4/cyfitter_cfg.c **** #include "CyLFClk.h"
  25:Generated_Source\PSoC4/cyfitter_cfg.c **** #include "cyfitter_cfg.h"
  26:Generated_Source\PSoC4/cyfitter_cfg.c **** #include "cyapicallbacks.h"
  27:Generated_Source\PSoC4/cyfitter_cfg.c **** 
  28:Generated_Source\PSoC4/cyfitter_cfg.c **** 
  29:Generated_Source\PSoC4/cyfitter_cfg.c **** #if defined(__GNUC__) || defined(__ARMCC_VERSION)
  30:Generated_Source\PSoC4/cyfitter_cfg.c ****     #define CYPACKED 
  31:Generated_Source\PSoC4/cyfitter_cfg.c ****     #define CYPACKED_ATTR __attribute__ ((packed))
ARM GAS  C:\Users\lucbu\AppData\Local\Temp\cc5JIPr8.s 			page 2


  32:Generated_Source\PSoC4/cyfitter_cfg.c ****     #define CYALIGNED __attribute__ ((aligned))
  33:Generated_Source\PSoC4/cyfitter_cfg.c ****     #define CY_CFG_UNUSED __attribute__ ((unused))
  34:Generated_Source\PSoC4/cyfitter_cfg.c ****     #ifndef CY_CFG_SECTION
  35:Generated_Source\PSoC4/cyfitter_cfg.c ****         #define CY_CFG_SECTION __attribute__ ((section(".psocinit")))
  36:Generated_Source\PSoC4/cyfitter_cfg.c ****     #endif
  37:Generated_Source\PSoC4/cyfitter_cfg.c ****     
  38:Generated_Source\PSoC4/cyfitter_cfg.c ****     #if defined(__ARMCC_VERSION)
  39:Generated_Source\PSoC4/cyfitter_cfg.c ****         #define CY_CFG_MEMORY_BARRIER() __memory_changed()
  40:Generated_Source\PSoC4/cyfitter_cfg.c ****     #else
  41:Generated_Source\PSoC4/cyfitter_cfg.c ****         #define CY_CFG_MEMORY_BARRIER() __sync_synchronize()
  42:Generated_Source\PSoC4/cyfitter_cfg.c ****     #endif
  43:Generated_Source\PSoC4/cyfitter_cfg.c ****     
  44:Generated_Source\PSoC4/cyfitter_cfg.c **** #elif defined(__ICCARM__)
  45:Generated_Source\PSoC4/cyfitter_cfg.c ****     #include <intrinsics.h>
  46:Generated_Source\PSoC4/cyfitter_cfg.c **** 
  47:Generated_Source\PSoC4/cyfitter_cfg.c ****     #define CYPACKED __packed
  48:Generated_Source\PSoC4/cyfitter_cfg.c ****     #define CYPACKED_ATTR 
  49:Generated_Source\PSoC4/cyfitter_cfg.c ****     #define CYALIGNED _Pragma("data_alignment=4")
  50:Generated_Source\PSoC4/cyfitter_cfg.c ****     #define CY_CFG_UNUSED _Pragma("diag_suppress=Pe177")
  51:Generated_Source\PSoC4/cyfitter_cfg.c ****     #define CY_CFG_SECTION _Pragma("location=\".psocinit\"")
  52:Generated_Source\PSoC4/cyfitter_cfg.c ****     
  53:Generated_Source\PSoC4/cyfitter_cfg.c ****     #define CY_CFG_MEMORY_BARRIER() __DMB()
  54:Generated_Source\PSoC4/cyfitter_cfg.c ****     
  55:Generated_Source\PSoC4/cyfitter_cfg.c **** #else
  56:Generated_Source\PSoC4/cyfitter_cfg.c ****     #error Unsupported toolchain
  57:Generated_Source\PSoC4/cyfitter_cfg.c **** #endif
  58:Generated_Source\PSoC4/cyfitter_cfg.c **** 
  59:Generated_Source\PSoC4/cyfitter_cfg.c **** #ifndef CYCODE
  60:Generated_Source\PSoC4/cyfitter_cfg.c ****     #define CYCODE
  61:Generated_Source\PSoC4/cyfitter_cfg.c **** #endif
  62:Generated_Source\PSoC4/cyfitter_cfg.c **** #ifndef CYDATA
  63:Generated_Source\PSoC4/cyfitter_cfg.c ****     #define CYDATA
  64:Generated_Source\PSoC4/cyfitter_cfg.c **** #endif
  65:Generated_Source\PSoC4/cyfitter_cfg.c **** #ifndef CYFAR
  66:Generated_Source\PSoC4/cyfitter_cfg.c ****     #define CYFAR
  67:Generated_Source\PSoC4/cyfitter_cfg.c **** #endif
  68:Generated_Source\PSoC4/cyfitter_cfg.c **** #ifndef CYXDATA
  69:Generated_Source\PSoC4/cyfitter_cfg.c ****     #define CYXDATA
  70:Generated_Source\PSoC4/cyfitter_cfg.c **** #endif
  71:Generated_Source\PSoC4/cyfitter_cfg.c **** 
  72:Generated_Source\PSoC4/cyfitter_cfg.c **** 
  73:Generated_Source\PSoC4/cyfitter_cfg.c **** CY_CFG_UNUSED
  74:Generated_Source\PSoC4/cyfitter_cfg.c **** static void CYMEMZERO(void *s, size_t n);
  75:Generated_Source\PSoC4/cyfitter_cfg.c **** CY_CFG_UNUSED
  76:Generated_Source\PSoC4/cyfitter_cfg.c **** static void CYMEMZERO(void *s, size_t n)
  77:Generated_Source\PSoC4/cyfitter_cfg.c **** {
  78:Generated_Source\PSoC4/cyfitter_cfg.c **** 	(void)memset(s, 0, n);
  79:Generated_Source\PSoC4/cyfitter_cfg.c **** }
  80:Generated_Source\PSoC4/cyfitter_cfg.c **** CY_CFG_UNUSED
  81:Generated_Source\PSoC4/cyfitter_cfg.c **** static void CYCONFIGCPY(void *dest, const void *src, size_t n);
  82:Generated_Source\PSoC4/cyfitter_cfg.c **** CY_CFG_UNUSED
  83:Generated_Source\PSoC4/cyfitter_cfg.c **** static void CYCONFIGCPY(void *dest, const void *src, size_t n)
  84:Generated_Source\PSoC4/cyfitter_cfg.c **** {
  85:Generated_Source\PSoC4/cyfitter_cfg.c **** 	(void)memcpy(dest, src, n);
  86:Generated_Source\PSoC4/cyfitter_cfg.c **** }
  87:Generated_Source\PSoC4/cyfitter_cfg.c **** CY_CFG_UNUSED
  88:Generated_Source\PSoC4/cyfitter_cfg.c **** static void CYCONFIGCPYCODE(void *dest, const void *src, size_t n);
ARM GAS  C:\Users\lucbu\AppData\Local\Temp\cc5JIPr8.s 			page 3


  89:Generated_Source\PSoC4/cyfitter_cfg.c **** CY_CFG_UNUSED
  90:Generated_Source\PSoC4/cyfitter_cfg.c **** static void CYCONFIGCPYCODE(void *dest, const void *src, size_t n)
  91:Generated_Source\PSoC4/cyfitter_cfg.c **** {
  92:Generated_Source\PSoC4/cyfitter_cfg.c **** 	(void)memcpy(dest, src, n);
  93:Generated_Source\PSoC4/cyfitter_cfg.c **** }
  94:Generated_Source\PSoC4/cyfitter_cfg.c **** 
  95:Generated_Source\PSoC4/cyfitter_cfg.c **** 
  96:Generated_Source\PSoC4/cyfitter_cfg.c **** 
  97:Generated_Source\PSoC4/cyfitter_cfg.c **** 
  98:Generated_Source\PSoC4/cyfitter_cfg.c **** /* Clock startup error codes                                                   */
  99:Generated_Source\PSoC4/cyfitter_cfg.c **** #define CYCLOCKSTART_NO_ERROR    0u
 100:Generated_Source\PSoC4/cyfitter_cfg.c **** #define CYCLOCKSTART_XTAL_ERROR  1u
 101:Generated_Source\PSoC4/cyfitter_cfg.c **** #define CYCLOCKSTART_32KHZ_ERROR 2u
 102:Generated_Source\PSoC4/cyfitter_cfg.c **** #define CYCLOCKSTART_PLL_ERROR   3u
 103:Generated_Source\PSoC4/cyfitter_cfg.c **** #define CYCLOCKSTART_FLL_ERROR   4u
 104:Generated_Source\PSoC4/cyfitter_cfg.c **** #define CYCLOCKSTART_WCO_ERROR   5u
 105:Generated_Source\PSoC4/cyfitter_cfg.c **** 
 106:Generated_Source\PSoC4/cyfitter_cfg.c **** 
 107:Generated_Source\PSoC4/cyfitter_cfg.c **** #ifdef CY_NEED_CYCLOCKSTARTUPERROR
 108:Generated_Source\PSoC4/cyfitter_cfg.c **** /*******************************************************************************
 109:Generated_Source\PSoC4/cyfitter_cfg.c **** * Function Name: CyClockStartupError
 110:Generated_Source\PSoC4/cyfitter_cfg.c **** ********************************************************************************
 111:Generated_Source\PSoC4/cyfitter_cfg.c **** * Summary:
 112:Generated_Source\PSoC4/cyfitter_cfg.c **** *  If an error is encountered during clock configuration (crystal startup error,
 113:Generated_Source\PSoC4/cyfitter_cfg.c **** *  PLL lock error, etc.), the system will end up here.  Unless reimplemented by
 114:Generated_Source\PSoC4/cyfitter_cfg.c **** *  the customer, this function will stop in an infinite loop.
 115:Generated_Source\PSoC4/cyfitter_cfg.c **** *
 116:Generated_Source\PSoC4/cyfitter_cfg.c **** * Parameters:
 117:Generated_Source\PSoC4/cyfitter_cfg.c **** *   void
 118:Generated_Source\PSoC4/cyfitter_cfg.c **** *
 119:Generated_Source\PSoC4/cyfitter_cfg.c **** * Return:
 120:Generated_Source\PSoC4/cyfitter_cfg.c **** *   void
 121:Generated_Source\PSoC4/cyfitter_cfg.c **** *
 122:Generated_Source\PSoC4/cyfitter_cfg.c **** *******************************************************************************/
 123:Generated_Source\PSoC4/cyfitter_cfg.c **** CY_CFG_UNUSED
 124:Generated_Source\PSoC4/cyfitter_cfg.c **** static void CyClockStartupError(uint8 errorCode);
 125:Generated_Source\PSoC4/cyfitter_cfg.c **** CY_CFG_UNUSED
 126:Generated_Source\PSoC4/cyfitter_cfg.c **** static void CyClockStartupError(uint8 errorCode)
 127:Generated_Source\PSoC4/cyfitter_cfg.c **** {
 128:Generated_Source\PSoC4/cyfitter_cfg.c ****     /* To remove the compiler warning if errorCode not used.                */
 129:Generated_Source\PSoC4/cyfitter_cfg.c ****     errorCode = errorCode;
 130:Generated_Source\PSoC4/cyfitter_cfg.c **** 
 131:Generated_Source\PSoC4/cyfitter_cfg.c ****     /* If we have a clock startup error (bad MHz crystal, PLL lock, etc.),  */
 132:Generated_Source\PSoC4/cyfitter_cfg.c ****     /* we will end up here to allow the customer to implement something to  */
 133:Generated_Source\PSoC4/cyfitter_cfg.c ****     /* deal with the clock condition.                                       */
 134:Generated_Source\PSoC4/cyfitter_cfg.c **** 
 135:Generated_Source\PSoC4/cyfitter_cfg.c **** #ifdef CY_CFG_CLOCK_STARTUP_ERROR_CALLBACK
 136:Generated_Source\PSoC4/cyfitter_cfg.c ****     CY_CFG_Clock_Startup_ErrorCallback();
 137:Generated_Source\PSoC4/cyfitter_cfg.c **** #else
 138:Generated_Source\PSoC4/cyfitter_cfg.c ****     /*  If not using CY_CFG_CLOCK_STARTUP_ERROR_CALLBACK, place your clock startup code here. */
 139:Generated_Source\PSoC4/cyfitter_cfg.c ****     /* `#START CyClockStartupError` */
 140:Generated_Source\PSoC4/cyfitter_cfg.c **** 
 141:Generated_Source\PSoC4/cyfitter_cfg.c **** 
 142:Generated_Source\PSoC4/cyfitter_cfg.c **** 
 143:Generated_Source\PSoC4/cyfitter_cfg.c ****     /* `#END` */
 144:Generated_Source\PSoC4/cyfitter_cfg.c **** 
 145:Generated_Source\PSoC4/cyfitter_cfg.c ****     while(1) {}
ARM GAS  C:\Users\lucbu\AppData\Local\Temp\cc5JIPr8.s 			page 4


 146:Generated_Source\PSoC4/cyfitter_cfg.c **** #endif /* CY_CFG_CLOCK_STARTUP_ERROR_CALLBACK */
 147:Generated_Source\PSoC4/cyfitter_cfg.c **** }
 148:Generated_Source\PSoC4/cyfitter_cfg.c **** #endif
 149:Generated_Source\PSoC4/cyfitter_cfg.c **** 
 150:Generated_Source\PSoC4/cyfitter_cfg.c **** 
 151:Generated_Source\PSoC4/cyfitter_cfg.c **** 
 152:Generated_Source\PSoC4/cyfitter_cfg.c **** /*******************************************************************************
 153:Generated_Source\PSoC4/cyfitter_cfg.c **** * Function Name: ClockSetup
 154:Generated_Source\PSoC4/cyfitter_cfg.c **** ********************************************************************************
 155:Generated_Source\PSoC4/cyfitter_cfg.c **** *
 156:Generated_Source\PSoC4/cyfitter_cfg.c **** * Summary:
 157:Generated_Source\PSoC4/cyfitter_cfg.c **** *   Performs the initialization of all of the clocks in the device based on the
 158:Generated_Source\PSoC4/cyfitter_cfg.c **** *   settings in the Clock tab of the DWR.  This includes enabling the requested
 159:Generated_Source\PSoC4/cyfitter_cfg.c **** *   clocks and setting the necessary dividers to produce the desired frequency. 
 160:Generated_Source\PSoC4/cyfitter_cfg.c **** *
 161:Generated_Source\PSoC4/cyfitter_cfg.c **** * Parameters:
 162:Generated_Source\PSoC4/cyfitter_cfg.c **** *   void
 163:Generated_Source\PSoC4/cyfitter_cfg.c **** *
 164:Generated_Source\PSoC4/cyfitter_cfg.c **** * Return:
 165:Generated_Source\PSoC4/cyfitter_cfg.c **** *   void
 166:Generated_Source\PSoC4/cyfitter_cfg.c **** *
 167:Generated_Source\PSoC4/cyfitter_cfg.c **** *******************************************************************************/
 168:Generated_Source\PSoC4/cyfitter_cfg.c **** static void ClockSetup(void);
 169:Generated_Source\PSoC4/cyfitter_cfg.c **** CY_CFG_SECTION
 170:Generated_Source\PSoC4/cyfitter_cfg.c **** static void ClockSetup(void)
 171:Generated_Source\PSoC4/cyfitter_cfg.c **** {
 172:Generated_Source\PSoC4/cyfitter_cfg.c **** 
 173:Generated_Source\PSoC4/cyfitter_cfg.c **** 	/* Set Flash Cycles based on max possible frequency in case a glitch occurs during ClockSetup(). *
 174:Generated_Source\PSoC4/cyfitter_cfg.c **** 	CY_SET_REG32((void CYXDATA *)(CYREG_CPUSS_FLASH_CTL), (0x0012u));
 175:Generated_Source\PSoC4/cyfitter_cfg.c **** 
 176:Generated_Source\PSoC4/cyfitter_cfg.c **** 	/* Start the WCO */
 177:Generated_Source\PSoC4/cyfitter_cfg.c **** 	CySysClkWcoStart();
 178:Generated_Source\PSoC4/cyfitter_cfg.c **** 	CyDelayCycles(12000000u); /* WCO may take up to 500ms to start */
 179:Generated_Source\PSoC4/cyfitter_cfg.c **** 
 180:Generated_Source\PSoC4/cyfitter_cfg.c **** 	/* Setup and trim IMO based on desired frequency. */
 181:Generated_Source\PSoC4/cyfitter_cfg.c **** 	CySysClkWriteImoFreq(48u);
 182:Generated_Source\PSoC4/cyfitter_cfg.c **** 	/* CYDEV_CLK_ILO_CONFIG Starting address: CYDEV_CLK_ILO_CONFIG */
 183:Generated_Source\PSoC4/cyfitter_cfg.c **** 	CY_SET_REG32((void *)(CYREG_CLK_ILO_CONFIG), 0x80000006u);
 184:Generated_Source\PSoC4/cyfitter_cfg.c **** 
 185:Generated_Source\PSoC4/cyfitter_cfg.c **** 	/* CYDEV_WDT_CONFIG Starting address: CYDEV_WDT_CONFIG */
 186:Generated_Source\PSoC4/cyfitter_cfg.c **** 	CY_SET_REG32((void *)(CYREG_WDT_CONFIG), 0x40000000u);
 187:Generated_Source\PSoC4/cyfitter_cfg.c **** 
 188:Generated_Source\PSoC4/cyfitter_cfg.c **** 
 189:Generated_Source\PSoC4/cyfitter_cfg.c **** 	/* Configure ECO trim */
 190:Generated_Source\PSoC4/cyfitter_cfg.c **** 	CY_SET_REG32((void CYXDATA *)(CYREG_CLK_ECO_CONFIG), (0x00000002u));
 191:Generated_Source\PSoC4/cyfitter_cfg.c **** 	CY_SET_REG32((void CYXDATA *)(CYREG_CLK_ECO_TRIM0), (0x00000009u));
 192:Generated_Source\PSoC4/cyfitter_cfg.c **** 	CY_SET_REG32((void CYXDATA *)(CYREG_CLK_ECO_TRIM1), (0x0000000Au));
 193:Generated_Source\PSoC4/cyfitter_cfg.c **** 	/* Start the ECO and do not check status since it is not needed for HFCLK */
 194:Generated_Source\PSoC4/cyfitter_cfg.c **** 	(void)CySysClkEcoStart(2000u);
 195:Generated_Source\PSoC4/cyfitter_cfg.c **** 	CyDelayUs(1500u); /* Wait to stabilize */
 196:Generated_Source\PSoC4/cyfitter_cfg.c **** 
 197:Generated_Source\PSoC4/cyfitter_cfg.c **** 	/* Setup phase aligned clocks */
 198:Generated_Source\PSoC4/cyfitter_cfg.c **** 	CY_SET_REG32((void *)CYREG_PERI_DIV_16_CTL0, 0x00000000u);
 199:Generated_Source\PSoC4/cyfitter_cfg.c **** 	CY_SET_REG32((void *)CYREG_PERI_DIV_CMD, 0x8000FF40u);
 200:Generated_Source\PSoC4/cyfitter_cfg.c **** 	CY_SET_REG32((void *)CYREG_PERI_DIV_16_CTL1, 0x00001C00u);
 201:Generated_Source\PSoC4/cyfitter_cfg.c **** 	CY_SET_REG32((void *)CYREG_PERI_DIV_CMD, 0x8000FF41u);
 202:Generated_Source\PSoC4/cyfitter_cfg.c **** 
ARM GAS  C:\Users\lucbu\AppData\Local\Temp\cc5JIPr8.s 			page 5


 203:Generated_Source\PSoC4/cyfitter_cfg.c **** 	/* CYDEV_CLK_IMO_CONFIG Starting address: CYDEV_CLK_IMO_CONFIG */
 204:Generated_Source\PSoC4/cyfitter_cfg.c **** 	CY_SET_REG32((void *)(CYREG_CLK_IMO_CONFIG), 0x80000000u);
 205:Generated_Source\PSoC4/cyfitter_cfg.c **** 
 206:Generated_Source\PSoC4/cyfitter_cfg.c **** 	/* CYDEV_CLK_SELECT Starting address: CYDEV_CLK_SELECT */
 207:Generated_Source\PSoC4/cyfitter_cfg.c **** 	CY_SET_REG32((void *)(CYREG_CLK_SELECT), 0x00040249u);
 208:Generated_Source\PSoC4/cyfitter_cfg.c **** 
 209:Generated_Source\PSoC4/cyfitter_cfg.c **** 	/* CYDEV_PERI_PCLK_CTL3 Starting address: CYDEV_PERI_PCLK_CTL3 */
 210:Generated_Source\PSoC4/cyfitter_cfg.c **** 	CY_SET_REG32((void *)(CYREG_PERI_PCLK_CTL3), 0x00000041u);
 211:Generated_Source\PSoC4/cyfitter_cfg.c **** 
 212:Generated_Source\PSoC4/cyfitter_cfg.c **** 	(void)CyIntSetVector(8u, &CySysWdtIsr);
 213:Generated_Source\PSoC4/cyfitter_cfg.c **** 	CyIntEnable(8u);
 214:Generated_Source\PSoC4/cyfitter_cfg.c **** 	CY_SET_REG32((void *)(CYREG_WDT_CONFIG), 0x40000000u);
 215:Generated_Source\PSoC4/cyfitter_cfg.c **** }
 216:Generated_Source\PSoC4/cyfitter_cfg.c **** 
 217:Generated_Source\PSoC4/cyfitter_cfg.c **** 
 218:Generated_Source\PSoC4/cyfitter_cfg.c **** /* Analog API Functions */
 219:Generated_Source\PSoC4/cyfitter_cfg.c **** 
 220:Generated_Source\PSoC4/cyfitter_cfg.c **** 
 221:Generated_Source\PSoC4/cyfitter_cfg.c **** /*******************************************************************************
 222:Generated_Source\PSoC4/cyfitter_cfg.c **** * Function Name: AnalogSetDefault
 223:Generated_Source\PSoC4/cyfitter_cfg.c **** ********************************************************************************
 224:Generated_Source\PSoC4/cyfitter_cfg.c **** *
 225:Generated_Source\PSoC4/cyfitter_cfg.c **** * Summary:
 226:Generated_Source\PSoC4/cyfitter_cfg.c **** *  Sets up the analog portions of the chip to default values based on chip
 227:Generated_Source\PSoC4/cyfitter_cfg.c **** *  configuration options from the project.
 228:Generated_Source\PSoC4/cyfitter_cfg.c **** *
 229:Generated_Source\PSoC4/cyfitter_cfg.c **** * Parameters:
 230:Generated_Source\PSoC4/cyfitter_cfg.c **** *  void
 231:Generated_Source\PSoC4/cyfitter_cfg.c **** *
 232:Generated_Source\PSoC4/cyfitter_cfg.c **** * Return:
 233:Generated_Source\PSoC4/cyfitter_cfg.c **** *  void
 234:Generated_Source\PSoC4/cyfitter_cfg.c **** *
 235:Generated_Source\PSoC4/cyfitter_cfg.c **** *******************************************************************************/
 236:Generated_Source\PSoC4/cyfitter_cfg.c **** static void AnalogSetDefault(void);
 237:Generated_Source\PSoC4/cyfitter_cfg.c **** static void AnalogSetDefault(void)
 238:Generated_Source\PSoC4/cyfitter_cfg.c **** {
  27              		.loc 1 238 0
  28              		.cfi_startproc
  29              		@ args = 0, pretend = 0, frame = 0
  30              		@ frame_needed = 0, uses_anonymous_args = 0
  31              		@ link register save eliminated.
 239:Generated_Source\PSoC4/cyfitter_cfg.c **** 	CY_SET_XTND_REG32((void CYFAR *)CYREG_CTBM0_DFT_CTRL, 0x00000003u);
  32              		.loc 1 239 0
  33 0000 0323     		movs	r3, #3
  34 0002 044A     		ldr	r2, .L2
  35 0004 1360     		str	r3, [r2]
 240:Generated_Source\PSoC4/cyfitter_cfg.c **** 	CY_SET_XTND_REG32((void CYFAR *)CYREG_CTBM1_DFT_CTRL, 0x00000003u);
  36              		.loc 1 240 0
  37 0006 044A     		ldr	r2, .L2+4
  38 0008 1360     		str	r3, [r2]
 241:Generated_Source\PSoC4/cyfitter_cfg.c **** 	CY_SET_XTND_REG32((void CYFAR *)CYREG_PASS_DSAB_DSAB_CTRL, 0x00000000u);
  39              		.loc 1 241 0
  40 000a 0022     		movs	r2, #0
  41 000c 034B     		ldr	r3, .L2+8
  42 000e 1A60     		str	r2, [r3]
 242:Generated_Source\PSoC4/cyfitter_cfg.c **** }
  43              		.loc 1 242 0
ARM GAS  C:\Users\lucbu\AppData\Local\Temp\cc5JIPr8.s 			page 6


  44              		@ sp needed
  45 0010 7047     		bx	lr
  46              	.L3:
  47 0012 C046     		.align	2
  48              	.L2:
  49 0014 30003040 		.word	1076887600
  50 0018 30003140 		.word	1076953136
  51 001c 000E3F40 		.word	1077874176
  52              		.cfi_endproc
  53              	.LFE5:
  54              		.size	AnalogSetDefault, .-AnalogSetDefault
  55              		.section	.text.CYMEMZERO,"ax",%progbits
  56              		.align	2
  57              		.code	16
  58              		.thumb_func
  59              		.type	CYMEMZERO, %function
  60              	CYMEMZERO:
  61              	.LFB1:
  77:Generated_Source\PSoC4/cyfitter_cfg.c **** 	(void)memset(s, 0, n);
  62              		.loc 1 77 0
  63              		.cfi_startproc
  64              		@ args = 0, pretend = 0, frame = 0
  65              		@ frame_needed = 0, uses_anonymous_args = 0
  66              	.LVL0:
  67 0000 10B5     		push	{r4, lr}
  68              		.cfi_def_cfa_offset 8
  69              		.cfi_offset 4, -8
  70              		.cfi_offset 14, -4
  71 0002 0A00     		movs	r2, r1
  78:Generated_Source\PSoC4/cyfitter_cfg.c **** }
  72              		.loc 1 78 0
  73 0004 0021     		movs	r1, #0
  74              	.LVL1:
  75 0006 FFF7FEFF 		bl	memset
  76              	.LVL2:
  79:Generated_Source\PSoC4/cyfitter_cfg.c **** CY_CFG_UNUSED
  77              		.loc 1 79 0
  78              		@ sp needed
  79 000a 10BD     		pop	{r4, pc}
  80              		.cfi_endproc
  81              	.LFE1:
  82              		.size	CYMEMZERO, .-CYMEMZERO
  83              		.section	.psocinit,"ax",%progbits
  84              		.align	2
  85              		.code	16
  86              		.thumb_func
  87              		.type	ClockSetup, %function
  88              	ClockSetup:
  89              	.LFB4:
 171:Generated_Source\PSoC4/cyfitter_cfg.c **** 
  90              		.loc 1 171 0
  91              		.cfi_startproc
  92              		@ args = 0, pretend = 0, frame = 0
  93              		@ frame_needed = 0, uses_anonymous_args = 0
  94 0000 70B5     		push	{r4, r5, r6, lr}
  95              		.cfi_def_cfa_offset 16
  96              		.cfi_offset 4, -16
ARM GAS  C:\Users\lucbu\AppData\Local\Temp\cc5JIPr8.s 			page 7


  97              		.cfi_offset 5, -12
  98              		.cfi_offset 6, -8
  99              		.cfi_offset 14, -4
 174:Generated_Source\PSoC4/cyfitter_cfg.c **** 
 100              		.loc 1 174 0
 101 0002 1222     		movs	r2, #18
 102 0004 1F4B     		ldr	r3, .L6
 103 0006 1A60     		str	r2, [r3]
 177:Generated_Source\PSoC4/cyfitter_cfg.c **** 	CyDelayCycles(12000000u); /* WCO may take up to 500ms to start */
 104              		.loc 1 177 0
 105 0008 FFF7FEFF 		bl	CySysClkWcoStart
 106              	.LVL3:
 178:Generated_Source\PSoC4/cyfitter_cfg.c **** 
 107              		.loc 1 178 0
 108 000c 1E48     		ldr	r0, .L6+4
 109 000e FFF7FEFF 		bl	CyDelayCycles
 110              	.LVL4:
 181:Generated_Source\PSoC4/cyfitter_cfg.c **** 	/* CYDEV_CLK_ILO_CONFIG Starting address: CYDEV_CLK_ILO_CONFIG */
 111              		.loc 1 181 0
 112 0012 3020     		movs	r0, #48
 113 0014 FFF7FEFF 		bl	CySysClkWriteImoFreq
 114              	.LVL5:
 183:Generated_Source\PSoC4/cyfitter_cfg.c **** 
 115              		.loc 1 183 0
 116 0018 1C4A     		ldr	r2, .L6+8
 117 001a 1D4B     		ldr	r3, .L6+12
 118 001c 1A60     		str	r2, [r3]
 186:Generated_Source\PSoC4/cyfitter_cfg.c **** 
 119              		.loc 1 186 0
 120 001e 1D4C     		ldr	r4, .L6+16
 121 0020 8025     		movs	r5, #128
 122 0022 ED05     		lsls	r5, r5, #23
 123 0024 2560     		str	r5, [r4]
 190:Generated_Source\PSoC4/cyfitter_cfg.c **** 	CY_SET_REG32((void CYXDATA *)(CYREG_CLK_ECO_TRIM0), (0x00000009u));
 124              		.loc 1 190 0
 125 0026 0222     		movs	r2, #2
 126 0028 1B4B     		ldr	r3, .L6+20
 127 002a 1A60     		str	r2, [r3]
 191:Generated_Source\PSoC4/cyfitter_cfg.c **** 	CY_SET_REG32((void CYXDATA *)(CYREG_CLK_ECO_TRIM1), (0x0000000Au));
 128              		.loc 1 191 0
 129 002c 0732     		adds	r2, r2, #7
 130 002e 1B4B     		ldr	r3, .L6+24
 131 0030 1A60     		str	r2, [r3]
 192:Generated_Source\PSoC4/cyfitter_cfg.c **** 	/* Start the ECO and do not check status since it is not needed for HFCLK */
 132              		.loc 1 192 0
 133 0032 0132     		adds	r2, r2, #1
 134 0034 1A4B     		ldr	r3, .L6+28
 135 0036 1A60     		str	r2, [r3]
 194:Generated_Source\PSoC4/cyfitter_cfg.c **** 	CyDelayUs(1500u); /* Wait to stabilize */
 136              		.loc 1 194 0
 137 0038 FA20     		movs	r0, #250
 138 003a C000     		lsls	r0, r0, #3
 139 003c FFF7FEFF 		bl	CySysClkEcoStart
 140              	.LVL6:
 195:Generated_Source\PSoC4/cyfitter_cfg.c **** 
 141              		.loc 1 195 0
 142 0040 1848     		ldr	r0, .L6+32
ARM GAS  C:\Users\lucbu\AppData\Local\Temp\cc5JIPr8.s 			page 8


 143 0042 FFF7FEFF 		bl	CyDelayUs
 144              	.LVL7:
 198:Generated_Source\PSoC4/cyfitter_cfg.c **** 	CY_SET_REG32((void *)CYREG_PERI_DIV_CMD, 0x8000FF40u);
 145              		.loc 1 198 0
 146 0046 0022     		movs	r2, #0
 147 0048 174B     		ldr	r3, .L6+36
 148 004a 1A60     		str	r2, [r3]
 199:Generated_Source\PSoC4/cyfitter_cfg.c **** 	CY_SET_REG32((void *)CYREG_PERI_DIV_16_CTL1, 0x00001C00u);
 149              		.loc 1 199 0
 150 004c 174B     		ldr	r3, .L6+40
 151 004e 184A     		ldr	r2, .L6+44
 152 0050 1A60     		str	r2, [r3]
 200:Generated_Source\PSoC4/cyfitter_cfg.c **** 	CY_SET_REG32((void *)CYREG_PERI_DIV_CMD, 0x8000FF41u);
 153              		.loc 1 200 0
 154 0052 E021     		movs	r1, #224
 155 0054 4901     		lsls	r1, r1, #5
 156 0056 174A     		ldr	r2, .L6+48
 157 0058 1160     		str	r1, [r2]
 201:Generated_Source\PSoC4/cyfitter_cfg.c **** 
 158              		.loc 1 201 0
 159 005a 174A     		ldr	r2, .L6+52
 160 005c 1A60     		str	r2, [r3]
 204:Generated_Source\PSoC4/cyfitter_cfg.c **** 
 161              		.loc 1 204 0
 162 005e 8022     		movs	r2, #128
 163 0060 1206     		lsls	r2, r2, #24
 164 0062 164B     		ldr	r3, .L6+56
 165 0064 1A60     		str	r2, [r3]
 207:Generated_Source\PSoC4/cyfitter_cfg.c **** 
 166              		.loc 1 207 0
 167 0066 164A     		ldr	r2, .L6+60
 168 0068 164B     		ldr	r3, .L6+64
 169 006a 1A60     		str	r2, [r3]
 210:Generated_Source\PSoC4/cyfitter_cfg.c **** 
 170              		.loc 1 210 0
 171 006c 4122     		movs	r2, #65
 172 006e 164B     		ldr	r3, .L6+68
 173 0070 1A60     		str	r2, [r3]
 212:Generated_Source\PSoC4/cyfitter_cfg.c **** 	CyIntEnable(8u);
 174              		.loc 1 212 0
 175 0072 1649     		ldr	r1, .L6+72
 176 0074 0820     		movs	r0, #8
 177 0076 FFF7FEFF 		bl	CyIntSetVector
 178              	.LVL8:
 213:Generated_Source\PSoC4/cyfitter_cfg.c **** 	CY_SET_REG32((void *)(CYREG_WDT_CONFIG), 0x40000000u);
 179              		.loc 1 213 0
 180 007a 0820     		movs	r0, #8
 181 007c FFF7FEFF 		bl	CyIntEnable
 182              	.LVL9:
 214:Generated_Source\PSoC4/cyfitter_cfg.c **** }
 183              		.loc 1 214 0
 184 0080 2560     		str	r5, [r4]
 215:Generated_Source\PSoC4/cyfitter_cfg.c **** 
 185              		.loc 1 215 0
 186              		@ sp needed
 187 0082 70BD     		pop	{r4, r5, r6, pc}
 188              	.L7:
ARM GAS  C:\Users\lucbu\AppData\Local\Temp\cc5JIPr8.s 			page 9


 189              		.align	2
 190              	.L6:
 191 0084 30001040 		.word	1074790448
 192 0088 001BB700 		.word	12000000
 193 008c 06000080 		.word	-2147483642
 194 0090 04010B40 		.word	1074462980
 195 0094 0C020B40 		.word	1074463244
 196 0098 08000C40 		.word	1074528264
 197 009c 0CFF0C40 		.word	1074593548
 198 00a0 10FF0C40 		.word	1074593552
 199 00a4 DC050000 		.word	1500
 200 00a8 00030140 		.word	1073808128
 201 00ac 00000140 		.word	1073807360
 202 00b0 40FF0080 		.word	-2147418304
 203 00b4 04030140 		.word	1073808132
 204 00b8 41FF0080 		.word	-2147418303
 205 00bc 08010B40 		.word	1074462984
 206 00c0 49020400 		.word	262729
 207 00c4 00010B40 		.word	1074462976
 208 00c8 0C010140 		.word	1073807628
 209 00cc 00000000 		.word	CySysWdtIsr
 210              		.cfi_endproc
 211              	.LFE4:
 212              		.size	ClockSetup, .-ClockSetup
 213              		.align	2
 214              		.global	cyfitter_cfg
 215              		.code	16
 216              		.thumb_func
 217              		.type	cyfitter_cfg, %function
 218              	cyfitter_cfg:
 219              	.LFB6:
 243:Generated_Source\PSoC4/cyfitter_cfg.c **** 
 244:Generated_Source\PSoC4/cyfitter_cfg.c **** 
 245:Generated_Source\PSoC4/cyfitter_cfg.c **** 
 246:Generated_Source\PSoC4/cyfitter_cfg.c **** 
 247:Generated_Source\PSoC4/cyfitter_cfg.c **** /*******************************************************************************
 248:Generated_Source\PSoC4/cyfitter_cfg.c **** * Function Name: cyfitter_cfg
 249:Generated_Source\PSoC4/cyfitter_cfg.c **** ********************************************************************************
 250:Generated_Source\PSoC4/cyfitter_cfg.c **** * Summary:
 251:Generated_Source\PSoC4/cyfitter_cfg.c **** *  This function is called by the start-up code for the selected device. It
 252:Generated_Source\PSoC4/cyfitter_cfg.c **** *  performs all of the necessary device configuration based on the design
 253:Generated_Source\PSoC4/cyfitter_cfg.c **** *  settings.  This includes settings from the Design Wide Resources (DWR) such
 254:Generated_Source\PSoC4/cyfitter_cfg.c **** *  as Clocks and Pins as well as any component configuration that is necessary.
 255:Generated_Source\PSoC4/cyfitter_cfg.c **** *
 256:Generated_Source\PSoC4/cyfitter_cfg.c **** * Parameters:
 257:Generated_Source\PSoC4/cyfitter_cfg.c **** *   void
 258:Generated_Source\PSoC4/cyfitter_cfg.c **** *
 259:Generated_Source\PSoC4/cyfitter_cfg.c **** * Return:
 260:Generated_Source\PSoC4/cyfitter_cfg.c **** *   void
 261:Generated_Source\PSoC4/cyfitter_cfg.c **** *
 262:Generated_Source\PSoC4/cyfitter_cfg.c **** *******************************************************************************/
 263:Generated_Source\PSoC4/cyfitter_cfg.c **** CY_CFG_SECTION
 264:Generated_Source\PSoC4/cyfitter_cfg.c **** void cyfitter_cfg(void)
 265:Generated_Source\PSoC4/cyfitter_cfg.c **** {
 220              		.loc 1 265 0
 221              		.cfi_startproc
 222              		@ args = 0, pretend = 0, frame = 0
ARM GAS  C:\Users\lucbu\AppData\Local\Temp\cc5JIPr8.s 			page 10


 223              		@ frame_needed = 0, uses_anonymous_args = 0
 224 00d0 10B5     		push	{r4, lr}
 225              		.cfi_def_cfa_offset 8
 226              		.cfi_offset 4, -8
 227              		.cfi_offset 14, -4
 266:Generated_Source\PSoC4/cyfitter_cfg.c **** 	/* Disable interrupts by default. Let user enable if/when they want. */
 267:Generated_Source\PSoC4/cyfitter_cfg.c **** 	CyGlobalIntDisable;
 228              		.loc 1 267 0
 229              		.syntax divided
 230              	@ 267 "Generated_Source\PSoC4\cyfitter_cfg.c" 1
 231 00d2 72B6     		CPSID   i
 232              	@ 0 "" 2
 233              	.LVL10:
 234              		.thumb
 235              		.syntax unified
 236              	.LBB2:
 268:Generated_Source\PSoC4/cyfitter_cfg.c **** 
 269:Generated_Source\PSoC4/cyfitter_cfg.c **** 	{
 270:Generated_Source\PSoC4/cyfitter_cfg.c **** 
 271:Generated_Source\PSoC4/cyfitter_cfg.c **** 		CYPACKED typedef struct {
 272:Generated_Source\PSoC4/cyfitter_cfg.c **** 			void CYFAR *address;
 273:Generated_Source\PSoC4/cyfitter_cfg.c **** 			uint16 size;
 274:Generated_Source\PSoC4/cyfitter_cfg.c **** 		} CYPACKED_ATTR cfg_memset_t;
 275:Generated_Source\PSoC4/cyfitter_cfg.c **** 
 276:Generated_Source\PSoC4/cyfitter_cfg.c **** 		static const cfg_memset_t CYCODE cfg_memset_list[] = {
 277:Generated_Source\PSoC4/cyfitter_cfg.c **** 			/* address, size */
 278:Generated_Source\PSoC4/cyfitter_cfg.c **** 			{(void CYFAR *)(CYDEV_UDB_P0_U0_BASE), 2048u},
 279:Generated_Source\PSoC4/cyfitter_cfg.c **** 			{(void CYFAR *)(CYDEV_UDB_DSI0_BASE), 2048u},
 280:Generated_Source\PSoC4/cyfitter_cfg.c **** 		};
 281:Generated_Source\PSoC4/cyfitter_cfg.c **** 
 282:Generated_Source\PSoC4/cyfitter_cfg.c **** 		uint8 CYDATA i;
 283:Generated_Source\PSoC4/cyfitter_cfg.c **** 
 284:Generated_Source\PSoC4/cyfitter_cfg.c **** 		/* Zero out critical memory blocks before beginning configuration */
 285:Generated_Source\PSoC4/cyfitter_cfg.c **** 		for (i = 0u; i < (sizeof(cfg_memset_list)/sizeof(cfg_memset_list[0])); i++)
 237              		.loc 1 285 0
 238 00d4 0024     		movs	r4, #0
 239 00d6 0FE0     		b	.L9
 240              	.LVL11:
 241              	.L10:
 242              	.LBB3:
 286:Generated_Source\PSoC4/cyfitter_cfg.c **** 		{
 287:Generated_Source\PSoC4/cyfitter_cfg.c **** 			const cfg_memset_t CYCODE * CYDATA ms = &cfg_memset_list[i];
 288:Generated_Source\PSoC4/cyfitter_cfg.c **** 			CYMEMZERO(ms->address, (size_t)(uint32)(ms->size));
 243              		.loc 1 288 0 discriminator 3
 244 00d8 2048     		ldr	r0, .L11
 245 00da 6200     		lsls	r2, r4, #1
 246 00dc 1319     		adds	r3, r2, r4
 247 00de 5900     		lsls	r1, r3, #1
 248 00e0 0B00     		movs	r3, r1
 249 00e2 4118     		adds	r1, r0, r1
 250 00e4 8988     		ldrh	r1, [r1, #4]
 251 00e6 1A5A     		ldrh	r2, [r3, r0]
 252 00e8 C318     		adds	r3, r0, r3
 253 00ea 5888     		ldrh	r0, [r3, #2]
 254 00ec 0004     		lsls	r0, r0, #16
 255 00ee 1043     		orrs	r0, r2
 256 00f0 FFF7FEFF 		bl	CYMEMZERO
ARM GAS  C:\Users\lucbu\AppData\Local\Temp\cc5JIPr8.s 			page 11


 257              	.LVL12:
 258              	.LBE3:
 285:Generated_Source\PSoC4/cyfitter_cfg.c **** 		{
 259              		.loc 1 285 0 discriminator 3
 260 00f4 0134     		adds	r4, r4, #1
 261              	.LVL13:
 262 00f6 E4B2     		uxtb	r4, r4
 263              	.LVL14:
 264              	.L9:
 285:Generated_Source\PSoC4/cyfitter_cfg.c **** 		{
 265              		.loc 1 285 0 is_stmt 0 discriminator 1
 266 00f8 012C     		cmp	r4, #1
 267 00fa EDD9     		bls	.L10
 289:Generated_Source\PSoC4/cyfitter_cfg.c **** 		}
 290:Generated_Source\PSoC4/cyfitter_cfg.c **** 
 291:Generated_Source\PSoC4/cyfitter_cfg.c **** 		/* HSIOM Starting address: CYDEV_HSIOM_BASE */
 292:Generated_Source\PSoC4/cyfitter_cfg.c **** 		CY_SET_REG32((void *)(CYDEV_HSIOM_BASE), 0x080000AAu);
 268              		.loc 1 292 0 is_stmt 1
 269 00fc 184A     		ldr	r2, .L11+4
 270 00fe 194B     		ldr	r3, .L11+8
 271 0100 1A60     		str	r2, [r3]
 293:Generated_Source\PSoC4/cyfitter_cfg.c **** 		CY_SET_REG32((void *)(CYREG_HSIOM_PORT_SEL3), 0x0000EE99u);
 272              		.loc 1 293 0
 273 0102 194A     		ldr	r2, .L11+12
 274 0104 194B     		ldr	r3, .L11+16
 275 0106 1A60     		str	r2, [r3]
 294:Generated_Source\PSoC4/cyfitter_cfg.c **** 
 295:Generated_Source\PSoC4/cyfitter_cfg.c **** 		/* UDB_PA_1 Starting address: CYDEV_UDB_PA1_BASE */
 296:Generated_Source\PSoC4/cyfitter_cfg.c **** 		CY_SET_REG32((void *)(CYDEV_UDB_PA1_BASE), 0x00990000u);
 276              		.loc 1 296 0
 277 0108 9923     		movs	r3, #153
 278 010a 1B04     		lsls	r3, r3, #16
 279 010c 184A     		ldr	r2, .L11+20
 280 010e 1360     		str	r3, [r2]
 297:Generated_Source\PSoC4/cyfitter_cfg.c **** 
 298:Generated_Source\PSoC4/cyfitter_cfg.c **** 		/* UDB_PA_2 Starting address: CYDEV_UDB_PA2_BASE */
 299:Generated_Source\PSoC4/cyfitter_cfg.c **** 		CY_SET_REG32((void *)(CYDEV_UDB_PA2_BASE), 0x00990000u);
 281              		.loc 1 299 0
 282 0110 184A     		ldr	r2, .L11+24
 283 0112 1360     		str	r3, [r2]
 300:Generated_Source\PSoC4/cyfitter_cfg.c **** 
 301:Generated_Source\PSoC4/cyfitter_cfg.c **** 		/* UDB_PA_4 Starting address: CYDEV_UDB_PA4_BASE */
 302:Generated_Source\PSoC4/cyfitter_cfg.c **** 		CY_SET_REG32((void *)(CYDEV_UDB_PA4_BASE), 0x00990000u);
 284              		.loc 1 302 0
 285 0114 184A     		ldr	r2, .L11+28
 286 0116 1360     		str	r3, [r2]
 303:Generated_Source\PSoC4/cyfitter_cfg.c **** 
 304:Generated_Source\PSoC4/cyfitter_cfg.c **** 		/* UDB_PA_7 Starting address: CYDEV_UDB_PA7_BASE */
 305:Generated_Source\PSoC4/cyfitter_cfg.c **** 		CY_SET_REG32((void *)(CYDEV_UDB_PA7_BASE), 0x00990000u);
 287              		.loc 1 305 0
 288 0118 184A     		ldr	r2, .L11+32
 289 011a 1360     		str	r3, [r2]
 306:Generated_Source\PSoC4/cyfitter_cfg.c **** 
 307:Generated_Source\PSoC4/cyfitter_cfg.c **** 		/* Enable digital routing */
 308:Generated_Source\PSoC4/cyfitter_cfg.c **** 		CY_SET_XTND_REG8((void *)CYREG_UDB_UDB_BANK_CTL, (uint8)(CY_GET_XTND_REG8((void *)CYREG_UDB_UDB_B
 290              		.loc 1 308 0
 291 011c 184A     		ldr	r2, .L11+36
ARM GAS  C:\Users\lucbu\AppData\Local\Temp\cc5JIPr8.s 			page 12


 292 011e 1178     		ldrb	r1, [r2]
 293 0120 0623     		movs	r3, #6
 294 0122 0B43     		orrs	r3, r1
 295 0124 DBB2     		uxtb	r3, r3
 296 0126 1370     		strb	r3, [r2]
 297              	.LBE2:
 309:Generated_Source\PSoC4/cyfitter_cfg.c **** 	}
 310:Generated_Source\PSoC4/cyfitter_cfg.c **** 
 311:Generated_Source\PSoC4/cyfitter_cfg.c **** 	/* Perform second pass device configuration. These items must be configured in specific order afte
 312:Generated_Source\PSoC4/cyfitter_cfg.c **** 	/* IOPINS0_0 Starting address: CYDEV_GPIO_PRT0_BASE */
 313:Generated_Source\PSoC4/cyfitter_cfg.c **** 	CY_SET_REG32((void *)(CYDEV_GPIO_PRT0_BASE), 0x00000002u);
 298              		.loc 1 313 0
 299 0128 0223     		movs	r3, #2
 300 012a 164A     		ldr	r2, .L11+40
 301 012c 1360     		str	r3, [r2]
 314:Generated_Source\PSoC4/cyfitter_cfg.c **** 	CY_SET_REG32((void *)(CYREG_GPIO_PRT0_PC), 0x00040031u);
 302              		.loc 1 314 0
 303 012e 1649     		ldr	r1, .L11+44
 304 0130 164A     		ldr	r2, .L11+48
 305 0132 1160     		str	r1, [r2]
 315:Generated_Source\PSoC4/cyfitter_cfg.c **** 
 316:Generated_Source\PSoC4/cyfitter_cfg.c **** 	/* IOPINS0_1 Starting address: CYDEV_GPIO_PRT1_BASE */
 317:Generated_Source\PSoC4/cyfitter_cfg.c **** 	CY_SET_REG32((void *)(CYREG_GPIO_PRT1_PC), 0x00036DB6u);
 306              		.loc 1 317 0
 307 0134 1649     		ldr	r1, .L11+52
 308 0136 174A     		ldr	r2, .L11+56
 309 0138 1160     		str	r1, [r2]
 318:Generated_Source\PSoC4/cyfitter_cfg.c **** 
 319:Generated_Source\PSoC4/cyfitter_cfg.c **** 	/* IOPINS0_2 Starting address: CYDEV_GPIO_PRT2_BASE */
 320:Generated_Source\PSoC4/cyfitter_cfg.c **** 	CY_SET_REG32((void *)(CYREG_GPIO_PRT2_PC), 0x00009200u);
 310              		.loc 1 320 0
 311 013a 9221     		movs	r1, #146
 312 013c 0902     		lsls	r1, r1, #8
 313 013e 164A     		ldr	r2, .L11+60
 314 0140 1160     		str	r1, [r2]
 321:Generated_Source\PSoC4/cyfitter_cfg.c **** 
 322:Generated_Source\PSoC4/cyfitter_cfg.c **** 	/* IOPINS0_3 Starting address: CYDEV_GPIO_PRT3_BASE */
 323:Generated_Source\PSoC4/cyfitter_cfg.c **** 	CY_SET_REG32((void *)(CYDEV_GPIO_PRT3_BASE), 0x00000002u);
 315              		.loc 1 323 0
 316 0142 164A     		ldr	r2, .L11+64
 317 0144 1360     		str	r3, [r2]
 324:Generated_Source\PSoC4/cyfitter_cfg.c **** 	CY_SET_REG32((void *)(CYREG_GPIO_PRT3_PC), 0x00000DB1u);
 318              		.loc 1 324 0
 319 0146 1649     		ldr	r1, .L11+68
 320 0148 164A     		ldr	r2, .L11+72
 321 014a 1160     		str	r1, [r2]
 325:Generated_Source\PSoC4/cyfitter_cfg.c **** 	CY_SET_REG32((void *)(CYREG_GPIO_PRT3_PC2), 0x00000002u);
 322              		.loc 1 325 0
 323 014c 164A     		ldr	r2, .L11+76
 324 014e 1360     		str	r3, [r2]
 326:Generated_Source\PSoC4/cyfitter_cfg.c **** 
 327:Generated_Source\PSoC4/cyfitter_cfg.c **** 
 328:Generated_Source\PSoC4/cyfitter_cfg.c **** 	/* Setup clocks based on selections from Clock DWR */
 329:Generated_Source\PSoC4/cyfitter_cfg.c **** 	ClockSetup();
 325              		.loc 1 329 0
 326 0150 FFF756FF 		bl	ClockSetup
 327              	.LVL15:
ARM GAS  C:\Users\lucbu\AppData\Local\Temp\cc5JIPr8.s 			page 13


 330:Generated_Source\PSoC4/cyfitter_cfg.c **** 
 331:Generated_Source\PSoC4/cyfitter_cfg.c **** 	/* Perform basic analog initialization to defaults */
 332:Generated_Source\PSoC4/cyfitter_cfg.c **** 	AnalogSetDefault();
 328              		.loc 1 332 0
 329 0154 FFF7FEFF 		bl	AnalogSetDefault
 330              	.LVL16:
 333:Generated_Source\PSoC4/cyfitter_cfg.c **** 
 334:Generated_Source\PSoC4/cyfitter_cfg.c **** }
 331              		.loc 1 334 0
 332              		@ sp needed
 333              	.LVL17:
 334 0158 10BD     		pop	{r4, pc}
 335              	.L12:
 336 015a C046     		.align	2
 337              	.L11:
 338 015c 00000000 		.word	.LANCHOR0
 339 0160 AA000008 		.word	134217898
 340 0164 00000240 		.word	1073872896
 341 0168 99EE0000 		.word	61081
 342 016c 00030240 		.word	1073873664
 343 0170 10500F40 		.word	1074745360
 344 0174 20500F40 		.word	1074745376
 345 0178 40500F40 		.word	1074745408
 346 017c 70500F40 		.word	1074745456
 347 0180 00700F40 		.word	1074753536
 348 0184 00000440 		.word	1074003968
 349 0188 31000400 		.word	262193
 350 018c 08000440 		.word	1074003976
 351 0190 B66D0300 		.word	224694
 352 0194 08010440 		.word	1074004232
 353 0198 08020440 		.word	1074004488
 354 019c 00030440 		.word	1074004736
 355 01a0 B10D0000 		.word	3505
 356 01a4 08030440 		.word	1074004744
 357 01a8 18030440 		.word	1074004760
 358              		.cfi_endproc
 359              	.LFE6:
 360              		.size	cyfitter_cfg, .-cyfitter_cfg
 361              		.section	.rodata
 362              		.align	2
 363              		.set	.LANCHOR0,. + 0
 364              		.type	cfg_memset_list.4948, %object
 365              		.size	cfg_memset_list.4948, 12
 366              	cfg_memset_list.4948:
 367 0000 00300F40 		.word	1074737152
 368 0004 0008     		.short	2048
 369 0006 00400F40 		.4byte	1074741248
 370 000a 0008     		.short	2048
 371              		.text
 372              	.Letext0:
 373              		.file 2 "c:\\program files (x86)\\cypress\\psoc creator\\4.4\\psoc creator\\import\\gnu\\arm\\5.4.
 374              		.file 3 "Generated_Source\\PSoC4\\cytypes.h"
 375              		.file 4 "Generated_Source\\PSoC4\\CyLFClk.h"
 376              		.file 5 "Generated_Source\\PSoC4\\CyLib.h"
 377              		.section	.debug_info,"",%progbits
 378              	.Ldebug_info0:
 379 0000 0B030000 		.4byte	0x30b
ARM GAS  C:\Users\lucbu\AppData\Local\Temp\cc5JIPr8.s 			page 14


 380 0004 0400     		.2byte	0x4
 381 0006 00000000 		.4byte	.Ldebug_abbrev0
 382 000a 04       		.byte	0x4
 383 000b 01       		.uleb128 0x1
 384 000c 68010000 		.4byte	.LASF33
 385 0010 0C       		.byte	0xc
 386 0011 7A020000 		.4byte	.LASF34
 387 0015 91000000 		.4byte	.LASF35
 388 0019 00000000 		.4byte	.Ldebug_ranges0+0
 389 001d 00000000 		.4byte	0
 390 0021 00000000 		.4byte	.Ldebug_line0
 391 0025 02       		.uleb128 0x2
 392 0026 04       		.byte	0x4
 393 0027 05       		.byte	0x5
 394 0028 696E7400 		.ascii	"int\000"
 395 002c 03       		.uleb128 0x3
 396 002d 14000000 		.4byte	.LASF12
 397 0031 02       		.byte	0x2
 398 0032 D8       		.byte	0xd8
 399 0033 37000000 		.4byte	0x37
 400 0037 04       		.uleb128 0x4
 401 0038 04       		.byte	0x4
 402 0039 07       		.byte	0x7
 403 003a 2F010000 		.4byte	.LASF0
 404 003e 04       		.uleb128 0x4
 405 003f 08       		.byte	0x8
 406 0040 05       		.byte	0x5
 407 0041 0C020000 		.4byte	.LASF1
 408 0045 04       		.uleb128 0x4
 409 0046 08       		.byte	0x8
 410 0047 04       		.byte	0x4
 411 0048 62020000 		.4byte	.LASF2
 412 004c 04       		.uleb128 0x4
 413 004d 01       		.byte	0x1
 414 004e 06       		.byte	0x6
 415 004f 6E020000 		.4byte	.LASF3
 416 0053 04       		.uleb128 0x4
 417 0054 01       		.byte	0x1
 418 0055 08       		.byte	0x8
 419 0056 F9000000 		.4byte	.LASF4
 420 005a 04       		.uleb128 0x4
 421 005b 02       		.byte	0x2
 422 005c 05       		.byte	0x5
 423 005d 3A020000 		.4byte	.LASF5
 424 0061 04       		.uleb128 0x4
 425 0062 02       		.byte	0x2
 426 0063 07       		.byte	0x7
 427 0064 56000000 		.4byte	.LASF6
 428 0068 04       		.uleb128 0x4
 429 0069 04       		.byte	0x4
 430 006a 05       		.byte	0x5
 431 006b 59020000 		.4byte	.LASF7
 432 006f 04       		.uleb128 0x4
 433 0070 04       		.byte	0x4
 434 0071 07       		.byte	0x7
 435 0072 79000000 		.4byte	.LASF8
 436 0076 04       		.uleb128 0x4
ARM GAS  C:\Users\lucbu\AppData\Local\Temp\cc5JIPr8.s 			page 15


 437 0077 08       		.byte	0x8
 438 0078 07       		.byte	0x7
 439 0079 51010000 		.4byte	.LASF9
 440 007d 04       		.uleb128 0x4
 441 007e 04       		.byte	0x4
 442 007f 07       		.byte	0x7
 443 0080 03020000 		.4byte	.LASF10
 444 0084 05       		.uleb128 0x5
 445 0085 04       		.byte	0x4
 446 0086 04       		.uleb128 0x4
 447 0087 01       		.byte	0x1
 448 0088 08       		.byte	0x8
 449 0089 24020000 		.4byte	.LASF11
 450 008d 06       		.uleb128 0x6
 451 008e 8B000000 		.4byte	.LASF13
 452 0092 03       		.byte	0x3
 453 0093 FB01     		.2byte	0x1fb
 454 0095 53000000 		.4byte	0x53
 455 0099 06       		.uleb128 0x6
 456 009a 21010000 		.4byte	.LASF14
 457 009e 03       		.byte	0x3
 458 009f FC01     		.2byte	0x1fc
 459 00a1 61000000 		.4byte	0x61
 460 00a5 06       		.uleb128 0x6
 461 00a6 28010000 		.4byte	.LASF15
 462 00aa 03       		.byte	0x3
 463 00ab FD01     		.2byte	0x1fd
 464 00ad 6F000000 		.4byte	0x6f
 465 00b1 04       		.uleb128 0x4
 466 00b2 04       		.byte	0x4
 467 00b3 04       		.byte	0x4
 468 00b4 69000000 		.4byte	.LASF16
 469 00b8 04       		.uleb128 0x4
 470 00b9 08       		.byte	0x8
 471 00ba 04       		.byte	0x4
 472 00bb 0E010000 		.4byte	.LASF17
 473 00bf 06       		.uleb128 0x6
 474 00c0 74000000 		.4byte	.LASF18
 475 00c4 03       		.byte	0x3
 476 00c5 A502     		.2byte	0x2a5
 477 00c7 CB000000 		.4byte	0xcb
 478 00cb 07       		.uleb128 0x7
 479 00cc 8D000000 		.4byte	0x8d
 480 00d0 06       		.uleb128 0x6
 481 00d1 0E000000 		.4byte	.LASF19
 482 00d5 03       		.byte	0x3
 483 00d6 A702     		.2byte	0x2a7
 484 00d8 DC000000 		.4byte	0xdc
 485 00dc 07       		.uleb128 0x7
 486 00dd A5000000 		.4byte	0xa5
 487 00e1 08       		.uleb128 0x8
 488 00e2 1B000000 		.4byte	.LASF36
 489 00e6 01       		.byte	0x1
 490 00e7 ED       		.byte	0xed
 491 00e8 00000000 		.4byte	.LFB5
 492 00ec 20000000 		.4byte	.LFE5-.LFB5
 493 00f0 01       		.uleb128 0x1
ARM GAS  C:\Users\lucbu\AppData\Local\Temp\cc5JIPr8.s 			page 16


 494 00f1 9C       		.byte	0x9c
 495 00f2 09       		.uleb128 0x9
 496 00f3 EF000000 		.4byte	.LASF20
 497 00f7 01       		.byte	0x1
 498 00f8 4C       		.byte	0x4c
 499 00f9 00000000 		.4byte	.LFB1
 500 00fd 0C000000 		.4byte	.LFE1-.LFB1
 501 0101 01       		.uleb128 0x1
 502 0102 9C       		.byte	0x9c
 503 0103 3F010000 		.4byte	0x13f
 504 0107 0A       		.uleb128 0xa
 505 0108 7300     		.ascii	"s\000"
 506 010a 01       		.byte	0x1
 507 010b 4C       		.byte	0x4c
 508 010c 84000000 		.4byte	0x84
 509 0110 00000000 		.4byte	.LLST0
 510 0114 0A       		.uleb128 0xa
 511 0115 6E00     		.ascii	"n\000"
 512 0117 01       		.byte	0x1
 513 0118 4C       		.byte	0x4c
 514 0119 2C000000 		.4byte	0x2c
 515 011d 21000000 		.4byte	.LLST1
 516 0121 0B       		.uleb128 0xb
 517 0122 0A000000 		.4byte	.LVL2
 518 0126 B8020000 		.4byte	0x2b8
 519 012a 0C       		.uleb128 0xc
 520 012b 01       		.uleb128 0x1
 521 012c 50       		.byte	0x50
 522 012d 03       		.uleb128 0x3
 523 012e F3       		.byte	0xf3
 524 012f 01       		.uleb128 0x1
 525 0130 50       		.byte	0x50
 526 0131 0C       		.uleb128 0xc
 527 0132 01       		.uleb128 0x1
 528 0133 51       		.byte	0x51
 529 0134 01       		.uleb128 0x1
 530 0135 30       		.byte	0x30
 531 0136 0C       		.uleb128 0xc
 532 0137 01       		.uleb128 0x1
 533 0138 52       		.byte	0x52
 534 0139 03       		.uleb128 0x3
 535 013a F3       		.byte	0xf3
 536 013b 01       		.uleb128 0x1
 537 013c 51       		.byte	0x51
 538 013d 00       		.byte	0
 539 013e 00       		.byte	0
 540 013f 09       		.uleb128 0x9
 541 0140 4B000000 		.4byte	.LASF21
 542 0144 01       		.byte	0x1
 543 0145 AA       		.byte	0xaa
 544 0146 00000000 		.4byte	.LFB4
 545 014a D0000000 		.4byte	.LFE4-.LFB4
 546 014e 01       		.uleb128 0x1
 547 014f 9C       		.byte	0x9c
 548 0150 D5010000 		.4byte	0x1d5
 549 0154 0D       		.uleb128 0xd
 550 0155 0C000000 		.4byte	.LVL3
ARM GAS  C:\Users\lucbu\AppData\Local\Temp\cc5JIPr8.s 			page 17


 551 0159 C1020000 		.4byte	0x2c1
 552 015d 0E       		.uleb128 0xe
 553 015e 12000000 		.4byte	.LVL4
 554 0162 CC020000 		.4byte	0x2cc
 555 0166 74010000 		.4byte	0x174
 556 016a 0C       		.uleb128 0xc
 557 016b 01       		.uleb128 0x1
 558 016c 50       		.byte	0x50
 559 016d 05       		.uleb128 0x5
 560 016e 0C       		.byte	0xc
 561 016f 001BB700 		.4byte	0xb71b00
 562 0173 00       		.byte	0
 563 0174 0E       		.uleb128 0xe
 564 0175 18000000 		.4byte	.LVL5
 565 0179 D7020000 		.4byte	0x2d7
 566 017d 88010000 		.4byte	0x188
 567 0181 0C       		.uleb128 0xc
 568 0182 01       		.uleb128 0x1
 569 0183 50       		.byte	0x50
 570 0184 02       		.uleb128 0x2
 571 0185 08       		.byte	0x8
 572 0186 30       		.byte	0x30
 573 0187 00       		.byte	0
 574 0188 0E       		.uleb128 0xe
 575 0189 40000000 		.4byte	.LVL6
 576 018d E2020000 		.4byte	0x2e2
 577 0191 9D010000 		.4byte	0x19d
 578 0195 0C       		.uleb128 0xc
 579 0196 01       		.uleb128 0x1
 580 0197 50       		.byte	0x50
 581 0198 03       		.uleb128 0x3
 582 0199 0A       		.byte	0xa
 583 019a D007     		.2byte	0x7d0
 584 019c 00       		.byte	0
 585 019d 0E       		.uleb128 0xe
 586 019e 46000000 		.4byte	.LVL7
 587 01a2 ED020000 		.4byte	0x2ed
 588 01a6 B2010000 		.4byte	0x1b2
 589 01aa 0C       		.uleb128 0xc
 590 01ab 01       		.uleb128 0x1
 591 01ac 50       		.byte	0x50
 592 01ad 03       		.uleb128 0x3
 593 01ae 0A       		.byte	0xa
 594 01af DC05     		.2byte	0x5dc
 595 01b1 00       		.byte	0
 596 01b2 0E       		.uleb128 0xe
 597 01b3 7A000000 		.4byte	.LVL8
 598 01b7 F8020000 		.4byte	0x2f8
 599 01bb C5010000 		.4byte	0x1c5
 600 01bf 0C       		.uleb128 0xc
 601 01c0 01       		.uleb128 0x1
 602 01c1 50       		.byte	0x50
 603 01c2 01       		.uleb128 0x1
 604 01c3 38       		.byte	0x38
 605 01c4 00       		.byte	0
 606 01c5 0B       		.uleb128 0xb
 607 01c6 80000000 		.4byte	.LVL9
ARM GAS  C:\Users\lucbu\AppData\Local\Temp\cc5JIPr8.s 			page 18


 608 01ca 03030000 		.4byte	0x303
 609 01ce 0C       		.uleb128 0xc
 610 01cf 01       		.uleb128 0x1
 611 01d0 50       		.byte	0x50
 612 01d1 01       		.uleb128 0x1
 613 01d2 38       		.byte	0x38
 614 01d3 00       		.byte	0
 615 01d4 00       		.byte	0
 616 01d5 0F       		.uleb128 0xf
 617 01d6 3C010000 		.4byte	.LASF37
 618 01da 01       		.byte	0x1
 619 01db 0801     		.2byte	0x108
 620 01dd D0000000 		.4byte	.LFB6
 621 01e1 DC000000 		.4byte	.LFE6-.LFB6
 622 01e5 01       		.uleb128 0x1
 623 01e6 9C       		.byte	0x9c
 624 01e7 B8020000 		.4byte	0x2b8
 625 01eb 10       		.uleb128 0x10
 626 01ec D4000000 		.4byte	.LBB2
 627 01f0 54000000 		.4byte	.LBE2-.LBB2
 628 01f4 A5020000 		.4byte	0x2a5
 629 01f8 11       		.uleb128 0x11
 630 01f9 06       		.byte	0x6
 631 01fa 01       		.byte	0x1
 632 01fb 0F01     		.2byte	0x10f
 633 01fd 1C020000 		.4byte	0x21c
 634 0201 12       		.uleb128 0x12
 635 0202 49010000 		.4byte	.LASF22
 636 0206 01       		.byte	0x1
 637 0207 1001     		.2byte	0x110
 638 0209 84000000 		.4byte	0x84
 639 020d 00       		.byte	0
 640 020e 12       		.uleb128 0x12
 641 020f 6F000000 		.4byte	.LASF23
 642 0213 01       		.byte	0x1
 643 0214 1101     		.2byte	0x111
 644 0216 99000000 		.4byte	0x99
 645 021a 04       		.byte	0x4
 646 021b 00       		.byte	0
 647 021c 06       		.uleb128 0x6
 648 021d F6010000 		.4byte	.LASF24
 649 0221 01       		.byte	0x1
 650 0222 1201     		.2byte	0x112
 651 0224 F8010000 		.4byte	0x1f8
 652 0228 13       		.uleb128 0x13
 653 0229 38020000 		.4byte	0x238
 654 022d 38020000 		.4byte	0x238
 655 0231 14       		.uleb128 0x14
 656 0232 7D000000 		.4byte	0x7d
 657 0236 01       		.byte	0x1
 658 0237 00       		.byte	0
 659 0238 15       		.uleb128 0x15
 660 0239 1C020000 		.4byte	0x21c
 661 023d 16       		.uleb128 0x16
 662 023e 3B000000 		.4byte	.LASF25
 663 0242 01       		.byte	0x1
 664 0243 1401     		.2byte	0x114
ARM GAS  C:\Users\lucbu\AppData\Local\Temp\cc5JIPr8.s 			page 19


 665 0245 4F020000 		.4byte	0x24f
 666 0249 05       		.uleb128 0x5
 667 024a 03       		.byte	0x3
 668 024b 00000000 		.4byte	cfg_memset_list.4948
 669 024f 15       		.uleb128 0x15
 670 0250 28020000 		.4byte	0x228
 671 0254 17       		.uleb128 0x17
 672 0255 6900     		.ascii	"i\000"
 673 0257 01       		.byte	0x1
 674 0258 1A01     		.2byte	0x11a
 675 025a 8D000000 		.4byte	0x8d
 676 025e 4D000000 		.4byte	.LLST2
 677 0262 18       		.uleb128 0x18
 678 0263 D8000000 		.4byte	.LBB3
 679 0267 1C000000 		.4byte	.LBE3-.LBB3
 680 026b 17       		.uleb128 0x17
 681 026c 6D7300   		.ascii	"ms\000"
 682 026f 01       		.byte	0x1
 683 0270 1F01     		.2byte	0x11f
 684 0272 7A020000 		.4byte	0x27a
 685 0276 77000000 		.4byte	.LLST3
 686 027a 19       		.uleb128 0x19
 687 027b 04       		.byte	0x4
 688 027c 38020000 		.4byte	0x238
 689 0280 0B       		.uleb128 0xb
 690 0281 F4000000 		.4byte	.LVL12
 691 0285 F2000000 		.4byte	0xf2
 692 0289 0C       		.uleb128 0xc
 693 028a 01       		.uleb128 0x1
 694 028b 51       		.byte	0x51
 695 028c 15       		.uleb128 0x15
 696 028d 74       		.byte	0x74
 697 028e 00       		.sleb128 0
 698 028f 31       		.byte	0x31
 699 0290 24       		.byte	0x24
 700 0291 74       		.byte	0x74
 701 0292 00       		.sleb128 0
 702 0293 22       		.byte	0x22
 703 0294 31       		.byte	0x31
 704 0295 24       		.byte	0x24
 705 0296 03       		.byte	0x3
 706 0297 04000000 		.4byte	.LANCHOR0+4
 707 029b 22       		.byte	0x22
 708 029c 94       		.byte	0x94
 709 029d 02       		.byte	0x2
 710 029e 0A       		.byte	0xa
 711 029f FFFF     		.2byte	0xffff
 712 02a1 1A       		.byte	0x1a
 713 02a2 00       		.byte	0
 714 02a3 00       		.byte	0
 715 02a4 00       		.byte	0
 716 02a5 0D       		.uleb128 0xd
 717 02a6 54010000 		.4byte	.LVL15
 718 02aa 3F010000 		.4byte	0x13f
 719 02ae 0D       		.uleb128 0xd
 720 02af 58010000 		.4byte	.LVL16
 721 02b3 E1000000 		.4byte	0xe1
ARM GAS  C:\Users\lucbu\AppData\Local\Temp\cc5JIPr8.s 			page 20


 722 02b7 00       		.byte	0
 723 02b8 1A       		.uleb128 0x1a
 724 02b9 07010000 		.4byte	.LASF38
 725 02bd 07010000 		.4byte	.LASF38
 726 02c1 1B       		.uleb128 0x1b
 727 02c2 DE000000 		.4byte	.LASF26
 728 02c6 DE000000 		.4byte	.LASF26
 729 02ca 04       		.byte	0x4
 730 02cb 4E       		.byte	0x4e
 731 02cc 1B       		.uleb128 0x1b
 732 02cd 00000000 		.4byte	.LASF27
 733 02d1 00000000 		.4byte	.LASF27
 734 02d5 05       		.byte	0x5
 735 02d6 EF       		.byte	0xef
 736 02d7 1B       		.uleb128 0x1b
 737 02d8 44020000 		.4byte	.LASF28
 738 02dc 44020000 		.4byte	.LASF28
 739 02e0 05       		.byte	0x5
 740 02e1 6C       		.byte	0x6c
 741 02e2 1B       		.uleb128 0x1b
 742 02e3 29020000 		.4byte	.LASF29
 743 02e7 29020000 		.4byte	.LASF29
 744 02eb 05       		.byte	0x5
 745 02ec 84       		.byte	0x84
 746 02ed 1B       		.uleb128 0x1b
 747 02ee 1A020000 		.4byte	.LASF30
 748 02f2 1A020000 		.4byte	.LASF30
 749 02f6 05       		.byte	0x5
 750 02f7 ED       		.byte	0xed
 751 02f8 1B       		.uleb128 0x1b
 752 02f9 2C000000 		.4byte	.LASF31
 753 02fd 2C000000 		.4byte	.LASF31
 754 0301 05       		.byte	0x5
 755 0302 D0       		.byte	0xd0
 756 0303 1B       		.uleb128 0x1b
 757 0304 15010000 		.4byte	.LASF32
 758 0308 15010000 		.4byte	.LASF32
 759 030c 05       		.byte	0x5
 760 030d D6       		.byte	0xd6
 761 030e 00       		.byte	0
 762              		.section	.debug_abbrev,"",%progbits
 763              	.Ldebug_abbrev0:
 764 0000 01       		.uleb128 0x1
 765 0001 11       		.uleb128 0x11
 766 0002 01       		.byte	0x1
 767 0003 25       		.uleb128 0x25
 768 0004 0E       		.uleb128 0xe
 769 0005 13       		.uleb128 0x13
 770 0006 0B       		.uleb128 0xb
 771 0007 03       		.uleb128 0x3
 772 0008 0E       		.uleb128 0xe
 773 0009 1B       		.uleb128 0x1b
 774 000a 0E       		.uleb128 0xe
 775 000b 55       		.uleb128 0x55
 776 000c 17       		.uleb128 0x17
 777 000d 11       		.uleb128 0x11
 778 000e 01       		.uleb128 0x1
ARM GAS  C:\Users\lucbu\AppData\Local\Temp\cc5JIPr8.s 			page 21


 779 000f 10       		.uleb128 0x10
 780 0010 17       		.uleb128 0x17
 781 0011 00       		.byte	0
 782 0012 00       		.byte	0
 783 0013 02       		.uleb128 0x2
 784 0014 24       		.uleb128 0x24
 785 0015 00       		.byte	0
 786 0016 0B       		.uleb128 0xb
 787 0017 0B       		.uleb128 0xb
 788 0018 3E       		.uleb128 0x3e
 789 0019 0B       		.uleb128 0xb
 790 001a 03       		.uleb128 0x3
 791 001b 08       		.uleb128 0x8
 792 001c 00       		.byte	0
 793 001d 00       		.byte	0
 794 001e 03       		.uleb128 0x3
 795 001f 16       		.uleb128 0x16
 796 0020 00       		.byte	0
 797 0021 03       		.uleb128 0x3
 798 0022 0E       		.uleb128 0xe
 799 0023 3A       		.uleb128 0x3a
 800 0024 0B       		.uleb128 0xb
 801 0025 3B       		.uleb128 0x3b
 802 0026 0B       		.uleb128 0xb
 803 0027 49       		.uleb128 0x49
 804 0028 13       		.uleb128 0x13
 805 0029 00       		.byte	0
 806 002a 00       		.byte	0
 807 002b 04       		.uleb128 0x4
 808 002c 24       		.uleb128 0x24
 809 002d 00       		.byte	0
 810 002e 0B       		.uleb128 0xb
 811 002f 0B       		.uleb128 0xb
 812 0030 3E       		.uleb128 0x3e
 813 0031 0B       		.uleb128 0xb
 814 0032 03       		.uleb128 0x3
 815 0033 0E       		.uleb128 0xe
 816 0034 00       		.byte	0
 817 0035 00       		.byte	0
 818 0036 05       		.uleb128 0x5
 819 0037 0F       		.uleb128 0xf
 820 0038 00       		.byte	0
 821 0039 0B       		.uleb128 0xb
 822 003a 0B       		.uleb128 0xb
 823 003b 00       		.byte	0
 824 003c 00       		.byte	0
 825 003d 06       		.uleb128 0x6
 826 003e 16       		.uleb128 0x16
 827 003f 00       		.byte	0
 828 0040 03       		.uleb128 0x3
 829 0041 0E       		.uleb128 0xe
 830 0042 3A       		.uleb128 0x3a
 831 0043 0B       		.uleb128 0xb
 832 0044 3B       		.uleb128 0x3b
 833 0045 05       		.uleb128 0x5
 834 0046 49       		.uleb128 0x49
 835 0047 13       		.uleb128 0x13
ARM GAS  C:\Users\lucbu\AppData\Local\Temp\cc5JIPr8.s 			page 22


 836 0048 00       		.byte	0
 837 0049 00       		.byte	0
 838 004a 07       		.uleb128 0x7
 839 004b 35       		.uleb128 0x35
 840 004c 00       		.byte	0
 841 004d 49       		.uleb128 0x49
 842 004e 13       		.uleb128 0x13
 843 004f 00       		.byte	0
 844 0050 00       		.byte	0
 845 0051 08       		.uleb128 0x8
 846 0052 2E       		.uleb128 0x2e
 847 0053 00       		.byte	0
 848 0054 03       		.uleb128 0x3
 849 0055 0E       		.uleb128 0xe
 850 0056 3A       		.uleb128 0x3a
 851 0057 0B       		.uleb128 0xb
 852 0058 3B       		.uleb128 0x3b
 853 0059 0B       		.uleb128 0xb
 854 005a 27       		.uleb128 0x27
 855 005b 19       		.uleb128 0x19
 856 005c 11       		.uleb128 0x11
 857 005d 01       		.uleb128 0x1
 858 005e 12       		.uleb128 0x12
 859 005f 06       		.uleb128 0x6
 860 0060 40       		.uleb128 0x40
 861 0061 18       		.uleb128 0x18
 862 0062 9742     		.uleb128 0x2117
 863 0064 19       		.uleb128 0x19
 864 0065 00       		.byte	0
 865 0066 00       		.byte	0
 866 0067 09       		.uleb128 0x9
 867 0068 2E       		.uleb128 0x2e
 868 0069 01       		.byte	0x1
 869 006a 03       		.uleb128 0x3
 870 006b 0E       		.uleb128 0xe
 871 006c 3A       		.uleb128 0x3a
 872 006d 0B       		.uleb128 0xb
 873 006e 3B       		.uleb128 0x3b
 874 006f 0B       		.uleb128 0xb
 875 0070 27       		.uleb128 0x27
 876 0071 19       		.uleb128 0x19
 877 0072 11       		.uleb128 0x11
 878 0073 01       		.uleb128 0x1
 879 0074 12       		.uleb128 0x12
 880 0075 06       		.uleb128 0x6
 881 0076 40       		.uleb128 0x40
 882 0077 18       		.uleb128 0x18
 883 0078 9742     		.uleb128 0x2117
 884 007a 19       		.uleb128 0x19
 885 007b 01       		.uleb128 0x1
 886 007c 13       		.uleb128 0x13
 887 007d 00       		.byte	0
 888 007e 00       		.byte	0
 889 007f 0A       		.uleb128 0xa
 890 0080 05       		.uleb128 0x5
 891 0081 00       		.byte	0
 892 0082 03       		.uleb128 0x3
ARM GAS  C:\Users\lucbu\AppData\Local\Temp\cc5JIPr8.s 			page 23


 893 0083 08       		.uleb128 0x8
 894 0084 3A       		.uleb128 0x3a
 895 0085 0B       		.uleb128 0xb
 896 0086 3B       		.uleb128 0x3b
 897 0087 0B       		.uleb128 0xb
 898 0088 49       		.uleb128 0x49
 899 0089 13       		.uleb128 0x13
 900 008a 02       		.uleb128 0x2
 901 008b 17       		.uleb128 0x17
 902 008c 00       		.byte	0
 903 008d 00       		.byte	0
 904 008e 0B       		.uleb128 0xb
 905 008f 898201   		.uleb128 0x4109
 906 0092 01       		.byte	0x1
 907 0093 11       		.uleb128 0x11
 908 0094 01       		.uleb128 0x1
 909 0095 31       		.uleb128 0x31
 910 0096 13       		.uleb128 0x13
 911 0097 00       		.byte	0
 912 0098 00       		.byte	0
 913 0099 0C       		.uleb128 0xc
 914 009a 8A8201   		.uleb128 0x410a
 915 009d 00       		.byte	0
 916 009e 02       		.uleb128 0x2
 917 009f 18       		.uleb128 0x18
 918 00a0 9142     		.uleb128 0x2111
 919 00a2 18       		.uleb128 0x18
 920 00a3 00       		.byte	0
 921 00a4 00       		.byte	0
 922 00a5 0D       		.uleb128 0xd
 923 00a6 898201   		.uleb128 0x4109
 924 00a9 00       		.byte	0
 925 00aa 11       		.uleb128 0x11
 926 00ab 01       		.uleb128 0x1
 927 00ac 31       		.uleb128 0x31
 928 00ad 13       		.uleb128 0x13
 929 00ae 00       		.byte	0
 930 00af 00       		.byte	0
 931 00b0 0E       		.uleb128 0xe
 932 00b1 898201   		.uleb128 0x4109
 933 00b4 01       		.byte	0x1
 934 00b5 11       		.uleb128 0x11
 935 00b6 01       		.uleb128 0x1
 936 00b7 31       		.uleb128 0x31
 937 00b8 13       		.uleb128 0x13
 938 00b9 01       		.uleb128 0x1
 939 00ba 13       		.uleb128 0x13
 940 00bb 00       		.byte	0
 941 00bc 00       		.byte	0
 942 00bd 0F       		.uleb128 0xf
 943 00be 2E       		.uleb128 0x2e
 944 00bf 01       		.byte	0x1
 945 00c0 3F       		.uleb128 0x3f
 946 00c1 19       		.uleb128 0x19
 947 00c2 03       		.uleb128 0x3
 948 00c3 0E       		.uleb128 0xe
 949 00c4 3A       		.uleb128 0x3a
ARM GAS  C:\Users\lucbu\AppData\Local\Temp\cc5JIPr8.s 			page 24


 950 00c5 0B       		.uleb128 0xb
 951 00c6 3B       		.uleb128 0x3b
 952 00c7 05       		.uleb128 0x5
 953 00c8 27       		.uleb128 0x27
 954 00c9 19       		.uleb128 0x19
 955 00ca 11       		.uleb128 0x11
 956 00cb 01       		.uleb128 0x1
 957 00cc 12       		.uleb128 0x12
 958 00cd 06       		.uleb128 0x6
 959 00ce 40       		.uleb128 0x40
 960 00cf 18       		.uleb128 0x18
 961 00d0 9742     		.uleb128 0x2117
 962 00d2 19       		.uleb128 0x19
 963 00d3 01       		.uleb128 0x1
 964 00d4 13       		.uleb128 0x13
 965 00d5 00       		.byte	0
 966 00d6 00       		.byte	0
 967 00d7 10       		.uleb128 0x10
 968 00d8 0B       		.uleb128 0xb
 969 00d9 01       		.byte	0x1
 970 00da 11       		.uleb128 0x11
 971 00db 01       		.uleb128 0x1
 972 00dc 12       		.uleb128 0x12
 973 00dd 06       		.uleb128 0x6
 974 00de 01       		.uleb128 0x1
 975 00df 13       		.uleb128 0x13
 976 00e0 00       		.byte	0
 977 00e1 00       		.byte	0
 978 00e2 11       		.uleb128 0x11
 979 00e3 13       		.uleb128 0x13
 980 00e4 01       		.byte	0x1
 981 00e5 0B       		.uleb128 0xb
 982 00e6 0B       		.uleb128 0xb
 983 00e7 3A       		.uleb128 0x3a
 984 00e8 0B       		.uleb128 0xb
 985 00e9 3B       		.uleb128 0x3b
 986 00ea 05       		.uleb128 0x5
 987 00eb 01       		.uleb128 0x1
 988 00ec 13       		.uleb128 0x13
 989 00ed 00       		.byte	0
 990 00ee 00       		.byte	0
 991 00ef 12       		.uleb128 0x12
 992 00f0 0D       		.uleb128 0xd
 993 00f1 00       		.byte	0
 994 00f2 03       		.uleb128 0x3
 995 00f3 0E       		.uleb128 0xe
 996 00f4 3A       		.uleb128 0x3a
 997 00f5 0B       		.uleb128 0xb
 998 00f6 3B       		.uleb128 0x3b
 999 00f7 05       		.uleb128 0x5
 1000 00f8 49       		.uleb128 0x49
 1001 00f9 13       		.uleb128 0x13
 1002 00fa 38       		.uleb128 0x38
 1003 00fb 0B       		.uleb128 0xb
 1004 00fc 00       		.byte	0
 1005 00fd 00       		.byte	0
 1006 00fe 13       		.uleb128 0x13
ARM GAS  C:\Users\lucbu\AppData\Local\Temp\cc5JIPr8.s 			page 25


 1007 00ff 01       		.uleb128 0x1
 1008 0100 01       		.byte	0x1
 1009 0101 49       		.uleb128 0x49
 1010 0102 13       		.uleb128 0x13
 1011 0103 01       		.uleb128 0x1
 1012 0104 13       		.uleb128 0x13
 1013 0105 00       		.byte	0
 1014 0106 00       		.byte	0
 1015 0107 14       		.uleb128 0x14
 1016 0108 21       		.uleb128 0x21
 1017 0109 00       		.byte	0
 1018 010a 49       		.uleb128 0x49
 1019 010b 13       		.uleb128 0x13
 1020 010c 2F       		.uleb128 0x2f
 1021 010d 0B       		.uleb128 0xb
 1022 010e 00       		.byte	0
 1023 010f 00       		.byte	0
 1024 0110 15       		.uleb128 0x15
 1025 0111 26       		.uleb128 0x26
 1026 0112 00       		.byte	0
 1027 0113 49       		.uleb128 0x49
 1028 0114 13       		.uleb128 0x13
 1029 0115 00       		.byte	0
 1030 0116 00       		.byte	0
 1031 0117 16       		.uleb128 0x16
 1032 0118 34       		.uleb128 0x34
 1033 0119 00       		.byte	0
 1034 011a 03       		.uleb128 0x3
 1035 011b 0E       		.uleb128 0xe
 1036 011c 3A       		.uleb128 0x3a
 1037 011d 0B       		.uleb128 0xb
 1038 011e 3B       		.uleb128 0x3b
 1039 011f 05       		.uleb128 0x5
 1040 0120 49       		.uleb128 0x49
 1041 0121 13       		.uleb128 0x13
 1042 0122 02       		.uleb128 0x2
 1043 0123 18       		.uleb128 0x18
 1044 0124 00       		.byte	0
 1045 0125 00       		.byte	0
 1046 0126 17       		.uleb128 0x17
 1047 0127 34       		.uleb128 0x34
 1048 0128 00       		.byte	0
 1049 0129 03       		.uleb128 0x3
 1050 012a 08       		.uleb128 0x8
 1051 012b 3A       		.uleb128 0x3a
 1052 012c 0B       		.uleb128 0xb
 1053 012d 3B       		.uleb128 0x3b
 1054 012e 05       		.uleb128 0x5
 1055 012f 49       		.uleb128 0x49
 1056 0130 13       		.uleb128 0x13
 1057 0131 02       		.uleb128 0x2
 1058 0132 17       		.uleb128 0x17
 1059 0133 00       		.byte	0
 1060 0134 00       		.byte	0
 1061 0135 18       		.uleb128 0x18
 1062 0136 0B       		.uleb128 0xb
 1063 0137 01       		.byte	0x1
ARM GAS  C:\Users\lucbu\AppData\Local\Temp\cc5JIPr8.s 			page 26


 1064 0138 11       		.uleb128 0x11
 1065 0139 01       		.uleb128 0x1
 1066 013a 12       		.uleb128 0x12
 1067 013b 06       		.uleb128 0x6
 1068 013c 00       		.byte	0
 1069 013d 00       		.byte	0
 1070 013e 19       		.uleb128 0x19
 1071 013f 0F       		.uleb128 0xf
 1072 0140 00       		.byte	0
 1073 0141 0B       		.uleb128 0xb
 1074 0142 0B       		.uleb128 0xb
 1075 0143 49       		.uleb128 0x49
 1076 0144 13       		.uleb128 0x13
 1077 0145 00       		.byte	0
 1078 0146 00       		.byte	0
 1079 0147 1A       		.uleb128 0x1a
 1080 0148 2E       		.uleb128 0x2e
 1081 0149 00       		.byte	0
 1082 014a 3F       		.uleb128 0x3f
 1083 014b 19       		.uleb128 0x19
 1084 014c 3C       		.uleb128 0x3c
 1085 014d 19       		.uleb128 0x19
 1086 014e 6E       		.uleb128 0x6e
 1087 014f 0E       		.uleb128 0xe
 1088 0150 03       		.uleb128 0x3
 1089 0151 0E       		.uleb128 0xe
 1090 0152 00       		.byte	0
 1091 0153 00       		.byte	0
 1092 0154 1B       		.uleb128 0x1b
 1093 0155 2E       		.uleb128 0x2e
 1094 0156 00       		.byte	0
 1095 0157 3F       		.uleb128 0x3f
 1096 0158 19       		.uleb128 0x19
 1097 0159 3C       		.uleb128 0x3c
 1098 015a 19       		.uleb128 0x19
 1099 015b 6E       		.uleb128 0x6e
 1100 015c 0E       		.uleb128 0xe
 1101 015d 03       		.uleb128 0x3
 1102 015e 0E       		.uleb128 0xe
 1103 015f 3A       		.uleb128 0x3a
 1104 0160 0B       		.uleb128 0xb
 1105 0161 3B       		.uleb128 0x3b
 1106 0162 0B       		.uleb128 0xb
 1107 0163 00       		.byte	0
 1108 0164 00       		.byte	0
 1109 0165 00       		.byte	0
 1110              		.section	.debug_loc,"",%progbits
 1111              	.Ldebug_loc0:
 1112              	.LLST0:
 1113 0000 00000000 		.4byte	.LVL0
 1114 0004 09000000 		.4byte	.LVL2-1
 1115 0008 0100     		.2byte	0x1
 1116 000a 50       		.byte	0x50
 1117 000b 09000000 		.4byte	.LVL2-1
 1118 000f 0C000000 		.4byte	.LFE1
 1119 0013 0400     		.2byte	0x4
 1120 0015 F3       		.byte	0xf3
ARM GAS  C:\Users\lucbu\AppData\Local\Temp\cc5JIPr8.s 			page 27


 1121 0016 01       		.uleb128 0x1
 1122 0017 50       		.byte	0x50
 1123 0018 9F       		.byte	0x9f
 1124 0019 00000000 		.4byte	0
 1125 001d 00000000 		.4byte	0
 1126              	.LLST1:
 1127 0021 00000000 		.4byte	.LVL0
 1128 0025 06000000 		.4byte	.LVL1
 1129 0029 0100     		.2byte	0x1
 1130 002b 51       		.byte	0x51
 1131 002c 06000000 		.4byte	.LVL1
 1132 0030 09000000 		.4byte	.LVL2-1
 1133 0034 0100     		.2byte	0x1
 1134 0036 52       		.byte	0x52
 1135 0037 09000000 		.4byte	.LVL2-1
 1136 003b 0C000000 		.4byte	.LFE1
 1137 003f 0400     		.2byte	0x4
 1138 0041 F3       		.byte	0xf3
 1139 0042 01       		.uleb128 0x1
 1140 0043 51       		.byte	0x51
 1141 0044 9F       		.byte	0x9f
 1142 0045 00000000 		.4byte	0
 1143 0049 00000000 		.4byte	0
 1144              	.LLST2:
 1145 004d D4000000 		.4byte	.LVL10
 1146 0051 D8000000 		.4byte	.LVL11
 1147 0055 0200     		.2byte	0x2
 1148 0057 30       		.byte	0x30
 1149 0058 9F       		.byte	0x9f
 1150 0059 D8000000 		.4byte	.LVL11
 1151 005d F6000000 		.4byte	.LVL13
 1152 0061 0100     		.2byte	0x1
 1153 0063 54       		.byte	0x54
 1154 0064 F8000000 		.4byte	.LVL14
 1155 0068 58010000 		.4byte	.LVL17
 1156 006c 0100     		.2byte	0x1
 1157 006e 54       		.byte	0x54
 1158 006f 00000000 		.4byte	0
 1159 0073 00000000 		.4byte	0
 1160              	.LLST3:
 1161 0077 D8000000 		.4byte	.LVL11
 1162 007b F6000000 		.4byte	.LVL13
 1163 007f 0B00     		.2byte	0xb
 1164 0081 74       		.byte	0x74
 1165 0082 00       		.sleb128 0
 1166 0083 36       		.byte	0x36
 1167 0084 1E       		.byte	0x1e
 1168 0085 03       		.byte	0x3
 1169 0086 00000000 		.4byte	cfg_memset_list.4948
 1170 008a 22       		.byte	0x22
 1171 008b 9F       		.byte	0x9f
 1172 008c F6000000 		.4byte	.LVL13
 1173 0090 F8000000 		.4byte	.LVL14
 1174 0094 0B00     		.2byte	0xb
 1175 0096 74       		.byte	0x74
 1176 0097 7F       		.sleb128 -1
 1177 0098 36       		.byte	0x36
ARM GAS  C:\Users\lucbu\AppData\Local\Temp\cc5JIPr8.s 			page 28


 1178 0099 1E       		.byte	0x1e
 1179 009a 03       		.byte	0x3
 1180 009b 00000000 		.4byte	cfg_memset_list.4948
 1181 009f 22       		.byte	0x22
 1182 00a0 9F       		.byte	0x9f
 1183 00a1 00000000 		.4byte	0
 1184 00a5 00000000 		.4byte	0
 1185              		.section	.debug_aranges,"",%progbits
 1186 0000 34000000 		.4byte	0x34
 1187 0004 0200     		.2byte	0x2
 1188 0006 00000000 		.4byte	.Ldebug_info0
 1189 000a 04       		.byte	0x4
 1190 000b 00       		.byte	0
 1191 000c 0000     		.2byte	0
 1192 000e 0000     		.2byte	0
 1193 0010 00000000 		.4byte	.LFB5
 1194 0014 20000000 		.4byte	.LFE5-.LFB5
 1195 0018 00000000 		.4byte	.LFB1
 1196 001c 0C000000 		.4byte	.LFE1-.LFB1
 1197 0020 00000000 		.4byte	.LFB4
 1198 0024 D0000000 		.4byte	.LFE4-.LFB4
 1199 0028 D0000000 		.4byte	.LFB6
 1200 002c DC000000 		.4byte	.LFE6-.LFB6
 1201 0030 00000000 		.4byte	0
 1202 0034 00000000 		.4byte	0
 1203              		.section	.debug_ranges,"",%progbits
 1204              	.Ldebug_ranges0:
 1205 0000 00000000 		.4byte	.LFB5
 1206 0004 20000000 		.4byte	.LFE5
 1207 0008 00000000 		.4byte	.LFB1
 1208 000c 0C000000 		.4byte	.LFE1
 1209 0010 00000000 		.4byte	.LFB4
 1210 0014 D0000000 		.4byte	.LFE4
 1211 0018 D0000000 		.4byte	.LFB6
 1212 001c AC010000 		.4byte	.LFE6
 1213 0020 00000000 		.4byte	0
 1214 0024 00000000 		.4byte	0
 1215              		.section	.debug_line,"",%progbits
 1216              	.Ldebug_line0:
 1217 0000 60010000 		.section	.debug_str,"MS",%progbits,1
 1217      0200E300 
 1217      00000201 
 1217      FB0E0D00 
 1217      01010101 
 1218              	.LASF27:
 1219 0000 43794465 		.ascii	"CyDelayCycles\000"
 1219      6C617943 
 1219      79636C65 
 1219      7300
 1220              	.LASF19:
 1221 000e 72656733 		.ascii	"reg32\000"
 1221      3200
 1222              	.LASF12:
 1223 0014 73697A65 		.ascii	"size_t\000"
 1223      5F7400
 1224              	.LASF36:
 1225 001b 416E616C 		.ascii	"AnalogSetDefault\000"
ARM GAS  C:\Users\lucbu\AppData\Local\Temp\cc5JIPr8.s 			page 29


 1225      6F675365 
 1225      74446566 
 1225      61756C74 
 1225      00
 1226              	.LASF31:
 1227 002c 4379496E 		.ascii	"CyIntSetVector\000"
 1227      74536574 
 1227      56656374 
 1227      6F7200
 1228              	.LASF25:
 1229 003b 6366675F 		.ascii	"cfg_memset_list\000"
 1229      6D656D73 
 1229      65745F6C 
 1229      69737400 
 1230              	.LASF21:
 1231 004b 436C6F63 		.ascii	"ClockSetup\000"
 1231      6B536574 
 1231      757000
 1232              	.LASF6:
 1233 0056 73686F72 		.ascii	"short unsigned int\000"
 1233      7420756E 
 1233      7369676E 
 1233      65642069 
 1233      6E7400
 1234              	.LASF16:
 1235 0069 666C6F61 		.ascii	"float\000"
 1235      7400
 1236              	.LASF23:
 1237 006f 73697A65 		.ascii	"size\000"
 1237      00
 1238              	.LASF18:
 1239 0074 72656738 		.ascii	"reg8\000"
 1239      00
 1240              	.LASF8:
 1241 0079 6C6F6E67 		.ascii	"long unsigned int\000"
 1241      20756E73 
 1241      69676E65 
 1241      6420696E 
 1241      7400
 1242              	.LASF13:
 1243 008b 75696E74 		.ascii	"uint8\000"
 1243      3800
 1244              	.LASF35:
 1245 0091 433A5C55 		.ascii	"C:\\Users\\lucbu\\DocumentStorage\\GitHub\\BLDC_Mot"
 1245      73657273 
 1245      5C6C7563 
 1245      62755C44 
 1245      6F63756D 
 1246 00bf 6F725F42 		.ascii	"or_Board_PY2023\\TestCode.cydsn\000"
 1246      6F617264 
 1246      5F505932 
 1246      3032335C 
 1246      54657374 
 1247              	.LASF26:
 1248 00de 43795379 		.ascii	"CySysClkWcoStart\000"
 1248      73436C6B 
 1248      57636F53 
ARM GAS  C:\Users\lucbu\AppData\Local\Temp\cc5JIPr8.s 			page 30


 1248      74617274 
 1248      00
 1249              	.LASF20:
 1250 00ef 43594D45 		.ascii	"CYMEMZERO\000"
 1250      4D5A4552 
 1250      4F00
 1251              	.LASF4:
 1252 00f9 756E7369 		.ascii	"unsigned char\000"
 1252      676E6564 
 1252      20636861 
 1252      7200
 1253              	.LASF38:
 1254 0107 6D656D73 		.ascii	"memset\000"
 1254      657400
 1255              	.LASF17:
 1256 010e 646F7562 		.ascii	"double\000"
 1256      6C6500
 1257              	.LASF32:
 1258 0115 4379496E 		.ascii	"CyIntEnable\000"
 1258      74456E61 
 1258      626C6500 
 1259              	.LASF14:
 1260 0121 75696E74 		.ascii	"uint16\000"
 1260      313600
 1261              	.LASF15:
 1262 0128 75696E74 		.ascii	"uint32\000"
 1262      333200
 1263              	.LASF0:
 1264 012f 756E7369 		.ascii	"unsigned int\000"
 1264      676E6564 
 1264      20696E74 
 1264      00
 1265              	.LASF37:
 1266 013c 63796669 		.ascii	"cyfitter_cfg\000"
 1266      74746572 
 1266      5F636667 
 1266      00
 1267              	.LASF22:
 1268 0149 61646472 		.ascii	"address\000"
 1268      65737300 
 1269              	.LASF9:
 1270 0151 6C6F6E67 		.ascii	"long long unsigned int\000"
 1270      206C6F6E 
 1270      6720756E 
 1270      7369676E 
 1270      65642069 
 1271              	.LASF33:
 1272 0168 474E5520 		.ascii	"GNU C11 5.4.1 20160609 (release) [ARM/embedded-5-br"
 1272      43313120 
 1272      352E342E 
 1272      31203230 
 1272      31363036 
 1273 019b 616E6368 		.ascii	"anch revision 237715] -mcpu=cortex-m0 -mthumb -g -O"
 1273      20726576 
 1273      6973696F 
 1273      6E203233 
 1273      37373135 
ARM GAS  C:\Users\lucbu\AppData\Local\Temp\cc5JIPr8.s 			page 31


 1274 01ce 67202D66 		.ascii	"g -ffunction-sections -ffat-lto-objects\000"
 1274      66756E63 
 1274      74696F6E 
 1274      2D736563 
 1274      74696F6E 
 1275              	.LASF24:
 1276 01f6 6366675F 		.ascii	"cfg_memset_t\000"
 1276      6D656D73 
 1276      65745F74 
 1276      00
 1277              	.LASF10:
 1278 0203 73697A65 		.ascii	"sizetype\000"
 1278      74797065 
 1278      00
 1279              	.LASF1:
 1280 020c 6C6F6E67 		.ascii	"long long int\000"
 1280      206C6F6E 
 1280      6720696E 
 1280      7400
 1281              	.LASF30:
 1282 021a 43794465 		.ascii	"CyDelayUs\000"
 1282      6C617955 
 1282      7300
 1283              	.LASF11:
 1284 0224 63686172 		.ascii	"char\000"
 1284      00
 1285              	.LASF29:
 1286 0229 43795379 		.ascii	"CySysClkEcoStart\000"
 1286      73436C6B 
 1286      45636F53 
 1286      74617274 
 1286      00
 1287              	.LASF5:
 1288 023a 73686F72 		.ascii	"short int\000"
 1288      7420696E 
 1288      7400
 1289              	.LASF28:
 1290 0244 43795379 		.ascii	"CySysClkWriteImoFreq\000"
 1290      73436C6B 
 1290      57726974 
 1290      65496D6F 
 1290      46726571 
 1291              	.LASF7:
 1292 0259 6C6F6E67 		.ascii	"long int\000"
 1292      20696E74 
 1292      00
 1293              	.LASF2:
 1294 0262 6C6F6E67 		.ascii	"long double\000"
 1294      20646F75 
 1294      626C6500 
 1295              	.LASF3:
 1296 026e 7369676E 		.ascii	"signed char\000"
 1296      65642063 
 1296      68617200 
 1297              	.LASF34:
 1298 027a 47656E65 		.ascii	"Generated_Source\\PSoC4\\cyfitter_cfg.c\000"
 1298      72617465 
ARM GAS  C:\Users\lucbu\AppData\Local\Temp\cc5JIPr8.s 			page 32


 1298      645F536F 
 1298      75726365 
 1298      5C50536F 
 1299              		.ident	"GCC: (GNU Tools for ARM Embedded Processors) 5.4.1 20160609 (release) [ARM/embedded-5-bran
