Archive member included to satisfy reference by file (symbol)

.\CortexM0\ARM_GCC_541\Debug\BLDC_Motor_Board.a(CyLib.o)
                              .\CortexM0\ARM_GCC_541\Debug\cyfitter_cfg.o (CyIntEnable)
.\CortexM0\ARM_GCC_541\Debug\BLDC_Motor_Board.a(CyLFClk.o)
                              .\CortexM0\ARM_GCC_541\Debug\BLDC_Motor_Board.a(CyLib.o) (CySysClkWcoEnabled)
.\CortexM0\ARM_GCC_541\Debug\BLDC_Motor_Board.a(UH.o)
                              .\CortexM0\ARM_GCC_541\Debug\BLDC_Drive.o (UH_Write)
.\CortexM0\ARM_GCC_541\Debug\BLDC_Motor_Board.a(UL.o)
                              .\CortexM0\ARM_GCC_541\Debug\BLDC_Drive.o (UL_Write)
.\CortexM0\ARM_GCC_541\Debug\BLDC_Motor_Board.a(VH.o)
                              .\CortexM0\ARM_GCC_541\Debug\BLDC_Drive.o (VH_Write)
.\CortexM0\ARM_GCC_541\Debug\BLDC_Motor_Board.a(VL.o)
                              .\CortexM0\ARM_GCC_541\Debug\BLDC_Drive.o (VL_Write)
.\CortexM0\ARM_GCC_541\Debug\BLDC_Motor_Board.a(WH.o)
                              .\CortexM0\ARM_GCC_541\Debug\BLDC_Drive.o (WH_Write)
.\CortexM0\ARM_GCC_541\Debug\BLDC_Motor_Board.a(WL.o)
                              .\CortexM0\ARM_GCC_541\Debug\BLDC_Drive.o (WL_Write)
.\CortexM0\ARM_GCC_541\Debug\BLDC_Motor_Board.a(CAN.o)
                              .\CortexM0\ARM_GCC_541\Debug\PortPSOC_CY8C4248AZI_L485.o (CAN_GlobalIntEnable)
.\CortexM0\ARM_GCC_541\Debug\BLDC_Motor_Board.a(CAN_INT.o)
                              .\CortexM0\ARM_GCC_541\Debug\BLDC_Motor_Board.a(CAN.o) (CAN_ISR)
.\CortexM0\ARM_GCC_541\Debug\BLDC_Motor_Board.a(CAN_TX_RX_func.o)
                              .\CortexM0\ARM_GCC_541\Debug\PortPSOC_CY8C4248AZI_L485.o (CAN_SendMsg)
.\CortexM0\ARM_GCC_541\Debug\BLDC_Motor_Board.a(UART.o)
                              .\CortexM0\ARM_GCC_541\Debug\main.o (UART_Start)
.\CortexM0\ARM_GCC_541\Debug\BLDC_Motor_Board.a(UART_UART.o)
                              .\CortexM0\ARM_GCC_541\Debug\BLDC_Motor_Board.a(UART.o) (UART_UartInit)
.\CortexM0\ARM_GCC_541\Debug\BLDC_Motor_Board.a(ERROR_LED.o)
                              .\CortexM0\ARM_GCC_541\Debug\main.o (ERROR_LED_Write)
.\CortexM0\ARM_GCC_541\Debug\BLDC_Motor_Board.a(Current_Sensor_I2C.o)
                              .\CortexM0\ARM_GCC_541\Debug\main.o (Current_Sensor_I2C_Start)
.\CortexM0\ARM_GCC_541\Debug\BLDC_Motor_Board.a(Current_Sensor_I2C_I2C.o)
                              .\CortexM0\ARM_GCC_541\Debug\BLDC_Motor_Board.a(Current_Sensor_I2C.o) (Current_Sensor_I2C_I2CInit)
.\CortexM0\ARM_GCC_541\Debug\BLDC_Motor_Board.a(Current_Sensor_I2C_I2C_MASTER.o)
                              .\CortexM0\ARM_GCC_541\Debug\BLDC_Motor_Board.a(Current_Sensor_I2C_I2C.o) (Current_Sensor_I2C_mstrRdBufIndex)
.\CortexM0\ARM_GCC_541\Debug\BLDC_Motor_Board.a(CAN_LED.o)
                              .\CortexM0\ARM_GCC_541\Debug\main.o (CAN_LED_Write)
.\CortexM0\ARM_GCC_541\Debug\BLDC_Motor_Board.a(TMC6100_SPI.o)
                              .\CortexM0\ARM_GCC_541\Debug\main.o (TMC6100_SPI_Start)
.\CortexM0\ARM_GCC_541\Debug\BLDC_Motor_Board.a(TMC6100_SPI_SPI.o)
                              .\CortexM0\ARM_GCC_541\Debug\BLDC_Motor_Board.a(TMC6100_SPI.o) (TMC6100_SPI_SpiInit)
.\CortexM0\ARM_GCC_541\Debug\BLDC_Motor_Board.a(isr_Limit_1.o)
                              .\CortexM0\ARM_GCC_541\Debug\main.o (isr_Limit_1_StartEx)
.\CortexM0\ARM_GCC_541\Debug\BLDC_Motor_Board.a(Pin_Limit_2.o)
                              .\CortexM0\ARM_GCC_541\Debug\main.o (Pin_Limit_2_Read)
.\CortexM0\ARM_GCC_541\Debug\BLDC_Motor_Board.a(Pin_Limit_1.o)
                              .\CortexM0\ARM_GCC_541\Debug\main.o (Pin_Limit_1_Read)
.\CortexM0\ARM_GCC_541\Debug\BLDC_Motor_Board.a(Timer_Rotor_Delay.o)
                              .\CortexM0\ARM_GCC_541\Debug\BLDC_Drive.o (Timer_Rotor_Delay_Stop)
.\CortexM0\ARM_GCC_541\Debug\BLDC_Motor_Board.a(isr_Hall.o)
                              .\CortexM0\ARM_GCC_541\Debug\main.o (isr_Hall_StartEx)
.\CortexM0\ARM_GCC_541\Debug\BLDC_Motor_Board.a(Address_Register.o)
                              .\CortexM0\ARM_GCC_541\Debug\main.o (Address_Register_Read)
.\CortexM0\ARM_GCC_541\Debug\BLDC_Motor_Board.a(Limit_Register.o)
                              .\CortexM0\ARM_GCC_541\Debug\BLDC_Drive.o (Limit_Register_Read)
.\CortexM0\ARM_GCC_541\Debug\BLDC_Motor_Board.a(Timer_Period_Reset.o)
                              .\CortexM0\ARM_GCC_541\Debug\main.o (Timer_Period_Reset_Start)
.\CortexM0\ARM_GCC_541\Debug\BLDC_Motor_Board.a(isr_Period_Reset.o)
                              .\CortexM0\ARM_GCC_541\Debug\main.o (isr_Period_Reset_StartEx)
.\CortexM0\ARM_GCC_541\Debug\BLDC_Motor_Board.a(CyBootAsmGnu.o)
                              .\CortexM0\ARM_GCC_541\Debug\BLDC_Motor_Board.a(CyLib.o) (CyDelayCycles)
.\CortexM0\ARM_GCC_541\Debug\BLDC_Motor_Board.a(CyFlash.o)
                              .\CortexM0\ARM_GCC_541\Debug\BLDC_Motor_Board.a(CyLib.o) (CySysFlashSetWaitCycles)
.\CortexM0\ARM_GCC_541\Debug\BLDC_Motor_Board.a(UART_SPI_UART.o)
[...]
Memory Configuration

Name             Origin             Length             Attributes
rom              0x00000000         0x00040000         xr
ram              0x20000000         0x00008000         xrw
*default*        0x00000000         0xffffffff

Linker script and memory map

LOAD c:/program files (x86)/cypress/psoc creator/4.4/psoc creator/import/gnu/arm/5.4.1/bin/../lib/gcc/arm-none-eabi/5.4.1/armv6-m/crti.o
LOAD c:/program files (x86)/cypress/psoc creator/4.4/psoc creator/import/gnu/arm/5.4.1/bin/../lib/gcc/arm-none-eabi/5.4.1/armv6-m/crtbegin.o
LOAD c:/program files (x86)/cypress/psoc creator/4.4/psoc creator/import/gnu/arm/5.4.1/bin/../lib/gcc/arm-none-eabi/5.4.1/../../../../arm-none-eabi/lib/armv6-m/crt0.o
START GROUP
LOAD .\CortexM0\ARM_GCC_541\Debug\main.o
LOAD .\CortexM0\ARM_GCC_541\Debug\BLDC_FSM.o
LOAD .\CortexM0\ARM_GCC_541\Debug\BLDC_CAN.o
LOAD .\CortexM0\ARM_GCC_541\Debug\BLDC_Drive.o
LOAD .\CortexM0\ARM_GCC_541\Debug\BLDC_pid.o
LOAD .\CortexM0\ARM_GCC_541\Debug\CANCommon.o
LOAD .\CortexM0\ARM_GCC_541\Debug\CANGPIO.o
LOAD .\CortexM0\ARM_GCC_541\Debug\CANLocalization.o
LOAD .\CortexM0\ARM_GCC_541\Debug\CANMotorUnit.o
LOAD .\CortexM0\ARM_GCC_541\Debug\CANPacket.o
LOAD .\CortexM0\ARM_GCC_541\Debug\CANPower.o
LOAD .\CortexM0\ARM_GCC_541\Debug\CANScience.o
LOAD .\CortexM0\ARM_GCC_541\Debug\PortPSOC_CY8C4248AZI_L485.o
LOAD .\CortexM0\ARM_GCC_541\Debug\cyfitter_cfg.o
LOAD .\CortexM0\ARM_GCC_541\Debug\cymetadata.o
LOAD .\CortexM0\ARM_GCC_541\Debug\Cm0Start.o
LOAD .\CortexM0\ARM_GCC_541\Debug\BLDC_Motor_Board.a
LOAD c:/program files (x86)/cypress/psoc creator/4.4/psoc creator/import/gnu/arm/5.4.1/bin/../lib/gcc/arm-none-eabi/5.4.1/../../../../arm-none-eabi/lib/armv6-m\libm.a
END GROUP
START GROUP
LOAD c:/program files (x86)/cypress/psoc creator/4.4/psoc creator/import/gnu/arm/5.4.1/bin/../lib/gcc/arm-none-eabi/5.4.1/armv6-m\libgcc.a
LOAD c:/program files (x86)/cypress/psoc creator/4.4/psoc creator/import/gnu/arm/5.4.1/bin/../lib/gcc/arm-none-eabi/5.4.1/../../../../arm-none-eabi/lib/armv6-m\libg_nano.a
LOAD c:/program files (x86)/cypress/psoc creator/4.4/psoc creator/import/gnu/arm/5.4.1/bin/../lib/gcc/arm-none-eabi/5.4.1/../../../../arm-none-eabi/lib/armv6-m\libc_nano.a
END GROUP
START GROUP
LOAD c:/program files (x86)/cypress/psoc creator/4.4/psoc creator/import/gnu/arm/5.4.1/bin/../lib/gcc/arm-none-eabi/5.4.1/armv6-m\libgcc.a
LOAD c:/program files (x86)/cypress/psoc creator/4.4/psoc creator/import/gnu/arm/5.4.1/bin/../lib/gcc/arm-none-eabi/5.4.1/../../../../arm-none-eabi/lib/armv6-m\libc_nano.a
END GROUP
LOAD c:/program files (x86)/cypress/psoc creator/4.4/psoc creator/import/gnu/arm/5.4.1/bin/../lib/gcc/arm-none-eabi/5.4.1/armv6-m/crtend.o
LOAD c:/program files (x86)/cypress/psoc creator/4.4/psoc creator/import/gnu/arm/5.4.1/bin/../lib/gcc/arm-none-eabi/5.4.1/armv6-m/crtn.o
START GROUP
LOAD c:/program files (x86)/cypress/psoc creator/4.4/psoc creator/import/gnu/arm/5.4.1/bin/../lib/gcc/arm-none-eabi/5.4.1/armv6-m\libgcc.a
LOAD c:/program files (x86)/cypress/psoc creator/4.4/psoc creator/import/gnu/arm/5.4.1/bin/../lib/gcc/arm-none-eabi/5.4.1/../../../../arm-none-eabi/lib/armv6-m\libc.a
LOAD c:/program files (x86)/cypress/psoc creator/4.4/psoc creator/import/gnu/arm/5.4.1/bin/../lib/gcc/arm-none-eabi/5.4.1/../../../../arm-none-eabi/lib/armv6-m\libnosys.a
END GROUP
                0x00000000                CY_APPL_ORIGIN = 0x0
                0x00000100                CY_FLASH_ROW_SIZE = 0x100
                0x00000001                CY_APPL_NUM = 0x1
                0x00000001                CY_APPL_MAX = 0x1
                0x00000040                CY_METADATA_SIZE = 0x40
                0x00000000                CY_APPL_LOADABLE = 0x0
                0x00000000                CY_CHECKSUM_EXCLUDE_SIZE = ALIGN (0x0, CY_FLASH_ROW_SIZE)
                0x00000000                CY_APP_FOR_STACK_AND_COPIER = 0x0
                [!provide]                PROVIDE (__cy_heap_start, _end)
                0x00000001                PROVIDE (__cy_region_num, ((__cy_regions_end - __cy_regions) / 0x10))
                0x20008000                PROVIDE (__cy_stack, (ORIGIN (ram) + LENGTH (ram)))
                [!provide]                PROVIDE (__cy_heap_end, (__cy_stack - 0x800))

.cybootloader   0x00000000        0x0
 *(.cybootloader)
                0x00000000                appl1_start = CY_APPL_ORIGIN?CY_APPL_ORIGIN:ALIGN (CY_FLASH_ROW_SIZE)
                0x0001ff00                appl2_start = (appl1_start + ALIGN ((((LENGTH (rom) - appl1_start) - (0x2 * CY_FLASH_ROW_SIZE)) / 0x2), CY_FLASH_ROW_SIZE))
                0x00000000                appl_start = (CY_APPL_NUM == 0x1)?appl1_start:appl2_start
                0x00000001                cy_project_type_bootloader = (appl_start == 0x0)?0x1:0x0
                0x00000000                cy_project_type_app_for_stack_and_copier = (CY_APP_FOR_STACK_AND_COPIER == 0x1)?0x1:0x0

.text           0x00000000     0x5a00
 CREATE_OBJECT_SYMBOLS
                0x00000000                PROVIDE (__cy_interrupt_vector, RomVectors)
 *(.romvectors)
 .romvectors    0x00000000       0x10 .\CortexM0\ARM_GCC_541\Debug\Cm0Start.o
                0x00000000                RomVectors
                0x00000001                ASSERT ((. != __cy_interrupt_vector), No interrupt vector)
                0x00000001                ASSERT (CY_APPL_ORIGIN?(SIZEOF (.cybootloader) <= CY_APPL_ORIGIN):0x1, Wrong image location)
                0x00000010                PROVIDE (__cy_reset, Reset)
 *(.text.Reset)
 .text.Reset    0x00000010        0x8 .\CortexM0\ARM_GCC_541\Debug\Cm0Start.o
                0x00000010                Reset
                0x00000001                ASSERT ((. != __cy_reset), No reset code)
 *(.psocinit)
 .psocinit      0x00000018      0x29c .\CortexM0\ARM_GCC_541\Debug\cyfitter_cfg.o
                0x00000100                cyfitter_cfg
                0x000002b4                . = MAX (., 0x100)
 *(.text .text.* .gnu.linkonce.t.*)
 .text          0x000002b4       0x60 c:/program files (x86)/cypress/psoc creator/4.4/psoc creator/import/gnu/arm/5.4.1/bin/../lib/gcc/arm-none-eabi/5.4.1/armv6-m/crtbegin.o
 .text.Period_Reset_Handler
                0x00000314       0x58 .\CortexM0\ARM_GCC_541\Debug\main.o
                0x00000314                Period_Reset_Handler
 .text.Pin_Limit_Handler
                0x0000036c       0x5c .\CortexM0\ARM_GCC_541\Debug\main.o
                0x0000036c                Pin_Limit_Handler
 .text.Initialize
                0x000003c8       0x6c .\CortexM0\ARM_GCC_541\Debug\main.o
                0x000003c8                Initialize
 .text.main     0x00000434       0x9c .\CortexM0\ARM_GCC_541\Debug\main.o
                0x00000434                main
 .text.set_speed
                0x000004d0       0xb8 .\CortexM0\ARM_GCC_541\Debug\BLDC_Drive.o
                0x000004d0                set_speed
 .text.GetCurrentSpeed
                0x00000588        0xc .\CortexM0\ARM_GCC_541\Debug\BLDC_Drive.o
                0x00000588                GetCurrentSpeed
 .text.updateRotorState
                0x00000594       0x6c .\CortexM0\ARM_GCC_541\Debug\BLDC_Drive.o
                0x00000594                updateRotorState
 .text.InitCAN  0x00000600       0x98 .\CortexM0\ARM_GCC_541\Debug\PortPSOC_CY8C4248AZI_L485.o
                0x00000600                InitCAN
 .text.countAddFIFO
                0x00000698       0x50 .\CortexM0\ARM_GCC_541\Debug\PortPSOC_CY8C4248AZI_L485.o
                0x00000698                countAddFIFO
 .text.CAN_FLAG_ISR
                0x000006e8      0x12c .\CortexM0\ARM_GCC_541\Debug\PortPSOC_CY8C4248AZI_L485.o
                0x000006e8                CAN_FLAG_ISR
 .text.cfg_write_bytes32
                0x00000814       0x34 .\CortexM0\ARM_GCC_541\Debug\cyfitter_cfg.o
 .text.AnalogSetDefault
                0x00000848       0x20 .\CortexM0\ARM_GCC_541\Debug\cyfitter_cfg.o
 .text.CYMEMZERO
                0x00000868        0xc .\CortexM0\ARM_GCC_541\Debug\cyfitter_cfg.o
 .text.IntDefaultHandler
                0x00000874       0x10 .\CortexM0\ARM_GCC_541\Debug\Cm0Start.o
                0x00000874                IntDefaultHandler
 .text.Start_c  0x00000884       0x48 .\CortexM0\ARM_GCC_541\Debug\Cm0Start.o
                0x00000884                Start_c
 .text.initialize_psoc
                0x000008cc       0x4c .\CortexM0\ARM_GCC_541\Debug\Cm0Start.o
                0x000008cc                initialize_psoc
 .text.CySysClkImoSetPwrBgTrim5
                0x00000918       0x30 .\CortexM0\ARM_GCC_541\Debug\BLDC_Motor_Board.a(CyLib.o)
 .text.CySysClkImoSetImoTrims
                0x00000948       0xb0 .\CortexM0\ARM_GCC_541\Debug\BLDC_Motor_Board.a(CyLib.o)
 .text.CySysClkImoDisableWcoLock
                0x000009f8       0x54 .\CortexM0\ARM_GCC_541\Debug\BLDC_Motor_Board.a(CyLib.o)
                0x000009f8                CySysClkImoDisableWcoLock
 .text.CySysClkImoGetWcoLock
                0x00000a4c       0x14 .\CortexM0\ARM_GCC_541\Debug\BLDC_Motor_Board.a(CyLib.o)
                0x00000a4c                CySysClkImoGetWcoLock
 .text.CySysClkImoEnableUsbLock
                0x00000a60       0x44 .\CortexM0\ARM_GCC_541\Debug\BLDC_Motor_Board.a(CyLib.o)
                0x00000a60                CySysClkImoEnableUsbLock
 .text.CySysClkImoDisableUsbLock
                0x00000aa4       0x74 .\CortexM0\ARM_GCC_541\Debug\BLDC_Motor_Board.a(CyLib.o)
                0x00000aa4                CySysClkImoDisableUsbLock
 .text.CySysClkImoGetUsbLock
                0x00000b18       0x14 .\CortexM0\ARM_GCC_541\Debug\BLDC_Motor_Board.a(CyLib.o)
                0x00000b18                CySysClkImoGetUsbLock
 .text.CyIntEnable
                0x00000b2c       0x14 .\CortexM0\ARM_GCC_541\Debug\BLDC_Motor_Board.a(CyLib.o)
                0x00000b2c                CyIntEnable
 .text.CyIntDisable
                0x00000b40       0x14 .\CortexM0\ARM_GCC_541\Debug\BLDC_Motor_Board.a(CyLib.o)
                0x00000b40                CyIntDisable
 .text.CyHalt   0x00000b54        0x4 .\CortexM0\ARM_GCC_541\Debug\BLDC_Motor_Board.a(CyLib.o)
                0x00000b54                CyHalt
 .text.CyIntSetVector
                0x00000b58       0x24 .\CortexM0\ARM_GCC_541\Debug\BLDC_Motor_Board.a(CyLib.o)
                0x00000b58                CyIntSetVector
 .text.CyIntSetPriority
                0x00000b7c       0x4c .\CortexM0\ARM_GCC_541\Debug\BLDC_Motor_Board.a(CyLib.o)
                0x00000b7c                CyIntSetPriority
 .text.CyDelay  0x00000bc8       0x30 .\CortexM0\ARM_GCC_541\Debug\BLDC_Motor_Board.a(CyLib.o)
                0x00000bc8                CyDelay
 .text.CySysClkImoEnableWcoLock
                0x00000bf8      0x104 .\CortexM0\ARM_GCC_541\Debug\BLDC_Motor_Board.a(CyLib.o)
                0x00000bf8                CySysClkImoEnableWcoLock
 .text.CyDelayUs
                0x00000cfc       0x14 .\CortexM0\ARM_GCC_541\Debug\BLDC_Motor_Board.a(CyLib.o)
                0x00000cfc                CyDelayUs
 .text.CySysClkWriteImoFreq
                0x00000d10      0x1bc .\CortexM0\ARM_GCC_541\Debug\BLDC_Motor_Board.a(CyLib.o)
                0x00000d10                CySysClkWriteImoFreq
 .text.CySysWdtLocked
                0x00000ecc       0x14 .\CortexM0\ARM_GCC_541\Debug\BLDC_Motor_Board.a(CyLFClk.o)
 .text.CySysClkWcoEnabled
                0x00000ee0       0x14 .\CortexM0\ARM_GCC_541\Debug\BLDC_Motor_Board.a(CyLFClk.o)
                0x00000ee0                CySysClkWcoEnabled
 .text.CySysWdtLock
                0x00000ef4       0x1c .\CortexM0\ARM_GCC_541\Debug\BLDC_Motor_Board.a(CyLFClk.o)
                0x00000ef4                CySysWdtLock
 .text.CySysWdtUnlock
                0x00000f10       0x30 .\CortexM0\ARM_GCC_541\Debug\BLDC_Motor_Board.a(CyLFClk.o)
                0x00000f10                CySysWdtUnlock
 .text.CySysWdtClearInterrupt
                0x00000f40       0x4c .\CortexM0\ARM_GCC_541\Debug\BLDC_Motor_Board.a(CyLFClk.o)
                0x00000f40                CySysWdtClearInterrupt
 .text.CySysWdtIsr
                0x00000f8c       0xa4 .\CortexM0\ARM_GCC_541\Debug\BLDC_Motor_Board.a(CyLFClk.o)
                0x00000f8c                CySysWdtIsr
 .text.UH_Write
                0x00001030       0x18 .\CortexM0\ARM_GCC_541\Debug\BLDC_Motor_Board.a(UH.o)
                0x00001030                UH_Write
 .text.UL_Write
                0x00001048       0x18 .\CortexM0\ARM_GCC_541\Debug\BLDC_Motor_Board.a(UL.o)
                0x00001048                UL_Write
 .text.VH_Write
                0x00001060       0x18 .\CortexM0\ARM_GCC_541\Debug\BLDC_Motor_Board.a(VH.o)
                0x00001060                VH_Write
 .text.VL_Write
                0x00001078       0x18 .\CortexM0\ARM_GCC_541\Debug\BLDC_Motor_Board.a(VL.o)
                0x00001078                VL_Write
 .text.WH_Write
                0x00001090       0x18 .\CortexM0\ARM_GCC_541\Debug\BLDC_Motor_Board.a(WH.o)
                0x00001090                WH_Write
 .text.WL_Write
                0x000010a8       0x18 .\CortexM0\ARM_GCC_541\Debug\BLDC_Motor_Board.a(WL.o)
                0x000010a8                WL_Write
 .text.CAN_GlobalIntEnable
                0x000010c0       0x1c .\CortexM0\ARM_GCC_541\Debug\BLDC_Motor_Board.a(CAN.o)
                0x000010c0                CAN_GlobalIntEnable
 .text.CAN_Enable
                0x000010dc       0x48 .\CortexM0\ARM_GCC_541\Debug\BLDC_Motor_Board.a(CAN.o)
                0x000010dc                CAN_Enable
 .text.CAN_SetPreScaler
                0x00001124       0x38 .\CortexM0\ARM_GCC_541\Debug\BLDC_Motor_Board.a(CAN.o)
                0x00001124                CAN_SetPreScaler
 .text.CAN_SetArbiter
                0x0000115c       0x40 .\CortexM0\ARM_GCC_541\Debug\BLDC_Motor_Board.a(CAN.o)
                0x0000115c                CAN_SetArbiter
 .text.CAN_SetTsegSample
                0x0000119c       0xa0 .\CortexM0\ARM_GCC_541\Debug\BLDC_Motor_Board.a(CAN.o)
                0x0000119c                CAN_SetTsegSample
 .text.CAN_SetRestartType
                0x0000123c       0x38 .\CortexM0\ARM_GCC_541\Debug\BLDC_Motor_Board.a(CAN.o)
                0x0000123c                CAN_SetRestartType
 .text.CAN_SetEdgeMode
                0x00001274       0x38 .\CortexM0\ARM_GCC_541\Debug\BLDC_Motor_Board.a(CAN.o)
                0x00001274                CAN_SetEdgeMode
 .text.CAN_SetIrqMask
                0x000012ac       0x1c .\CortexM0\ARM_GCC_541\Debug\BLDC_Motor_Board.a(CAN.o)
                0x000012ac                CAN_SetIrqMask
 .text.CAN_RxBufConfig
                0x000012c8       0x98 .\CortexM0\ARM_GCC_541\Debug\BLDC_Motor_Board.a(CAN.o)
                0x000012c8                CAN_RxBufConfig
 .text.CAN_TxBufConfig
                0x00001360       0x58 .\CortexM0\ARM_GCC_541\Debug\BLDC_Motor_Board.a(CAN.o)
                0x00001360                CAN_TxBufConfig
 .text.CAN_RxTxBuffersConfig
                0x000013b8       0x54 .\CortexM0\ARM_GCC_541\Debug\BLDC_Motor_Board.a(CAN.o)
                0x000013b8                CAN_RxTxBuffersConfig
 .text.CAN_SetSwapDataEndianness
                0x0000140c       0x40 .\CortexM0\ARM_GCC_541\Debug\BLDC_Motor_Board.a(CAN.o)
                0x0000140c                CAN_SetSwapDataEndianness
 .text.CAN_Init
                0x0000144c       0xe4 .\CortexM0\ARM_GCC_541\Debug\BLDC_Motor_Board.a(CAN.o)
                0x0000144c                CAN_Init
 .text.CAN_Start
                0x00001530       0x28 .\CortexM0\ARM_GCC_541\Debug\BLDC_Motor_Board.a(CAN.o)
                0x00001530                CAN_Start
 .text.CAN_ISR  0x00001558        0x4 .\CortexM0\ARM_GCC_541\Debug\BLDC_Motor_Board.a(CAN_INT.o)
                0x00001558                CAN_ISR
 .text.UART_ScbModePostEnable
                0x0000155c        0x8 .\CortexM0\ARM_GCC_541\Debug\BLDC_Motor_Board.a(UART.o)
 .text.UART_Init
                0x00001564        0x8 .\CortexM0\ARM_GCC_541\Debug\BLDC_Motor_Board.a(UART.o)
                0x00001564                UART_Init
 .text.UART_Enable
                0x0000156c       0x18 .\CortexM0\ARM_GCC_541\Debug\BLDC_Motor_Board.a(UART.o)
                0x0000156c                UART_Enable
 .text.UART_Start
                0x00001584       0x20 .\CortexM0\ARM_GCC_541\Debug\BLDC_Motor_Board.a(UART.o)
                0x00001584                UART_Start
 .text.UART_UartInit
                0x000015a4       0xa8 .\CortexM0\ARM_GCC_541\Debug\BLDC_Motor_Board.a(UART_UART.o)
                0x000015a4                UART_UartInit
 .text.UART_UartPostEnable
                0x0000164c       0x24 .\CortexM0\ARM_GCC_541\Debug\BLDC_Motor_Board.a(UART_UART.o)
                0x0000164c                UART_UartPostEnable
 .text.UART_UartPutString
                0x00001670       0x18 .\CortexM0\ARM_GCC_541\Debug\BLDC_Motor_Board.a(UART_UART.o)
                0x00001670                UART_UartPutString
 .text.ERROR_LED_Write
                0x00001688       0x18 .\CortexM0\ARM_GCC_541\Debug\BLDC_Motor_Board.a(ERROR_LED.o)
                0x00001688                ERROR_LED_Write
 .text.Current_Sensor_I2C_ScbEnableIntr
                0x000016a0        0xc .\CortexM0\ARM_GCC_541\Debug\BLDC_Motor_Board.a(Current_Sensor_I2C.o)
 .text.Current_Sensor_I2C_Init
                0x000016ac        0x8 .\CortexM0\ARM_GCC_541\Debug\BLDC_Motor_Board.a(Current_Sensor_I2C.o)
                0x000016ac                Current_Sensor_I2C_Init
 .text.Current_Sensor_I2C_Enable
                0x000016b4       0x18 .\CortexM0\ARM_GCC_541\Debug\BLDC_Motor_Board.a(Current_Sensor_I2C.o)
                0x000016b4                Current_Sensor_I2C_Enable
 .text.Current_Sensor_I2C_Start
                0x000016cc       0x20 .\CortexM0\ARM_GCC_541\Debug\BLDC_Motor_Board.a(Current_Sensor_I2C.o)
                0x000016cc                Current_Sensor_I2C_Start
 .text.Current_Sensor_I2C_I2CInit
                0x000016ec       0xb8 .\CortexM0\ARM_GCC_541\Debug\BLDC_Motor_Board.a(Current_Sensor_I2C_I2C.o)
                0x000016ec                Current_Sensor_I2C_I2CInit
 .text.Current_Sensor_I2C_I2CFwBlockReset
                0x000017a4       0x5c .\CortexM0\ARM_GCC_541\Debug\BLDC_Motor_Board.a(Current_Sensor_I2C_I2C.o)
                0x000017a4                Current_Sensor_I2C_I2CFwBlockReset
 .text.CAN_LED_Write
                0x00001800       0x18 .\CortexM0\ARM_GCC_541\Debug\BLDC_Motor_Board.a(CAN_LED.o)
                0x00001800                CAN_LED_Write
 .text.TMC6100_SPI_ScbModePostEnable
                0x00001818        0x8 .\CortexM0\ARM_GCC_541\Debug\BLDC_Motor_Board.a(TMC6100_SPI.o)
 .text.TMC6100_SPI_Init
                0x00001820        0x8 .\CortexM0\ARM_GCC_541\Debug\BLDC_Motor_Board.a(TMC6100_SPI.o)
                0x00001820                TMC6100_SPI_Init
 .text.TMC6100_SPI_Enable
                0x00001828       0x18 .\CortexM0\ARM_GCC_541\Debug\BLDC_Motor_Board.a(TMC6100_SPI.o)
                0x00001828                TMC6100_SPI_Enable
 .text.TMC6100_SPI_Start
                0x00001840       0x20 .\CortexM0\ARM_GCC_541\Debug\BLDC_Motor_Board.a(TMC6100_SPI.o)
                0x00001840                TMC6100_SPI_Start
 .text.TMC6100_SPI_SpiInit
                0x00001860       0x80 .\CortexM0\ARM_GCC_541\Debug\BLDC_Motor_Board.a(TMC6100_SPI_SPI.o)
                0x00001860                TMC6100_SPI_SpiInit
 .text.TMC6100_SPI_SpiPostEnable
                0x000018e0       0x14 .\CortexM0\ARM_GCC_541\Debug\BLDC_Motor_Board.a(TMC6100_SPI_SPI.o)
                0x000018e0                TMC6100_SPI_SpiPostEnable
 .text.isr_Limit_1_SetVector
                0x000018f4        0xc .\CortexM0\ARM_GCC_541\Debug\BLDC_Motor_Board.a(isr_Limit_1.o)
                0x000018f4                isr_Limit_1_SetVector
 .text.isr_Limit_1_SetPriority
                0x00001900       0x24 .\CortexM0\ARM_GCC_541\Debug\BLDC_Motor_Board.a(isr_Limit_1.o)
                0x00001900                isr_Limit_1_SetPriority
 .text.isr_Limit_1_Enable
                0x00001924        0xc .\CortexM0\ARM_GCC_541\Debug\BLDC_Motor_Board.a(isr_Limit_1.o)
                0x00001924                isr_Limit_1_Enable
 .text.isr_Limit_1_Disable
                0x00001930        0xc .\CortexM0\ARM_GCC_541\Debug\BLDC_Motor_Board.a(isr_Limit_1.o)
                0x00001930                isr_Limit_1_Disable
 .text.isr_Limit_1_StartEx
                0x0000193c       0x1c .\CortexM0\ARM_GCC_541\Debug\BLDC_Motor_Board.a(isr_Limit_1.o)
                0x0000193c                isr_Limit_1_StartEx
 .text.Pin_Limit_2_Read
                0x00001958       0x10 .\CortexM0\ARM_GCC_541\Debug\BLDC_Motor_Board.a(Pin_Limit_2.o)
                0x00001958                Pin_Limit_2_Read
 .text.Pin_Limit_1_Read
                0x00001968       0x10 .\CortexM0\ARM_GCC_541\Debug\BLDC_Motor_Board.a(Pin_Limit_1.o)
                0x00001968                Pin_Limit_1_Read
 .text.Timer_Rotor_Delay_Enable
                0x00001978       0x14 .\CortexM0\ARM_GCC_541\Debug\BLDC_Motor_Board.a(Timer_Rotor_Delay.o)
                0x00001978                Timer_Rotor_Delay_Enable
 .text.Timer_Rotor_Delay_Stop
                0x0000198c       0x10 .\CortexM0\ARM_GCC_541\Debug\BLDC_Motor_Board.a(Timer_Rotor_Delay.o)
                0x0000198c                Timer_Rotor_Delay_Stop
 .text.Timer_Rotor_Delay_SetInterruptMode
                0x0000199c        0xc .\CortexM0\ARM_GCC_541\Debug\BLDC_Motor_Board.a(Timer_Rotor_Delay.o)
                0x0000199c                Timer_Rotor_Delay_SetInterruptMode
 .text.Timer_Rotor_Delay_ReadStatusRegister
                0x000019a8        0xc .\CortexM0\ARM_GCC_541\Debug\BLDC_Motor_Board.a(Timer_Rotor_Delay.o)
                0x000019a8                Timer_Rotor_Delay_ReadStatusRegister
 .text.Timer_Rotor_Delay_WritePeriod
                0x000019b4        0xc .\CortexM0\ARM_GCC_541\Debug\BLDC_Motor_Board.a(Timer_Rotor_Delay.o)
                0x000019b4                Timer_Rotor_Delay_WritePeriod
 .text.Timer_Rotor_Delay_ReadCapture
                0x000019c0        0xc .\CortexM0\ARM_GCC_541\Debug\BLDC_Motor_Board.a(Timer_Rotor_Delay.o)
                0x000019c0                Timer_Rotor_Delay_ReadCapture
 .text.Timer_Rotor_Delay_WriteCounter
                0x000019cc        0xc .\CortexM0\ARM_GCC_541\Debug\BLDC_Motor_Board.a(Timer_Rotor_Delay.o)
                0x000019cc                Timer_Rotor_Delay_WriteCounter
 .text.Timer_Rotor_Delay_ClearFIFO
                0x000019d8       0x14 .\CortexM0\ARM_GCC_541\Debug\BLDC_Motor_Board.a(Timer_Rotor_Delay.o)
                0x000019d8                Timer_Rotor_Delay_ClearFIFO
 .text.Timer_Rotor_Delay_Init
                0x000019ec       0x38 .\CortexM0\ARM_GCC_541\Debug\BLDC_Motor_Board.a(Timer_Rotor_Delay.o)
                0x000019ec                Timer_Rotor_Delay_Init
 .text.Timer_Rotor_Delay_Start
                0x00001a24       0x20 .\CortexM0\ARM_GCC_541\Debug\BLDC_Motor_Board.a(Timer_Rotor_Delay.o)
                0x00001a24                Timer_Rotor_Delay_Start
 .text.isr_Hall_SetVector
                0x00001a44        0xc .\CortexM0\ARM_GCC_541\Debug\BLDC_Motor_Board.a(isr_Hall.o)
                0x00001a44                isr_Hall_SetVector
 .text.isr_Hall_SetPriority
                0x00001a50       0x20 .\CortexM0\ARM_GCC_541\Debug\BLDC_Motor_Board.a(isr_Hall.o)
                0x00001a50                isr_Hall_SetPriority
 .text.isr_Hall_Enable
                0x00001a70        0xc .\CortexM0\ARM_GCC_541\Debug\BLDC_Motor_Board.a(isr_Hall.o)
                0x00001a70                isr_Hall_Enable
 .text.isr_Hall_Disable
                0x00001a7c        0xc .\CortexM0\ARM_GCC_541\Debug\BLDC_Motor_Board.a(isr_Hall.o)
                0x00001a7c                isr_Hall_Disable
 .text.isr_Hall_StartEx
                0x00001a88       0x1c .\CortexM0\ARM_GCC_541\Debug\BLDC_Motor_Board.a(isr_Hall.o)
                0x00001a88                isr_Hall_StartEx
 .text.Address_Register_Read
                0x00001aa4        0xc .\CortexM0\ARM_GCC_541\Debug\BLDC_Motor_Board.a(Address_Register.o)
                0x00001aa4                Address_Register_Read
 .text.Limit_Register_Read
                0x00001ab0        0xc .\CortexM0\ARM_GCC_541\Debug\BLDC_Motor_Board.a(Limit_Register.o)
                0x00001ab0                Limit_Register_Read
 .text.Limit_Register_InterruptEnable
                0x00001abc       0x1c .\CortexM0\ARM_GCC_541\Debug\BLDC_Motor_Board.a(Limit_Register.o)
                0x00001abc                Limit_Register_InterruptEnable
 .text.Timer_Period_Reset_Enable
                0x00001ad8       0x14 .\CortexM0\ARM_GCC_541\Debug\BLDC_Motor_Board.a(Timer_Period_Reset.o)
                0x00001ad8                Timer_Period_Reset_Enable
 .text.Timer_Period_Reset_SetInterruptMode
                0x00001aec        0xc .\CortexM0\ARM_GCC_541\Debug\BLDC_Motor_Board.a(Timer_Period_Reset.o)
                0x00001aec                Timer_Period_Reset_SetInterruptMode
 .text.Timer_Period_Reset_ReadStatusRegister
                0x00001af8        0xc .\CortexM0\ARM_GCC_541\Debug\BLDC_Motor_Board.a(Timer_Period_Reset.o)
                0x00001af8                Timer_Period_Reset_ReadStatusRegister
 .text.Timer_Period_Reset_WritePeriod
                0x00001b04        0xc .\CortexM0\ARM_GCC_541\Debug\BLDC_Motor_Board.a(Timer_Period_Reset.o)
                0x00001b04                Timer_Period_Reset_WritePeriod
 .text.Timer_Period_Reset_ReadCapture
                0x00001b10        0xc .\CortexM0\ARM_GCC_541\Debug\BLDC_Motor_Board.a(Timer_Period_Reset.o)
                0x00001b10                Timer_Period_Reset_ReadCapture
 .text.Timer_Period_Reset_WriteCounter
                0x00001b1c        0xc .\CortexM0\ARM_GCC_541\Debug\BLDC_Motor_Board.a(Timer_Period_Reset.o)
                0x00001b1c                Timer_Period_Reset_WriteCounter
 .text.Timer_Period_Reset_ClearFIFO
                0x00001b28       0x14 .\CortexM0\ARM_GCC_541\Debug\BLDC_Motor_Board.a(Timer_Period_Reset.o)
                0x00001b28                Timer_Period_Reset_ClearFIFO
 .text.Timer_Period_Reset_Init
                0x00001b3c       0x34 .\CortexM0\ARM_GCC_541\Debug\BLDC_Motor_Board.a(Timer_Period_Reset.o)
                0x00001b3c                Timer_Period_Reset_Init
 .text.Timer_Period_Reset_Start
                0x00001b70       0x20 .\CortexM0\ARM_GCC_541\Debug\BLDC_Motor_Board.a(Timer_Period_Reset.o)
                0x00001b70                Timer_Period_Reset_Start
 .text.isr_Period_Reset_SetVector
                0x00001b90        0xc .\CortexM0\ARM_GCC_541\Debug\BLDC_Motor_Board.a(isr_Period_Reset.o)
                0x00001b90                isr_Period_Reset_SetVector
 .text.isr_Period_Reset_SetPriority
                0x00001b9c       0x24 .\CortexM0\ARM_GCC_541\Debug\BLDC_Motor_Board.a(isr_Period_Reset.o)
                0x00001b9c                isr_Period_Reset_SetPriority
 .text.isr_Period_Reset_Enable
                0x00001bc0        0xc .\CortexM0\ARM_GCC_541\Debug\BLDC_Motor_Board.a(isr_Period_Reset.o)
                0x00001bc0                isr_Period_Reset_Enable
 .text.isr_Period_Reset_Disable
                0x00001bcc        0xc .\CortexM0\ARM_GCC_541\Debug\BLDC_Motor_Board.a(isr_Period_Reset.o)
                0x00001bcc                isr_Period_Reset_Disable
 .text.isr_Period_Reset_StartEx
                0x00001bd8       0x1c .\CortexM0\ARM_GCC_541\Debug\BLDC_Motor_Board.a(isr_Period_Reset.o)
                0x00001bd8                isr_Period_Reset_StartEx
 *fill*         0x00001bf4        0x4 
 .text          0x00001bf8       0x20 .\CortexM0\ARM_GCC_541\Debug\BLDC_Motor_Board.a(CyBootAsmGnu.o)
                0x00001bf8                CyDelayCycles
                0x00001c0a                CyEnterCriticalSection
                0x00001c12                CyExitCriticalSection
 .text.CySysFlashSetWaitCycles
                0x00001c18       0x54 .\CortexM0\ARM_GCC_541\Debug\BLDC_Motor_Board.a(CyFlash.o)
                0x00001c18                CySysFlashSetWaitCycles
 .text.UART_SpiUartWriteTxData
                0x00001c6c       0x1c .\CortexM0\ARM_GCC_541\Debug\BLDC_Motor_Board.a(UART_SPI_UART.o)
                0x00001c6c                UART_SpiUartWriteTxData
 .text.Current_Sensor_I2C_I2C_ISR
                0x00001c88      0x340 .\CortexM0\ARM_GCC_541\Debug\BLDC_Motor_Board.a(Current_Sensor_I2C_I2C_INT.o)
                0x00001c88                Current_Sensor_I2C_I2C_ISR
 .text.cos      0x00001fc8       0x8c c:/program files (x86)/cypress/psoc creator/4.4/psoc creator/import/gnu/arm/5.4.1/bin/../lib/gcc/arm-none-eabi/5.4.1/../../../../arm-none-eabi/lib/armv6-m\libm.a(lib_a-s_cos.o)
                0x00001fc8                cos
 .text.__ieee754_rem_pio2
                0x00002054      0x40c c:/program files (x86)/cypress/psoc creator/4.4/psoc creator/import/gnu/arm/5.4.1/bin/../lib/gcc/arm-none-eabi/5.4.1/../../../../arm-none-eabi/lib/armv6-m\libm.a(lib_a-e_rem_pio2.o)
                0x00002054                __ieee754_rem_pio2
 .text.__kernel_cos
                0x00002460      0x234 c:/program files (x86)/cypress/psoc creator/4.4/psoc creator/import/gnu/arm/5.4.1/bin/../lib/gcc/arm-none-eabi/5.4.1/../../../../arm-none-eabi/lib/armv6-m\libm.a(lib_a-k_cos.o)
                0x00002460                __kernel_cos
 .text.__kernel_rem_pio2
                0x00002694      0x8a4 c:/program files (x86)/cypress/psoc creator/4.4/psoc creator/import/gnu/arm/5.4.1/bin/../lib/gcc/arm-none-eabi/5.4.1/../../../../arm-none-eabi/lib/armv6-m\libm.a(lib_a-k_rem_pio2.o)
                0x00002694                __kernel_rem_pio2
 .text.__kernel_sin
                0x00002f38      0x160 c:/program files (x86)/cypress/psoc creator/4.4/psoc creator/import/gnu/arm/5.4.1/bin/../lib/gcc/arm-none-eabi/5.4.1/../../../../arm-none-eabi/lib/armv6-m\libm.a(lib_a-k_sin.o)
                0x00002f38                __kernel_sin
 .text.fabs     0x00003098        0x8 c:/program files (x86)/cypress/psoc creator/4.4/psoc creator/import/gnu/arm/5.4.1/bin/../lib/gcc/arm-none-eabi/5.4.1/../../../../arm-none-eabi/lib/armv6-m\libm.a(lib_a-s_fabs.o)
                0x00003098                fabs
 .text.floor    0x000030a0      0x130 c:/program files (x86)/cypress/psoc creator/4.4/psoc creator/import/gnu/arm/5.4.1/bin/../lib/gcc/arm-none-eabi/5.4.1/../../../../arm-none-eabi/lib/armv6-m\libm.a(lib_a-s_floor.o)
                0x000030a0                floor
 .text.scalbn   0x000031d0       0xd0 c:/program files (x86)/cypress/psoc creator/4.4/psoc creator/import/gnu/arm/5.4.1/bin/../lib/gcc/arm-none-eabi/5.4.1/../../../../arm-none-eabi/lib/armv6-m\libm.a(lib_a-s_scalbn.o)
                0x000031d0                scalbn
 .text.copysign
                0x000032a0       0x10 c:/program files (x86)/cypress/psoc creator/4.4/psoc creator/import/gnu/arm/5.4.1/bin/../lib/gcc/arm-none-eabi/5.4.1/../../../../arm-none-eabi/lib/armv6-m\libm.a(lib_a-s_copysign.o)
                0x000032a0                copysign
 .text          0x000032b0      0x114 c:/program files (x86)/cypress/psoc creator/4.4/psoc creator/import/gnu/arm/5.4.1/bin/../lib/gcc/arm-none-eabi/5.4.1/armv6-m\libgcc.a(_udivsi3.o)
                0x000032b0                __aeabi_uidiv
                0x000032b0                __udivsi3
                0x000033bc                __aeabi_uidivmod
 .text          0x000033c4      0x1d4 c:/program files (x86)/cypress/psoc creator/4.4/psoc creator/import/gnu/arm/5.4.1/bin/../lib/gcc/arm-none-eabi/5.4.1/armv6-m\libgcc.a(_divsi3.o)
                0x000033c4                __divsi3
                0x000033c4                __aeabi_idiv
                0x00003590                __aeabi_idivmod
 .text          0x00003598        0x4 c:/program files (x86)/cypress/psoc creator/4.4/psoc creator/import/gnu/arm/5.4.1/bin/../lib/gcc/arm-none-eabi/5.4.1/armv6-m\libgcc.a(_dvmd_tls.o)
                0x00003598                __aeabi_idiv0
                0x00003598                __aeabi_ldiv0
 .text          0x0000359c       0x7c c:/program files (x86)/cypress/psoc creator/4.4/psoc creator/import/gnu/arm/5.4.1/bin/../lib/gcc/arm-none-eabi/5.4.1/armv6-m\libgcc.a(_arm_cmpdf2.o)
                0x0000359c                __aeabi_cdrcmple
                0x000035ac                __aeabi_cdcmple
                0x000035ac                __aeabi_cdcmpeq
                0x000035bc                __aeabi_dcmpeq
                0x000035c8                __aeabi_dcmplt
                0x000035dc                __aeabi_dcmple
                0x000035f0                __aeabi_dcmpgt
                0x00003604                __aeabi_dcmpge
 .text          0x00003618       0x30 c:/program files (x86)/cypress/psoc creator/4.4/psoc creator/import/gnu/arm/5.4.1/bin/../lib/gcc/arm-none-eabi/5.4.1/armv6-m\libgcc.a(_fixunssfsi.o)
                0x00003618                __fixunssfsi
                0x00003618                __aeabi_f2uiz
 .text          0x00003648      0x234 c:/program files (x86)/cypress/psoc creator/4.4/psoc creator/import/gnu/arm/5.4.1/bin/../lib/gcc/arm-none-eabi/5.4.1/armv6-m\libgcc.a(divsf3.o)
                0x00003648                __aeabi_fdiv
 .text          0x0000387c      0x30c c:/program files (x86)/cypress/psoc creator/4.4/psoc creator/import/gnu/arm/5.4.1/bin/../lib/gcc/arm-none-eabi/5.4.1/armv6-m\libgcc.a(subsf3.o)
                0x0000387c                __aeabi_fsub
 .text          0x00003b88       0x44 c:/program files (x86)/cypress/psoc creator/4.4/psoc creator/import/gnu/arm/5.4.1/bin/../lib/gcc/arm-none-eabi/5.4.1/armv6-m\libgcc.a(fixsfsi.o)
                0x00003b88                __aeabi_f2iz
 .text          0x00003bcc       0x90 c:/program files (x86)/cypress/psoc creator/4.4/psoc creator/import/gnu/arm/5.4.1/bin/../lib/gcc/arm-none-eabi/5.4.1/armv6-m\libgcc.a(floatsisf.o)
                0x00003bcc                __aeabi_i2f
 .text          0x00003c5c      0x658 c:/program files (x86)/cypress/psoc creator/4.4/psoc creator/import/gnu/arm/5.4.1/bin/../lib/gcc/arm-none-eabi/5.4.1/armv6-m\libgcc.a(adddf3.o)
                0x00003c5c                __aeabi_dadd
 .text          0x000042b4      0x62c c:/program files (x86)/cypress/psoc creator/4.4/psoc creator/import/gnu/arm/5.4.1/bin/../lib/gcc/arm-none-eabi/5.4.1/armv6-m\libgcc.a(divdf3.o)
                0x000042b4                __aeabi_ddiv
 .text          0x000048e0       0x80 c:/program files (x86)/cypress/psoc creator/4.4/psoc creator/import/gnu/arm/5.4.1/bin/../lib/gcc/arm-none-eabi/5.4.1/armv6-m\libgcc.a(eqdf2.o)
                0x000048e0                __nedf2
                0x000048e0                __eqdf2
 .text          0x00004960       0xc8 c:/program files (x86)/cypress/psoc creator/4.4/psoc creator/import/gnu/arm/5.4.1/bin/../lib/gcc/arm-none-eabi/5.4.1/armv6-m\libgcc.a(gedf2.o)
                0x00004960                __gedf2
                0x00004960                __gtdf2
 .text          0x00004a28       0xd4 c:/program files (x86)/cypress/psoc creator/4.4/psoc creator/import/gnu/arm/5.4.1/bin/../lib/gcc/arm-none-eabi/5.4.1/armv6-m\libgcc.a(ledf2.o)
                0x00004a28                __ledf2
                0x00004a28                __ltdf2
 .text          0x00004afc      0x4f4 c:/program files (x86)/cypress/psoc creator/4.4/psoc creator/import/gnu/arm/5.4.1/bin/../lib/gcc/arm-none-eabi/5.4.1/armv6-m\libgcc.a(muldf3.o)
                0x00004afc                __aeabi_dmul
 .text          0x00004ff0      0x6a8 c:/program files (x86)/cypress/psoc creator/4.4/psoc creator/import/gnu/arm/5.4.1/bin/../lib/gcc/arm-none-eabi/5.4.1/armv6-m\libgcc.a(subdf3.o)
                0x00004ff0                __aeabi_dsub
 .text          0x00005698       0x6c c:/program files (x86)/cypress/psoc creator/4.4/psoc creator/import/gnu/arm/5.4.1/bin/../lib/gcc/arm-none-eabi/5.4.1/armv6-m\libgcc.a(fixdfsi.o)
                0x00005698                __aeabi_d2iz
 .text          0x00005704       0x84 c:/program files (x86)/cypress/psoc creator/4.4/psoc creator/import/gnu/arm/5.4.1/bin/../lib/gcc/arm-none-eabi/5.4.1/armv6-m\libgcc.a(floatsidf.o)
                0x00005704                __aeabi_i2d
 .text          0x00005788       0x74 c:/program files (x86)/cypress/psoc creator/4.4/psoc creator/import/gnu/arm/5.4.1/bin/../lib/gcc/arm-none-eabi/5.4.1/armv6-m\libgcc.a(_arm_cmpsf2.o)
                0x00005788                __aeabi_cfrcmple
                0x00005790                __aeabi_cfcmpeq
                0x00005790                __aeabi_cfcmple
                0x000057a0                __aeabi_fcmpeq
                0x000057ac                __aeabi_fcmplt
                0x000057c0                __aeabi_fcmple
                0x000057d4                __aeabi_fcmpgt
                0x000057e8                __aeabi_fcmpge
 .text          0x000057fc       0x3c c:/program files (x86)/cypress/psoc creator/4.4/psoc creator/import/gnu/arm/5.4.1/bin/../lib/gcc/arm-none-eabi/5.4.1/armv6-m\libgcc.a(_clzsi2.o)
                0x000057fc                __clzsi2
 .text          0x00005838       0x50 c:/program files (x86)/cypress/psoc creator/4.4/psoc creator/import/gnu/arm/5.4.1/bin/../lib/gcc/arm-none-eabi/5.4.1/armv6-m\libgcc.a(eqsf2.o)
                0x00005838                __eqsf2
                0x00005838                __nesf2
 .text          0x00005888       0x88 c:/program files (x86)/cypress/psoc creator/4.4/psoc creator/import/gnu/arm/5.4.1/bin/../lib/gcc/arm-none-eabi/5.4.1/armv6-m\libgcc.a(gesf2.o)
                0x00005888                __gesf2
                0x00005888                __gtsf2
 .text          0x00005910       0x88 c:/program files (x86)/cypress/psoc creator/4.4/psoc creator/import/gnu/arm/5.4.1/bin/../lib/gcc/arm-none-eabi/5.4.1/armv6-m\libgcc.a(lesf2.o)
                0x00005910                __ltsf2
                0x00005910                __lesf2
 .text.__errno  0x00005998        0xc c:/program files (x86)/cypress/psoc creator/4.4/psoc creator/import/gnu/arm/5.4.1/bin/../lib/gcc/arm-none-eabi/5.4.1/../../../../arm-none-eabi/lib/armv6-m\libg_nano.a(lib_a-errno.o)
                0x00005998                __errno
 .text.__libc_init_array
                0x000059a4       0x4c c:/program files (x86)/cypress/psoc creator/4.4/psoc creator/import/gnu/arm/5.4.1/bin/../lib/gcc/arm-none-eabi/5.4.1/../../../../arm-none-eabi/lib/armv6-m\libg_nano.a(lib_a-init.o)
                0x000059a4                __libc_init_array
 .text.memset   0x000059f0       0x10 c:/program files (x86)/cypress/psoc creator/4.4/psoc creator/import/gnu/arm/5.4.1/bin/../lib/gcc/arm-none-eabi/5.4.1/../../../../arm-none-eabi/lib/armv6-m\libg_nano.a(lib_a-memset.o)
                0x000059f0                memset
 *(.plt)
 *(.gnu.warning)
 *(.glue_7t)
 .glue_7t       0x00005a00        0x0 linker stubs
 *(.glue_7)
 .glue_7        0x00005a00        0x0 linker stubs
 *(.vfp11_veneer)
 .vfp11_veneer  0x00005a00        0x0 linker stubs
 *(.bootloader)
 *(.ARM.extab* .gnu.linkonce.armextab.*)
 *(.gcc_except_table)

.v4_bx          0x00005a00        0x0
 .v4_bx         0x00005a00        0x0 linker stubs

.iplt           0x00005a00        0x0
 .iplt          0x00005a00        0x0 c:/program files (x86)/cypress/psoc creator/4.4/psoc creator/import/gnu/arm/5.4.1/bin/../lib/gcc/arm-none-eabi/5.4.1/armv6-m/crtbegin.o

.eh_frame_hdr
 *(.eh_frame_hdr)

.eh_frame       0x00005a00        0x4
 *(.eh_frame)
 .eh_frame      0x00005a00        0x0 c:/program files (x86)/cypress/psoc creator/4.4/psoc creator/import/gnu/arm/5.4.1/bin/../lib/gcc/arm-none-eabi/5.4.1/armv6-m/crtbegin.o
 .eh_frame      0x00005a00        0x4 c:/program files (x86)/cypress/psoc creator/4.4/psoc creator/import/gnu/arm/5.4.1/bin/../lib/gcc/arm-none-eabi/5.4.1/armv6-m/crtend.o
                [!provide]                PROVIDE (__exidx_start, .)

.ARM.exidx
 *(.ARM.exidx* .gnu.linkonce.armexidx.*)
                0x00005a04                __exidx_end = .

.rodata         0x00005a08      0x708
 *(.rodata .rodata.* .gnu.linkonce.r.*)
 .rodata.str1.4
                0x00005a08       0x54 .\CortexM0\ARM_GCC_541\Debug\main.o
                                 0x52 (size before relaxing)
 .rodata        0x00005a5c      0x210 .\CortexM0\ARM_GCC_541\Debug\cyfitter_cfg.o
 .rodata        0x00005c6c       0x2e .\CortexM0\ARM_GCC_541\Debug\BLDC_Motor_Board.a(CyLib.o)
                0x00005c6c                cyImoFreqMhz2Reg
 *fill*         0x00005c9a        0x2 
 .rodata        0x00005c9c      0x160 .\CortexM0\ARM_GCC_541\Debug\BLDC_Motor_Board.a(CAN.o)
 .rodata.npio2_hw
                0x00005dfc       0x80 c:/program files (x86)/cypress/psoc creator/4.4/psoc creator/import/gnu/arm/5.4.1/bin/../lib/gcc/arm-none-eabi/5.4.1/../../../../arm-none-eabi/lib/armv6-m\libm.a(lib_a-e_rem_pio2.o)
 .rodata.two_over_pi
                0x00005e7c      0x108 c:/program files (x86)/cypress/psoc creator/4.4/psoc creator/import/gnu/arm/5.4.1/bin/../lib/gcc/arm-none-eabi/5.4.1/../../../../arm-none-eabi/lib/armv6-m\libm.a(lib_a-e_rem_pio2.o)
 .rodata.init_jk
                0x00005f84       0x10 c:/program files (x86)/cypress/psoc creator/4.4/psoc creator/import/gnu/arm/5.4.1/bin/../lib/gcc/arm-none-eabi/5.4.1/../../../../arm-none-eabi/lib/armv6-m\libm.a(lib_a-k_rem_pio2.o)
 *fill*         0x00005f94        0x4 
 .rodata.PIo2   0x00005f98       0x40 c:/program files (x86)/cypress/psoc creator/4.4/psoc creator/import/gnu/arm/5.4.1/bin/../lib/gcc/arm-none-eabi/5.4.1/../../../../arm-none-eabi/lib/armv6-m\libm.a(lib_a-k_rem_pio2.o)
 .rodata        0x00005fd8       0x80 c:/program files (x86)/cypress/psoc creator/4.4/psoc creator/import/gnu/arm/5.4.1/bin/../lib/gcc/arm-none-eabi/5.4.1/armv6-m\libgcc.a(divsf3.o)
 .rodata        0x00006058       0x40 c:/program files (x86)/cypress/psoc creator/4.4/psoc creator/import/gnu/arm/5.4.1/bin/../lib/gcc/arm-none-eabi/5.4.1/armv6-m\libgcc.a(divdf3.o)
 .rodata        0x00006098       0x40 c:/program files (x86)/cypress/psoc creator/4.4/psoc creator/import/gnu/arm/5.4.1/bin/../lib/gcc/arm-none-eabi/5.4.1/armv6-m\libgcc.a(muldf3.o)
 .rodata.str1.1
                0x000060d8        0x2 c:/program files (x86)/cypress/psoc creator/4.4/psoc creator/import/gnu/arm/5.4.1/bin/../lib/gcc/arm-none-eabi/5.4.1/../../../../arm-none-eabi/lib/armv6-m\libg_nano.a(lib_a-impure.o)
                0x000060dc                . = ALIGN (0x4)
 *fill*         0x000060da        0x2 
 *(.init)
 .init          0x000060dc        0x4 c:/program files (x86)/cypress/psoc creator/4.4/psoc creator/import/gnu/arm/5.4.1/bin/../lib/gcc/arm-none-eabi/5.4.1/armv6-m/crti.o
                0x000060dc                _init
 .init          0x000060e0        0x8 c:/program files (x86)/cypress/psoc creator/4.4/psoc creator/import/gnu/arm/5.4.1/bin/../lib/gcc/arm-none-eabi/5.4.1/armv6-m/crtn.o
                0x000060e8                . = ALIGN (0x4)
                0x000060e8                __preinit_array_start = .
 *(.preinit_array)
                0x000060e8                __preinit_array_end = .
                0x000060e8                . = ALIGN (0x4)
                0x000060e8                __init_array_start = .
 *(SORT(.init_array.*))
 *(.init_array)
 .init_array    0x000060e8        0x4 c:/program files (x86)/cypress/psoc creator/4.4/psoc creator/import/gnu/arm/5.4.1/bin/../lib/gcc/arm-none-eabi/5.4.1/armv6-m/crtbegin.o
 .init_array    0x000060ec        0x4 .\CortexM0\ARM_GCC_541\Debug\Cm0Start.o
                0x000060f0                __init_array_end = .
                0x000060f0                . = ALIGN (0x4)
 *(.fini)
 .fini          0x000060f0        0x4 c:/program files (x86)/cypress/psoc creator/4.4/psoc creator/import/gnu/arm/5.4.1/bin/../lib/gcc/arm-none-eabi/5.4.1/armv6-m/crti.o
                0x000060f0                _fini
 .fini          0x000060f4        0x8 c:/program files (x86)/cypress/psoc creator/4.4/psoc creator/import/gnu/arm/5.4.1/bin/../lib/gcc/arm-none-eabi/5.4.1/armv6-m/crtn.o
                0x000060fc                . = ALIGN (0x4)
                0x000060fc                __fini_array_start = .
 *(.fini_array)
 .fini_array    0x000060fc        0x4 c:/program files (x86)/cypress/psoc creator/4.4/psoc creator/import/gnu/arm/5.4.1/bin/../lib/gcc/arm-none-eabi/5.4.1/armv6-m/crtbegin.o
 *(SORT(.fini_array.*))
                0x00006100                __fini_array_end = .
                0x00006100                . = ALIGN (0x4)
 *crtbegin.o(.ctors)
 *(EXCLUDE_FILE(*crtend.o) .ctors)
 *(SORT(.ctors.*))
 *crtend.o(.ctors)
                0x00006100                . = ALIGN (0x4)
 *crtbegin.o(.dtors)
 *(EXCLUDE_FILE(*crtend.o) .dtors)
 *(SORT(.dtors.*))
 *crtend.o(.dtors)
                0x00006100                . = ALIGN (0x4)
                0x00006100                __cy_regions = .
                0x00006100        0x4 LONG 0x6110 __cy_region_init_ram
                0x00006104        0x4 LONG 0x200000c0 __cy_region_start_data
                0x00006108        0x4 LONG 0x90 __cy_region_init_size_ram
                0x0000610c        0x4 LONG 0x238 __cy_region_zero_size_ram
                0x00006110                __cy_regions_end = .
                0x00006110                . = ALIGN (0x8)
                0x00006110                _etext = .

.cy_checksum_exclude
                0x00006110        0x0
 *(.cy_checksum_exclude)

.ramvectors     0x20000000       0xc0
                0x20000000                __cy_region_start_ram = .
 *(.ramvectors)
 .ramvectors    0x20000000       0xc0 .\CortexM0\ARM_GCC_541\Debug\Cm0Start.o
                0x20000000                CyRamVectors

.noinit
 *(.noinit)

.data           0x200000c0       0x90 load address 0x00006110
                0x200000c0                __cy_region_start_data = .
 *(.jcr)
 .jcr           0x200000c0        0x0 c:/program files (x86)/cypress/psoc creator/4.4/psoc creator/import/gnu/arm/5.4.1/bin/../lib/gcc/arm-none-eabi/5.4.1/armv6-m/crtbegin.o
 .jcr           0x200000c0        0x4 c:/program files (x86)/cypress/psoc creator/4.4/psoc creator/import/gnu/arm/5.4.1/bin/../lib/gcc/arm-none-eabi/5.4.1/armv6-m/crtend.o
 *(.got.plt)
 *(.got)
 *(.shdata)
 *(.data .data.* .gnu.linkonce.d.*)
 .data          0x200000c4        0x4 .\CortexM0\ARM_GCC_541\Debug\main.o
                0x200000c4                delay
                0x200000c6                period
 .data          0x200000c8        0x6 .\CortexM0\ARM_GCC_541\Debug\BLDC_Drive.o
                0x200000c8                rotorStates
 *fill*         0x200000ce        0x2 
 .data          0x200000d0       0x14 .\CortexM0\ARM_GCC_541\Debug\BLDC_Motor_Board.a(CyLib.o)
                0x200000d0                CySysClkPumpConfig
                0x200000d4                cydelay32kMs
                0x200000d8                cydelayFreqKhz
                0x200000dc                cydelayFreqMhz
                0x200000e0                cydelayFreqHz
 .data          0x200000e4        0x8 .\CortexM0\ARM_GCC_541\Debug\BLDC_Motor_Board.a(CyLFClk.o)
 .data.impure_data
                0x200000ec       0x60 c:/program files (x86)/cypress/psoc creator/4.4/psoc creator/import/gnu/arm/5.4.1/bin/../lib/gcc/arm-none-eabi/5.4.1/../../../../arm-none-eabi/lib/armv6-m\libg_nano.a(lib_a-impure.o)
 .data._impure_ptr
                0x2000014c        0x4 c:/program files (x86)/cypress/psoc creator/4.4/psoc creator/import/gnu/arm/5.4.1/bin/../lib/gcc/arm-none-eabi/5.4.1/../../../../arm-none-eabi/lib/armv6-m\libg_nano.a(lib_a-impure.o)
                0x2000014c                _impure_ptr
                0x20000150                . = ALIGN (0x8)
 *(.ram)
                0x20000150                _edata = .

.igot.plt       0x20000150        0x0 load address 0x000061a0
 .igot.plt      0x20000150        0x0 c:/program files (x86)/cypress/psoc creator/4.4/psoc creator/import/gnu/arm/5.4.1/bin/../lib/gcc/arm-none-eabi/5.4.1/armv6-m/crtbegin.o

.bss            0x20000150      0x238 load address 0x000061a0
                0x20000150                PROVIDE (__bss_start__, .)
 *(.shbss)
 *(.bss .bss.* .gnu.linkonce.b.*)
 .bss           0x20000150       0x1c c:/program files (x86)/cypress/psoc creator/4.4/psoc creator/import/gnu/arm/5.4.1/bin/../lib/gcc/arm-none-eabi/5.4.1/armv6-m/crtbegin.o
 .bss           0x2000016c       0x14 .\CortexM0\ARM_GCC_541\Debug\main.o
                0x2000016c                Can_LED
                0x2000016d                CAN_check_delay
                0x2000016e                Error_LED
                0x2000016f                Debug_LED
                0x20000170                ignoreLimSw
                0x20000171                address
                0x20000172                counter
                0x20000174                drive
                0x20000175                hallSensorsTimeOut
                0x20000176                encoderTimeOut
                0x20000178                nextPWM
                0x2000017c                millidegreeTarget
 .bss           0x20000180       0x11 .\CortexM0\ARM_GCC_541\Debug\BLDC_Drive.o
                0x20000180                invalidate
                0x20000181                currentDir
                0x20000184                currentSpeed
                0x20000188                currentRotorState
                0x2000018c                hallState
                0x20000190                coilState
 .bss           0x20000191        0x4 .\CortexM0\ARM_GCC_541\Debug\PortPSOC_CY8C4248AZI_L485.o
                0x20000191                latestMessageFull
                0x20000192                latestMessageHead
                0x20000193                latestMessageTail
                0x20000194                messageReadFlag
 *fill*         0x20000195        0x3 
 .bss           0x20000198       0x20 .\CortexM0\ARM_GCC_541\Debug\BLDC_Motor_Board.a(CyLib.o)
                0x20000198                CySysClkImoTrim4
                0x2000019c                CySysClkImoTrim5
                0x200001b4                CySysTickInitVar
 .bss           0x200001b8       0x28 .\CortexM0\ARM_GCC_541\Debug\BLDC_Motor_Board.a(CyLFClk.o)
 .bss           0x200001e0        0x1 .\CortexM0\ARM_GCC_541\Debug\BLDC_Motor_Board.a(CAN.o)
                0x200001e0                CAN_initVar
 *fill*         0x200001e1        0x1 
 .bss           0x200001e2        0x4 .\CortexM0\ARM_GCC_541\Debug\BLDC_Motor_Board.a(UART.o)
                0x200001e2                UART_initVar
                0x200001e4                UART_IntrTxMask
 *fill*         0x200001e6        0x2 
 .bss           0x200001e8        0x8 .\CortexM0\ARM_GCC_541\Debug\BLDC_Motor_Board.a(Current_Sensor_I2C.o)
                0x200001e8                Current_Sensor_I2C_initVar
                0x200001ec                Current_Sensor_I2C_customIntrHandler
 .bss           0x200001f0        0x4 .\CortexM0\ARM_GCC_541\Debug\BLDC_Motor_Board.a(TMC6100_SPI.o)
                0x200001f0                TMC6100_SPI_initVar
                0x200001f2                TMC6100_SPI_IntrTxMask
 .bss           0x200001f4        0x1 .\CortexM0\ARM_GCC_541\Debug\BLDC_Motor_Board.a(Timer_Rotor_Delay.o)
                0x200001f4                Timer_Rotor_Delay_initVar
 .bss           0x200001f5        0x1 .\CortexM0\ARM_GCC_541\Debug\BLDC_Motor_Board.a(Timer_Period_Reset.o)
                0x200001f5                Timer_Period_Reset_initVar
 *(COMMON)
 *fill*         0x200001f6        0x2 
 COMMON         0x200001f8       0x8c .\CortexM0\ARM_GCC_541\Debug\main.o
                0x200001f8                bound_set2
                0x200001fc                txData
                0x20000260                can_send
                0x2000026c                bound_set1
                0x20000270                enc_lim_2
                0x20000274                can_recieve
                0x20000280                enc_lim_1
 COMMON         0x20000284        0x4 .\CortexM0\ARM_GCC_541\Debug\BLDC_Drive.o
                0x20000284                delay_ms
 COMMON         0x20000288       0xd8 .\CortexM0\ARM_GCC_541\Debug\PortPSOC_CY8C4248AZI_L485.o
                0x20000288                deviceGroup
                0x2000028c                rxMailbox
                0x2000029c                deviceAddress
                0x200002a0                latestMessage
 COMMON         0x20000360        0x1 .\CortexM0\ARM_GCC_541\Debug\BLDC_Motor_Board.a(Current_Sensor_I2C_I2C.o)
                0x20000360                Current_Sensor_I2C_state
 *fill*         0x20000361        0x3 
 COMMON         0x20000364       0x20 .\CortexM0\ARM_GCC_541\Debug\BLDC_Motor_Board.a(Current_Sensor_I2C_I2C_MASTER.o)
                0x20000364                Current_Sensor_I2C_mstrWrBufPtr
                0x20000368                Current_Sensor_I2C_mstrWrBufSize
                0x2000036c                Current_Sensor_I2C_mstrRdBufPtr
                0x20000370                Current_Sensor_I2C_mstrRdBufSize
                0x20000374                Current_Sensor_I2C_mstrControl
                0x20000376                Current_Sensor_I2C_mstrStatus
                0x20000378                Current_Sensor_I2C_mstrWrBufIndex
                0x2000037c                Current_Sensor_I2C_mstrWrBufIndexTmp
                0x20000380                Current_Sensor_I2C_mstrRdBufIndex
                0x20000388                . = ALIGN (0x8)
 *fill*         0x20000384        0x4 
 *(.ram.b)
                0x20000388                _end = .
                0x20000388                __end = .
                0x20000388                PROVIDE (end, .)
                0x20000388                PROVIDE (__bss_end__, .)
                0x00006110                __cy_region_init_ram = LOADADDR (.data)
                0x00000090                __cy_region_init_size_ram = (_edata - ADDR (.data))
                0x00000238                __cy_region_zero_size_ram = (_end - _edata)

.heap           0x20000388       0x80 load address 0x000061a0
                0x20000388                . = _end
                0x20000408                . = (. + 0x80)
 *fill*         0x20000388       0x80 
                0x20000408                __cy_heap_limit = .

.stack          0x20007800      0x800
                0x20007800                __cy_stack_limit = .
                0x20008000                . = (. + 0x800)
 *fill*         0x20007800      0x800 
                0x00000001                ASSERT ((__cy_stack_limit >= __cy_heap_limit), region RAM overflowed with stack)
                0x00000000                cy_checksum_exclude_size = (CY_APPL_LOADABLE == 0x1)?SIZEOF (.cy_checksum_exclude):0x0
                0x00000001                ASSERT ((cy_checksum_exclude_size <= CY_CHECKSUM_EXCLUDE_SIZE), CY_BOOT: Section .cy_checksum_exclude size exceedes specified limit.)
                0x0003ffc0                cyloadermeta_start = (cy_project_type_bootloader || cy_project_type_app_for_stack_and_copier)?(LENGTH (rom) - CY_METADATA_SIZE):0xf0000000

.cyloadermeta
 *(.cyloadermeta)
                0x0003ffc0                cyloadablemeta_start = cy_project_type_app_for_stack_and_copier?((LENGTH (rom) - CY_FLASH_ROW_SIZE) - CY_METADATA_SIZE):((LENGTH (rom) - (CY_FLASH_ROW_SIZE * (CY_APPL_NUM - 0x1))) - CY_METADATA_SIZE)

.cyloadablemeta
 *(.cyloadablemeta)

.cyflashprotect
                0x90400000       0x80
 *(.cyflashprotect)
 .cyflashprotect
                0x90400000       0x80 .\CortexM0\ARM_GCC_541\Debug\cymetadata.o
                0x90400000                cy_meta_flashprotect

.cymeta         0x90500000        0xc
 *(.cymeta)
 .cymeta        0x90500000        0xc .\CortexM0\ARM_GCC_541\Debug\cymetadata.o
                0x90500000                cy_metadata

.cychipprotect  0x90600000        0x1
 *(.cychipprotect)
 .cychipprotect
                0x90600000        0x1 .\CortexM0\ARM_GCC_541\Debug\cymetadata.o
                0x90600000                cy_meta_chipprotect

.rel.dyn        0x000061a0        0x0 load address 0x90600004
 .rel.iplt      0x000061a0        0x0 c:/program files (x86)/cypress/psoc creator/4.4/psoc creator/import/gnu/arm/5.4.1/bin/../lib/gcc/arm-none-eabi/5.4.1/armv6-m/crtbegin.o

.stab
 *(.stab)

.stabstr
 *(.stabstr)

.debug
 *(.debug)

.line
 *(.line)

.debug_srcinfo
 *(.debug_srcinfo)

.debug_sfnames
 *(.debug_sfnames)

.debug_aranges  0x00000000     0x1598
 *(.debug_aranges)
 .debug_aranges
                0x00000000       0x50 .\CortexM0\ARM_GCC_541\Debug\main.o
 .debug_aranges
                0x00000050       0x78 .\CortexM0\ARM_GCC_541\Debug\BLDC_FSM.o
 .debug_aranges
                0x000000c8       0x28 .\CortexM0\ARM_GCC_541\Debug\BLDC_CAN.o
 .debug_aranges
                0x000000f0       0x38 .\CortexM0\ARM_GCC_541\Debug\BLDC_Drive.o
 .debug_aranges
                0x00000128       0xf0 .\CortexM0\ARM_GCC_541\Debug\BLDC_pid.o
 .debug_aranges
                0x00000218       0xc0 .\CortexM0\ARM_GCC_541\Debug\CANCommon.o
 .debug_aranges
                0x000002d8       0x88 .\CortexM0\ARM_GCC_541\Debug\CANGPIO.o
 .debug_aranges
                0x00000360       0x18 .\CortexM0\ARM_GCC_541\Debug\CANLocalization.o
 .debug_aranges
                0x00000378      0x140 .\CortexM0\ARM_GCC_541\Debug\CANMotorUnit.o
 .debug_aranges
                0x000004b8       0xa8 .\CortexM0\ARM_GCC_541\Debug\CANPacket.o
 .debug_aranges
                0x00000560       0x40 .\CortexM0\ARM_GCC_541\Debug\CANPower.o
 .debug_aranges
                0x000005a0       0x50 .\CortexM0\ARM_GCC_541\Debug\CANScience.o
 .debug_aranges
                0x000005f0       0x68 .\CortexM0\ARM_GCC_541\Debug\PortPSOC_CY8C4248AZI_L485.o
 .debug_aranges
                0x00000658       0x40 .\CortexM0\ARM_GCC_541\Debug\cyfitter_cfg.o
 .debug_aranges
                0x00000698       0x18 .\CortexM0\ARM_GCC_541\Debug\cymetadata.o
 .debug_aranges
                0x000006b0       0x48 .\CortexM0\ARM_GCC_541\Debug\Cm0Start.o
 .debug_aranges
                0x000006f8      0x270 .\CortexM0\ARM_GCC_541\Debug\BLDC_Motor_Board.a(CyLib.o)
 .debug_aranges
                0x00000968      0x188 .\CortexM0\ARM_GCC_541\Debug\BLDC_Motor_Board.a(CyLFClk.o)
 .debug_aranges
                0x00000af0       0x48 .\CortexM0\ARM_GCC_541\Debug\BLDC_Motor_Board.a(UH.o)
 .debug_aranges
                0x00000b38       0x48 .\CortexM0\ARM_GCC_541\Debug\BLDC_Motor_Board.a(UL.o)
 .debug_aranges
                0x00000b80       0x48 .\CortexM0\ARM_GCC_541\Debug\BLDC_Motor_Board.a(VH.o)
 .debug_aranges
                0x00000bc8       0x48 .\CortexM0\ARM_GCC_541\Debug\BLDC_Motor_Board.a(VL.o)
 .debug_aranges
                0x00000c10       0x48 .\CortexM0\ARM_GCC_541\Debug\BLDC_Motor_Board.a(WH.o)
 .debug_aranges
                0x00000c58       0x48 .\CortexM0\ARM_GCC_541\Debug\BLDC_Motor_Board.a(WL.o)
 .debug_aranges
                0x00000ca0       0xe8 .\CortexM0\ARM_GCC_541\Debug\BLDC_Motor_Board.a(CAN.o)
 .debug_aranges
                0x00000d88       0x20 .\CortexM0\ARM_GCC_541\Debug\BLDC_Motor_Board.a(CAN_INT.o)
 .debug_aranges
                0x00000da8       0x30 .\CortexM0\ARM_GCC_541\Debug\BLDC_Motor_Board.a(CAN_TX_RX_func.o)
 .debug_aranges
                0x00000dd8       0x58 .\CortexM0\ARM_GCC_541\Debug\BLDC_Motor_Board.a(UART.o)
 .debug_aranges
                0x00000e30       0x90 .\CortexM0\ARM_GCC_541\Debug\BLDC_Motor_Board.a(UART_UART.o)
 .debug_aranges
                0x00000ec0       0x48 .\CortexM0\ARM_GCC_541\Debug\BLDC_Motor_Board.a(ERROR_LED.o)
 .debug_aranges
                0x00000f08       0x60 .\CortexM0\ARM_GCC_541\Debug\BLDC_Motor_Board.a(Current_Sensor_I2C.o)
 .debug_aranges
                0x00000f68       0x30 .\CortexM0\ARM_GCC_541\Debug\BLDC_Motor_Board.a(Current_Sensor_I2C_I2C.o)
 .debug_aranges
                0x00000f98       0x98 .\CortexM0\ARM_GCC_541\Debug\BLDC_Motor_Board.a(Current_Sensor_I2C_I2C_MASTER.o)
 .debug_aranges
                0x00001030       0x48 .\CortexM0\ARM_GCC_541\Debug\BLDC_Motor_Board.a(CAN_LED.o)
 .debug_aranges
                0x00001078       0x58 .\CortexM0\ARM_GCC_541\Debug\BLDC_Motor_Board.a(TMC6100_SPI.o)
 .debug_aranges
                0x000010d0       0x38 .\CortexM0\ARM_GCC_541\Debug\BLDC_Motor_Board.a(TMC6100_SPI_SPI.o)
 .debug_aranges
                0x00001108       0x80 .\CortexM0\ARM_GCC_541\Debug\BLDC_Motor_Board.a(isr_Limit_1.o)
 .debug_aranges
                0x00001188       0x48 .\CortexM0\ARM_GCC_541\Debug\BLDC_Motor_Board.a(Pin_Limit_2.o)
 .debug_aranges
                0x000011d0       0x48 .\CortexM0\ARM_GCC_541\Debug\BLDC_Motor_Board.a(Pin_Limit_1.o)
 .debug_aranges
                0x00001218       0x90 .\CortexM0\ARM_GCC_541\Debug\BLDC_Motor_Board.a(Timer_Rotor_Delay.o)
 .debug_aranges
                0x000012a8       0x80 .\CortexM0\ARM_GCC_541\Debug\BLDC_Motor_Board.a(isr_Hall.o)
 .debug_aranges
                0x00001328       0x40 .\CortexM0\ARM_GCC_541\Debug\BLDC_Motor_Board.a(Address_Register.o)
 .debug_aranges
                0x00001368       0x40 .\CortexM0\ARM_GCC_541\Debug\BLDC_Motor_Board.a(Limit_Register.o)
 .debug_aranges
                0x000013a8       0x90 .\CortexM0\ARM_GCC_541\Debug\BLDC_Motor_Board.a(Timer_Period_Reset.o)
 .debug_aranges
                0x00001438       0x80 .\CortexM0\ARM_GCC_541\Debug\BLDC_Motor_Board.a(isr_Period_Reset.o)
 .debug_aranges
                0x000014b8       0x20 .\CortexM0\ARM_GCC_541\Debug\BLDC_Motor_Board.a(CyBootAsmGnu.o)
 .debug_aranges
                0x000014d8       0x40 .\CortexM0\ARM_GCC_541\Debug\BLDC_Motor_Board.a(CyFlash.o)
 .debug_aranges
                0x00001518       0x60 .\CortexM0\ARM_GCC_541\Debug\BLDC_Motor_Board.a(UART_SPI_UART.o)
 .debug_aranges
                0x00001578       0x20 .\CortexM0\ARM_GCC_541\Debug\BLDC_Motor_Board.a(Current_Sensor_I2C_I2C_INT.o)

.debug_pubnames
 *(.debug_pubnames)

.debug_info     0x00000000     0xd0b7
 *(.debug_info .gnu.linkonce.wi.*)
 .debug_info    0x00000000      0x707 .\CortexM0\ARM_GCC_541\Debug\main.o
 .debug_info    0x00000707      0x1ed .\CortexM0\ARM_GCC_541\Debug\BLDC_FSM.o
 .debug_info    0x000008f4      0xc06 .\CortexM0\ARM_GCC_541\Debug\BLDC_CAN.o
 .debug_info    0x000014fa      0x454 .\CortexM0\ARM_GCC_541\Debug\BLDC_Drive.o
 .debug_info    0x0000194e      0x545 .\CortexM0\ARM_GCC_541\Debug\BLDC_pid.o
 .debug_info    0x00001e93      0xa46 .\CortexM0\ARM_GCC_541\Debug\CANCommon.o
 .debug_info    0x000028d9      0x60d .\CortexM0\ARM_GCC_541\Debug\CANGPIO.o
 .debug_info    0x00002ee6       0x6b .\CortexM0\ARM_GCC_541\Debug\CANLocalization.o
 .debug_info    0x00002f51     0x10ba .\CortexM0\ARM_GCC_541\Debug\CANMotorUnit.o
 .debug_info    0x0000400b      0x641 .\CortexM0\ARM_GCC_541\Debug\CANPacket.o
 .debug_info    0x0000464c      0x2ff .\CortexM0\ARM_GCC_541\Debug\CANPower.o
 .debug_info    0x0000494b      0x353 .\CortexM0\ARM_GCC_541\Debug\CANScience.o
 .debug_info    0x00004c9e      0x639 .\CortexM0\ARM_GCC_541\Debug\PortPSOC_CY8C4248AZI_L485.o
 .debug_info    0x000052d7      0x3cd .\CortexM0\ARM_GCC_541\Debug\cyfitter_cfg.o
 .debug_info    0x000056a4       0xf8 .\CortexM0\ARM_GCC_541\Debug\cymetadata.o
 .debug_info    0x0000579c      0x3a2 .\CortexM0\ARM_GCC_541\Debug\Cm0Start.o
 .debug_info    0x00005b3e     0x17e4 .\CortexM0\ARM_GCC_541\Debug\BLDC_Motor_Board.a(CyLib.o)
 .debug_info    0x00007322     0x1058 .\CortexM0\ARM_GCC_541\Debug\BLDC_Motor_Board.a(CyLFClk.o)
 .debug_info    0x0000837a      0x19d .\CortexM0\ARM_GCC_541\Debug\BLDC_Motor_Board.a(UH.o)
 .debug_info    0x00008517      0x19d .\CortexM0\ARM_GCC_541\Debug\BLDC_Motor_Board.a(UL.o)
 .debug_info    0x000086b4      0x19d .\CortexM0\ARM_GCC_541\Debug\BLDC_Motor_Board.a(VH.o)
 .debug_info    0x00008851      0x19d .\CortexM0\ARM_GCC_541\Debug\BLDC_Motor_Board.a(VL.o)
 .debug_info    0x000089ee      0x19d .\CortexM0\ARM_GCC_541\Debug\BLDC_Motor_Board.a(WH.o)
 .debug_info    0x00008b8b      0x19b .\CortexM0\ARM_GCC_541\Debug\BLDC_Motor_Board.a(WL.o)
 .debug_info    0x00008d26      0x9c6 .\CortexM0\ARM_GCC_541\Debug\BLDC_Motor_Board.a(CAN.o)
 .debug_info    0x000096ec       0xa0 .\CortexM0\ARM_GCC_541\Debug\BLDC_Motor_Board.a(CAN_INT.o)
 .debug_info    0x0000978c      0x37e .\CortexM0\ARM_GCC_541\Debug\BLDC_Motor_Board.a(CAN_TX_RX_func.o)
 .debug_info    0x00009b0a      0x23a .\CortexM0\ARM_GCC_541\Debug\BLDC_Motor_Board.a(UART.o)
 .debug_info    0x00009d44      0x3b5 .\CortexM0\ARM_GCC_541\Debug\BLDC_Motor_Board.a(UART_UART.o)
 .debug_info    0x0000a0f9      0x19d .\CortexM0\ARM_GCC_541\Debug\BLDC_Motor_Board.a(ERROR_LED.o)
 .debug_info    0x0000a296      0x298 .\CortexM0\ARM_GCC_541\Debug\BLDC_Motor_Board.a(Current_Sensor_I2C.o)
 .debug_info    0x0000a52e      0x195 .\CortexM0\ARM_GCC_541\Debug\BLDC_Motor_Board.a(Current_Sensor_I2C_I2C.o)
 .debug_info    0x0000a6c3      0x813 .\CortexM0\ARM_GCC_541\Debug\BLDC_Motor_Board.a(Current_Sensor_I2C_I2C_MASTER.o)
 .debug_info    0x0000aed6      0x19d .\CortexM0\ARM_GCC_541\Debug\BLDC_Motor_Board.a(CAN_LED.o)
 .debug_info    0x0000b073      0x23a .\CortexM0\ARM_GCC_541\Debug\BLDC_Motor_Board.a(TMC6100_SPI.o)
 .debug_info    0x0000b2ad      0x13c .\CortexM0\ARM_GCC_541\Debug\BLDC_Motor_Board.a(TMC6100_SPI_SPI.o)
 .debug_info    0x0000b3e9      0x305 .\CortexM0\ARM_GCC_541\Debug\BLDC_Motor_Board.a(isr_Limit_1.o)
 .debug_info    0x0000b6ee      0x19d .\CortexM0\ARM_GCC_541\Debug\BLDC_Motor_Board.a(Pin_Limit_2.o)
 .debug_info    0x0000b88b      0x19b .\CortexM0\ARM_GCC_541\Debug\BLDC_Motor_Board.a(Pin_Limit_1.o)
 .debug_info    0x0000ba26      0x2ee .\CortexM0\ARM_GCC_541\Debug\BLDC_Motor_Board.a(Timer_Rotor_Delay.o)
 .debug_info    0x0000bd14      0x305 .\CortexM0\ARM_GCC_541\Debug\BLDC_Motor_Board.a(isr_Hall.o)
 .debug_info    0x0000c019      0x17f .\CortexM0\ARM_GCC_541\Debug\BLDC_Motor_Board.a(Address_Register.o)
 .debug_info    0x0000c198      0x17f .\CortexM0\ARM_GCC_541\Debug\BLDC_Motor_Board.a(Limit_Register.o)
 .debug_info    0x0000c317      0x2cf .\CortexM0\ARM_GCC_541\Debug\BLDC_Motor_Board.a(Timer_Period_Reset.o)
 .debug_info    0x0000c5e6      0x305 .\CortexM0\ARM_GCC_541\Debug\BLDC_Motor_Board.a(isr_Period_Reset.o)
 .debug_info    0x0000c8eb       0xb2 .\CortexM0\ARM_GCC_541\Debug\BLDC_Motor_Board.a(CyBootAsmGnu.o)
 .debug_info    0x0000c99d      0x352 .\CortexM0\ARM_GCC_541\Debug\BLDC_Motor_Board.a(CyFlash.o)
 .debug_info    0x0000ccef      0x220 .\CortexM0\ARM_GCC_541\Debug\BLDC_Motor_Board.a(UART_SPI_UART.o)
 .debug_info    0x0000cf0f      0x1a8 .\CortexM0\ARM_GCC_541\Debug\BLDC_Motor_Board.a(Current_Sensor_I2C_I2C_INT.o)

.debug_abbrev   0x00000000     0x3702
 *(.debug_abbrev)
 .debug_abbrev  0x00000000      0x1b1 .\CortexM0\ARM_GCC_541\Debug\main.o
 .debug_abbrev  0x000001b1       0xd3 .\CortexM0\ARM_GCC_541\Debug\BLDC_FSM.o
 .debug_abbrev  0x00000284      0x170 .\CortexM0\ARM_GCC_541\Debug\BLDC_CAN.o
 .debug_abbrev  0x000003f4      0x15c .\CortexM0\ARM_GCC_541\Debug\BLDC_Drive.o
 .debug_abbrev  0x00000550      0x16b .\CortexM0\ARM_GCC_541\Debug\BLDC_pid.o
 .debug_abbrev  0x000006bb      0x149 .\CortexM0\ARM_GCC_541\Debug\CANCommon.o
 .debug_abbrev  0x00000804      0x106 .\CortexM0\ARM_GCC_541\Debug\CANGPIO.o
 .debug_abbrev  0x0000090a       0x26 .\CortexM0\ARM_GCC_541\Debug\CANLocalization.o
 .debug_abbrev  0x00000930      0x19d .\CortexM0\ARM_GCC_541\Debug\CANMotorUnit.o
 .debug_abbrev  0x00000acd      0x16f .\CortexM0\ARM_GCC_541\Debug\CANPacket.o
 .debug_abbrev  0x00000c3c      0x124 .\CortexM0\ARM_GCC_541\Debug\CANPower.o
 .debug_abbrev  0x00000d60       0xfe .\CortexM0\ARM_GCC_541\Debug\CANScience.o
 .debug_abbrev  0x00000e5e      0x1ad .\CortexM0\ARM_GCC_541\Debug\PortPSOC_CY8C4248AZI_L485.o
 .debug_abbrev  0x0000100b      0x1af .\CortexM0\ARM_GCC_541\Debug\cyfitter_cfg.o
 .debug_abbrev  0x000011ba       0x5d .\CortexM0\ARM_GCC_541\Debug\cymetadata.o
 .debug_abbrev  0x00001217      0x1d7 .\CortexM0\ARM_GCC_541\Debug\Cm0Start.o
 .debug_abbrev  0x000013ee      0x293 .\CortexM0\ARM_GCC_541\Debug\BLDC_Motor_Board.a(CyLib.o)
 .debug_abbrev  0x00001681      0x248 .\CortexM0\ARM_GCC_541\Debug\BLDC_Motor_Board.a(CyLFClk.o)
 .debug_abbrev  0x000018c9       0xc8 .\CortexM0\ARM_GCC_541\Debug\BLDC_Motor_Board.a(UH.o)
 .debug_abbrev  0x00001991       0xc8 .\CortexM0\ARM_GCC_541\Debug\BLDC_Motor_Board.a(UL.o)
 .debug_abbrev  0x00001a59       0xc8 .\CortexM0\ARM_GCC_541\Debug\BLDC_Motor_Board.a(VH.o)
 .debug_abbrev  0x00001b21       0xc8 .\CortexM0\ARM_GCC_541\Debug\BLDC_Motor_Board.a(VL.o)
 .debug_abbrev  0x00001be9       0xc8 .\CortexM0\ARM_GCC_541\Debug\BLDC_Motor_Board.a(WH.o)
 .debug_abbrev  0x00001cb1       0xc8 .\CortexM0\ARM_GCC_541\Debug\BLDC_Motor_Board.a(WL.o)
 .debug_abbrev  0x00001d79      0x186 .\CortexM0\ARM_GCC_541\Debug\BLDC_Motor_Board.a(CAN.o)
 .debug_abbrev  0x00001eff       0x42 .\CortexM0\ARM_GCC_541\Debug\BLDC_Motor_Board.a(CAN_INT.o)
 .debug_abbrev  0x00001f41      0x159 .\CortexM0\ARM_GCC_541\Debug\BLDC_Motor_Board.a(CAN_TX_RX_func.o)
 .debug_abbrev  0x0000209a       0xd5 .\CortexM0\ARM_GCC_541\Debug\BLDC_Motor_Board.a(UART.o)
 .debug_abbrev  0x0000216f      0x132 .\CortexM0\ARM_GCC_541\Debug\BLDC_Motor_Board.a(UART_UART.o)
 .debug_abbrev  0x000022a1       0xc8 .\CortexM0\ARM_GCC_541\Debug\BLDC_Motor_Board.a(ERROR_LED.o)
 .debug_abbrev  0x00002369      0x118 .\CortexM0\ARM_GCC_541\Debug\BLDC_Motor_Board.a(Current_Sensor_I2C.o)
 .debug_abbrev  0x00002481       0xc7 .\CortexM0\ARM_GCC_541\Debug\BLDC_Motor_Board.a(Current_Sensor_I2C_I2C.o)
 .debug_abbrev  0x00002548      0x1c2 .\CortexM0\ARM_GCC_541\Debug\BLDC_Motor_Board.a(Current_Sensor_I2C_I2C_MASTER.o)
 .debug_abbrev  0x0000270a       0xc8 .\CortexM0\ARM_GCC_541\Debug\BLDC_Motor_Board.a(CAN_LED.o)
 .debug_abbrev  0x000027d2       0xd5 .\CortexM0\ARM_GCC_541\Debug\BLDC_Motor_Board.a(TMC6100_SPI.o)
 .debug_abbrev  0x000028a7       0xc6 .\CortexM0\ARM_GCC_541\Debug\BLDC_Motor_Board.a(TMC6100_SPI_SPI.o)
 .debug_abbrev  0x0000296d      0x19a .\CortexM0\ARM_GCC_541\Debug\BLDC_Motor_Board.a(isr_Limit_1.o)
 .debug_abbrev  0x00002b07       0xc8 .\CortexM0\ARM_GCC_541\Debug\BLDC_Motor_Board.a(Pin_Limit_2.o)
 .debug_abbrev  0x00002bcf       0xc8 .\CortexM0\ARM_GCC_541\Debug\BLDC_Motor_Board.a(Pin_Limit_1.o)
 .debug_abbrev  0x00002c97      0x12b .\CortexM0\ARM_GCC_541\Debug\BLDC_Motor_Board.a(Timer_Rotor_Delay.o)
 .debug_abbrev  0x00002dc2      0x19a .\CortexM0\ARM_GCC_541\Debug\BLDC_Motor_Board.a(isr_Hall.o)
 .debug_abbrev  0x00002f5c       0xac .\CortexM0\ARM_GCC_541\Debug\BLDC_Motor_Board.a(Address_Register.o)
 .debug_abbrev  0x00003008       0xac .\CortexM0\ARM_GCC_541\Debug\BLDC_Motor_Board.a(Limit_Register.o)
 .debug_abbrev  0x000030b4      0x12b .\CortexM0\ARM_GCC_541\Debug\BLDC_Motor_Board.a(Timer_Period_Reset.o)
 .debug_abbrev  0x000031df      0x19a .\CortexM0\ARM_GCC_541\Debug\BLDC_Motor_Board.a(isr_Period_Reset.o)
 .debug_abbrev  0x00003379       0x14 .\CortexM0\ARM_GCC_541\Debug\BLDC_Motor_Board.a(CyBootAsmGnu.o)
 .debug_abbrev  0x0000338d      0x182 .\CortexM0\ARM_GCC_541\Debug\BLDC_Motor_Board.a(CyFlash.o)
 .debug_abbrev  0x0000350f      0x14f .\CortexM0\ARM_GCC_541\Debug\BLDC_Motor_Board.a(UART_SPI_UART.o)
 .debug_abbrev  0x0000365e       0xa4 .\CortexM0\ARM_GCC_541\Debug\BLDC_Motor_Board.a(Current_Sensor_I2C_I2C_INT.o)

.debug_line     0x00000000     0x57de
 *(.debug_line)
 .debug_line    0x00000000      0x3f2 .\CortexM0\ARM_GCC_541\Debug\main.o
 .debug_line    0x000003f2      0x205 .\CortexM0\ARM_GCC_541\Debug\BLDC_FSM.o
 .debug_line    0x000005f7      0x24f .\CortexM0\ARM_GCC_541\Debug\BLDC_CAN.o
 .debug_line    0x00000846      0x23d .\CortexM0\ARM_GCC_541\Debug\BLDC_Drive.o
 .debug_line    0x00000a83      0x33b .\CortexM0\ARM_GCC_541\Debug\BLDC_pid.o
 .debug_line    0x00000dbe      0x2f6 .\CortexM0\ARM_GCC_541\Debug\CANCommon.o
 .debug_line    0x000010b4      0x251 .\CortexM0\ARM_GCC_541\Debug\CANGPIO.o
 .debug_line    0x00001305       0x1d .\CortexM0\ARM_GCC_541\Debug\CANLocalization.o
 .debug_line    0x00001322      0x41a .\CortexM0\ARM_GCC_541\Debug\CANMotorUnit.o
 .debug_line    0x0000173c      0x2df .\CortexM0\ARM_GCC_541\Debug\CANPacket.o
 .debug_line    0x00001a1b      0x1a0 .\CortexM0\ARM_GCC_541\Debug\CANPower.o
 .debug_line    0x00001bbb      0x1c8 .\CortexM0\ARM_GCC_541\Debug\CANScience.o
 .debug_line    0x00001d83      0x2f9 .\CortexM0\ARM_GCC_541\Debug\PortPSOC_CY8C4248AZI_L485.o
 .debug_line    0x0000207c      0x196 .\CortexM0\ARM_GCC_541\Debug\cyfitter_cfg.o
 .debug_line    0x00002212      0x141 .\CortexM0\ARM_GCC_541\Debug\cymetadata.o
 .debug_line    0x00002353      0x236 .\CortexM0\ARM_GCC_541\Debug\Cm0Start.o
 .debug_line    0x00002589      0x8ef .\CortexM0\ARM_GCC_541\Debug\BLDC_Motor_Board.a(CyLib.o)
 .debug_line    0x00002e78      0x5d1 .\CortexM0\ARM_GCC_541\Debug\BLDC_Motor_Board.a(CyLFClk.o)
 .debug_line    0x00003449       0xba .\CortexM0\ARM_GCC_541\Debug\BLDC_Motor_Board.a(UH.o)
 .debug_line    0x00003503       0xba .\CortexM0\ARM_GCC_541\Debug\BLDC_Motor_Board.a(UL.o)
 .debug_line    0x000035bd       0xba .\CortexM0\ARM_GCC_541\Debug\BLDC_Motor_Board.a(VH.o)
 .debug_line    0x00003677       0xba .\CortexM0\ARM_GCC_541\Debug\BLDC_Motor_Board.a(VL.o)
 .debug_line    0x00003731       0xba .\CortexM0\ARM_GCC_541\Debug\BLDC_Motor_Board.a(WH.o)
 .debug_line    0x000037eb       0xb9 .\CortexM0\ARM_GCC_541\Debug\BLDC_Motor_Board.a(WL.o)
 .debug_line    0x000038a4      0x3e7 .\CortexM0\ARM_GCC_541\Debug\BLDC_Motor_Board.a(CAN.o)
 .debug_line    0x00003c8b       0x53 .\CortexM0\ARM_GCC_541\Debug\BLDC_Motor_Board.a(CAN_INT.o)
 .debug_line    0x00003cde       0xfc .\CortexM0\ARM_GCC_541\Debug\BLDC_Motor_Board.a(CAN_TX_RX_func.o)
 .debug_line    0x00003dda      0x108 .\CortexM0\ARM_GCC_541\Debug\BLDC_Motor_Board.a(UART.o)
 .debug_line    0x00003ee2      0x1cf .\CortexM0\ARM_GCC_541\Debug\BLDC_Motor_Board.a(UART_UART.o)
 .debug_line    0x000040b1       0xc1 .\CortexM0\ARM_GCC_541\Debug\BLDC_Motor_Board.a(ERROR_LED.o)
 .debug_line    0x00004172      0x142 .\CortexM0\ARM_GCC_541\Debug\BLDC_Motor_Board.a(Current_Sensor_I2C.o)
 .debug_line    0x000042b4       0xe0 .\CortexM0\ARM_GCC_541\Debug\BLDC_Motor_Board.a(Current_Sensor_I2C_I2C.o)
 .debug_line    0x00004394      0x31a .\CortexM0\ARM_GCC_541\Debug\BLDC_Motor_Board.a(Current_Sensor_I2C_I2C_MASTER.o)
 .debug_line    0x000046ae       0xbf .\CortexM0\ARM_GCC_541\Debug\BLDC_Motor_Board.a(CAN_LED.o)
 .debug_line    0x0000476d      0x118 .\CortexM0\ARM_GCC_541\Debug\BLDC_Motor_Board.a(TMC6100_SPI.o)
 .debug_line    0x00004885       0xcc .\CortexM0\ARM_GCC_541\Debug\BLDC_Motor_Board.a(TMC6100_SPI_SPI.o)
 .debug_line    0x00004951      0x157 .\CortexM0\ARM_GCC_541\Debug\BLDC_Motor_Board.a(isr_Limit_1.o)
 .debug_line    0x00004aa8       0xc3 .\CortexM0\ARM_GCC_541\Debug\BLDC_Motor_Board.a(Pin_Limit_2.o)
 .debug_line    0x00004b6b       0xc2 .\CortexM0\ARM_GCC_541\Debug\BLDC_Motor_Board.a(Pin_Limit_1.o)
 .debug_line    0x00004c2d      0x185 .\CortexM0\ARM_GCC_541\Debug\BLDC_Motor_Board.a(Timer_Rotor_Delay.o)
 .debug_line    0x00004db2      0x150 .\CortexM0\ARM_GCC_541\Debug\BLDC_Motor_Board.a(isr_Hall.o)
 .debug_line    0x00004f02       0xbf .\CortexM0\ARM_GCC_541\Debug\BLDC_Motor_Board.a(Address_Register.o)
 .debug_line    0x00004fc1       0xbd .\CortexM0\ARM_GCC_541\Debug\BLDC_Motor_Board.a(Limit_Register.o)
 .debug_line    0x0000507e      0x186 .\CortexM0\ARM_GCC_541\Debug\BLDC_Motor_Board.a(Timer_Period_Reset.o)
 .debug_line    0x00005204      0x15c .\CortexM0\ARM_GCC_541\Debug\BLDC_Motor_Board.a(isr_Period_Reset.o)
 .debug_line    0x00005360       0x68 .\CortexM0\ARM_GCC_541\Debug\BLDC_Motor_Board.a(CyBootAsmGnu.o)
 .debug_line    0x000053c8      0x173 .\CortexM0\ARM_GCC_541\Debug\BLDC_Motor_Board.a(CyFlash.o)
 .debug_line    0x0000553b      0x11a .\CortexM0\ARM_GCC_541\Debug\BLDC_Motor_Board.a(UART_SPI_UART.o)
 .debug_line    0x00005655      0x189 .\CortexM0\ARM_GCC_541\Debug\BLDC_Motor_Board.a(Current_Sensor_I2C_I2C_INT.o)

.debug_frame    0x00000000     0x3b98
 *(.debug_frame)
 .debug_frame   0x00000000       0xe8 .\CortexM0\ARM_GCC_541\Debug\main.o
 .debug_frame   0x000000e8       0xdc .\CortexM0\ARM_GCC_541\Debug\BLDC_FSM.o
 .debug_frame   0x000001c4       0x54 .\CortexM0\ARM_GCC_541\Debug\BLDC_CAN.o
 .debug_frame   0x00000218       0x6c .\CortexM0\ARM_GCC_541\Debug\BLDC_Drive.o
 .debug_frame   0x00000284      0x200 .\CortexM0\ARM_GCC_541\Debug\BLDC_pid.o
 .debug_frame   0x00000484      0x27c .\CortexM0\ARM_GCC_541\Debug\CANCommon.o
 .debug_frame   0x00000700      0x178 .\CortexM0\ARM_GCC_541\Debug\CANGPIO.o
 .debug_frame   0x00000878      0x3f8 .\CortexM0\ARM_GCC_541\Debug\CANMotorUnit.o
 .debug_frame   0x00000c70      0x1a4 .\CortexM0\ARM_GCC_541\Debug\CANPacket.o
 .debug_frame   0x00000e14       0x8c .\CortexM0\ARM_GCC_541\Debug\CANPower.o
 .debug_frame   0x00000ea0       0xb0 .\CortexM0\ARM_GCC_541\Debug\CANScience.o
 .debug_frame   0x00000f50       0xfc .\CortexM0\ARM_GCC_541\Debug\PortPSOC_CY8C4248AZI_L485.o
 .debug_frame   0x0000104c       0x98 .\CortexM0\ARM_GCC_541\Debug\cyfitter_cfg.o
 .debug_frame   0x000010e4       0xbc .\CortexM0\ARM_GCC_541\Debug\Cm0Start.o
 .debug_frame   0x000011a0      0x718 .\CortexM0\ARM_GCC_541\Debug\BLDC_Motor_Board.a(CyLib.o)
 .debug_frame   0x000018b8      0x4a4 .\CortexM0\ARM_GCC_541\Debug\BLDC_Motor_Board.a(CyLFClk.o)
 .debug_frame   0x00001d5c       0x70 .\CortexM0\ARM_GCC_541\Debug\BLDC_Motor_Board.a(UH.o)
 .debug_frame   0x00001dcc       0x70 .\CortexM0\ARM_GCC_541\Debug\BLDC_Motor_Board.a(UL.o)
 .debug_frame   0x00001e3c       0x70 .\CortexM0\ARM_GCC_541\Debug\BLDC_Motor_Board.a(VH.o)
 .debug_frame   0x00001eac       0x70 .\CortexM0\ARM_GCC_541\Debug\BLDC_Motor_Board.a(VL.o)
 .debug_frame   0x00001f1c       0x70 .\CortexM0\ARM_GCC_541\Debug\BLDC_Motor_Board.a(WH.o)
 .debug_frame   0x00001f8c       0x70 .\CortexM0\ARM_GCC_541\Debug\BLDC_Motor_Board.a(WL.o)
 .debug_frame   0x00001ffc      0x238 .\CortexM0\ARM_GCC_541\Debug\BLDC_Motor_Board.a(CAN.o)
 .debug_frame   0x00002234       0x20 .\CortexM0\ARM_GCC_541\Debug\BLDC_Motor_Board.a(CAN_INT.o)
 .debug_frame   0x00002254       0x60 .\CortexM0\ARM_GCC_541\Debug\BLDC_Motor_Board.a(CAN_TX_RX_func.o)
 .debug_frame   0x000022b4       0xd8 .\CortexM0\ARM_GCC_541\Debug\BLDC_Motor_Board.a(UART.o)
 .debug_frame   0x0000238c      0x144 .\CortexM0\ARM_GCC_541\Debug\BLDC_Motor_Board.a(UART_UART.o)
 .debug_frame   0x000024d0       0x70 .\CortexM0\ARM_GCC_541\Debug\BLDC_Motor_Board.a(ERROR_LED.o)
 .debug_frame   0x00002540       0xe8 .\CortexM0\ARM_GCC_541\Debug\BLDC_Motor_Board.a(Current_Sensor_I2C.o)
 .debug_frame   0x00002628       0x58 .\CortexM0\ARM_GCC_541\Debug\BLDC_Motor_Board.a(Current_Sensor_I2C_I2C.o)
 .debug_frame   0x00002680      0x1d8 .\CortexM0\ARM_GCC_541\Debug\BLDC_Motor_Board.a(Current_Sensor_I2C_I2C_MASTER.o)
 .debug_frame   0x00002858       0x70 .\CortexM0\ARM_GCC_541\Debug\BLDC_Motor_Board.a(CAN_LED.o)
 .debug_frame   0x000028c8       0xd8 .\CortexM0\ARM_GCC_541\Debug\BLDC_Motor_Board.a(TMC6100_SPI.o)
 .debug_frame   0x000029a0       0x50 .\CortexM0\ARM_GCC_541\Debug\BLDC_Motor_Board.a(TMC6100_SPI_SPI.o)
 .debug_frame   0x000029f0      0x110 .\CortexM0\ARM_GCC_541\Debug\BLDC_Motor_Board.a(isr_Limit_1.o)
 .debug_frame   0x00002b00       0x70 .\CortexM0\ARM_GCC_541\Debug\BLDC_Motor_Board.a(Pin_Limit_2.o)
 .debug_frame   0x00002b70       0x70 .\CortexM0\ARM_GCC_541\Debug\BLDC_Motor_Board.a(Pin_Limit_1.o)
 .debug_frame   0x00002be0      0x124 .\CortexM0\ARM_GCC_541\Debug\BLDC_Motor_Board.a(Timer_Rotor_Delay.o)
 .debug_frame   0x00002d04      0x110 .\CortexM0\ARM_GCC_541\Debug\BLDC_Motor_Board.a(isr_Hall.o)
 .debug_frame   0x00002e14       0x78 .\CortexM0\ARM_GCC_541\Debug\BLDC_Motor_Board.a(Address_Register.o)
 .debug_frame   0x00002e8c       0x78 .\CortexM0\ARM_GCC_541\Debug\BLDC_Motor_Board.a(Limit_Register.o)
 .debug_frame   0x00002f04      0x124 .\CortexM0\ARM_GCC_541\Debug\BLDC_Motor_Board.a(Timer_Period_Reset.o)
 .debug_frame   0x00003028      0x110 .\CortexM0\ARM_GCC_541\Debug\BLDC_Motor_Board.a(isr_Period_Reset.o)
 .debug_frame   0x00003138       0x90 .\CortexM0\ARM_GCC_541\Debug\BLDC_Motor_Board.a(CyFlash.o)
 .debug_frame   0x000031c8       0xb0 .\CortexM0\ARM_GCC_541\Debug\BLDC_Motor_Board.a(UART_SPI_UART.o)
 .debug_frame   0x00003278       0x2c .\CortexM0\ARM_GCC_541\Debug\BLDC_Motor_Board.a(Current_Sensor_I2C_I2C_INT.o)
 .debug_frame   0x000032a4       0x2c c:/program files (x86)/cypress/psoc creator/4.4/psoc creator/import/gnu/arm/5.4.1/bin/../lib/gcc/arm-none-eabi/5.4.1/../../../../arm-none-eabi/lib/armv6-m\libm.a(lib_a-s_cos.o)
 .debug_frame   0x000032d0       0x3c c:/program files (x86)/cypress/psoc creator/4.4/psoc creator/import/gnu/arm/5.4.1/bin/../lib/gcc/arm-none-eabi/5.4.1/../../../../arm-none-eabi/lib/armv6-m\libm.a(lib_a-e_rem_pio2.o)
 .debug_frame   0x0000330c       0x38 c:/program files (x86)/cypress/psoc creator/4.4/psoc creator/import/gnu/arm/5.4.1/bin/../lib/gcc/arm-none-eabi/5.4.1/../../../../arm-none-eabi/lib/armv6-m\libm.a(lib_a-k_cos.o)
 .debug_frame   0x00003344       0x3c c:/program files (x86)/cypress/psoc creator/4.4/psoc creator/import/gnu/arm/5.4.1/bin/../lib/gcc/arm-none-eabi/5.4.1/../../../../arm-none-eabi/lib/armv6-m\libm.a(lib_a-k_rem_pio2.o)
 .debug_frame   0x00003380       0x38 c:/program files (x86)/cypress/psoc creator/4.4/psoc creator/import/gnu/arm/5.4.1/bin/../lib/gcc/arm-none-eabi/5.4.1/../../../../arm-none-eabi/lib/armv6-m\libm.a(lib_a-k_sin.o)
 .debug_frame   0x000033b8       0x20 c:/program files (x86)/cypress/psoc creator/4.4/psoc creator/import/gnu/arm/5.4.1/bin/../lib/gcc/arm-none-eabi/5.4.1/../../../../arm-none-eabi/lib/armv6-m\libm.a(lib_a-s_fabs.o)
 .debug_frame   0x000033d8       0x3c c:/program files (x86)/cypress/psoc creator/4.4/psoc creator/import/gnu/arm/5.4.1/bin/../lib/gcc/arm-none-eabi/5.4.1/../../../../arm-none-eabi/lib/armv6-m\libm.a(lib_a-s_floor.o)
 .debug_frame   0x00003414       0x2c c:/program files (x86)/cypress/psoc creator/4.4/psoc creator/import/gnu/arm/5.4.1/bin/../lib/gcc/arm-none-eabi/5.4.1/../../../../arm-none-eabi/lib/armv6-m\libm.a(lib_a-s_scalbn.o)
 .debug_frame   0x00003440       0x2c c:/program files (x86)/cypress/psoc creator/4.4/psoc creator/import/gnu/arm/5.4.1/bin/../lib/gcc/arm-none-eabi/5.4.1/../../../../arm-none-eabi/lib/armv6-m\libm.a(lib_a-s_copysign.o)
 .debug_frame   0x0000346c       0x20 c:/program files (x86)/cypress/psoc creator/4.4/psoc creator/import/gnu/arm/5.4.1/bin/../lib/gcc/arm-none-eabi/5.4.1/armv6-m\libgcc.a(_udivsi3.o)
 .debug_frame   0x0000348c       0x20 c:/program files (x86)/cypress/psoc creator/4.4/psoc creator/import/gnu/arm/5.4.1/bin/../lib/gcc/arm-none-eabi/5.4.1/armv6-m\libgcc.a(_divsi3.o)
 .debug_frame   0x000034ac       0x28 c:/program files (x86)/cypress/psoc creator/4.4/psoc creator/import/gnu/arm/5.4.1/bin/../lib/gcc/arm-none-eabi/5.4.1/armv6-m\libgcc.a(_fixunssfsi.o)
 .debug_frame   0x000034d4       0x3c c:/program files (x86)/cypress/psoc creator/4.4/psoc creator/import/gnu/arm/5.4.1/bin/../lib/gcc/arm-none-eabi/5.4.1/armv6-m\libgcc.a(divsf3.o)
 .debug_frame   0x00003510       0x30 c:/program files (x86)/cypress/psoc creator/4.4/psoc creator/import/gnu/arm/5.4.1/bin/../lib/gcc/arm-none-eabi/5.4.1/armv6-m\libgcc.a(subsf3.o)
 .debug_frame   0x00003540       0x20 c:/program files (x86)/cypress/psoc creator/4.4/psoc creator/import/gnu/arm/5.4.1/bin/../lib/gcc/arm-none-eabi/5.4.1/armv6-m\libgcc.a(fixsfsi.o)
 .debug_frame   0x00003560       0x2c c:/program files (x86)/cypress/psoc creator/4.4/psoc creator/import/gnu/arm/5.4.1/bin/../lib/gcc/arm-none-eabi/5.4.1/armv6-m\libgcc.a(floatsisf.o)
 .debug_frame   0x0000358c       0x3c c:/program files (x86)/cypress/psoc creator/4.4/psoc creator/import/gnu/arm/5.4.1/bin/../lib/gcc/arm-none-eabi/5.4.1/armv6-m\libgcc.a(adddf3.o)
 .debug_frame   0x000035c8       0x3c c:/program files (x86)/cypress/psoc creator/4.4/psoc creator/import/gnu/arm/5.4.1/bin/../lib/gcc/arm-none-eabi/5.4.1/armv6-m\libgcc.a(divdf3.o)
 .debug_frame   0x00003604       0x38 c:/program files (x86)/cypress/psoc creator/4.4/psoc creator/import/gnu/arm/5.4.1/bin/../lib/gcc/arm-none-eabi/5.4.1/armv6-m\libgcc.a(eqdf2.o)
 .debug_frame   0x0000363c       0x38 c:/program files (x86)/cypress/psoc creator/4.4/psoc creator/import/gnu/arm/5.4.1/bin/../lib/gcc/arm-none-eabi/5.4.1/armv6-m\libgcc.a(gedf2.o)
 .debug_frame   0x00003674       0x38 c:/program files (x86)/cypress/psoc creator/4.4/psoc creator/import/gnu/arm/5.4.1/bin/../lib/gcc/arm-none-eabi/5.4.1/armv6-m\libgcc.a(ledf2.o)
 .debug_frame   0x000036ac       0x3c c:/program files (x86)/cypress/psoc creator/4.4/psoc creator/import/gnu/arm/5.4.1/bin/../lib/gcc/arm-none-eabi/5.4.1/armv6-m\libgcc.a(muldf3.o)
 .debug_frame   0x000036e8       0x38 c:/program files (x86)/cypress/psoc creator/4.4/psoc creator/import/gnu/arm/5.4.1/bin/../lib/gcc/arm-none-eabi/5.4.1/armv6-m\libgcc.a(subdf3.o)
 .debug_frame   0x00003720       0x2c c:/program files (x86)/cypress/psoc creator/4.4/psoc creator/import/gnu/arm/5.4.1/bin/../lib/gcc/arm-none-eabi/5.4.1/armv6-m\libgcc.a(fixdfsi.o)
 .debug_frame   0x0000374c       0x2c c:/program files (x86)/cypress/psoc creator/4.4/psoc creator/import/gnu/arm/5.4.1/bin/../lib/gcc/arm-none-eabi/5.4.1/armv6-m\libgcc.a(floatsidf.o)
 .debug_frame   0x00003778       0x2c c:/program files (x86)/cypress/psoc creator/4.4/psoc creator/import/gnu/arm/5.4.1/bin/../lib/gcc/arm-none-eabi/5.4.1/armv6-m\libgcc.a(floatunsidf.o)
 .debug_frame   0x000037a4       0x2c c:/program files (x86)/cypress/psoc creator/4.4/psoc creator/import/gnu/arm/5.4.1/bin/../lib/gcc/arm-none-eabi/5.4.1/armv6-m\libgcc.a(eqsf2.o)
 .debug_frame   0x000037d0       0x30 c:/program files (x86)/cypress/psoc creator/4.4/psoc creator/import/gnu/arm/5.4.1/bin/../lib/gcc/arm-none-eabi/5.4.1/armv6-m\libgcc.a(gesf2.o)
 .debug_frame   0x00003800       0x30 c:/program files (x86)/cypress/psoc creator/4.4/psoc creator/import/gnu/arm/5.4.1/bin/../lib/gcc/arm-none-eabi/5.4.1/armv6-m\libgcc.a(lesf2.o)
 .debug_frame   0x00003830       0x20 c:/program files (x86)/cypress/psoc creator/4.4/psoc creator/import/gnu/arm/5.4.1/bin/../lib/gcc/arm-none-eabi/5.4.1/../../../../arm-none-eabi/lib/armv6-m\libg_nano.a(lib_a-errno.o)
 .debug_frame   0x00003850       0x28 c:/program files (x86)/cypress/psoc creator/4.4/psoc creator/import/gnu/arm/5.4.1/bin/../lib/gcc/arm-none-eabi/5.4.1/../../../../arm-none-eabi/lib/armv6-m\libg_nano.a(lib_a-exit.o)
 .debug_frame   0x00003878       0x2c c:/program files (x86)/cypress/psoc creator/4.4/psoc creator/import/gnu/arm/5.4.1/bin/../lib/gcc/arm-none-eabi/5.4.1/../../../../arm-none-eabi/lib/armv6-m\libg_nano.a(lib_a-init.o)
 .debug_frame   0x000038a4       0x28 c:/program files (x86)/cypress/psoc creator/4.4/psoc creator/import/gnu/arm/5.4.1/bin/../lib/gcc/arm-none-eabi/5.4.1/../../../../arm-none-eabi/lib/armv6-m\libg_nano.a(lib_a-memcpy-stub.o)
 .debug_frame   0x000038cc       0x20 c:/program files (x86)/cypress/psoc creator/4.4/psoc creator/import/gnu/arm/5.4.1/bin/../lib/gcc/arm-none-eabi/5.4.1/../../../../arm-none-eabi/lib/armv6-m\libg_nano.a(lib_a-memset.o)
 .debug_frame   0x000038ec       0x50 c:/program files (x86)/cypress/psoc creator/4.4/psoc creator/import/gnu/arm/5.4.1/bin/../lib/gcc/arm-none-eabi/5.4.1/../../../../arm-none-eabi/lib/armv6-m\libg_nano.a(lib_a-sprintf.o)
 .debug_frame   0x0000393c       0x74 c:/program files (x86)/cypress/psoc creator/4.4/psoc creator/import/gnu/arm/5.4.1/bin/../lib/gcc/arm-none-eabi/5.4.1/../../../../arm-none-eabi/lib/armv6-m\libg_nano.a(lib_a-nano-svfprintf.o)
 .debug_frame   0x000039b0       0x54 c:/program files (x86)/cypress/psoc creator/4.4/psoc creator/import/gnu/arm/5.4.1/bin/../lib/gcc/arm-none-eabi/5.4.1/../../../../arm-none-eabi/lib/armv6-m\libg_nano.a(lib_a-nano-vfprintf_i.o)
 .debug_frame   0x00003a04       0x20 c:/program files (x86)/cypress/psoc creator/4.4/psoc creator/import/gnu/arm/5.4.1/bin/../lib/gcc/arm-none-eabi/5.4.1/../../../../arm-none-eabi/lib/armv6-m\libg_nano.a(lib_a-memchr-stub.o)
 .debug_frame   0x00003a24       0x28 c:/program files (x86)/cypress/psoc creator/4.4/psoc creator/import/gnu/arm/5.4.1/bin/../lib/gcc/arm-none-eabi/5.4.1/../../../../arm-none-eabi/lib/armv6-m\libg_nano.a(lib_a-memmove.o)
 .debug_frame   0x00003a4c       0x2c c:/program files (x86)/cypress/psoc creator/4.4/psoc creator/import/gnu/arm/5.4.1/bin/../lib/gcc/arm-none-eabi/5.4.1/../../../../arm-none-eabi/lib/armv6-m\libg_nano.a(lib_a-nano-freer.o)
 .debug_frame   0x00003a78       0x2c c:/program files (x86)/cypress/psoc creator/4.4/psoc creator/import/gnu/arm/5.4.1/bin/../lib/gcc/arm-none-eabi/5.4.1/../../../../arm-none-eabi/lib/armv6-m\libg_nano.a(lib_a-nano-mallocr.o)
 .debug_frame   0x00003aa4       0x30 c:/program files (x86)/cypress/psoc creator/4.4/psoc creator/import/gnu/arm/5.4.1/bin/../lib/gcc/arm-none-eabi/5.4.1/../../../../arm-none-eabi/lib/armv6-m\libg_nano.a(lib_a-nano-reallocr.o)
 .debug_frame   0x00003ad4       0x2c c:/program files (x86)/cypress/psoc creator/4.4/psoc creator/import/gnu/arm/5.4.1/bin/../lib/gcc/arm-none-eabi/5.4.1/../../../../arm-none-eabi/lib/armv6-m\libg_nano.a(lib_a-sbrkr.o)
 .debug_frame   0x00003b00       0x30 c:/program files (x86)/cypress/psoc creator/4.4/psoc creator/import/gnu/arm/5.4.1/bin/../lib/gcc/arm-none-eabi/5.4.1/../../../../arm-none-eabi/lib/armv6-m\libg_nano.a(lib_a-mlock.o)
 .debug_frame   0x00003b30       0x20 c:/program files (x86)/cypress/psoc creator/4.4/psoc creator/import/gnu/arm/5.4.1/bin/../lib/gcc/arm-none-eabi/5.4.1/../../../../arm-none-eabi/lib/armv6-m\libg_nano.a(lib_a-nano-msizer.o)
 .debug_frame   0x00003b50       0x48 c:/program files (x86)/cypress/psoc creator/4.4/psoc creator/import/gnu/arm/5.4.1/bin/../lib/gcc/arm-none-eabi/5.4.1/../../../../arm-none-eabi/lib/armv6-m\libg_nano.a(lib_a-reent.o)

.debug_str      0x00000000     0x49cc
 *(.debug_str)
 .debug_str     0x00000000      0x44e .\CortexM0\ARM_GCC_541\Debug\main.o
                                0x4d2 (size before relaxing)
 .debug_str     0x0000044e      0x14c .\CortexM0\ARM_GCC_541\Debug\BLDC_FSM.o
                                0x2ae (size before relaxing)
 .debug_str     0x0000059a      0x326 .\CortexM0\ARM_GCC_541\Debug\BLDC_CAN.o
                                0x62b (size before relaxing)
 .debug_str     0x000008c0      0x132 .\CortexM0\ARM_GCC_541\Debug\BLDC_Drive.o
                                0x34c (size before relaxing)
 .debug_str     0x000009f2      0x151 .\CortexM0\ARM_GCC_541\Debug\BLDC_pid.o
                                0x42a (size before relaxing)
 .debug_str     0x00000b43      0x39f .\CortexM0\ARM_GCC_541\Debug\CANCommon.o
                                0x5b9 (size before relaxing)
 .debug_str     0x00000ee2      0x1ff .\CortexM0\ARM_GCC_541\Debug\CANGPIO.o
                                0x442 (size before relaxing)
 .debug_str     0x000010e1       0x1f .\CortexM0\ARM_GCC_541\Debug\CANLocalization.o
                                0x18f (size before relaxing)
 .debug_str     0x00001100      0x32a .\CortexM0\ARM_GCC_541\Debug\CANMotorUnit.o
                                0x6e8 (size before relaxing)
 .debug_str     0x0000142a      0x14f .\CortexM0\ARM_GCC_541\Debug\CANPacket.o
                                0x441 (size before relaxing)
 .debug_str     0x00001579       0xbf .\CortexM0\ARM_GCC_541\Debug\CANPower.o
                                0x327 (size before relaxing)
 .debug_str     0x00001638      0x11d .\CortexM0\ARM_GCC_541\Debug\CANScience.o
                                0x349 (size before relaxing)
 .debug_str     0x00001755      0x222 .\CortexM0\ARM_GCC_541\Debug\PortPSOC_CY8C4248AZI_L485.o
                                0x48b (size before relaxing)
 .debug_str     0x00001977      0x117 .\CortexM0\ARM_GCC_541\Debug\cyfitter_cfg.o
                                0x2ef (size before relaxing)
 .debug_str     0x00001a8e       0x59 .\CortexM0\ARM_GCC_541\Debug\cymetadata.o
                                0x1ea (size before relaxing)
 .debug_str     0x00001ae7      0x134 .\CortexM0\ARM_GCC_541\Debug\Cm0Start.o
                                0x323 (size before relaxing)
 .debug_str     0x00001c1b      0x91b .\CortexM0\ARM_GCC_541\Debug\BLDC_Motor_Board.a(CyLib.o)
                                0xb6a (size before relaxing)
 .debug_str     0x00002536      0x6dc .\CortexM0\ARM_GCC_541\Debug\BLDC_Motor_Board.a(CyLFClk.o)
                                0x93f (size before relaxing)
 .debug_str     0x00002c12       0x84 .\CortexM0\ARM_GCC_541\Debug\BLDC_Motor_Board.a(UH.o)
                                0x243 (size before relaxing)
 .debug_str     0x00002c96       0x69 .\CortexM0\ARM_GCC_541\Debug\BLDC_Motor_Board.a(UL.o)
                                0x243 (size before relaxing)
 .debug_str     0x00002cff       0x69 .\CortexM0\ARM_GCC_541\Debug\BLDC_Motor_Board.a(VH.o)
                                0x243 (size before relaxing)
 .debug_str     0x00002d68       0x69 .\CortexM0\ARM_GCC_541\Debug\BLDC_Motor_Board.a(VL.o)
                                0x243 (size before relaxing)
 .debug_str     0x00002dd1       0x69 .\CortexM0\ARM_GCC_541\Debug\BLDC_Motor_Board.a(WH.o)
                                0x243 (size before relaxing)
 .debug_str     0x00002e3a       0x69 .\CortexM0\ARM_GCC_541\Debug\BLDC_Motor_Board.a(WL.o)
                                0x243 (size before relaxing)
 .debug_str     0x00002ea3      0x2bb .\CortexM0\ARM_GCC_541\Debug\BLDC_Motor_Board.a(CAN.o)
                                0x558 (size before relaxing)
 .debug_str     0x0000315e       0x29 .\CortexM0\ARM_GCC_541\Debug\BLDC_Motor_Board.a(CAN_INT.o)
                                0x1c6 (size before relaxing)
 .debug_str     0x00003187       0x63 .\CortexM0\ARM_GCC_541\Debug\BLDC_Motor_Board.a(CAN_TX_RX_func.o)
                                0x2eb (size before relaxing)
 .debug_str     0x000031ea       0xf7 .\CortexM0\ARM_GCC_541\Debug\BLDC_Motor_Board.a(UART.o)
                                0x2b9 (size before relaxing)
 .debug_str     0x000032e1      0x1d8 .\CortexM0\ARM_GCC_541\Debug\BLDC_Motor_Board.a(UART_UART.o)
                                0x3ea (size before relaxing)
 .debug_str     0x000034b9       0x93 .\CortexM0\ARM_GCC_541\Debug\BLDC_Motor_Board.a(ERROR_LED.o)
                                0x274 (size before relaxing)
 .debug_str     0x0000354c      0x1a2 .\CortexM0\ARM_GCC_541\Debug\BLDC_Motor_Board.a(Current_Sensor_I2C.o)
                                0x3b2 (size before relaxing)
 .debug_str     0x000036ee       0xce .\CortexM0\ARM_GCC_541\Debug\BLDC_Motor_Board.a(Current_Sensor_I2C_I2C.o)
                                0x2e8 (size before relaxing)
 .debug_str     0x000037bc      0x3f0 .\CortexM0\ARM_GCC_541\Debug\BLDC_Motor_Board.a(Current_Sensor_I2C_I2C_MASTER.o)
                                0x67c (size before relaxing)
 .debug_str     0x00003bac       0x87 .\CortexM0\ARM_GCC_541\Debug\BLDC_Motor_Board.a(CAN_LED.o)
                                0x266 (size before relaxing)
 .debug_str     0x00003c33      0x133 .\CortexM0\ARM_GCC_541\Debug\BLDC_Motor_Board.a(TMC6100_SPI.o)
                                0x318 (size before relaxing)