Archive member included to satisfy reference by file (symbol)

.\CortexM0\ARM_GCC_541\Debug\BLDC_Motor_Board.a(CyLib.o)
                              .\CortexM0\ARM_GCC_541\Debug\cyfitter_cfg.o (CyIntEnable)
.\CortexM0\ARM_GCC_541\Debug\BLDC_Motor_Board.a(CyLFClk.o)
                              .\CortexM0\ARM_GCC_541\Debug\BLDC_Motor_Board.a(CyLib.o) (CySysClkWcoEnabled)
.\CortexM0\ARM_GCC_541\Debug\BLDC_Motor_Board.a(UH.o)
                              .\CortexM0\ARM_GCC_541\Debug\main.o (UH_Write)
.\CortexM0\ARM_GCC_541\Debug\BLDC_Motor_Board.a(UL.o)
                              .\CortexM0\ARM_GCC_541\Debug\main.o (UL_Write)
.\CortexM0\ARM_GCC_541\Debug\BLDC_Motor_Board.a(VH.o)
                              .\CortexM0\ARM_GCC_541\Debug\main.o (VH_Write)
.\CortexM0\ARM_GCC_541\Debug\BLDC_Motor_Board.a(VL.o)
                              .\CortexM0\ARM_GCC_541\Debug\main.o (VL_Write)
.\CortexM0\ARM_GCC_541\Debug\BLDC_Motor_Board.a(WH.o)
                              .\CortexM0\ARM_GCC_541\Debug\main.o (WH_Write)
.\CortexM0\ARM_GCC_541\Debug\BLDC_Motor_Board.a(WL.o)
                              .\CortexM0\ARM_GCC_541\Debug\main.o (WL_Write)
.\CortexM0\ARM_GCC_541\Debug\BLDC_Motor_Board.a(CAN.o)
                              .\CortexM0\ARM_GCC_541\Debug\PortPSOC_CY8C4248AZI_L485.o (CAN_GlobalIntEnable)
.\CortexM0\ARM_GCC_541\Debug\BLDC_Motor_Board.a(CAN_INT.o)
                              .\CortexM0\ARM_GCC_541\Debug\BLDC_Motor_Board.a(CAN.o) (CAN_ISR)
.\CortexM0\ARM_GCC_541\Debug\BLDC_Motor_Board.a(CAN_TX_RX_func.o)
                              .\CortexM0\ARM_GCC_541\Debug\PortPSOC_CY8C4248AZI_L485.o (CAN_SendMsg)
.\CortexM0\ARM_GCC_541\Debug\BLDC_Motor_Board.a(UART.o)
                              .\CortexM0\ARM_GCC_541\Debug\main.o (UART_Start)
.\CortexM0\ARM_GCC_541\Debug\BLDC_Motor_Board.a(UART_UART.o)
                              .\CortexM0\ARM_GCC_541\Debug\BLDC_Motor_Board.a(UART.o) (UART_UartInit)
.\CortexM0\ARM_GCC_541\Debug\BLDC_Motor_Board.a(ERROR_LED.o)
                              .\CortexM0\ARM_GCC_541\Debug\main.o (ERROR_LED_Write)
.\CortexM0\ARM_GCC_541\Debug\BLDC_Motor_Board.a(Current_Sensor_I2C.o)
                              .\CortexM0\ARM_GCC_541\Debug\main.o (Current_Sensor_I2C_Start)
.\CortexM0\ARM_GCC_541\Debug\BLDC_Motor_Board.a(Current_Sensor_I2C_I2C.o)
                              .\CortexM0\ARM_GCC_541\Debug\BLDC_Motor_Board.a(Current_Sensor_I2C.o) (Current_Sensor_I2C_I2CInit)
.\CortexM0\ARM_GCC_541\Debug\BLDC_Motor_Board.a(Current_Sensor_I2C_I2C_MASTER.o)
                              .\CortexM0\ARM_GCC_541\Debug\BLDC_Motor_Board.a(Current_Sensor_I2C_I2C.o) (Current_Sensor_I2C_mstrRdBufIndex)
.\CortexM0\ARM_GCC_541\Debug\BLDC_Motor_Board.a(CAN_LED.o)
                              .\CortexM0\ARM_GCC_541\Debug\main.o (CAN_LED_Write)
.\CortexM0\ARM_GCC_541\Debug\BLDC_Motor_Board.a(FAULT.o)
                              .\CortexM0\ARM_GCC_541\Debug\main.o (FAULT_Read)
.\CortexM0\ARM_GCC_541\Debug\BLDC_Motor_Board.a(isr_Limit_1.o)
                              .\CortexM0\ARM_GCC_541\Debug\main.o (isr_Limit_1_StartEx)
.\CortexM0\ARM_GCC_541\Debug\BLDC_Motor_Board.a(Pin_Limit_2.o)
                              .\CortexM0\ARM_GCC_541\Debug\main.o (Pin_Limit_2_Read)
.\CortexM0\ARM_GCC_541\Debug\BLDC_Motor_Board.a(Pin_Limit_1.o)
                              .\CortexM0\ARM_GCC_541\Debug\main.o (Pin_Limit_1_Read)
.\CortexM0\ARM_GCC_541\Debug\BLDC_Motor_Board.a(Timer_Rotor_Delay.o)
                              .\CortexM0\ARM_GCC_541\Debug\BLDC_Drive.o (Timer_Rotor_Delay_Stop)
.\CortexM0\ARM_GCC_541\Debug\BLDC_Motor_Board.a(isr_Hall.o)
                              .\CortexM0\ARM_GCC_541\Debug\main.o (isr_Hall_StartEx)
.\CortexM0\ARM_GCC_541\Debug\BLDC_Motor_Board.a(Address_Register.o)
                              .\CortexM0\ARM_GCC_541\Debug\main.o (Address_Register_Read)
.\CortexM0\ARM_GCC_541\Debug\BLDC_Motor_Board.a(Limit_Register.o)
                              .\CortexM0\ARM_GCC_541\Debug\BLDC_Drive.o (Limit_Register_Read)
.\CortexM0\ARM_GCC_541\Debug\BLDC_Motor_Board.a(Timer_Period_Reset.o)
                              .\CortexM0\ARM_GCC_541\Debug\main.o (Timer_Period_Reset_Start)
.\CortexM0\ARM_GCC_541\Debug\BLDC_Motor_Board.a(isr_Period_Reset.o)
                              .\CortexM0\ARM_GCC_541\Debug\main.o (isr_Period_Reset_StartEx)
.\CortexM0\ARM_GCC_541\Debug\BLDC_Motor_Board.a(TMC6100.o)
                              .\CortexM0\ARM_GCC_541\Debug\main.o (TMC6100_Start)
.\CortexM0\ARM_GCC_541\Debug\BLDC_Motor_Board.a(TMC6100_SPI_UART.o)
                              .\CortexM0\ARM_GCC_541\Debug\main.o (TMC6100_SpiUartReadRxData)
.\CortexM0\ARM_GCC_541\Debug\BLDC_Motor_Board.a(TMC6100_SPI.o)
                              .\CortexM0\ARM_GCC_541\Debug\BLDC_Motor_Board.a(TMC6100.o) (TMC6100_SpiInit)
.\CortexM0\ARM_GCC_541\Debug\BLDC_Motor_Board.a(CyBootAsmGnu.o)
                              .\CortexM0\ARM_GCC_541\Debug\BLDC_Motor_Board.a(CyLib.o) (CyDelayCycles)
[...]
Memory Configuration

Name             Origin             Length             Attributes
rom              0x00000000         0x00040000         xr
ram              0x20000000         0x00008000         xrw
*default*        0x00000000         0xffffffff

Linker script and memory map

LOAD c:/program files (x86)/cypress/psoc creator/4.4/psoc creator/import/gnu/arm/5.4.1/bin/../lib/gcc/arm-none-eabi/5.4.1/armv6-m/crti.o
LOAD c:/program files (x86)/cypress/psoc creator/4.4/psoc creator/import/gnu/arm/5.4.1/bin/../lib/gcc/arm-none-eabi/5.4.1/armv6-m/crtbegin.o
LOAD c:/program files (x86)/cypress/psoc creator/4.4/psoc creator/import/gnu/arm/5.4.1/bin/../lib/gcc/arm-none-eabi/5.4.1/../../../../arm-none-eabi/lib/armv6-m/crt0.o
START GROUP
LOAD .\CortexM0\ARM_GCC_541\Debug\main.o
LOAD .\CortexM0\ARM_GCC_541\Debug\BLDC_FSM.o
LOAD .\CortexM0\ARM_GCC_541\Debug\BLDC_CAN.o
LOAD .\CortexM0\ARM_GCC_541\Debug\BLDC_Drive.o
LOAD .\CortexM0\ARM_GCC_541\Debug\BLDC_pid.o
LOAD .\CortexM0\ARM_GCC_541\Debug\BLDC_SPI.o
LOAD .\CortexM0\ARM_GCC_541\Debug\CANCommon.o
LOAD .\CortexM0\ARM_GCC_541\Debug\CANGPIO.o
LOAD .\CortexM0\ARM_GCC_541\Debug\CANLocalization.o
LOAD .\CortexM0\ARM_GCC_541\Debug\CANMotorUnit.o
LOAD .\CortexM0\ARM_GCC_541\Debug\CANPacket.o
LOAD .\CortexM0\ARM_GCC_541\Debug\CANPower.o
LOAD .\CortexM0\ARM_GCC_541\Debug\CANScience.o
LOAD .\CortexM0\ARM_GCC_541\Debug\PortPSOC_CY8C4248AZI_L485.o
LOAD .\CortexM0\ARM_GCC_541\Debug\cyfitter_cfg.o
LOAD .\CortexM0\ARM_GCC_541\Debug\cymetadata.o
LOAD .\CortexM0\ARM_GCC_541\Debug\Cm0Start.o
LOAD .\CortexM0\ARM_GCC_541\Debug\BLDC_Motor_Board.a
LOAD c:/program files (x86)/cypress/psoc creator/4.4/psoc creator/import/gnu/arm/5.4.1/bin/../lib/gcc/arm-none-eabi/5.4.1/../../../../arm-none-eabi/lib/armv6-m\libm.a
END GROUP
START GROUP
LOAD c:/program files (x86)/cypress/psoc creator/4.4/psoc creator/import/gnu/arm/5.4.1/bin/../lib/gcc/arm-none-eabi/5.4.1/armv6-m\libgcc.a
LOAD c:/program files (x86)/cypress/psoc creator/4.4/psoc creator/import/gnu/arm/5.4.1/bin/../lib/gcc/arm-none-eabi/5.4.1/../../../../arm-none-eabi/lib/armv6-m\libg_nano.a
LOAD c:/program files (x86)/cypress/psoc creator/4.4/psoc creator/import/gnu/arm/5.4.1/bin/../lib/gcc/arm-none-eabi/5.4.1/../../../../arm-none-eabi/lib/armv6-m\libc_nano.a
END GROUP
START GROUP
LOAD c:/program files (x86)/cypress/psoc creator/4.4/psoc creator/import/gnu/arm/5.4.1/bin/../lib/gcc/arm-none-eabi/5.4.1/armv6-m\libgcc.a
LOAD c:/program files (x86)/cypress/psoc creator/4.4/psoc creator/import/gnu/arm/5.4.1/bin/../lib/gcc/arm-none-eabi/5.4.1/../../../../arm-none-eabi/lib/armv6-m\libc_nano.a
END GROUP
LOAD c:/program files (x86)/cypress/psoc creator/4.4/psoc creator/import/gnu/arm/5.4.1/bin/../lib/gcc/arm-none-eabi/5.4.1/armv6-m/crtend.o
LOAD c:/program files (x86)/cypress/psoc creator/4.4/psoc creator/import/gnu/arm/5.4.1/bin/../lib/gcc/arm-none-eabi/5.4.1/armv6-m/crtn.o
START GROUP
LOAD c:/program files (x86)/cypress/psoc creator/4.4/psoc creator/import/gnu/arm/5.4.1/bin/../lib/gcc/arm-none-eabi/5.4.1/armv6-m\libgcc.a
LOAD c:/program files (x86)/cypress/psoc creator/4.4/psoc creator/import/gnu/arm/5.4.1/bin/../lib/gcc/arm-none-eabi/5.4.1/../../../../arm-none-eabi/lib/armv6-m\libc.a
LOAD c:/program files (x86)/cypress/psoc creator/4.4/psoc creator/import/gnu/arm/5.4.1/bin/../lib/gcc/arm-none-eabi/5.4.1/../../../../arm-none-eabi/lib/armv6-m\libnosys.a
END GROUP
                0x00000000                CY_APPL_ORIGIN = 0x0
                0x00000100                CY_FLASH_ROW_SIZE = 0x100
                0x00000001                CY_APPL_NUM = 0x1
                0x00000001                CY_APPL_MAX = 0x1
                0x00000040                CY_METADATA_SIZE = 0x40
                0x00000000                CY_APPL_LOADABLE = 0x0
                0x00000000                CY_CHECKSUM_EXCLUDE_SIZE = ALIGN (0x0, CY_FLASH_ROW_SIZE)
                0x00000000                CY_APP_FOR_STACK_AND_COPIER = 0x0
                [!provide]                PROVIDE (__cy_heap_start, _end)
                0x00000001                PROVIDE (__cy_region_num, ((__cy_regions_end - __cy_regions) / 0x10))
                0x20008000                PROVIDE (__cy_stack, (ORIGIN (ram) + LENGTH (ram)))
                [!provide]                PROVIDE (__cy_heap_end, (__cy_stack - 0x800))

.cybootloader   0x00000000        0x0
 *(.cybootloader)
                0x00000000                appl1_start = CY_APPL_ORIGIN?CY_APPL_ORIGIN:ALIGN (CY_FLASH_ROW_SIZE)
                0x0001ff00                appl2_start = (appl1_start + ALIGN ((((LENGTH (rom) - appl1_start) - (0x2 * CY_FLASH_ROW_SIZE)) / 0x2), CY_FLASH_ROW_SIZE))
                0x00000000                appl_start = (CY_APPL_NUM == 0x1)?appl1_start:appl2_start
                0x00000001                cy_project_type_bootloader = (appl_start == 0x0)?0x1:0x0
                0x00000000                cy_project_type_app_for_stack_and_copier = (CY_APP_FOR_STACK_AND_COPIER == 0x1)?0x1:0x0

.text           0x00000000     0x289c
 CREATE_OBJECT_SYMBOLS
                0x00000000                PROVIDE (__cy_interrupt_vector, RomVectors)
 *(.romvectors)
 .romvectors    0x00000000       0x10 .\CortexM0\ARM_GCC_541\Debug\Cm0Start.o
                0x00000000                RomVectors
                0x00000001                ASSERT ((. != __cy_interrupt_vector), No interrupt vector)
                0x00000001                ASSERT (CY_APPL_ORIGIN?(SIZEOF (.cybootloader) <= CY_APPL_ORIGIN):0x1, Wrong image location)
                0x00000010                PROVIDE (__cy_reset, Reset)
 *(.text.Reset)
 .text.Reset    0x00000010        0x8 .\CortexM0\ARM_GCC_541\Debug\Cm0Start.o
                0x00000010                Reset
                0x00000001                ASSERT ((. != __cy_reset), No reset code)
 *(.psocinit)
 .psocinit      0x00000018      0x29c .\CortexM0\ARM_GCC_541\Debug\cyfitter_cfg.o
                0x00000100                cyfitter_cfg
                0x000002b4                . = MAX (., 0x100)
 *(.text .text.* .gnu.linkonce.t.*)
 .text          0x000002b4       0x60 c:/program files (x86)/cypress/psoc creator/4.4/psoc creator/import/gnu/arm/5.4.1/bin/../lib/gcc/arm-none-eabi/5.4.1/armv6-m/crtbegin.o
 .text.Period_Reset_Handler
                0x00000314       0x48 .\CortexM0\ARM_GCC_541\Debug\main.o
                0x00000314                Period_Reset_Handler
 .text.Pin_Limit_Handler
                0x0000035c       0x5c .\CortexM0\ARM_GCC_541\Debug\main.o
                0x0000035c                Pin_Limit_Handler
 .text.Initialize
                0x000003b8       0x6c .\CortexM0\ARM_GCC_541\Debug\main.o
                0x000003b8                Initialize
 .text.main     0x00000424       0x74 .\CortexM0\ARM_GCC_541\Debug\main.o
                0x00000424                main
 .text.set_speed
                0x00000498       0xb8 .\CortexM0\ARM_GCC_541\Debug\BLDC_Drive.o
                0x00000498                set_speed
 .text.GetCurrentSpeed
                0x00000550        0xc .\CortexM0\ARM_GCC_541\Debug\BLDC_Drive.o
                0x00000550                GetCurrentSpeed
 .text.updateRotorState
                0x0000055c       0x6c .\CortexM0\ARM_GCC_541\Debug\BLDC_Drive.o
                0x0000055c                updateRotorState
 .text.InitCAN  0x000005c8       0x98 .\CortexM0\ARM_GCC_541\Debug\PortPSOC_CY8C4248AZI_L485.o
                0x000005c8                InitCAN
 .text.countAddFIFO
                0x00000660       0x50 .\CortexM0\ARM_GCC_541\Debug\PortPSOC_CY8C4248AZI_L485.o
                0x00000660                countAddFIFO
 .text.CAN_FLAG_ISR
                0x000006b0      0x12c .\CortexM0\ARM_GCC_541\Debug\PortPSOC_CY8C4248AZI_L485.o
                0x000006b0                CAN_FLAG_ISR
 .text.cfg_write_bytes32
                0x000007dc       0x34 .\CortexM0\ARM_GCC_541\Debug\cyfitter_cfg.o
 .text.AnalogSetDefault
                0x00000810       0x20 .\CortexM0\ARM_GCC_541\Debug\cyfitter_cfg.o
 .text.CYMEMZERO
                0x00000830        0xc .\CortexM0\ARM_GCC_541\Debug\cyfitter_cfg.o
 .text.IntDefaultHandler
                0x0000083c       0x10 .\CortexM0\ARM_GCC_541\Debug\Cm0Start.o
                0x0000083c                IntDefaultHandler
 .text.Start_c  0x0000084c       0x48 .\CortexM0\ARM_GCC_541\Debug\Cm0Start.o
                0x0000084c                Start_c
 .text.initialize_psoc
                0x00000894       0x4c .\CortexM0\ARM_GCC_541\Debug\Cm0Start.o
                0x00000894                initialize_psoc
 .text.CySysClkImoSetPwrBgTrim5
                0x000008e0       0x30 .\CortexM0\ARM_GCC_541\Debug\BLDC_Motor_Board.a(CyLib.o)
 .text.CySysClkImoSetImoTrims
                0x00000910       0xb0 .\CortexM0\ARM_GCC_541\Debug\BLDC_Motor_Board.a(CyLib.o)
 .text.CySysClkImoDisableWcoLock
                0x000009c0       0x54 .\CortexM0\ARM_GCC_541\Debug\BLDC_Motor_Board.a(CyLib.o)
                0x000009c0                CySysClkImoDisableWcoLock
 .text.CySysClkImoGetWcoLock
                0x00000a14       0x14 .\CortexM0\ARM_GCC_541\Debug\BLDC_Motor_Board.a(CyLib.o)
                0x00000a14                CySysClkImoGetWcoLock
 .text.CySysClkImoEnableUsbLock
                0x00000a28       0x44 .\CortexM0\ARM_GCC_541\Debug\BLDC_Motor_Board.a(CyLib.o)
                0x00000a28                CySysClkImoEnableUsbLock
 .text.CySysClkImoDisableUsbLock
                0x00000a6c       0x74 .\CortexM0\ARM_GCC_541\Debug\BLDC_Motor_Board.a(CyLib.o)
                0x00000a6c                CySysClkImoDisableUsbLock
 .text.CySysClkImoGetUsbLock
                0x00000ae0       0x14 .\CortexM0\ARM_GCC_541\Debug\BLDC_Motor_Board.a(CyLib.o)
                0x00000ae0                CySysClkImoGetUsbLock
 .text.CyIntEnable
                0x00000af4       0x14 .\CortexM0\ARM_GCC_541\Debug\BLDC_Motor_Board.a(CyLib.o)
                0x00000af4                CyIntEnable
 .text.CyIntDisable
                0x00000b08       0x14 .\CortexM0\ARM_GCC_541\Debug\BLDC_Motor_Board.a(CyLib.o)
                0x00000b08                CyIntDisable
 .text.CyHalt   0x00000b1c        0x4 .\CortexM0\ARM_GCC_541\Debug\BLDC_Motor_Board.a(CyLib.o)
                0x00000b1c                CyHalt
 .text.CyIntSetVector
                0x00000b20       0x24 .\CortexM0\ARM_GCC_541\Debug\BLDC_Motor_Board.a(CyLib.o)
                0x00000b20                CyIntSetVector
 .text.CyIntSetPriority
                0x00000b44       0x4c .\CortexM0\ARM_GCC_541\Debug\BLDC_Motor_Board.a(CyLib.o)
                0x00000b44                CyIntSetPriority
 .text.CyDelay  0x00000b90       0x30 .\CortexM0\ARM_GCC_541\Debug\BLDC_Motor_Board.a(CyLib.o)
                0x00000b90                CyDelay
 .text.CySysClkImoEnableWcoLock
                0x00000bc0      0x104 .\CortexM0\ARM_GCC_541\Debug\BLDC_Motor_Board.a(CyLib.o)
                0x00000bc0                CySysClkImoEnableWcoLock
 .text.CyDelayUs
                0x00000cc4       0x14 .\CortexM0\ARM_GCC_541\Debug\BLDC_Motor_Board.a(CyLib.o)
                0x00000cc4                CyDelayUs
 .text.CySysClkWriteImoFreq
                0x00000cd8      0x1bc .\CortexM0\ARM_GCC_541\Debug\BLDC_Motor_Board.a(CyLib.o)
                0x00000cd8                CySysClkWriteImoFreq
 .text.CySysWdtLocked
                0x00000e94       0x14 .\CortexM0\ARM_GCC_541\Debug\BLDC_Motor_Board.a(CyLFClk.o)
 .text.CySysClkWcoEnabled
                0x00000ea8       0x14 .\CortexM0\ARM_GCC_541\Debug\BLDC_Motor_Board.a(CyLFClk.o)
                0x00000ea8                CySysClkWcoEnabled
 .text.CySysWdtLock
                0x00000ebc       0x1c .\CortexM0\ARM_GCC_541\Debug\BLDC_Motor_Board.a(CyLFClk.o)
                0x00000ebc                CySysWdtLock
 .text.CySysWdtUnlock
                0x00000ed8       0x30 .\CortexM0\ARM_GCC_541\Debug\BLDC_Motor_Board.a(CyLFClk.o)
                0x00000ed8                CySysWdtUnlock
 .text.CySysWdtClearInterrupt
                0x00000f08       0x4c .\CortexM0\ARM_GCC_541\Debug\BLDC_Motor_Board.a(CyLFClk.o)
                0x00000f08                CySysWdtClearInterrupt
 .text.CySysWdtIsr
                0x00000f54       0xa4 .\CortexM0\ARM_GCC_541\Debug\BLDC_Motor_Board.a(CyLFClk.o)
                0x00000f54                CySysWdtIsr
 .text.UH_Write
                0x00000ff8       0x18 .\CortexM0\ARM_GCC_541\Debug\BLDC_Motor_Board.a(UH.o)
                0x00000ff8                UH_Write
 .text.UL_Write
                0x00001010       0x18 .\CortexM0\ARM_GCC_541\Debug\BLDC_Motor_Board.a(UL.o)
                0x00001010                UL_Write
 .text.VH_Write
                0x00001028       0x18 .\CortexM0\ARM_GCC_541\Debug\BLDC_Motor_Board.a(VH.o)
                0x00001028                VH_Write
 .text.VL_Write
                0x00001040       0x18 .\CortexM0\ARM_GCC_541\Debug\BLDC_Motor_Board.a(VL.o)
                0x00001040                VL_Write
 .text.WH_Write
                0x00001058       0x18 .\CortexM0\ARM_GCC_541\Debug\BLDC_Motor_Board.a(WH.o)
                0x00001058                WH_Write
 .text.WL_Write
                0x00001070       0x18 .\CortexM0\ARM_GCC_541\Debug\BLDC_Motor_Board.a(WL.o)
                0x00001070                WL_Write
 .text.CAN_GlobalIntEnable
                0x00001088       0x1c .\CortexM0\ARM_GCC_541\Debug\BLDC_Motor_Board.a(CAN.o)
                0x00001088                CAN_GlobalIntEnable
 .text.CAN_Enable
                0x000010a4       0x48 .\CortexM0\ARM_GCC_541\Debug\BLDC_Motor_Board.a(CAN.o)
                0x000010a4                CAN_Enable
 .text.CAN_SetPreScaler
                0x000010ec       0x38 .\CortexM0\ARM_GCC_541\Debug\BLDC_Motor_Board.a(CAN.o)
                0x000010ec                CAN_SetPreScaler
 .text.CAN_SetArbiter
                0x00001124       0x40 .\CortexM0\ARM_GCC_541\Debug\BLDC_Motor_Board.a(CAN.o)
                0x00001124                CAN_SetArbiter
 .text.CAN_SetTsegSample
                0x00001164       0xa0 .\CortexM0\ARM_GCC_541\Debug\BLDC_Motor_Board.a(CAN.o)
                0x00001164                CAN_SetTsegSample
 .text.CAN_SetRestartType
                0x00001204       0x38 .\CortexM0\ARM_GCC_541\Debug\BLDC_Motor_Board.a(CAN.o)
                0x00001204                CAN_SetRestartType
 .text.CAN_SetEdgeMode
                0x0000123c       0x38 .\CortexM0\ARM_GCC_541\Debug\BLDC_Motor_Board.a(CAN.o)
                0x0000123c                CAN_SetEdgeMode
 .text.CAN_SetIrqMask
                0x00001274       0x1c .\CortexM0\ARM_GCC_541\Debug\BLDC_Motor_Board.a(CAN.o)
                0x00001274                CAN_SetIrqMask
 .text.CAN_RxBufConfig
                0x00001290       0x98 .\CortexM0\ARM_GCC_541\Debug\BLDC_Motor_Board.a(CAN.o)
                0x00001290                CAN_RxBufConfig
 .text.CAN_TxBufConfig
                0x00001328       0x58 .\CortexM0\ARM_GCC_541\Debug\BLDC_Motor_Board.a(CAN.o)
                0x00001328                CAN_TxBufConfig
 .text.CAN_RxTxBuffersConfig
                0x00001380       0x54 .\CortexM0\ARM_GCC_541\Debug\BLDC_Motor_Board.a(CAN.o)
                0x00001380                CAN_RxTxBuffersConfig
 .text.CAN_SetSwapDataEndianness
                0x000013d4       0x40 .\CortexM0\ARM_GCC_541\Debug\BLDC_Motor_Board.a(CAN.o)
                0x000013d4                CAN_SetSwapDataEndianness
 .text.CAN_Init
                0x00001414       0xe4 .\CortexM0\ARM_GCC_541\Debug\BLDC_Motor_Board.a(CAN.o)
                0x00001414                CAN_Init
 .text.CAN_Start
                0x000014f8       0x28 .\CortexM0\ARM_GCC_541\Debug\BLDC_Motor_Board.a(CAN.o)
                0x000014f8                CAN_Start
 .text.CAN_ISR  0x00001520        0x4 .\CortexM0\ARM_GCC_541\Debug\BLDC_Motor_Board.a(CAN_INT.o)
                0x00001520                CAN_ISR
 .text.UART_ScbModePostEnable
                0x00001524        0x8 .\CortexM0\ARM_GCC_541\Debug\BLDC_Motor_Board.a(UART.o)
 .text.UART_Init
                0x0000152c        0x8 .\CortexM0\ARM_GCC_541\Debug\BLDC_Motor_Board.a(UART.o)
                0x0000152c                UART_Init
 .text.UART_Enable
                0x00001534       0x18 .\CortexM0\ARM_GCC_541\Debug\BLDC_Motor_Board.a(UART.o)
                0x00001534                UART_Enable
 .text.UART_Start
                0x0000154c       0x20 .\CortexM0\ARM_GCC_541\Debug\BLDC_Motor_Board.a(UART.o)
                0x0000154c                UART_Start
 .text.UART_UartInit
                0x0000156c       0xa8 .\CortexM0\ARM_GCC_541\Debug\BLDC_Motor_Board.a(UART_UART.o)
                0x0000156c                UART_UartInit
 .text.UART_UartPostEnable
                0x00001614       0x24 .\CortexM0\ARM_GCC_541\Debug\BLDC_Motor_Board.a(UART_UART.o)
                0x00001614                UART_UartPostEnable
 .text.UART_UartPutString
                0x00001638       0x18 .\CortexM0\ARM_GCC_541\Debug\BLDC_Motor_Board.a(UART_UART.o)
                0x00001638                UART_UartPutString
 .text.ERROR_LED_Write
                0x00001650       0x18 .\CortexM0\ARM_GCC_541\Debug\BLDC_Motor_Board.a(ERROR_LED.o)
                0x00001650                ERROR_LED_Write
 .text.Current_Sensor_I2C_ScbEnableIntr
                0x00001668        0xc .\CortexM0\ARM_GCC_541\Debug\BLDC_Motor_Board.a(Current_Sensor_I2C.o)
 .text.Current_Sensor_I2C_Init
                0x00001674        0x8 .\CortexM0\ARM_GCC_541\Debug\BLDC_Motor_Board.a(Current_Sensor_I2C.o)
                0x00001674                Current_Sensor_I2C_Init
 .text.Current_Sensor_I2C_Enable
                0x0000167c       0x18 .\CortexM0\ARM_GCC_541\Debug\BLDC_Motor_Board.a(Current_Sensor_I2C.o)
                0x0000167c                Current_Sensor_I2C_Enable
 .text.Current_Sensor_I2C_Start
                0x00001694       0x20 .\CortexM0\ARM_GCC_541\Debug\BLDC_Motor_Board.a(Current_Sensor_I2C.o)
                0x00001694                Current_Sensor_I2C_Start
 .text.Current_Sensor_I2C_I2CInit
                0x000016b4       0xb8 .\CortexM0\ARM_GCC_541\Debug\BLDC_Motor_Board.a(Current_Sensor_I2C_I2C.o)
                0x000016b4                Current_Sensor_I2C_I2CInit
 .text.Current_Sensor_I2C_I2CFwBlockReset
                0x0000176c       0x5c .\CortexM0\ARM_GCC_541\Debug\BLDC_Motor_Board.a(Current_Sensor_I2C_I2C.o)
                0x0000176c                Current_Sensor_I2C_I2CFwBlockReset
 .text.CAN_LED_Write
                0x000017c8       0x18 .\CortexM0\ARM_GCC_541\Debug\BLDC_Motor_Board.a(CAN_LED.o)
                0x000017c8                CAN_LED_Write
 .text.FAULT_Read
                0x000017e0       0x10 .\CortexM0\ARM_GCC_541\Debug\BLDC_Motor_Board.a(FAULT.o)
                0x000017e0                FAULT_Read
 .text.isr_Limit_1_SetVector
                0x000017f0        0xc .\CortexM0\ARM_GCC_541\Debug\BLDC_Motor_Board.a(isr_Limit_1.o)
                0x000017f0                isr_Limit_1_SetVector
 .text.isr_Limit_1_SetPriority
                0x000017fc       0x24 .\CortexM0\ARM_GCC_541\Debug\BLDC_Motor_Board.a(isr_Limit_1.o)
                0x000017fc                isr_Limit_1_SetPriority
 .text.isr_Limit_1_Enable
                0x00001820        0xc .\CortexM0\ARM_GCC_541\Debug\BLDC_Motor_Board.a(isr_Limit_1.o)
                0x00001820                isr_Limit_1_Enable
 .text.isr_Limit_1_Disable
                0x0000182c        0xc .\CortexM0\ARM_GCC_541\Debug\BLDC_Motor_Board.a(isr_Limit_1.o)
                0x0000182c                isr_Limit_1_Disable
 .text.isr_Limit_1_StartEx
                0x00001838       0x1c .\CortexM0\ARM_GCC_541\Debug\BLDC_Motor_Board.a(isr_Limit_1.o)
                0x00001838                isr_Limit_1_StartEx
 .text.Pin_Limit_2_Read
                0x00001854       0x10 .\CortexM0\ARM_GCC_541\Debug\BLDC_Motor_Board.a(Pin_Limit_2.o)
                0x00001854                Pin_Limit_2_Read
 .text.Pin_Limit_1_Read
                0x00001864       0x10 .\CortexM0\ARM_GCC_541\Debug\BLDC_Motor_Board.a(Pin_Limit_1.o)
                0x00001864                Pin_Limit_1_Read
 .text.Timer_Rotor_Delay_Enable
                0x00001874       0x14 .\CortexM0\ARM_GCC_541\Debug\BLDC_Motor_Board.a(Timer_Rotor_Delay.o)
                0x00001874                Timer_Rotor_Delay_Enable
 .text.Timer_Rotor_Delay_Stop
                0x00001888       0x10 .\CortexM0\ARM_GCC_541\Debug\BLDC_Motor_Board.a(Timer_Rotor_Delay.o)
                0x00001888                Timer_Rotor_Delay_Stop
 .text.Timer_Rotor_Delay_SetInterruptMode
                0x00001898        0xc .\CortexM0\ARM_GCC_541\Debug\BLDC_Motor_Board.a(Timer_Rotor_Delay.o)
                0x00001898                Timer_Rotor_Delay_SetInterruptMode
 .text.Timer_Rotor_Delay_ReadStatusRegister
                0x000018a4        0xc .\CortexM0\ARM_GCC_541\Debug\BLDC_Motor_Board.a(Timer_Rotor_Delay.o)
                0x000018a4                Timer_Rotor_Delay_ReadStatusRegister
 .text.Timer_Rotor_Delay_WritePeriod
                0x000018b0        0xc .\CortexM0\ARM_GCC_541\Debug\BLDC_Motor_Board.a(Timer_Rotor_Delay.o)
                0x000018b0                Timer_Rotor_Delay_WritePeriod
 .text.Timer_Rotor_Delay_ReadCapture
                0x000018bc        0xc .\CortexM0\ARM_GCC_541\Debug\BLDC_Motor_Board.a(Timer_Rotor_Delay.o)
                0x000018bc                Timer_Rotor_Delay_ReadCapture
 .text.Timer_Rotor_Delay_WriteCounter
                0x000018c8        0xc .\CortexM0\ARM_GCC_541\Debug\BLDC_Motor_Board.a(Timer_Rotor_Delay.o)
                0x000018c8                Timer_Rotor_Delay_WriteCounter
 .text.Timer_Rotor_Delay_ClearFIFO
                0x000018d4       0x14 .\CortexM0\ARM_GCC_541\Debug\BLDC_Motor_Board.a(Timer_Rotor_Delay.o)
                0x000018d4                Timer_Rotor_Delay_ClearFIFO
 .text.Timer_Rotor_Delay_Init
                0x000018e8       0x38 .\CortexM0\ARM_GCC_541\Debug\BLDC_Motor_Board.a(Timer_Rotor_Delay.o)
                0x000018e8                Timer_Rotor_Delay_Init
 .text.Timer_Rotor_Delay_Start
                0x00001920       0x20 .\CortexM0\ARM_GCC_541\Debug\BLDC_Motor_Board.a(Timer_Rotor_Delay.o)
                0x00001920                Timer_Rotor_Delay_Start
 .text.isr_Hall_SetVector
                0x00001940        0xc .\CortexM0\ARM_GCC_541\Debug\BLDC_Motor_Board.a(isr_Hall.o)
                0x00001940                isr_Hall_SetVector
 .text.isr_Hall_SetPriority
                0x0000194c       0x20 .\CortexM0\ARM_GCC_541\Debug\BLDC_Motor_Board.a(isr_Hall.o)
                0x0000194c                isr_Hall_SetPriority
 .text.isr_Hall_Enable
                0x0000196c        0xc .\CortexM0\ARM_GCC_541\Debug\BLDC_Motor_Board.a(isr_Hall.o)
                0x0000196c                isr_Hall_Enable
 .text.isr_Hall_Disable
                0x00001978        0xc .\CortexM0\ARM_GCC_541\Debug\BLDC_Motor_Board.a(isr_Hall.o)
                0x00001978                isr_Hall_Disable
 .text.isr_Hall_StartEx
                0x00001984       0x1c .\CortexM0\ARM_GCC_541\Debug\BLDC_Motor_Board.a(isr_Hall.o)
                0x00001984                isr_Hall_StartEx
 .text.Address_Register_Read
                0x000019a0        0xc .\CortexM0\ARM_GCC_541\Debug\BLDC_Motor_Board.a(Address_Register.o)
                0x000019a0                Address_Register_Read
 .text.Limit_Register_Read
                0x000019ac        0xc .\CortexM0\ARM_GCC_541\Debug\BLDC_Motor_Board.a(Limit_Register.o)
                0x000019ac                Limit_Register_Read
 .text.Limit_Register_InterruptEnable
                0x000019b8       0x1c .\CortexM0\ARM_GCC_541\Debug\BLDC_Motor_Board.a(Limit_Register.o)
                0x000019b8                Limit_Register_InterruptEnable
 .text.Timer_Period_Reset_Enable
                0x000019d4       0x14 .\CortexM0\ARM_GCC_541\Debug\BLDC_Motor_Board.a(Timer_Period_Reset.o)
                0x000019d4                Timer_Period_Reset_Enable
 .text.Timer_Period_Reset_SetInterruptMode
                0x000019e8        0xc .\CortexM0\ARM_GCC_541\Debug\BLDC_Motor_Board.a(Timer_Period_Reset.o)
                0x000019e8                Timer_Period_Reset_SetInterruptMode
 .text.Timer_Period_Reset_ReadStatusRegister
                0x000019f4        0xc .\CortexM0\ARM_GCC_541\Debug\BLDC_Motor_Board.a(Timer_Period_Reset.o)
                0x000019f4                Timer_Period_Reset_ReadStatusRegister
 .text.Timer_Period_Reset_WritePeriod
                0x00001a00        0xc .\CortexM0\ARM_GCC_541\Debug\BLDC_Motor_Board.a(Timer_Period_Reset.o)
                0x00001a00                Timer_Period_Reset_WritePeriod
 .text.Timer_Period_Reset_ReadCapture
                0x00001a0c        0xc .\CortexM0\ARM_GCC_541\Debug\BLDC_Motor_Board.a(Timer_Period_Reset.o)
                0x00001a0c                Timer_Period_Reset_ReadCapture
 .text.Timer_Period_Reset_WriteCounter
                0x00001a18        0xc .\CortexM0\ARM_GCC_541\Debug\BLDC_Motor_Board.a(Timer_Period_Reset.o)
                0x00001a18                Timer_Period_Reset_WriteCounter
 .text.Timer_Period_Reset_ClearFIFO
                0x00001a24       0x14 .\CortexM0\ARM_GCC_541\Debug\BLDC_Motor_Board.a(Timer_Period_Reset.o)
                0x00001a24                Timer_Period_Reset_ClearFIFO
 .text.Timer_Period_Reset_Init
                0x00001a38       0x34 .\CortexM0\ARM_GCC_541\Debug\BLDC_Motor_Board.a(Timer_Period_Reset.o)
                0x00001a38                Timer_Period_Reset_Init
 .text.Timer_Period_Reset_Start
                0x00001a6c       0x20 .\CortexM0\ARM_GCC_541\Debug\BLDC_Motor_Board.a(Timer_Period_Reset.o)
                0x00001a6c                Timer_Period_Reset_Start
 .text.isr_Period_Reset_SetVector
                0x00001a8c        0xc .\CortexM0\ARM_GCC_541\Debug\BLDC_Motor_Board.a(isr_Period_Reset.o)
                0x00001a8c                isr_Period_Reset_SetVector
 .text.isr_Period_Reset_SetPriority
                0x00001a98       0x24 .\CortexM0\ARM_GCC_541\Debug\BLDC_Motor_Board.a(isr_Period_Reset.o)
                0x00001a98                isr_Period_Reset_SetPriority
 .text.isr_Period_Reset_Enable
                0x00001abc        0xc .\CortexM0\ARM_GCC_541\Debug\BLDC_Motor_Board.a(isr_Period_Reset.o)
                0x00001abc                isr_Period_Reset_Enable
 .text.isr_Period_Reset_Disable
                0x00001ac8        0xc .\CortexM0\ARM_GCC_541\Debug\BLDC_Motor_Board.a(isr_Period_Reset.o)
                0x00001ac8                isr_Period_Reset_Disable
 .text.isr_Period_Reset_StartEx
                0x00001ad4       0x1c .\CortexM0\ARM_GCC_541\Debug\BLDC_Motor_Board.a(isr_Period_Reset.o)
                0x00001ad4                isr_Period_Reset_StartEx
 .text.TMC6100_ScbModePostEnable
                0x00001af0        0x8 .\CortexM0\ARM_GCC_541\Debug\BLDC_Motor_Board.a(TMC6100.o)
 .text.TMC6100_Init
                0x00001af8        0x8 .\CortexM0\ARM_GCC_541\Debug\BLDC_Motor_Board.a(TMC6100.o)
                0x00001af8                TMC6100_Init
 .text.TMC6100_Enable
                0x00001b00       0x18 .\CortexM0\ARM_GCC_541\Debug\BLDC_Motor_Board.a(TMC6100.o)
                0x00001b00                TMC6100_Enable
 .text.TMC6100_Start
                0x00001b18       0x20 .\CortexM0\ARM_GCC_541\Debug\BLDC_Motor_Board.a(TMC6100.o)
                0x00001b18                TMC6100_Start
 .text.TMC6100_SpiUartReadRxData
                0x00001b38        0xc .\CortexM0\ARM_GCC_541\Debug\BLDC_Motor_Board.a(TMC6100_SPI_UART.o)
                0x00001b38                TMC6100_SpiUartReadRxData
 .text.TMC6100_SpiUartWriteTxData
                0x00001b44       0x1c .\CortexM0\ARM_GCC_541\Debug\BLDC_Motor_Board.a(TMC6100_SPI_UART.o)
                0x00001b44                TMC6100_SpiUartWriteTxData
 .text.TMC6100_SpiUartPutArray
                0x00001b60       0x18 .\CortexM0\ARM_GCC_541\Debug\BLDC_Motor_Board.a(TMC6100_SPI_UART.o)
                0x00001b60                TMC6100_SpiUartPutArray
 .text.TMC6100_SpiInit
                0x00001b78       0x80 .\CortexM0\ARM_GCC_541\Debug\BLDC_Motor_Board.a(TMC6100_SPI.o)
                0x00001b78                TMC6100_SpiInit
 .text.TMC6100_SpiPostEnable
                0x00001bf8       0x14 .\CortexM0\ARM_GCC_541\Debug\BLDC_Motor_Board.a(TMC6100_SPI.o)
                0x00001bf8                TMC6100_SpiPostEnable
 *fill*         0x00001c0c        0x4 
 .text          0x00001c10       0x20 .\CortexM0\ARM_GCC_541\Debug\BLDC_Motor_Board.a(CyBootAsmGnu.o)
                0x00001c10                CyDelayCycles
                0x00001c22                CyEnterCriticalSection
                0x00001c2a                CyExitCriticalSection
 .text.CySysFlashSetWaitCycles
                0x00001c30       0x54 .\CortexM0\ARM_GCC_541\Debug\BLDC_Motor_Board.a(CyFlash.o)
                0x00001c30                CySysFlashSetWaitCycles
 .text.UART_SpiUartWriteTxData
                0x00001c84       0x1c .\CortexM0\ARM_GCC_541\Debug\BLDC_Motor_Board.a(UART_SPI_UART.o)
                0x00001c84                UART_SpiUartWriteTxData
 .text.Current_Sensor_I2C_I2C_ISR
                0x00001ca0      0x340 .\CortexM0\ARM_GCC_541\Debug\BLDC_Motor_Board.a(Current_Sensor_I2C_I2C_INT.o)
                0x00001ca0                Current_Sensor_I2C_I2C_ISR
 .text          0x00001fe0       0x30 c:/program files (x86)/cypress/psoc creator/4.4/psoc creator/import/gnu/arm/5.4.1/bin/../lib/gcc/arm-none-eabi/5.4.1/armv6-m\libgcc.a(_fixunssfsi.o)
                0x00001fe0                __fixunssfsi
                0x00001fe0                __aeabi_f2uiz
 .text          0x00002010      0x234 c:/program files (x86)/cypress/psoc creator/4.4/psoc creator/import/gnu/arm/5.4.1/bin/../lib/gcc/arm-none-eabi/5.4.1/armv6-m\libgcc.a(divsf3.o)
                0x00002010                __aeabi_fdiv
 .text          0x00002244      0x30c c:/program files (x86)/cypress/psoc creator/4.4/psoc creator/import/gnu/arm/5.4.1/bin/../lib/gcc/arm-none-eabi/5.4.1/armv6-m\libgcc.a(subsf3.o)
                0x00002244                __aeabi_fsub
 .text          0x00002550       0x44 c:/program files (x86)/cypress/psoc creator/4.4/psoc creator/import/gnu/arm/5.4.1/bin/../lib/gcc/arm-none-eabi/5.4.1/armv6-m\libgcc.a(fixsfsi.o)
                0x00002550                __aeabi_f2iz
 .text          0x00002594       0x90 c:/program files (x86)/cypress/psoc creator/4.4/psoc creator/import/gnu/arm/5.4.1/bin/../lib/gcc/arm-none-eabi/5.4.1/armv6-m\libgcc.a(floatsisf.o)
                0x00002594                __aeabi_i2f
 .text          0x00002624       0x74 c:/program files (x86)/cypress/psoc creator/4.4/psoc creator/import/gnu/arm/5.4.1/bin/../lib/gcc/arm-none-eabi/5.4.1/armv6-m\libgcc.a(_arm_cmpsf2.o)
                0x00002624                __aeabi_cfrcmple
                0x0000262c                __aeabi_cfcmpeq
                0x0000262c                __aeabi_cfcmple
                0x0000263c                __aeabi_fcmpeq
                0x00002648                __aeabi_fcmplt
                0x0000265c                __aeabi_fcmple
                0x00002670                __aeabi_fcmpgt
                0x00002684                __aeabi_fcmpge
 .text          0x00002698       0x3c c:/program files (x86)/cypress/psoc creator/4.4/psoc creator/import/gnu/arm/5.4.1/bin/../lib/gcc/arm-none-eabi/5.4.1/armv6-m\libgcc.a(_clzsi2.o)
                0x00002698                __clzsi2
 .text          0x000026d4       0x50 c:/program files (x86)/cypress/psoc creator/4.4/psoc creator/import/gnu/arm/5.4.1/bin/../lib/gcc/arm-none-eabi/5.4.1/armv6-m\libgcc.a(eqsf2.o)
                0x000026d4                __eqsf2
                0x000026d4                __nesf2
 .text          0x00002724       0x88 c:/program files (x86)/cypress/psoc creator/4.4/psoc creator/import/gnu/arm/5.4.1/bin/../lib/gcc/arm-none-eabi/5.4.1/armv6-m\libgcc.a(gesf2.o)
                0x00002724                __gesf2
                0x00002724                __gtsf2
 .text          0x000027ac       0x88 c:/program files (x86)/cypress/psoc creator/4.4/psoc creator/import/gnu/arm/5.4.1/bin/../lib/gcc/arm-none-eabi/5.4.1/armv6-m\libgcc.a(lesf2.o)
                0x000027ac                __ltsf2
                0x000027ac                __lesf2
 .text.__errno  0x00002834        0xc c:/program files (x86)/cypress/psoc creator/4.4/psoc creator/import/gnu/arm/5.4.1/bin/../lib/gcc/arm-none-eabi/5.4.1/../../../../arm-none-eabi/lib/armv6-m\libg_nano.a(lib_a-errno.o)
                0x00002834                __errno
 .text.__libc_init_array
                0x00002840       0x4c c:/program files (x86)/cypress/psoc creator/4.4/psoc creator/import/gnu/arm/5.4.1/bin/../lib/gcc/arm-none-eabi/5.4.1/../../../../arm-none-eabi/lib/armv6-m\libg_nano.a(lib_a-init.o)
                0x00002840                __libc_init_array
 .text.memset   0x0000288c       0x10 c:/program files (x86)/cypress/psoc creator/4.4/psoc creator/import/gnu/arm/5.4.1/bin/../lib/gcc/arm-none-eabi/5.4.1/../../../../arm-none-eabi/lib/armv6-m\libg_nano.a(lib_a-memset.o)
                0x0000288c                memset
 *(.plt)
 *(.gnu.warning)
 *(.glue_7t)
 .glue_7t       0x0000289c        0x0 linker stubs
 *(.glue_7)
 .glue_7        0x0000289c        0x0 linker stubs
 *(.vfp11_veneer)
 .vfp11_veneer  0x0000289c        0x0 linker stubs
 *(.bootloader)
 *(.ARM.extab* .gnu.linkonce.armextab.*)
 *(.gcc_except_table)

.v4_bx          0x0000289c        0x0
 .v4_bx         0x0000289c        0x0 linker stubs

.iplt           0x0000289c        0x0
 .iplt          0x0000289c        0x0 c:/program files (x86)/cypress/psoc creator/4.4/psoc creator/import/gnu/arm/5.4.1/bin/../lib/gcc/arm-none-eabi/5.4.1/armv6-m/crtbegin.o

.eh_frame_hdr
 *(.eh_frame_hdr)

.eh_frame       0x0000289c        0x4
 *(.eh_frame)
 .eh_frame      0x0000289c        0x0 c:/program files (x86)/cypress/psoc creator/4.4/psoc creator/import/gnu/arm/5.4.1/bin/../lib/gcc/arm-none-eabi/5.4.1/armv6-m/crtbegin.o
 .eh_frame      0x0000289c        0x4 c:/program files (x86)/cypress/psoc creator/4.4/psoc creator/import/gnu/arm/5.4.1/bin/../lib/gcc/arm-none-eabi/5.4.1/armv6-m/crtend.o
                [!provide]                PROVIDE (__exidx_start, .)

.ARM.exidx
 *(.ARM.exidx* .gnu.linkonce.armexidx.*)
                0x000028a0                __exidx_end = .

.rodata         0x000028a0      0x4b0
 *(.rodata .rodata.* .gnu.linkonce.r.*)
 .rodata.str1.4
                0x000028a0       0x54 .\CortexM0\ARM_GCC_541\Debug\main.o
                                 0x52 (size before relaxing)
 .rodata        0x000028f4      0x210 .\CortexM0\ARM_GCC_541\Debug\cyfitter_cfg.o
 .rodata        0x00002b04       0x2e .\CortexM0\ARM_GCC_541\Debug\BLDC_Motor_Board.a(CyLib.o)
                0x00002b04                cyImoFreqMhz2Reg
 *fill*         0x00002b32        0x2 
 .rodata        0x00002b34      0x160 .\CortexM0\ARM_GCC_541\Debug\BLDC_Motor_Board.a(CAN.o)
 .rodata        0x00002c94       0x80 c:/program files (x86)/cypress/psoc creator/4.4/psoc creator/import/gnu/arm/5.4.1/bin/../lib/gcc/arm-none-eabi/5.4.1/armv6-m\libgcc.a(divsf3.o)
 .rodata.str1.1
                0x00002d14        0x2 c:/program files (x86)/cypress/psoc creator/4.4/psoc creator/import/gnu/arm/5.4.1/bin/../lib/gcc/arm-none-eabi/5.4.1/../../../../arm-none-eabi/lib/armv6-m\libg_nano.a(lib_a-impure.o)
                0x00002d18                . = ALIGN (0x4)
 *fill*         0x00002d16        0x2 
 *(.init)
 .init          0x00002d18        0x4 c:/program files (x86)/cypress/psoc creator/4.4/psoc creator/import/gnu/arm/5.4.1/bin/../lib/gcc/arm-none-eabi/5.4.1/armv6-m/crti.o
                0x00002d18                _init
 .init          0x00002d1c        0x8 c:/program files (x86)/cypress/psoc creator/4.4/psoc creator/import/gnu/arm/5.4.1/bin/../lib/gcc/arm-none-eabi/5.4.1/armv6-m/crtn.o
                0x00002d24                . = ALIGN (0x4)
                0x00002d24                __preinit_array_start = .
 *(.preinit_array)
                0x00002d24                __preinit_array_end = .
                0x00002d24                . = ALIGN (0x4)
                0x00002d24                __init_array_start = .
 *(SORT(.init_array.*))
 *(.init_array)
 .init_array    0x00002d24        0x4 c:/program files (x86)/cypress/psoc creator/4.4/psoc creator/import/gnu/arm/5.4.1/bin/../lib/gcc/arm-none-eabi/5.4.1/armv6-m/crtbegin.o
 .init_array    0x00002d28        0x4 .\CortexM0\ARM_GCC_541\Debug\Cm0Start.o
                0x00002d2c                __init_array_end = .
                0x00002d2c                . = ALIGN (0x4)
 *(.fini)
 .fini          0x00002d2c        0x4 c:/program files (x86)/cypress/psoc creator/4.4/psoc creator/import/gnu/arm/5.4.1/bin/../lib/gcc/arm-none-eabi/5.4.1/armv6-m/crti.o
                0x00002d2c                _fini
 .fini          0x00002d30        0x8 c:/program files (x86)/cypress/psoc creator/4.4/psoc creator/import/gnu/arm/5.4.1/bin/../lib/gcc/arm-none-eabi/5.4.1/armv6-m/crtn.o
                0x00002d38                . = ALIGN (0x4)
                0x00002d38                __fini_array_start = .
 *(.fini_array)
 .fini_array    0x00002d38        0x4 c:/program files (x86)/cypress/psoc creator/4.4/psoc creator/import/gnu/arm/5.4.1/bin/../lib/gcc/arm-none-eabi/5.4.1/armv6-m/crtbegin.o
 *(SORT(.fini_array.*))
                0x00002d3c                __fini_array_end = .
                0x00002d3c                . = ALIGN (0x4)
 *crtbegin.o(.ctors)
 *(EXCLUDE_FILE(*crtend.o) .ctors)
 *(SORT(.ctors.*))
 *crtend.o(.ctors)
                0x00002d3c                . = ALIGN (0x4)
 *crtbegin.o(.dtors)
 *(EXCLUDE_FILE(*crtend.o) .dtors)
 *(SORT(.dtors.*))
 *crtend.o(.dtors)
                0x00002d3c                . = ALIGN (0x4)
                0x00002d3c                __cy_regions = .
                0x00002d3c        0x4 LONG 0x2d50 __cy_region_init_ram
                0x00002d40        0x4 LONG 0x200000c0 __cy_region_start_data
                0x00002d44        0x4 LONG 0x90 __cy_region_init_size_ram
                0x00002d48        0x4 LONG 0x238 __cy_region_zero_size_ram
                0x00002d4c                __cy_regions_end = .
                0x00002d50                . = ALIGN (0x8)
 *fill*         0x00002d4c        0x4 
                0x00002d50                _etext = .

.cy_checksum_exclude
                0x00002d50        0x0
 *(.cy_checksum_exclude)

.ramvectors     0x20000000       0xc0
                0x20000000                __cy_region_start_ram = .
 *(.ramvectors)
 .ramvectors    0x20000000       0xc0 .\CortexM0\ARM_GCC_541\Debug\Cm0Start.o
                0x20000000                CyRamVectors

.noinit
 *(.noinit)

.data           0x200000c0       0x90 load address 0x00002d50
                0x200000c0                __cy_region_start_data = .
 *(.jcr)
 .jcr           0x200000c0        0x0 c:/program files (x86)/cypress/psoc creator/4.4/psoc creator/import/gnu/arm/5.4.1/bin/../lib/gcc/arm-none-eabi/5.4.1/armv6-m/crtbegin.o
 .jcr           0x200000c0        0x4 c:/program files (x86)/cypress/psoc creator/4.4/psoc creator/import/gnu/arm/5.4.1/bin/../lib/gcc/arm-none-eabi/5.4.1/armv6-m/crtend.o
 *(.got.plt)
 *(.got)
 *(.shdata)
 *(.data .data.* .gnu.linkonce.d.*)
 .data          0x200000c4        0x4 .\CortexM0\ARM_GCC_541\Debug\main.o
                0x200000c4                delay
                0x200000c6                period
 .data          0x200000c8        0x6 .\CortexM0\ARM_GCC_541\Debug\BLDC_Drive.o
                0x200000c8                rotorStates
 *fill*         0x200000ce        0x2 
 .data          0x200000d0       0x14 .\CortexM0\ARM_GCC_541\Debug\BLDC_Motor_Board.a(CyLib.o)
                0x200000d0                CySysClkPumpConfig
                0x200000d4                cydelay32kMs
                0x200000d8                cydelayFreqKhz
                0x200000dc                cydelayFreqMhz
                0x200000e0                cydelayFreqHz
 .data          0x200000e4        0x8 .\CortexM0\ARM_GCC_541\Debug\BLDC_Motor_Board.a(CyLFClk.o)
 .data.impure_data
                0x200000ec       0x60 c:/program files (x86)/cypress/psoc creator/4.4/psoc creator/import/gnu/arm/5.4.1/bin/../lib/gcc/arm-none-eabi/5.4.1/../../../../arm-none-eabi/lib/armv6-m\libg_nano.a(lib_a-impure.o)
 .data._impure_ptr
                0x2000014c        0x4 c:/program files (x86)/cypress/psoc creator/4.4/psoc creator/import/gnu/arm/5.4.1/bin/../lib/gcc/arm-none-eabi/5.4.1/../../../../arm-none-eabi/lib/armv6-m\libg_nano.a(lib_a-impure.o)
                0x2000014c                _impure_ptr
                0x20000150                . = ALIGN (0x8)
 *(.ram)
                0x20000150                _edata = .

.igot.plt       0x20000150        0x0 load address 0x00002de0
 .igot.plt      0x20000150        0x0 c:/program files (x86)/cypress/psoc creator/4.4/psoc creator/import/gnu/arm/5.4.1/bin/../lib/gcc/arm-none-eabi/5.4.1/armv6-m/crtbegin.o

.bss            0x20000150      0x238 load address 0x00002de0
                0x20000150                PROVIDE (__bss_start__, .)
 *(.shbss)
 *(.bss .bss.* .gnu.linkonce.b.*)
 .bss           0x20000150       0x1c c:/program files (x86)/cypress/psoc creator/4.4/psoc creator/import/gnu/arm/5.4.1/bin/../lib/gcc/arm-none-eabi/5.4.1/armv6-m/crtbegin.o
 .bss           0x2000016c       0x14 .\CortexM0\ARM_GCC_541\Debug\main.o
                0x2000016c                Can_LED
                0x2000016d                CAN_check_delay
                0x2000016e                Error_LED
                0x2000016f                Debug_LED
                0x20000170                ignoreLimSw
                0x20000171                address
                0x20000172                counter
                0x20000174                drive
                0x20000175                hallSensorsTimeOut
                0x20000176                encoderTimeOut
                0x20000178                nextPWM
                0x2000017c                millidegreeTarget
 .bss           0x20000180       0x11 .\CortexM0\ARM_GCC_541\Debug\BLDC_Drive.o
                0x20000180                invalidate
                0x20000181                currentDir
                0x20000184                currentSpeed
                0x20000188                currentRotorState
                0x2000018c                hallState
                0x20000190                coilState
 .bss           0x20000191        0x4 .\CortexM0\ARM_GCC_541\Debug\PortPSOC_CY8C4248AZI_L485.o
                0x20000191                latestMessageFull
                0x20000192                latestMessageHead
                0x20000193                latestMessageTail
                0x20000194                messageReadFlag
 *fill*         0x20000195        0x3 
 .bss           0x20000198       0x20 .\CortexM0\ARM_GCC_541\Debug\BLDC_Motor_Board.a(CyLib.o)
                0x20000198                CySysClkImoTrim4
                0x2000019c                CySysClkImoTrim5
                0x200001b4                CySysTickInitVar
 .bss           0x200001b8       0x28 .\CortexM0\ARM_GCC_541\Debug\BLDC_Motor_Board.a(CyLFClk.o)
 .bss           0x200001e0        0x1 .\CortexM0\ARM_GCC_541\Debug\BLDC_Motor_Board.a(CAN.o)
                0x200001e0                CAN_initVar
 *fill*         0x200001e1        0x1 
 .bss           0x200001e2        0x4 .\CortexM0\ARM_GCC_541\Debug\BLDC_Motor_Board.a(UART.o)
                0x200001e2                UART_initVar
                0x200001e4                UART_IntrTxMask
 *fill*         0x200001e6        0x2 
 .bss           0x200001e8        0x8 .\CortexM0\ARM_GCC_541\Debug\BLDC_Motor_Board.a(Current_Sensor_I2C.o)
                0x200001e8                Current_Sensor_I2C_initVar
                0x200001ec                Current_Sensor_I2C_customIntrHandler
 .bss           0x200001f0        0x1 .\CortexM0\ARM_GCC_541\Debug\BLDC_Motor_Board.a(Timer_Rotor_Delay.o)
                0x200001f0                Timer_Rotor_Delay_initVar
 .bss           0x200001f1        0x1 .\CortexM0\ARM_GCC_541\Debug\BLDC_Motor_Board.a(Timer_Period_Reset.o)
                0x200001f1                Timer_Period_Reset_initVar
 .bss           0x200001f2        0x4 .\CortexM0\ARM_GCC_541\Debug\BLDC_Motor_Board.a(TMC6100.o)
                0x200001f2                TMC6100_initVar
                0x200001f4                TMC6100_IntrTxMask
 *(COMMON)
 *fill*         0x200001f6        0x2 
 COMMON         0x200001f8       0x8c .\CortexM0\ARM_GCC_541\Debug\main.o
                0x200001f8                bound_set2
                0x200001fc                txData
                0x20000260                can_send
                0x2000026c                bound_set1
                0x20000270                enc_lim_2
                0x20000274                can_recieve
                0x20000280                enc_lim_1
 COMMON         0x20000284        0x4 .\CortexM0\ARM_GCC_541\Debug\BLDC_Drive.o
                0x20000284                delay_ms
 COMMON         0x20000288       0xd8 .\CortexM0\ARM_GCC_541\Debug\PortPSOC_CY8C4248AZI_L485.o
                0x20000288                deviceGroup
                0x2000028c                rxMailbox
                0x2000029c                deviceAddress
                0x200002a0                latestMessage
 COMMON         0x20000360        0x1 .\CortexM0\ARM_GCC_541\Debug\BLDC_Motor_Board.a(Current_Sensor_I2C_I2C.o)
                0x20000360                Current_Sensor_I2C_state
 *fill*         0x20000361        0x3 
 COMMON         0x20000364       0x20 .\CortexM0\ARM_GCC_541\Debug\BLDC_Motor_Board.a(Current_Sensor_I2C_I2C_MASTER.o)
                0x20000364                Current_Sensor_I2C_mstrWrBufPtr
                0x20000368                Current_Sensor_I2C_mstrWrBufSize
                0x2000036c                Current_Sensor_I2C_mstrRdBufPtr
                0x20000370                Current_Sensor_I2C_mstrRdBufSize
                0x20000374                Current_Sensor_I2C_mstrControl
                0x20000376                Current_Sensor_I2C_mstrStatus
                0x20000378                Current_Sensor_I2C_mstrWrBufIndex
                0x2000037c                Current_Sensor_I2C_mstrWrBufIndexTmp
                0x20000380                Current_Sensor_I2C_mstrRdBufIndex
                0x20000388                . = ALIGN (0x8)
 *fill*         0x20000384        0x4 
 *(.ram.b)
                0x20000388                _end = .
                0x20000388                __end = .
                0x20000388                PROVIDE (end, .)
                0x20000388                PROVIDE (__bss_end__, .)
                0x00002d50                __cy_region_init_ram = LOADADDR (.data)
                0x00000090                __cy_region_init_size_ram = (_edata - ADDR (.data))
                0x00000238                __cy_region_zero_size_ram = (_end - _edata)

.heap           0x20000388       0x80 load address 0x00002de0
                0x20000388                . = _end
                0x20000408                . = (. + 0x80)
 *fill*         0x20000388       0x80 
                0x20000408                __cy_heap_limit = .

.stack          0x20007800      0x800
                0x20007800                __cy_stack_limit = .
                0x20008000                . = (. + 0x800)
 *fill*         0x20007800      0x800 
                0x00000001                ASSERT ((__cy_stack_limit >= __cy_heap_limit), region RAM overflowed with stack)
                0x00000000                cy_checksum_exclude_size = (CY_APPL_LOADABLE == 0x1)?SIZEOF (.cy_checksum_exclude):0x0
                0x00000001                ASSERT ((cy_checksum_exclude_size <= CY_CHECKSUM_EXCLUDE_SIZE), CY_BOOT: Section .cy_checksum_exclude size exceedes specified limit.)
                0x0003ffc0                cyloadermeta_start = (cy_project_type_bootloader || cy_project_type_app_for_stack_and_copier)?(LENGTH (rom) - CY_METADATA_SIZE):0xf0000000

.cyloadermeta
 *(.cyloadermeta)
                0x0003ffc0                cyloadablemeta_start = cy_project_type_app_for_stack_and_copier?((LENGTH (rom) - CY_FLASH_ROW_SIZE) - CY_METADATA_SIZE):((LENGTH (rom) - (CY_FLASH_ROW_SIZE * (CY_APPL_NUM - 0x1))) - CY_METADATA_SIZE)

.cyloadablemeta
 *(.cyloadablemeta)

.cyflashprotect
                0x90400000       0x80
 *(.cyflashprotect)
 .cyflashprotect
                0x90400000       0x80 .\CortexM0\ARM_GCC_541\Debug\cymetadata.o
                0x90400000                cy_meta_flashprotect

.cymeta         0x90500000        0xc
 *(.cymeta)
 .cymeta        0x90500000        0xc .\CortexM0\ARM_GCC_541\Debug\cymetadata.o
                0x90500000                cy_metadata

.cychipprotect  0x90600000        0x1
 *(.cychipprotect)
 .cychipprotect
                0x90600000        0x1 .\CortexM0\ARM_GCC_541\Debug\cymetadata.o
                0x90600000                cy_meta_chipprotect

.rel.dyn        0x00002de0        0x0 load address 0x90600004
 .rel.iplt      0x00002de0        0x0 c:/program files (x86)/cypress/psoc creator/4.4/psoc creator/import/gnu/arm/5.4.1/bin/../lib/gcc/arm-none-eabi/5.4.1/armv6-m/crtbegin.o

.stab
 *(.stab)

.stabstr
 *(.stabstr)

.debug
 *(.debug)

.line
 *(.line)

.debug_srcinfo
 *(.debug_srcinfo)

.debug_sfnames
 *(.debug_sfnames)

.debug_aranges  0x00000000     0x1660
 *(.debug_aranges)
 .debug_aranges
                0x00000000       0x50 .\CortexM0\ARM_GCC_541\Debug\main.o
 .debug_aranges
                0x00000050       0x78 .\CortexM0\ARM_GCC_541\Debug\BLDC_FSM.o
 .debug_aranges
                0x000000c8       0x28 .\CortexM0\ARM_GCC_541\Debug\BLDC_CAN.o
 .debug_aranges
                0x000000f0       0x38 .\CortexM0\ARM_GCC_541\Debug\BLDC_Drive.o
 .debug_aranges
                0x00000128       0xf0 .\CortexM0\ARM_GCC_541\Debug\BLDC_pid.o
 .debug_aranges
                0x00000218       0x20 .\CortexM0\ARM_GCC_541\Debug\BLDC_SPI.o
 .debug_aranges
                0x00000238       0xc0 .\CortexM0\ARM_GCC_541\Debug\CANCommon.o
 .debug_aranges
                0x000002f8       0x88 .\CortexM0\ARM_GCC_541\Debug\CANGPIO.o
 .debug_aranges
                0x00000380       0x18 .\CortexM0\ARM_GCC_541\Debug\CANLocalization.o
 .debug_aranges
                0x00000398      0x140 .\CortexM0\ARM_GCC_541\Debug\CANMotorUnit.o
 .debug_aranges
                0x000004d8       0xa8 .\CortexM0\ARM_GCC_541\Debug\CANPacket.o
 .debug_aranges
                0x00000580       0x40 .\CortexM0\ARM_GCC_541\Debug\CANPower.o
 .debug_aranges
                0x000005c0       0x50 .\CortexM0\ARM_GCC_541\Debug\CANScience.o
 .debug_aranges
                0x00000610       0x68 .\CortexM0\ARM_GCC_541\Debug\PortPSOC_CY8C4248AZI_L485.o
 .debug_aranges
                0x00000678       0x40 .\CortexM0\ARM_GCC_541\Debug\cyfitter_cfg.o
 .debug_aranges
                0x000006b8       0x18 .\CortexM0\ARM_GCC_541\Debug\cymetadata.o
 .debug_aranges
                0x000006d0       0x48 .\CortexM0\ARM_GCC_541\Debug\Cm0Start.o
 .debug_aranges
                0x00000718      0x270 .\CortexM0\ARM_GCC_541\Debug\BLDC_Motor_Board.a(CyLib.o)
 .debug_aranges
                0x00000988      0x188 .\CortexM0\ARM_GCC_541\Debug\BLDC_Motor_Board.a(CyLFClk.o)
 .debug_aranges
                0x00000b10       0x48 .\CortexM0\ARM_GCC_541\Debug\BLDC_Motor_Board.a(UH.o)
 .debug_aranges
                0x00000b58       0x48 .\CortexM0\ARM_GCC_541\Debug\BLDC_Motor_Board.a(UL.o)
 .debug_aranges
                0x00000ba0       0x48 .\CortexM0\ARM_GCC_541\Debug\BLDC_Motor_Board.a(VH.o)
 .debug_aranges
                0x00000be8       0x48 .\CortexM0\ARM_GCC_541\Debug\BLDC_Motor_Board.a(VL.o)
 .debug_aranges
                0x00000c30       0x48 .\CortexM0\ARM_GCC_541\Debug\BLDC_Motor_Board.a(WH.o)
 .debug_aranges
                0x00000c78       0x48 .\CortexM0\ARM_GCC_541\Debug\BLDC_Motor_Board.a(WL.o)
 .debug_aranges
                0x00000cc0       0xe8 .\CortexM0\ARM_GCC_541\Debug\BLDC_Motor_Board.a(CAN.o)
 .debug_aranges
                0x00000da8       0x20 .\CortexM0\ARM_GCC_541\Debug\BLDC_Motor_Board.a(CAN_INT.o)
 .debug_aranges
                0x00000dc8       0x30 .\CortexM0\ARM_GCC_541\Debug\BLDC_Motor_Board.a(CAN_TX_RX_func.o)
 .debug_aranges
                0x00000df8       0x58 .\CortexM0\ARM_GCC_541\Debug\BLDC_Motor_Board.a(UART.o)
 .debug_aranges
                0x00000e50       0x90 .\CortexM0\ARM_GCC_541\Debug\BLDC_Motor_Board.a(UART_UART.o)
 .debug_aranges
                0x00000ee0       0x48 .\CortexM0\ARM_GCC_541\Debug\BLDC_Motor_Board.a(ERROR_LED.o)
 .debug_aranges
                0x00000f28       0x60 .\CortexM0\ARM_GCC_541\Debug\BLDC_Motor_Board.a(Current_Sensor_I2C.o)
 .debug_aranges
                0x00000f88       0x30 .\CortexM0\ARM_GCC_541\Debug\BLDC_Motor_Board.a(Current_Sensor_I2C_I2C.o)
 .debug_aranges
                0x00000fb8       0x98 .\CortexM0\ARM_GCC_541\Debug\BLDC_Motor_Board.a(Current_Sensor_I2C_I2C_MASTER.o)
 .debug_aranges
                0x00001050       0x48 .\CortexM0\ARM_GCC_541\Debug\BLDC_Motor_Board.a(CAN_LED.o)
 .debug_aranges
                0x00001098       0x48 .\CortexM0\ARM_GCC_541\Debug\BLDC_Motor_Board.a(FAULT.o)
 .debug_aranges
                0x000010e0       0x80 .\CortexM0\ARM_GCC_541\Debug\BLDC_Motor_Board.a(isr_Limit_1.o)
 .debug_aranges
                0x00001160       0x48 .\CortexM0\ARM_GCC_541\Debug\BLDC_Motor_Board.a(Pin_Limit_2.o)
 .debug_aranges
                0x000011a8       0x48 .\CortexM0\ARM_GCC_541\Debug\BLDC_Motor_Board.a(Pin_Limit_1.o)
 .debug_aranges
                0x000011f0       0x90 .\CortexM0\ARM_GCC_541\Debug\BLDC_Motor_Board.a(Timer_Rotor_Delay.o)
 .debug_aranges
                0x00001280       0x80 .\CortexM0\ARM_GCC_541\Debug\BLDC_Motor_Board.a(isr_Hall.o)
 .debug_aranges
                0x00001300       0x40 .\CortexM0\ARM_GCC_541\Debug\BLDC_Motor_Board.a(Address_Register.o)
 .debug_aranges
                0x00001340       0x40 .\CortexM0\ARM_GCC_541\Debug\BLDC_Motor_Board.a(Limit_Register.o)
 .debug_aranges
                0x00001380       0x90 .\CortexM0\ARM_GCC_541\Debug\BLDC_Motor_Board.a(Timer_Period_Reset.o)
 .debug_aranges
                0x00001410       0x80 .\CortexM0\ARM_GCC_541\Debug\BLDC_Motor_Board.a(isr_Period_Reset.o)
 .debug_aranges
                0x00001490       0x58 .\CortexM0\ARM_GCC_541\Debug\BLDC_Motor_Board.a(TMC6100.o)
 .debug_aranges
                0x000014e8       0x60 .\CortexM0\ARM_GCC_541\Debug\BLDC_Motor_Board.a(TMC6100_SPI_UART.o)
 .debug_aranges
                0x00001548       0x38 .\CortexM0\ARM_GCC_541\Debug\BLDC_Motor_Board.a(TMC6100_SPI.o)
 .debug_aranges
                0x00001580       0x20 .\CortexM0\ARM_GCC_541\Debug\BLDC_Motor_Board.a(CyBootAsmGnu.o)
 .debug_aranges
                0x000015a0       0x40 .\CortexM0\ARM_GCC_541\Debug\BLDC_Motor_Board.a(CyFlash.o)
 .debug_aranges
                0x000015e0       0x60 .\CortexM0\ARM_GCC_541\Debug\BLDC_Motor_Board.a(UART_SPI_UART.o)
 .debug_aranges
                0x00001640       0x20 .\CortexM0\ARM_GCC_541\Debug\BLDC_Motor_Board.a(Current_Sensor_I2C_I2C_INT.o)

.debug_pubnames
 *(.debug_pubnames)

.debug_info     0x00000000     0xd66c
 *(.debug_info .gnu.linkonce.wi.*)
 .debug_info    0x00000000      0x823 .\CortexM0\ARM_GCC_541\Debug\main.o
 .debug_info    0x00000823      0x1ed .\CortexM0\ARM_GCC_541\Debug\BLDC_FSM.o
 .debug_info    0x00000a10      0xc06 .\CortexM0\ARM_GCC_541\Debug\BLDC_CAN.o
 .debug_info    0x00001616      0x454 .\CortexM0\ARM_GCC_541\Debug\BLDC_Drive.o
 .debug_info    0x00001a6a      0x545 .\CortexM0\ARM_GCC_541\Debug\BLDC_pid.o
 .debug_info    0x00001faf       0xdc .\CortexM0\ARM_GCC_541\Debug\BLDC_SPI.o
 .debug_info    0x0000208b      0xa46 .\CortexM0\ARM_GCC_541\Debug\CANCommon.o
 .debug_info    0x00002ad1      0x60d .\CortexM0\ARM_GCC_541\Debug\CANGPIO.o
 .debug_info    0x000030de       0x6b .\CortexM0\ARM_GCC_541\Debug\CANLocalization.o
 .debug_info    0x00003149     0x10ba .\CortexM0\ARM_GCC_541\Debug\CANMotorUnit.o
 .debug_info    0x00004203      0x641 .\CortexM0\ARM_GCC_541\Debug\CANPacket.o
 .debug_info    0x00004844      0x2ff .\CortexM0\ARM_GCC_541\Debug\CANPower.o
 .debug_info    0x00004b43      0x353 .\CortexM0\ARM_GCC_541\Debug\CANScience.o
 .debug_info    0x00004e96      0x639 .\CortexM0\ARM_GCC_541\Debug\PortPSOC_CY8C4248AZI_L485.o
 .debug_info    0x000054cf      0x3cd .\CortexM0\ARM_GCC_541\Debug\cyfitter_cfg.o
 .debug_info    0x0000589c       0xf8 .\CortexM0\ARM_GCC_541\Debug\cymetadata.o
 .debug_info    0x00005994      0x3a2 .\CortexM0\ARM_GCC_541\Debug\Cm0Start.o
 .debug_info    0x00005d36     0x17e4 .\CortexM0\ARM_GCC_541\Debug\BLDC_Motor_Board.a(CyLib.o)
 .debug_info    0x0000751a     0x1058 .\CortexM0\ARM_GCC_541\Debug\BLDC_Motor_Board.a(CyLFClk.o)
 .debug_info    0x00008572      0x19d .\CortexM0\ARM_GCC_541\Debug\BLDC_Motor_Board.a(UH.o)
 .debug_info    0x0000870f      0x19d .\CortexM0\ARM_GCC_541\Debug\BLDC_Motor_Board.a(UL.o)
 .debug_info    0x000088ac      0x19d .\CortexM0\ARM_GCC_541\Debug\BLDC_Motor_Board.a(VH.o)
 .debug_info    0x00008a49      0x19d .\CortexM0\ARM_GCC_541\Debug\BLDC_Motor_Board.a(VL.o)
 .debug_info    0x00008be6      0x19d .\CortexM0\ARM_GCC_541\Debug\BLDC_Motor_Board.a(WH.o)
 .debug_info    0x00008d83      0x19b .\CortexM0\ARM_GCC_541\Debug\BLDC_Motor_Board.a(WL.o)
 .debug_info    0x00008f1e      0x9c6 .\CortexM0\ARM_GCC_541\Debug\BLDC_Motor_Board.a(CAN.o)
 .debug_info    0x000098e4       0xa0 .\CortexM0\ARM_GCC_541\Debug\BLDC_Motor_Board.a(CAN_INT.o)
 .debug_info    0x00009984      0x37e .\CortexM0\ARM_GCC_541\Debug\BLDC_Motor_Board.a(CAN_TX_RX_func.o)
 .debug_info    0x00009d02      0x23a .\CortexM0\ARM_GCC_541\Debug\BLDC_Motor_Board.a(UART.o)
 .debug_info    0x00009f3c      0x3b5 .\CortexM0\ARM_GCC_541\Debug\BLDC_Motor_Board.a(UART_UART.o)
 .debug_info    0x0000a2f1      0x19d .\CortexM0\ARM_GCC_541\Debug\BLDC_Motor_Board.a(ERROR_LED.o)
 .debug_info    0x0000a48e      0x298 .\CortexM0\ARM_GCC_541\Debug\BLDC_Motor_Board.a(Current_Sensor_I2C.o)
 .debug_info    0x0000a726      0x195 .\CortexM0\ARM_GCC_541\Debug\BLDC_Motor_Board.a(Current_Sensor_I2C_I2C.o)
 .debug_info    0x0000a8bb      0x813 .\CortexM0\ARM_GCC_541\Debug\BLDC_Motor_Board.a(Current_Sensor_I2C_I2C_MASTER.o)
 .debug_info    0x0000b0ce      0x19d .\CortexM0\ARM_GCC_541\Debug\BLDC_Motor_Board.a(CAN_LED.o)
 .debug_info    0x0000b26b      0x19d .\CortexM0\ARM_GCC_541\Debug\BLDC_Motor_Board.a(FAULT.o)
 .debug_info    0x0000b408      0x305 .\CortexM0\ARM_GCC_541\Debug\BLDC_Motor_Board.a(isr_Limit_1.o)
 .debug_info    0x0000b70d      0x19d .\CortexM0\ARM_GCC_541\Debug\BLDC_Motor_Board.a(Pin_Limit_2.o)
 .debug_info    0x0000b8aa      0x19b .\CortexM0\ARM_GCC_541\Debug\BLDC_Motor_Board.a(Pin_Limit_1.o)
 .debug_info    0x0000ba45      0x2ee .\CortexM0\ARM_GCC_541\Debug\BLDC_Motor_Board.a(Timer_Rotor_Delay.o)
 .debug_info    0x0000bd33      0x305 .\CortexM0\ARM_GCC_541\Debug\BLDC_Motor_Board.a(isr_Hall.o)
 .debug_info    0x0000c038      0x17f .\CortexM0\ARM_GCC_541\Debug\BLDC_Motor_Board.a(Address_Register.o)
 .debug_info    0x0000c1b7      0x17f .\CortexM0\ARM_GCC_541\Debug\BLDC_Motor_Board.a(Limit_Register.o)
 .debug_info    0x0000c336      0x2cf .\CortexM0\ARM_GCC_541\Debug\BLDC_Motor_Board.a(Timer_Period_Reset.o)
 .debug_info    0x0000c605      0x305 .\CortexM0\ARM_GCC_541\Debug\BLDC_Motor_Board.a(isr_Period_Reset.o)
 .debug_info    0x0000c90a      0x23a .\CortexM0\ARM_GCC_541\Debug\BLDC_Motor_Board.a(TMC6100.o)
 .debug_info    0x0000cb44      0x220 .\CortexM0\ARM_GCC_541\Debug\BLDC_Motor_Board.a(TMC6100_SPI_UART.o)
 .debug_info    0x0000cd64      0x13c .\CortexM0\ARM_GCC_541\Debug\BLDC_Motor_Board.a(TMC6100_SPI.o)
 .debug_info    0x0000cea0       0xb2 .\CortexM0\ARM_GCC_541\Debug\BLDC_Motor_Board.a(CyBootAsmGnu.o)
 .debug_info    0x0000cf52      0x352 .\CortexM0\ARM_GCC_541\Debug\BLDC_Motor_Board.a(CyFlash.o)
 .debug_info    0x0000d2a4      0x220 .\CortexM0\ARM_GCC_541\Debug\BLDC_Motor_Board.a(UART_SPI_UART.o)
 .debug_info    0x0000d4c4      0x1a8 .\CortexM0\ARM_GCC_541\Debug\BLDC_Motor_Board.a(Current_Sensor_I2C_I2C_INT.o)

.debug_abbrev   0x00000000     0x39c6
 *(.debug_abbrev)
 .debug_abbrev  0x00000000      0x1d6 .\CortexM0\ARM_GCC_541\Debug\main.o
 .debug_abbrev  0x000001d6       0xd3 .\CortexM0\ARM_GCC_541\Debug\BLDC_FSM.o
 .debug_abbrev  0x000002a9      0x170 .\CortexM0\ARM_GCC_541\Debug\BLDC_CAN.o
 .debug_abbrev  0x00000419      0x15c .\CortexM0\ARM_GCC_541\Debug\BLDC_Drive.o
 .debug_abbrev  0x00000575      0x16b .\CortexM0\ARM_GCC_541\Debug\BLDC_pid.o
 .debug_abbrev  0x000006e0       0x88 .\CortexM0\ARM_GCC_541\Debug\BLDC_SPI.o
 .debug_abbrev  0x00000768      0x149 .\CortexM0\ARM_GCC_541\Debug\CANCommon.o
 .debug_abbrev  0x000008b1      0x106 .\CortexM0\ARM_GCC_541\Debug\CANGPIO.o
 .debug_abbrev  0x000009b7       0x26 .\CortexM0\ARM_GCC_541\Debug\CANLocalization.o
 .debug_abbrev  0x000009dd      0x19d .\CortexM0\ARM_GCC_541\Debug\CANMotorUnit.o
 .debug_abbrev  0x00000b7a      0x16f .\CortexM0\ARM_GCC_541\Debug\CANPacket.o
 .debug_abbrev  0x00000ce9      0x124 .\CortexM0\ARM_GCC_541\Debug\CANPower.o
 .debug_abbrev  0x00000e0d       0xfe .\CortexM0\ARM_GCC_541\Debug\CANScience.o
 .debug_abbrev  0x00000f0b      0x1ad .\CortexM0\ARM_GCC_541\Debug\PortPSOC_CY8C4248AZI_L485.o
 .debug_abbrev  0x000010b8      0x1af .\CortexM0\ARM_GCC_541\Debug\cyfitter_cfg.o
 .debug_abbrev  0x00001267       0x5d .\CortexM0\ARM_GCC_541\Debug\cymetadata.o
 .debug_abbrev  0x000012c4      0x1d7 .\CortexM0\ARM_GCC_541\Debug\Cm0Start.o
 .debug_abbrev  0x0000149b      0x293 .\CortexM0\ARM_GCC_541\Debug\BLDC_Motor_Board.a(CyLib.o)
 .debug_abbrev  0x0000172e      0x248 .\CortexM0\ARM_GCC_541\Debug\BLDC_Motor_Board.a(CyLFClk.o)
 .debug_abbrev  0x00001976       0xc8 .\CortexM0\ARM_GCC_541\Debug\BLDC_Motor_Board.a(UH.o)
 .debug_abbrev  0x00001a3e       0xc8 .\CortexM0\ARM_GCC_541\Debug\BLDC_Motor_Board.a(UL.o)
 .debug_abbrev  0x00001b06       0xc8 .\CortexM0\ARM_GCC_541\Debug\BLDC_Motor_Board.a(VH.o)
 .debug_abbrev  0x00001bce       0xc8 .\CortexM0\ARM_GCC_541\Debug\BLDC_Motor_Board.a(VL.o)
 .debug_abbrev  0x00001c96       0xc8 .\CortexM0\ARM_GCC_541\Debug\BLDC_Motor_Board.a(WH.o)
 .debug_abbrev  0x00001d5e       0xc8 .\CortexM0\ARM_GCC_541\Debug\BLDC_Motor_Board.a(WL.o)
 .debug_abbrev  0x00001e26      0x186 .\CortexM0\ARM_GCC_541\Debug\BLDC_Motor_Board.a(CAN.o)
 .debug_abbrev  0x00001fac       0x42 .\CortexM0\ARM_GCC_541\Debug\BLDC_Motor_Board.a(CAN_INT.o)
 .debug_abbrev  0x00001fee      0x159 .\CortexM0\ARM_GCC_541\Debug\BLDC_Motor_Board.a(CAN_TX_RX_func.o)
 .debug_abbrev  0x00002147       0xd5 .\CortexM0\ARM_GCC_541\Debug\BLDC_Motor_Board.a(UART.o)
 .debug_abbrev  0x0000221c      0x132 .\CortexM0\ARM_GCC_541\Debug\BLDC_Motor_Board.a(UART_UART.o)
 .debug_abbrev  0x0000234e       0xc8 .\CortexM0\ARM_GCC_541\Debug\BLDC_Motor_Board.a(ERROR_LED.o)
 .debug_abbrev  0x00002416      0x118 .\CortexM0\ARM_GCC_541\Debug\BLDC_Motor_Board.a(Current_Sensor_I2C.o)
 .debug_abbrev  0x0000252e       0xc7 .\CortexM0\ARM_GCC_541\Debug\BLDC_Motor_Board.a(Current_Sensor_I2C_I2C.o)
 .debug_abbrev  0x000025f5      0x1c2 .\CortexM0\ARM_GCC_541\Debug\BLDC_Motor_Board.a(Current_Sensor_I2C_I2C_MASTER.o)
 .debug_abbrev  0x000027b7       0xc8 .\CortexM0\ARM_GCC_541\Debug\BLDC_Motor_Board.a(CAN_LED.o)
 .debug_abbrev  0x0000287f       0xc8 .\CortexM0\ARM_GCC_541\Debug\BLDC_Motor_Board.a(FAULT.o)
 .debug_abbrev  0x00002947      0x19a .\CortexM0\ARM_GCC_541\Debug\BLDC_Motor_Board.a(isr_Limit_1.o)
 .debug_abbrev  0x00002ae1       0xc8 .\CortexM0\ARM_GCC_541\Debug\BLDC_Motor_Board.a(Pin_Limit_2.o)
 .debug_abbrev  0x00002ba9       0xc8 .\CortexM0\ARM_GCC_541\Debug\BLDC_Motor_Board.a(Pin_Limit_1.o)
 .debug_abbrev  0x00002c71      0x12b .\CortexM0\ARM_GCC_541\Debug\BLDC_Motor_Board.a(Timer_Rotor_Delay.o)
 .debug_abbrev  0x00002d9c      0x19a .\CortexM0\ARM_GCC_541\Debug\BLDC_Motor_Board.a(isr_Hall.o)
 .debug_abbrev  0x00002f36       0xac .\CortexM0\ARM_GCC_541\Debug\BLDC_Motor_Board.a(Address_Register.o)
 .debug_abbrev  0x00002fe2       0xac .\CortexM0\ARM_GCC_541\Debug\BLDC_Motor_Board.a(Limit_Register.o)
 .debug_abbrev  0x0000308e      0x12b .\CortexM0\ARM_GCC_541\Debug\BLDC_Motor_Board.a(Timer_Period_Reset.o)
 .debug_abbrev  0x000031b9      0x19a .\CortexM0\ARM_GCC_541\Debug\BLDC_Motor_Board.a(isr_Period_Reset.o)
 .debug_abbrev  0x00003353       0xd5 .\CortexM0\ARM_GCC_541\Debug\BLDC_Motor_Board.a(TMC6100.o)
 .debug_abbrev  0x00003428      0x14f .\CortexM0\ARM_GCC_541\Debug\BLDC_Motor_Board.a(TMC6100_SPI_UART.o)
 .debug_abbrev  0x00003577       0xc6 .\CortexM0\ARM_GCC_541\Debug\BLDC_Motor_Board.a(TMC6100_SPI.o)
 .debug_abbrev  0x0000363d       0x14 .\CortexM0\ARM_GCC_541\Debug\BLDC_Motor_Board.a(CyBootAsmGnu.o)
 .debug_abbrev  0x00003651      0x182 .\CortexM0\ARM_GCC_541\Debug\BLDC_Motor_Board.a(CyFlash.o)
 .debug_abbrev  0x000037d3      0x14f .\CortexM0\ARM_GCC_541\Debug\BLDC_Motor_Board.a(UART_SPI_UART.o)
 .debug_abbrev  0x00003922       0xa4 .\CortexM0\ARM_GCC_541\Debug\BLDC_Motor_Board.a(Current_Sensor_I2C_I2C_INT.o)

.debug_line     0x00000000     0x5a74
 *(.debug_line)
 .debug_line    0x00000000      0x455 .\CortexM0\ARM_GCC_541\Debug\main.o
 .debug_line    0x00000455      0x205 .\CortexM0\ARM_GCC_541\Debug\BLDC_FSM.o
 .debug_line    0x0000065a      0x24f .\CortexM0\ARM_GCC_541\Debug\BLDC_CAN.o
 .debug_line    0x000008a9      0x23d .\CortexM0\ARM_GCC_541\Debug\BLDC_Drive.o
 .debug_line    0x00000ae6      0x33b .\CortexM0\ARM_GCC_541\Debug\BLDC_pid.o
 .debug_line    0x00000e21       0x69 .\CortexM0\ARM_GCC_541\Debug\BLDC_SPI.o
 .debug_line    0x00000e8a      0x2f6 .\CortexM0\ARM_GCC_541\Debug\CANCommon.o
 .debug_line    0x00001180      0x251 .\CortexM0\ARM_GCC_541\Debug\CANGPIO.o
 .debug_line    0x000013d1       0x1d .\CortexM0\ARM_GCC_541\Debug\CANLocalization.o
 .debug_line    0x000013ee      0x41a .\CortexM0\ARM_GCC_541\Debug\CANMotorUnit.o
 .debug_line    0x00001808      0x2df .\CortexM0\ARM_GCC_541\Debug\CANPacket.o
 .debug_line    0x00001ae7      0x1a0 .\CortexM0\ARM_GCC_541\Debug\CANPower.o
 .debug_line    0x00001c87      0x1c8 .\CortexM0\ARM_GCC_541\Debug\CANScience.o
 .debug_line    0x00001e4f      0x2f9 .\CortexM0\ARM_GCC_541\Debug\PortPSOC_CY8C4248AZI_L485.o
 .debug_line    0x00002148      0x196 .\CortexM0\ARM_GCC_541\Debug\cyfitter_cfg.o
 .debug_line    0x000022de      0x141 .\CortexM0\ARM_GCC_541\Debug\cymetadata.o
 .debug_line    0x0000241f      0x236 .\CortexM0\ARM_GCC_541\Debug\Cm0Start.o
 .debug_line    0x00002655      0x8ef .\CortexM0\ARM_GCC_541\Debug\BLDC_Motor_Board.a(CyLib.o)
 .debug_line    0x00002f44      0x5d1 .\CortexM0\ARM_GCC_541\Debug\BLDC_Motor_Board.a(CyLFClk.o)
 .debug_line    0x00003515       0xba .\CortexM0\ARM_GCC_541\Debug\BLDC_Motor_Board.a(UH.o)
 .debug_line    0x000035cf       0xba .\CortexM0\ARM_GCC_541\Debug\BLDC_Motor_Board.a(UL.o)
 .debug_line    0x00003689       0xba .\CortexM0\ARM_GCC_541\Debug\BLDC_Motor_Board.a(VH.o)
 .debug_line    0x00003743       0xba .\CortexM0\ARM_GCC_541\Debug\BLDC_Motor_Board.a(VL.o)
 .debug_line    0x000037fd       0xba .\CortexM0\ARM_GCC_541\Debug\BLDC_Motor_Board.a(WH.o)
 .debug_line    0x000038b7       0xb9 .\CortexM0\ARM_GCC_541\Debug\BLDC_Motor_Board.a(WL.o)
 .debug_line    0x00003970      0x3e7 .\CortexM0\ARM_GCC_541\Debug\BLDC_Motor_Board.a(CAN.o)
 .debug_line    0x00003d57       0x53 .\CortexM0\ARM_GCC_541\Debug\BLDC_Motor_Board.a(CAN_INT.o)
 .debug_line    0x00003daa       0xfc .\CortexM0\ARM_GCC_541\Debug\BLDC_Motor_Board.a(CAN_TX_RX_func.o)
 .debug_line    0x00003ea6      0x108 .\CortexM0\ARM_GCC_541\Debug\BLDC_Motor_Board.a(UART.o)
 .debug_line    0x00003fae      0x1cf .\CortexM0\ARM_GCC_541\Debug\BLDC_Motor_Board.a(UART_UART.o)
 .debug_line    0x0000417d       0xc1 .\CortexM0\ARM_GCC_541\Debug\BLDC_Motor_Board.a(ERROR_LED.o)
 .debug_line    0x0000423e      0x142 .\CortexM0\ARM_GCC_541\Debug\BLDC_Motor_Board.a(Current_Sensor_I2C.o)
 .debug_line    0x00004380       0xe0 .\CortexM0\ARM_GCC_541\Debug\BLDC_Motor_Board.a(Current_Sensor_I2C_I2C.o)
 .debug_line    0x00004460      0x31a .\CortexM0\ARM_GCC_541\Debug\BLDC_Motor_Board.a(Current_Sensor_I2C_I2C_MASTER.o)
 .debug_line    0x0000477a       0xbf .\CortexM0\ARM_GCC_541\Debug\BLDC_Motor_Board.a(CAN_LED.o)
 .debug_line    0x00004839       0xbd .\CortexM0\ARM_GCC_541\Debug\BLDC_Motor_Board.a(FAULT.o)
 .debug_line    0x000048f6      0x157 .\CortexM0\ARM_GCC_541\Debug\BLDC_Motor_Board.a(isr_Limit_1.o)
 .debug_line    0x00004a4d       0xc3 .\CortexM0\ARM_GCC_541\Debug\BLDC_Motor_Board.a(Pin_Limit_2.o)
 .debug_line    0x00004b10       0xc2 .\CortexM0\ARM_GCC_541\Debug\BLDC_Motor_Board.a(Pin_Limit_1.o)
 .debug_line    0x00004bd2      0x185 .\CortexM0\ARM_GCC_541\Debug\BLDC_Motor_Board.a(Timer_Rotor_Delay.o)
 .debug_line    0x00004d57      0x150 .\CortexM0\ARM_GCC_541\Debug\BLDC_Motor_Board.a(isr_Hall.o)
 .debug_line    0x00004ea7       0xbf .\CortexM0\ARM_GCC_541\Debug\BLDC_Motor_Board.a(Address_Register.o)
 .debug_line    0x00004f66       0xbd .\CortexM0\ARM_GCC_541\Debug\BLDC_Motor_Board.a(Limit_Register.o)
 .debug_line    0x00005023      0x186 .\CortexM0\ARM_GCC_541\Debug\BLDC_Motor_Board.a(Timer_Period_Reset.o)
 .debug_line    0x000051a9      0x15c .\CortexM0\ARM_GCC_541\Debug\BLDC_Motor_Board.a(isr_Period_Reset.o)
 .debug_line    0x00005305      0x110 .\CortexM0\ARM_GCC_541\Debug\BLDC_Motor_Board.a(TMC6100.o)
 .debug_line    0x00005415      0x11d .\CortexM0\ARM_GCC_541\Debug\BLDC_Motor_Board.a(TMC6100_SPI_UART.o)
 .debug_line    0x00005532       0xc4 .\CortexM0\ARM_GCC_541\Debug\BLDC_Motor_Board.a(TMC6100_SPI.o)
 .debug_line    0x000055f6       0x68 .\CortexM0\ARM_GCC_541\Debug\BLDC_Motor_Board.a(CyBootAsmGnu.o)
 .debug_line    0x0000565e      0x173 .\CortexM0\ARM_GCC_541\Debug\BLDC_Motor_Board.a(CyFlash.o)
 .debug_line    0x000057d1      0x11a .\CortexM0\ARM_GCC_541\Debug\BLDC_Motor_Board.a(UART_SPI_UART.o)
 .debug_line    0x000058eb      0x189 .\CortexM0\ARM_GCC_541\Debug\BLDC_Motor_Board.a(Current_Sensor_I2C_I2C_INT.o)

.debug_frame    0x00000000     0x398c
 *(.debug_frame)
 .debug_frame   0x00000000       0xdc .\CortexM0\ARM_GCC_541\Debug\main.o
 .debug_frame   0x000000dc       0xdc .\CortexM0\ARM_GCC_541\Debug\BLDC_FSM.o
 .debug_frame   0x000001b8       0x54 .\CortexM0\ARM_GCC_541\Debug\BLDC_CAN.o
 .debug_frame   0x0000020c       0x6c .\CortexM0\ARM_GCC_541\Debug\BLDC_Drive.o
 .debug_frame   0x00000278      0x200 .\CortexM0\ARM_GCC_541\Debug\BLDC_pid.o
 .debug_frame   0x00000478       0x2c .\CortexM0\ARM_GCC_541\Debug\BLDC_SPI.o
 .debug_frame   0x000004a4      0x27c .\CortexM0\ARM_GCC_541\Debug\CANCommon.o
 .debug_frame   0x00000720      0x178 .\CortexM0\ARM_GCC_541\Debug\CANGPIO.o
 .debug_frame   0x00000898      0x3f8 .\CortexM0\ARM_GCC_541\Debug\CANMotorUnit.o
 .debug_frame   0x00000c90      0x1a4 .\CortexM0\ARM_GCC_541\Debug\CANPacket.o
 .debug_frame   0x00000e34       0x8c .\CortexM0\ARM_GCC_541\Debug\CANPower.o
 .debug_frame   0x00000ec0       0xb0 .\CortexM0\ARM_GCC_541\Debug\CANScience.o
 .debug_frame   0x00000f70       0xfc .\CortexM0\ARM_GCC_541\Debug\PortPSOC_CY8C4248AZI_L485.o
 .debug_frame   0x0000106c       0x98 .\CortexM0\ARM_GCC_541\Debug\cyfitter_cfg.o
 .debug_frame   0x00001104       0xbc .\CortexM0\ARM_GCC_541\Debug\Cm0Start.o
 .debug_frame   0x000011c0      0x718 .\CortexM0\ARM_GCC_541\Debug\BLDC_Motor_Board.a(CyLib.o)
 .debug_frame   0x000018d8      0x4a4 .\CortexM0\ARM_GCC_541\Debug\BLDC_Motor_Board.a(CyLFClk.o)
 .debug_frame   0x00001d7c       0x70 .\CortexM0\ARM_GCC_541\Debug\BLDC_Motor_Board.a(UH.o)
 .debug_frame   0x00001dec       0x70 .\CortexM0\ARM_GCC_541\Debug\BLDC_Motor_Board.a(UL.o)
 .debug_frame   0x00001e5c       0x70 .\CortexM0\ARM_GCC_541\Debug\BLDC_Motor_Board.a(VH.o)
 .debug_frame   0x00001ecc       0x70 .\CortexM0\ARM_GCC_541\Debug\BLDC_Motor_Board.a(VL.o)
 .debug_frame   0x00001f3c       0x70 .\CortexM0\ARM_GCC_541\Debug\BLDC_Motor_Board.a(WH.o)
 .debug_frame   0x00001fac       0x70 .\CortexM0\ARM_GCC_541\Debug\BLDC_Motor_Board.a(WL.o)
 .debug_frame   0x0000201c      0x238 .\CortexM0\ARM_GCC_541\Debug\BLDC_Motor_Board.a(CAN.o)
 .debug_frame   0x00002254       0x20 .\CortexM0\ARM_GCC_541\Debug\BLDC_Motor_Board.a(CAN_INT.o)
 .debug_frame   0x00002274       0x60 .\CortexM0\ARM_GCC_541\Debug\BLDC_Motor_Board.a(CAN_TX_RX_func.o)
 .debug_frame   0x000022d4       0xd8 .\CortexM0\ARM_GCC_541\Debug\BLDC_Motor_Board.a(UART.o)
 .debug_frame   0x000023ac      0x144 .\CortexM0\ARM_GCC_541\Debug\BLDC_Motor_Board.a(UART_UART.o)
 .debug_frame   0x000024f0       0x70 .\CortexM0\ARM_GCC_541\Debug\BLDC_Motor_Board.a(ERROR_LED.o)
 .debug_frame   0x00002560       0xe8 .\CortexM0\ARM_GCC_541\Debug\BLDC_Motor_Board.a(Current_Sensor_I2C.o)
 .debug_frame   0x00002648       0x58 .\CortexM0\ARM_GCC_541\Debug\BLDC_Motor_Board.a(Current_Sensor_I2C_I2C.o)
 .debug_frame   0x000026a0      0x1d8 .\CortexM0\ARM_GCC_541\Debug\BLDC_Motor_Board.a(Current_Sensor_I2C_I2C_MASTER.o)
 .debug_frame   0x00002878       0x70 .\CortexM0\ARM_GCC_541\Debug\BLDC_Motor_Board.a(CAN_LED.o)
 .debug_frame   0x000028e8       0x70 .\CortexM0\ARM_GCC_541\Debug\BLDC_Motor_Board.a(FAULT.o)
 .debug_frame   0x00002958      0x110 .\CortexM0\ARM_GCC_541\Debug\BLDC_Motor_Board.a(isr_Limit_1.o)
 .debug_frame   0x00002a68       0x70 .\CortexM0\ARM_GCC_541\Debug\BLDC_Motor_Board.a(Pin_Limit_2.o)
 .debug_frame   0x00002ad8       0x70 .\CortexM0\ARM_GCC_541\Debug\BLDC_Motor_Board.a(Pin_Limit_1.o)
 .debug_frame   0x00002b48      0x124 .\CortexM0\ARM_GCC_541\Debug\BLDC_Motor_Board.a(Timer_Rotor_Delay.o)
 .debug_frame   0x00002c6c      0x110 .\CortexM0\ARM_GCC_541\Debug\BLDC_Motor_Board.a(isr_Hall.o)
 .debug_frame   0x00002d7c       0x78 .\CortexM0\ARM_GCC_541\Debug\BLDC_Motor_Board.a(Address_Register.o)
 .debug_frame   0x00002df4       0x78 .\CortexM0\ARM_GCC_541\Debug\BLDC_Motor_Board.a(Limit_Register.o)
 .debug_frame   0x00002e6c      0x124 .\CortexM0\ARM_GCC_541\Debug\BLDC_Motor_Board.a(Timer_Period_Reset.o)
 .debug_frame   0x00002f90      0x110 .\CortexM0\ARM_GCC_541\Debug\BLDC_Motor_Board.a(isr_Period_Reset.o)
 .debug_frame   0x000030a0       0xd8 .\CortexM0\ARM_GCC_541\Debug\BLDC_Motor_Board.a(TMC6100.o)
 .debug_frame   0x00003178       0xb0 .\CortexM0\ARM_GCC_541\Debug\BLDC_Motor_Board.a(TMC6100_SPI_UART.o)
 .debug_frame   0x00003228       0x50 .\CortexM0\ARM_GCC_541\Debug\BLDC_Motor_Board.a(TMC6100_SPI.o)
 .debug_frame   0x00003278       0x90 .\CortexM0\ARM_GCC_541\Debug\BLDC_Motor_Board.a(CyFlash.o)
 .debug_frame   0x00003308       0xb0 .\CortexM0\ARM_GCC_541\Debug\BLDC_Motor_Board.a(UART_SPI_UART.o)
 .debug_frame   0x000033b8       0x2c .\CortexM0\ARM_GCC_541\Debug\BLDC_Motor_Board.a(Current_Sensor_I2C_I2C_INT.o)
 .debug_frame   0x000033e4       0x20 c:/program files (x86)/cypress/psoc creator/4.4/psoc creator/import/gnu/arm/5.4.1/bin/../lib/gcc/arm-none-eabi/5.4.1/armv6-m\libgcc.a(_udivsi3.o)
 .debug_frame   0x00003404       0x20 c:/program files (x86)/cypress/psoc creator/4.4/psoc creator/import/gnu/arm/5.4.1/bin/../lib/gcc/arm-none-eabi/5.4.1/armv6-m\libgcc.a(_divsi3.o)
 .debug_frame   0x00003424       0x28 c:/program files (x86)/cypress/psoc creator/4.4/psoc creator/import/gnu/arm/5.4.1/bin/../lib/gcc/arm-none-eabi/5.4.1/armv6-m\libgcc.a(_fixunssfsi.o)
 .debug_frame   0x0000344c       0x3c c:/program files (x86)/cypress/psoc creator/4.4/psoc creator/import/gnu/arm/5.4.1/bin/../lib/gcc/arm-none-eabi/5.4.1/armv6-m\libgcc.a(divsf3.o)
 .debug_frame   0x00003488       0x30 c:/program files (x86)/cypress/psoc creator/4.4/psoc creator/import/gnu/arm/5.4.1/bin/../lib/gcc/arm-none-eabi/5.4.1/armv6-m\libgcc.a(subsf3.o)
 .debug_frame   0x000034b8       0x20 c:/program files (x86)/cypress/psoc creator/4.4/psoc creator/import/gnu/arm/5.4.1/bin/../lib/gcc/arm-none-eabi/5.4.1/armv6-m\libgcc.a(fixsfsi.o)
 .debug_frame   0x000034d8       0x2c c:/program files (x86)/cypress/psoc creator/4.4/psoc creator/import/gnu/arm/5.4.1/bin/../lib/gcc/arm-none-eabi/5.4.1/armv6-m\libgcc.a(floatsisf.o)
 .debug_frame   0x00003504       0x3c c:/program files (x86)/cypress/psoc creator/4.4/psoc creator/import/gnu/arm/5.4.1/bin/../lib/gcc/arm-none-eabi/5.4.1/armv6-m\libgcc.a(divdf3.o)
 .debug_frame   0x00003540       0x2c c:/program files (x86)/cypress/psoc creator/4.4/psoc creator/import/gnu/arm/5.4.1/bin/../lib/gcc/arm-none-eabi/5.4.1/armv6-m\libgcc.a(floatsidf.o)
 .debug_frame   0x0000356c       0x2c c:/program files (x86)/cypress/psoc creator/4.4/psoc creator/import/gnu/arm/5.4.1/bin/../lib/gcc/arm-none-eabi/5.4.1/armv6-m\libgcc.a(floatunsidf.o)
 .debug_frame   0x00003598       0x2c c:/program files (x86)/cypress/psoc creator/4.4/psoc creator/import/gnu/arm/5.4.1/bin/../lib/gcc/arm-none-eabi/5.4.1/armv6-m\libgcc.a(eqsf2.o)
 .debug_frame   0x000035c4       0x30 c:/program files (x86)/cypress/psoc creator/4.4/psoc creator/import/gnu/arm/5.4.1/bin/../lib/gcc/arm-none-eabi/5.4.1/armv6-m\libgcc.a(gesf2.o)
 .debug_frame   0x000035f4       0x30 c:/program files (x86)/cypress/psoc creator/4.4/psoc creator/import/gnu/arm/5.4.1/bin/../lib/gcc/arm-none-eabi/5.4.1/armv6-m\libgcc.a(lesf2.o)
 .debug_frame   0x00003624       0x20 c:/program files (x86)/cypress/psoc creator/4.4/psoc creator/import/gnu/arm/5.4.1/bin/../lib/gcc/arm-none-eabi/5.4.1/../../../../arm-none-eabi/lib/armv6-m\libg_nano.a(lib_a-errno.o)
 .debug_frame   0x00003644       0x28 c:/program files (x86)/cypress/psoc creator/4.4/psoc creator/import/gnu/arm/5.4.1/bin/../lib/gcc/arm-none-eabi/5.4.1/../../../../arm-none-eabi/lib/armv6-m\libg_nano.a(lib_a-exit.o)
 .debug_frame   0x0000366c       0x2c c:/program files (x86)/cypress/psoc creator/4.4/psoc creator/import/gnu/arm/5.4.1/bin/../lib/gcc/arm-none-eabi/5.4.1/../../../../arm-none-eabi/lib/armv6-m\libg_nano.a(lib_a-init.o)
 .debug_frame   0x00003698       0x28 c:/program files (x86)/cypress/psoc creator/4.4/psoc creator/import/gnu/arm/5.4.1/bin/../lib/gcc/arm-none-eabi/5.4.1/../../../../arm-none-eabi/lib/armv6-m\libg_nano.a(lib_a-memcpy-stub.o)
 .debug_frame   0x000036c0       0x20 c:/program files (x86)/cypress/psoc creator/4.4/psoc creator/import/gnu/arm/5.4.1/bin/../lib/gcc/arm-none-eabi/5.4.1/../../../../arm-none-eabi/lib/armv6-m\libg_nano.a(lib_a-memset.o)
 .debug_frame   0x000036e0       0x50 c:/program files (x86)/cypress/psoc creator/4.4/psoc creator/import/gnu/arm/5.4.1/bin/../lib/gcc/arm-none-eabi/5.4.1/../../../../arm-none-eabi/lib/armv6-m\libg_nano.a(lib_a-sprintf.o)
 .debug_frame   0x00003730       0x74 c:/program files (x86)/cypress/psoc creator/4.4/psoc creator/import/gnu/arm/5.4.1/bin/../lib/gcc/arm-none-eabi/5.4.1/../../../../arm-none-eabi/lib/armv6-m\libg_nano.a(lib_a-nano-svfprintf.o)
 .debug_frame   0x000037a4       0x54 c:/program files (x86)/cypress/psoc creator/4.4/psoc creator/import/gnu/arm/5.4.1/bin/../lib/gcc/arm-none-eabi/5.4.1/../../../../arm-none-eabi/lib/armv6-m\libg_nano.a(lib_a-nano-vfprintf_i.o)
 .debug_frame   0x000037f8       0x20 c:/program files (x86)/cypress/psoc creator/4.4/psoc creator/import/gnu/arm/5.4.1/bin/../lib/gcc/arm-none-eabi/5.4.1/../../../../arm-none-eabi/lib/armv6-m\libg_nano.a(lib_a-memchr-stub.o)
 .debug_frame   0x00003818       0x28 c:/program files (x86)/cypress/psoc creator/4.4/psoc creator/import/gnu/arm/5.4.1/bin/../lib/gcc/arm-none-eabi/5.4.1/../../../../arm-none-eabi/lib/armv6-m\libg_nano.a(lib_a-memmove.o)
 .debug_frame   0x00003840       0x2c c:/program files (x86)/cypress/psoc creator/4.4/psoc creator/import/gnu/arm/5.4.1/bin/../lib/gcc/arm-none-eabi/5.4.1/../../../../arm-none-eabi/lib/armv6-m\libg_nano.a(lib_a-nano-freer.o)
 .debug_frame   0x0000386c       0x2c c:/program files (x86)/cypress/psoc creator/4.4/psoc creator/import/gnu/arm/5.4.1/bin/../lib/gcc/arm-none-eabi/5.4.1/../../../../arm-none-eabi/lib/armv6-m\libg_nano.a(lib_a-nano-mallocr.o)
 .debug_frame   0x00003898       0x30 c:/program files (x86)/cypress/psoc creator/4.4/psoc creator/import/gnu/arm/5.4.1/bin/../lib/gcc/arm-none-eabi/5.4.1/../../../../arm-none-eabi/lib/armv6-m\libg_nano.a(lib_a-nano-reallocr.o)
 .debug_frame   0x000038c8       0x2c c:/program files (x86)/cypress/psoc creator/4.4/psoc creator/import/gnu/arm/5.4.1/bin/../lib/gcc/arm-none-eabi/5.4.1/../../../../arm-none-eabi/lib/armv6-m\libg_nano.a(lib_a-sbrkr.o)
 .debug_frame   0x000038f4       0x30 c:/program files (x86)/cypress/psoc creator/4.4/psoc creator/import/gnu/arm/5.4.1/bin/../lib/gcc/arm-none-eabi/5.4.1/../../../../arm-none-eabi/lib/armv6-m\libg_nano.a(lib_a-mlock.o)
 .debug_frame   0x00003924       0x20 c:/program files (x86)/cypress/psoc creator/4.4/psoc creator/import/gnu/arm/5.4.1/bin/../lib/gcc/arm-none-eabi/5.4.1/../../../../arm-none-eabi/lib/armv6-m\libg_nano.a(lib_a-nano-msizer.o)
 .debug_frame   0x00003944       0x48 c:/program files (x86)/cypress/psoc creator/4.4/psoc creator/import/gnu/arm/5.4.1/bin/../lib/gcc/arm-none-eabi/5.4.1/../../../../arm-none-eabi/lib/armv6-m\libg_nano.a(lib_a-reent.o)

.debug_str      0x00000000     0x4b5f
 *(.debug_str)
 .debug_str     0x00000000      0x4d9 .\CortexM0\ARM_GCC_541\Debug\main.o
                                0x55d (size before relaxing)
 .debug_str     0x000004d9       0xe8 .\CortexM0\ARM_GCC_541\Debug\BLDC_FSM.o
                                0x2ae (size before relaxing)
 .debug_str     0x000005c1      0x326 .\CortexM0\ARM_GCC_541\Debug\BLDC_CAN.o
                                0x63a (size before relaxing)
 .debug_str     0x000008e7       0xfc .\CortexM0\ARM_GCC_541\Debug\BLDC_Drive.o
                                0x35b (size before relaxing)
 .debug_str     0x000009e3      0x151 .\CortexM0\ARM_GCC_541\Debug\BLDC_pid.o
                                0x439 (size before relaxing)
 .debug_str     0x00000b34       0x1f .\CortexM0\ARM_GCC_541\Debug\BLDC_SPI.o
                                0x1cb (size before relaxing)
 .debug_str     0x00000b53      0x39f .\CortexM0\ARM_GCC_541\Debug\CANCommon.o
                                0x5c8 (size before relaxing)
 .debug_str     0x00000ef2      0x1ff .\CortexM0\ARM_GCC_541\Debug\CANGPIO.o
                                0x451 (size before relaxing)
 .debug_str     0x000010f1       0x1f .\CortexM0\ARM_GCC_541\Debug\CANLocalization.o
                                0x19e (size before relaxing)
 .debug_str     0x00001110      0x32a .\CortexM0\ARM_GCC_541\Debug\CANMotorUnit.o
                                0x6f7 (size before relaxing)
 .debug_str     0x0000143a      0x14f .\CortexM0\ARM_GCC_541\Debug\CANPacket.o
                                0x450 (size before relaxing)
 .debug_str     0x00001589       0xbf .\CortexM0\ARM_GCC_541\Debug\CANPower.o
                                0x336 (size before relaxing)
 .debug_str     0x00001648      0x11d .\CortexM0\ARM_GCC_541\Debug\CANScience.o
                                0x358 (size before relaxing)
 .debug_str     0x00001765      0x21b .\CortexM0\ARM_GCC_541\Debug\PortPSOC_CY8C4248AZI_L485.o
                                0x49a (size before relaxing)
 .debug_str     0x00001980      0x117 .\CortexM0\ARM_GCC_541\Debug\cyfitter_cfg.o
                                0x2fe (size before relaxing)
 .debug_str     0x00001a97       0xae .\CortexM0\ARM_GCC_541\Debug\cymetadata.o
                                0x1db (size before relaxing)
 .debug_str     0x00001b45      0x134 .\CortexM0\ARM_GCC_541\Debug\Cm0Start.o
                                0x323 (size before relaxing)
 .debug_str     0x00001c79      0x91b .\CortexM0\ARM_GCC_541\Debug\BLDC_Motor_Board.a(CyLib.o)
                                0xb6a (size before relaxing)
 .debug_str     0x00002594      0x6dc .\CortexM0\ARM_GCC_541\Debug\BLDC_Motor_Board.a(CyLFClk.o)
                                0x93f (size before relaxing)
 .debug_str     0x00002c70       0x84 .\CortexM0\ARM_GCC_541\Debug\BLDC_Motor_Board.a(UH.o)
                                0x243 (size before relaxing)
 .debug_str     0x00002cf4       0x69 .\CortexM0\ARM_GCC_541\Debug\BLDC_Motor_Board.a(UL.o)
                                0x243 (size before relaxing)
 .debug_str     0x00002d5d       0x69 .\CortexM0\ARM_GCC_541\Debug\BLDC_Motor_Board.a(VH.o)
                                0x243 (size before relaxing)
 .debug_str     0x00002dc6       0x69 .\CortexM0\ARM_GCC_541\Debug\BLDC_Motor_Board.a(VL.o)
                                0x243 (size before relaxing)
 .debug_str     0x00002e2f       0x69 .\CortexM0\ARM_GCC_541\Debug\BLDC_Motor_Board.a(WH.o)
                                0x243 (size before relaxing)
 .debug_str     0x00002e98       0x69 .\CortexM0\ARM_GCC_541\Debug\BLDC_Motor_Board.a(WL.o)
                                0x243 (size before relaxing)
 .debug_str     0x00002f01      0x2bb .\CortexM0\ARM_GCC_541\Debug\BLDC_Motor_Board.a(CAN.o)
                                0x558 (size before relaxing)
 .debug_str     0x000031bc       0x29 .\CortexM0\ARM_GCC_541\Debug\BLDC_Motor_Board.a(CAN_INT.o)
                                0x1c6 (size before relaxing)
 .debug_str     0x000031e5       0x63 .\CortexM0\ARM_GCC_541\Debug\BLDC_Motor_Board.a(CAN_TX_RX_func.o)
                                0x2eb (size before relaxing)
 .debug_str     0x00003248       0xf7 .\CortexM0\ARM_GCC_541\Debug\BLDC_Motor_Board.a(UART.o)
                                0x2b9 (size before relaxing)
 .debug_str     0x0000333f      0x1d8 .\CortexM0\ARM_GCC_541\Debug\BLDC_Motor_Board.a(UART_UART.o)
                                0x3ea (size before relaxing)
 .debug_str     0x00003517       0x93 .\CortexM0\ARM_GCC_541\Debug\BLDC_Motor_Board.a(ERROR_LED.o)
                                0x274 (size before relaxing)
 .debug_str     0x000035aa      0x1a2 .\CortexM0\ARM_GCC_541\Debug\BLDC_Motor_Board.a(Current_Sensor_I2C.o)
                                0x3b2 (size before relaxing)
 .debug_str     0x0000374c       0xce .\CortexM0\ARM_GCC_541\Debug\BLDC_Motor_Board.a(Current_Sensor_I2C_I2C.o)
                                0x2e8 (size before relaxing)
 .debug_str     0x0000381a      0x3f0 .\CortexM0\ARM_GCC_541\Debug\BLDC_Motor_Board.a(Current_Sensor_I2C_I2C_MASTER.o)
                                0x67c (size before relaxing)
 .debug_str     0x00003c0a       0x87 .\CortexM0\ARM_GCC_541\Debug\BLDC_Motor_Board.a(CAN_LED.o)
                                0x266 (size before relaxing)
 .debug_str     0x00003c91       0x7c .\CortexM0\ARM_GCC_541\Debug\BLDC_Motor_Board.a(FAULT.o)
                                0x258 (size before relaxing)
 .debug_str     0x00003d0d      0x135 .\CortexM0\ARM_GCC_541\Debug\BLDC_Motor_Board.a(isr_Limit_1.o)
                                0x360 (size before relaxing)
 .debug_str     0x00003e42       0xa0 .\CortexM0\ARM_GCC_541\Debug\BLDC_Motor_Board.a(Pin_Limit_2.o)
                                0x282 (size before relaxing)
 .debug_str     0x00003ee2       0xa0 .\CortexM0\ARM_GCC_541\Debug\BLDC_Motor_Board.a(Pin_Limit_1.o)
                                0x282 (size before relaxing)
 .debug_str     0x00003f82      0x1f7 .\CortexM0\ARM_GCC_541\Debug\BLDC_Motor_Board.a(Timer_Rotor_Delay.o)
                                0x435 (size before relaxing)
 .debug_str     0x00004179       0xff .\CortexM0\ARM_GCC_541\Debug\BLDC_Motor_Board.a(isr_Hall.o)
                                0x336 (size before relaxing)
 .debug_str     0x00004278       0xa2 .\CortexM0\ARM_GCC_541\Debug\BLDC_Motor_Board.a(Address_Register.o)
                                0x2a1 (size before relaxing)
 .debug_str     0x0000431a       0x79 .\CortexM0\ARM_GCC_541\Debug\BLDC_Motor_Board.a(Limit_Register.o)
                                0x295 (size before relaxing)
 .debug_str     0x00004393      0x227 .\CortexM0\ARM_GCC_541\Debug\BLDC_Motor_Board.a(Timer_Period_Reset.o)
                                0x43a (size before relaxing)
 .debug_str     0x000045ba      0x167 .\CortexM0\ARM_GCC_541\Debug\BLDC_Motor_Board.a(isr_Period_Reset.o)
                                0x3a6 (size before relaxing)
 .debug_str     0x00004721       0xff .\CortexM0\ARM_GCC_541\Debug\BLDC_Motor_Board.a(TMC6100.o)
                                0x2e0 (size before relaxing)
 .debug_str     0x00004820      0x113 .\CortexM0\ARM_GCC_541\Debug\BLDC_Motor_Board.a(TMC6100_SPI_UART.o)
                                0x30e (size before relaxing)
 .debug_str     0x00004933       0x5e .\CortexM0\ARM_GCC_541\Debug\BLDC_Motor_Board.a(TMC6100_SPI.o)
                                0x261 (size before relaxing)
 .debug_str     0x00004991       0xab .\CortexM0\ARM_GCC_541\Debug\BLDC_Motor_Board.a(CyFlash.o)
                                0x2d2 (size before relaxing)
 .debug_str     0x00004a3c       0xbe .\CortexM0\ARM_GCC_541\Debug\BLDC_Motor_Board.a(UART_SPI_UART.o)
                                0x2f0 (size before relaxing)
 .debug_str     0x00004afa       0x65 .\CortexM0\ARM_GCC_541\Debug\BLDC_Motor_Board.a(Current_Sensor_I2C_I2C_INT.o)
                                0x3b2 (size before relaxing)

.debug_loc      0x00000000     0x7bda
 *(.debug_loc)
 .debug_loc     0x00000000       0x8f .\CortexM0\ARM_GCC_541\Debug\main.o
 .debug_loc     0x0000008f       0xb5 .\CortexM0\ARM_GCC_541\Debug\BLDC_CAN.o
 .debug_loc     0x00000144       0xa5 .\CortexM0\ARM_GCC_541\Debug\BLDC_Drive.o
 .debug_loc     0x000001e9       0xd8 .\CortexM0\ARM_GCC_541\Debug\BLDC_pid.o
 .debug_loc     0x000002c1       0x21 .\CortexM0\ARM_GCC_541\Debug\BLDC_SPI.o
 .debug_loc     0x000002e2      0x926 .\CortexM0\ARM_GCC_541\Debug\CANCommon.o
 .debug_loc     0x00000c08      0x620 .\CortexM0\ARM_GCC_541\Debug\CANGPIO.o
 .debug_loc     0x00001228      0xf44 .\CortexM0\ARM_GCC_541\Debug\CANMotorUnit.o
 .debug_loc     0x0000216c      0x540 .\CortexM0\ARM_GCC_541\Debug\CANPacket.o
 .debug_loc     0x000026ac      0x1bb .\CortexM0\ARM_GCC_541\Debug\CANPower.o
 .debug_loc     0x00002867      0x289 .\CortexM0\ARM_GCC_541\Debug\CANScience.o
 .debug_loc     0x00002af0      0x112 .\CortexM0\ARM_GCC_541\Debug\PortPSOC_CY8C4248AZI_L485.o
 .debug_loc     0x00002c02      0x118 .\CortexM0\ARM_GCC_541\Debug\cyfitter_cfg.o
 .debug_loc     0x00002d1a      0x14f .\CortexM0\ARM_GCC_541\Debug\Cm0Start.o
 .debug_loc     0x00002e69     0x18f5 .\CortexM0\ARM_GCC_541\Debug\BLDC_Motor_Board.a(CyLib.o)
 .debug_loc     0x0000475e      0xdb7 .\CortexM0\ARM_GCC_541\Debug\BLDC_Motor_Board.a(CyLFClk.o)
 .debug_loc     0x00005515       0xa2 .\CortexM0\ARM_GCC_541\Debug\BLDC_Motor_Board.a(UH.o)
 .debug_loc     0x000055b7       0xa2 .\CortexM0\ARM_GCC_541\Debug\BLDC_Motor_Board.a(UL.o)
 .debug_loc     0x00005659       0xa2 .\CortexM0\ARM_GCC_541\Debug\BLDC_Motor_Board.a(VH.o)
 .debug_loc     0x000056fb       0xa2 .\CortexM0\ARM_GCC_541\Debug\BLDC_Motor_Board.a(VL.o)
 .debug_loc     0x0000579d       0xa2 .\CortexM0\ARM_GCC_541\Debug\BLDC_Motor_Board.a(WH.o)
 .debug_loc     0x0000583f       0x81 .\CortexM0\ARM_GCC_541\Debug\BLDC_Motor_Board.a(WL.o)
 .debug_loc     0x000058c0      0xa5e .\CortexM0\ARM_GCC_541\Debug\BLDC_Motor_Board.a(CAN.o)
 .debug_loc     0x0000631e      0x17f .\CortexM0\ARM_GCC_541\Debug\BLDC_Motor_Board.a(CAN_TX_RX_func.o)
 .debug_loc     0x0000649d       0x7e .\CortexM0\ARM_GCC_541\Debug\BLDC_Motor_Board.a(UART.o)
 .debug_loc     0x0000651b      0x223 .\CortexM0\ARM_GCC_541\Debug\BLDC_Motor_Board.a(UART_UART.o)
 .debug_loc     0x0000673e       0xa2 .\CortexM0\ARM_GCC_541\Debug\BLDC_Motor_Board.a(ERROR_LED.o)
 .debug_loc     0x000067e0       0x7e .\CortexM0\ARM_GCC_541\Debug\BLDC_Motor_Board.a(Current_Sensor_I2C.o)
 .debug_loc     0x0000685e      0xa49 .\CortexM0\ARM_GCC_541\Debug\BLDC_Motor_Board.a(Current_Sensor_I2C_I2C_MASTER.o)
 .debug_loc     0x000072a7       0xa2 .\CortexM0\ARM_GCC_541\Debug\BLDC_Motor_Board.a(CAN_LED.o)
 .debug_loc     0x00007349       0xa2 .\CortexM0\ARM_GCC_541\Debug\BLDC_Motor_Board.a(FAULT.o)
 .debug_loc     0x000073eb       0x82 .\CortexM0\ARM_GCC_541\Debug\BLDC_Motor_Board.a(isr_Limit_1.o)
 .debug_loc     0x0000746d       0xa2 .\CortexM0\ARM_GCC_541\Debug\BLDC_Motor_Board.a(Pin_Limit_2.o)
 .debug_loc     0x0000750f       0x81 .\CortexM0\ARM_GCC_541\Debug\BLDC_Motor_Board.a(Pin_Limit_1.o)
 .debug_loc     0x00007590       0x13 .\CortexM0\ARM_GCC_541\Debug\BLDC_Motor_Board.a(Timer_Rotor_Delay.o)
 .debug_loc     0x000075a3       0x82 .\CortexM0\ARM_GCC_541\Debug\BLDC_Motor_Board.a(isr_Hall.o)
 .debug_loc     0x00007625       0x44 .\CortexM0\ARM_GCC_541\Debug\BLDC_Motor_Board.a(Address_Register.o)
 .debug_loc     0x00007669       0x44 .\CortexM0\ARM_GCC_541\Debug\BLDC_Motor_Board.a(Limit_Register.o)
 .debug_loc     0x000076ad       0x13 .\CortexM0\ARM_GCC_541\Debug\BLDC_Motor_Board.a(Timer_Period_Reset.o)
 .debug_loc     0x000076c0       0x82 .\CortexM0\ARM_GCC_541\Debug\BLDC_Motor_Board.a(isr_Period_Reset.o)
 .debug_loc     0x00007742       0x7e .\CortexM0\ARM_GCC_541\Debug\BLDC_Motor_Board.a(TMC6100.o)
 .debug_loc     0x000077c0       0x96 .\CortexM0\ARM_GCC_541\Debug\BLDC_Motor_Board.a(TMC6100_SPI_UART.o)
 .debug_loc     0x00007856       0x82 .\CortexM0\ARM_GCC_541\Debug\BLDC_Motor_Board.a(TMC6100_SPI.o)
 .debug_loc     0x000078d8      0x160 .\CortexM0\ARM_GCC_541\Debug\BLDC_Motor_Board.a(CyFlash.o)
 .debug_loc     0x00007a38       0x96 .\CortexM0\ARM_GCC_541\Debug\BLDC_Motor_Board.a(UART_SPI_UART.o)
 .debug_loc     0x00007ace      0x10c .\CortexM0\ARM_GCC_541\Debug\BLDC_Motor_Board.a(Current_Sensor_I2C_I2C_INT.o)

.debug_macinfo
 *(.debug_macinfo)

.debug_ranges   0x00000000     0x1330
 *(.debug_ranges)
 .debug_ranges  0x00000000       0x40 .\CortexM0\ARM_GCC_541\Debug\main.o
 .debug_ranges  0x00000040       0x68 .\CortexM0\ARM_GCC_541\Debug\BLDC_FSM.o
 .debug_ranges  0x000000a8       0x18 .\CortexM0\ARM_GCC_541\Debug\BLDC_CAN.o
 .debug_ranges  0x000000c0       0x28 .\CortexM0\ARM_GCC_541\Debug\BLDC_Drive.o
 .debug_ranges  0x000000e8       0xe0 .\CortexM0\ARM_GCC_541\Debug\BLDC_pid.o
 .debug_ranges  0x000001c8       0x10 .\CortexM0\ARM_GCC_541\Debug\BLDC_SPI.o
 .debug_ranges  0x000001d8       0xb0 .\CortexM0\ARM_GCC_541\Debug\CANCommon.o
 .debug_ranges  0x00000288       0x78 .\CortexM0\ARM_GCC_541\Debug\CANGPIO.o
 .debug_ranges  0x00000300      0x130 .\CortexM0\ARM_GCC_541\Debug\CANMotorUnit.o
 .debug_ranges  0x00000430       0xc8 .\CortexM0\ARM_GCC_541\Debug\CANPacket.o
 .debug_ranges  0x000004f8       0x30 .\CortexM0\ARM_GCC_541\Debug\CANPower.o
 .debug_ranges  0x00000528       0x40 .\CortexM0\ARM_GCC_541\Debug\CANScience.o
 .debug_ranges  0x00000568       0x58 .\CortexM0\ARM_GCC_541\Debug\PortPSOC_CY8C4248AZI_L485.o
 .debug_ranges  0x000005c0       0x30 .\CortexM0\ARM_GCC_541\Debug\cyfitter_cfg.o
 .debug_ranges  0x000005f0       0x38 .\CortexM0\ARM_GCC_541\Debug\Cm0Start.o
 .debug_ranges  0x00000628      0x260 .\CortexM0\ARM_GCC_541\Debug\BLDC_Motor_Board.a(CyLib.o)
 .debug_ranges  0x00000888      0x178 .\CortexM0\ARM_GCC_541\Debug\BLDC_Motor_Board.a(CyLFClk.o)
 .debug_ranges  0x00000a00       0x38 .\CortexM0\ARM_GCC_541\Debug\BLDC_Motor_Board.a(UH.o)
 .debug_ranges  0x00000a38       0x38 .\CortexM0\ARM_GCC_541\Debug\BLDC_Motor_Board.a(UL.o)
 .debug_ranges  0x00000a70       0x38 .\CortexM0\ARM_GCC_541\Debug\BLDC_Motor_Board.a(VH.o)
 .debug_ranges  0x00000aa8       0x38 .\CortexM0\ARM_GCC_541\Debug\BLDC_Motor_Board.a(VL.o)