Archive member included to satisfy reference by file (symbol)

.\CortexM0\ARM_GCC_541\Debug\BLDC_Motor_Board.a(CyLib.o)
                              .\CortexM0\ARM_GCC_541\Debug\cyfitter_cfg.o (CyIntEnable)
.\CortexM0\ARM_GCC_541\Debug\BLDC_Motor_Board.a(CyLFClk.o)
                              .\CortexM0\ARM_GCC_541\Debug\BLDC_Motor_Board.a(CyLib.o) (CySysClkWcoEnabled)
.\CortexM0\ARM_GCC_541\Debug\BLDC_Motor_Board.a(UH.o)
                              .\CortexM0\ARM_GCC_541\Debug\BLDC_Drive.o (UH_Write)
.\CortexM0\ARM_GCC_541\Debug\BLDC_Motor_Board.a(UL.o)
                              .\CortexM0\ARM_GCC_541\Debug\BLDC_Drive.o (UL_Write)
.\CortexM0\ARM_GCC_541\Debug\BLDC_Motor_Board.a(VH.o)
                              .\CortexM0\ARM_GCC_541\Debug\BLDC_Drive.o (VH_Write)
.\CortexM0\ARM_GCC_541\Debug\BLDC_Motor_Board.a(VL.o)
                              .\CortexM0\ARM_GCC_541\Debug\BLDC_Drive.o (VL_Write)
.\CortexM0\ARM_GCC_541\Debug\BLDC_Motor_Board.a(WH.o)
                              .\CortexM0\ARM_GCC_541\Debug\BLDC_Drive.o (WH_Write)
.\CortexM0\ARM_GCC_541\Debug\BLDC_Motor_Board.a(WL.o)
                              .\CortexM0\ARM_GCC_541\Debug\BLDC_Drive.o (WL_Write)
.\CortexM0\ARM_GCC_541\Debug\BLDC_Motor_Board.a(CAN.o)
                              .\CortexM0\ARM_GCC_541\Debug\PortPSOC_CY8C4248AZI_L485.o (CAN_GlobalIntEnable)
.\CortexM0\ARM_GCC_541\Debug\BLDC_Motor_Board.a(CAN_INT.o)
                              .\CortexM0\ARM_GCC_541\Debug\BLDC_Motor_Board.a(CAN.o) (CAN_ISR)
.\CortexM0\ARM_GCC_541\Debug\BLDC_Motor_Board.a(CAN_TX_RX_func.o)
                              .\CortexM0\ARM_GCC_541\Debug\PortPSOC_CY8C4248AZI_L485.o (CAN_SendMsg)
.\CortexM0\ARM_GCC_541\Debug\BLDC_Motor_Board.a(UART.o)
                              .\CortexM0\ARM_GCC_541\Debug\main.o (UART_Start)
.\CortexM0\ARM_GCC_541\Debug\BLDC_Motor_Board.a(UART_UART.o)
                              .\CortexM0\ARM_GCC_541\Debug\BLDC_Motor_Board.a(UART.o) (UART_UartInit)
.\CortexM0\ARM_GCC_541\Debug\BLDC_Motor_Board.a(ERROR_LED.o)
                              .\CortexM0\ARM_GCC_541\Debug\main.o (ERROR_LED_Write)
.\CortexM0\ARM_GCC_541\Debug\BLDC_Motor_Board.a(Current_Sensor_I2C.o)
                              .\CortexM0\ARM_GCC_541\Debug\main.o (Current_Sensor_I2C_Start)
.\CortexM0\ARM_GCC_541\Debug\BLDC_Motor_Board.a(Current_Sensor_I2C_I2C.o)
                              .\CortexM0\ARM_GCC_541\Debug\BLDC_Motor_Board.a(Current_Sensor_I2C.o) (Current_Sensor_I2C_I2CInit)
.\CortexM0\ARM_GCC_541\Debug\BLDC_Motor_Board.a(Current_Sensor_I2C_I2C_MASTER.o)
                              .\CortexM0\ARM_GCC_541\Debug\BLDC_Motor_Board.a(Current_Sensor_I2C_I2C.o) (Current_Sensor_I2C_mstrRdBufIndex)
.\CortexM0\ARM_GCC_541\Debug\BLDC_Motor_Board.a(CAN_LED.o)
                              .\CortexM0\ARM_GCC_541\Debug\main.o (CAN_LED_Write)
.\CortexM0\ARM_GCC_541\Debug\BLDC_Motor_Board.a(isr_Limit_1.o)
                              .\CortexM0\ARM_GCC_541\Debug\main.o (isr_Limit_1_StartEx)
.\CortexM0\ARM_GCC_541\Debug\BLDC_Motor_Board.a(Pin_Limit_2.o)
                              .\CortexM0\ARM_GCC_541\Debug\main.o (Pin_Limit_2_Read)
.\CortexM0\ARM_GCC_541\Debug\BLDC_Motor_Board.a(Pin_Limit_1.o)
                              .\CortexM0\ARM_GCC_541\Debug\main.o (Pin_Limit_1_Read)
.\CortexM0\ARM_GCC_541\Debug\BLDC_Motor_Board.a(Timer_Rotor_Delay.o)
                              .\CortexM0\ARM_GCC_541\Debug\BLDC_Drive.o (Timer_Rotor_Delay_Stop)
.\CortexM0\ARM_GCC_541\Debug\BLDC_Motor_Board.a(isr_Hall.o)
                              .\CortexM0\ARM_GCC_541\Debug\main.o (isr_Hall_StartEx)
.\CortexM0\ARM_GCC_541\Debug\BLDC_Motor_Board.a(Address_Register.o)
                              .\CortexM0\ARM_GCC_541\Debug\main.o (Address_Register_Read)
.\CortexM0\ARM_GCC_541\Debug\BLDC_Motor_Board.a(Limit_Register.o)
                              .\CortexM0\ARM_GCC_541\Debug\BLDC_Drive.o (Limit_Register_Read)
.\CortexM0\ARM_GCC_541\Debug\BLDC_Motor_Board.a(Timer_Period_Reset.o)
                              .\CortexM0\ARM_GCC_541\Debug\main.o (Timer_Period_Reset_Start)
.\CortexM0\ARM_GCC_541\Debug\BLDC_Motor_Board.a(isr_Period_Reset.o)
                              .\CortexM0\ARM_GCC_541\Debug\main.o (isr_Period_Reset_StartEx)
.\CortexM0\ARM_GCC_541\Debug\BLDC_Motor_Board.a(TMC6100.o)
                              .\CortexM0\ARM_GCC_541\Debug\main.o (TMC6100_Start)
.\CortexM0\ARM_GCC_541\Debug\BLDC_Motor_Board.a(TMC6100_SPI_UART.o)
                              .\CortexM0\ARM_GCC_541\Debug\main.o (TMC6100_SpiUartPutArray)
.\CortexM0\ARM_GCC_541\Debug\BLDC_Motor_Board.a(TMC6100_SPI.o)
                              .\CortexM0\ARM_GCC_541\Debug\BLDC_Motor_Board.a(TMC6100.o) (TMC6100_SpiInit)
.\CortexM0\ARM_GCC_541\Debug\BLDC_Motor_Board.a(CyBootAsmGnu.o)
                              .\CortexM0\ARM_GCC_541\Debug\BLDC_Motor_Board.a(CyLib.o) (CyDelayCycles)
.\CortexM0\ARM_GCC_541\Debug\BLDC_Motor_Board.a(CyFlash.o)
[...]
Memory Configuration

Name             Origin             Length             Attributes
rom              0x00000000         0x00040000         xr
ram              0x20000000         0x00008000         xrw
*default*        0x00000000         0xffffffff

Linker script and memory map

LOAD c:/program files (x86)/cypress/psoc creator/4.4/psoc creator/import/gnu/arm/5.4.1/bin/../lib/gcc/arm-none-eabi/5.4.1/armv6-m/crti.o
LOAD c:/program files (x86)/cypress/psoc creator/4.4/psoc creator/import/gnu/arm/5.4.1/bin/../lib/gcc/arm-none-eabi/5.4.1/armv6-m/crtbegin.o
LOAD c:/program files (x86)/cypress/psoc creator/4.4/psoc creator/import/gnu/arm/5.4.1/bin/../lib/gcc/arm-none-eabi/5.4.1/../../../../arm-none-eabi/lib/armv6-m/crt0.o
START GROUP
LOAD .\CortexM0\ARM_GCC_541\Debug\main.o
LOAD .\CortexM0\ARM_GCC_541\Debug\BLDC_FSM.o
LOAD .\CortexM0\ARM_GCC_541\Debug\BLDC_CAN.o
LOAD .\CortexM0\ARM_GCC_541\Debug\BLDC_Drive.o
LOAD .\CortexM0\ARM_GCC_541\Debug\BLDC_pid.o
LOAD .\CortexM0\ARM_GCC_541\Debug\BLDC_SPI.o
LOAD .\CortexM0\ARM_GCC_541\Debug\CANCommon.o
LOAD .\CortexM0\ARM_GCC_541\Debug\CANGPIO.o
LOAD .\CortexM0\ARM_GCC_541\Debug\CANLocalization.o
LOAD .\CortexM0\ARM_GCC_541\Debug\CANMotorUnit.o
LOAD .\CortexM0\ARM_GCC_541\Debug\CANPacket.o
LOAD .\CortexM0\ARM_GCC_541\Debug\CANPower.o
LOAD .\CortexM0\ARM_GCC_541\Debug\CANScience.o
LOAD .\CortexM0\ARM_GCC_541\Debug\PortPSOC_CY8C4248AZI_L485.o
LOAD .\CortexM0\ARM_GCC_541\Debug\cyfitter_cfg.o
LOAD .\CortexM0\ARM_GCC_541\Debug\cymetadata.o
LOAD .\CortexM0\ARM_GCC_541\Debug\Cm0Start.o
LOAD .\CortexM0\ARM_GCC_541\Debug\BLDC_Motor_Board.a
LOAD c:/program files (x86)/cypress/psoc creator/4.4/psoc creator/import/gnu/arm/5.4.1/bin/../lib/gcc/arm-none-eabi/5.4.1/../../../../arm-none-eabi/lib/armv6-m\libm.a
END GROUP
START GROUP
LOAD c:/program files (x86)/cypress/psoc creator/4.4/psoc creator/import/gnu/arm/5.4.1/bin/../lib/gcc/arm-none-eabi/5.4.1/armv6-m\libgcc.a
LOAD c:/program files (x86)/cypress/psoc creator/4.4/psoc creator/import/gnu/arm/5.4.1/bin/../lib/gcc/arm-none-eabi/5.4.1/../../../../arm-none-eabi/lib/armv6-m\libg_nano.a
LOAD c:/program files (x86)/cypress/psoc creator/4.4/psoc creator/import/gnu/arm/5.4.1/bin/../lib/gcc/arm-none-eabi/5.4.1/../../../../arm-none-eabi/lib/armv6-m\libc_nano.a
END GROUP
START GROUP
LOAD c:/program files (x86)/cypress/psoc creator/4.4/psoc creator/import/gnu/arm/5.4.1/bin/../lib/gcc/arm-none-eabi/5.4.1/armv6-m\libgcc.a
LOAD c:/program files (x86)/cypress/psoc creator/4.4/psoc creator/import/gnu/arm/5.4.1/bin/../lib/gcc/arm-none-eabi/5.4.1/../../../../arm-none-eabi/lib/armv6-m\libc_nano.a
END GROUP
LOAD c:/program files (x86)/cypress/psoc creator/4.4/psoc creator/import/gnu/arm/5.4.1/bin/../lib/gcc/arm-none-eabi/5.4.1/armv6-m/crtend.o
LOAD c:/program files (x86)/cypress/psoc creator/4.4/psoc creator/import/gnu/arm/5.4.1/bin/../lib/gcc/arm-none-eabi/5.4.1/armv6-m/crtn.o
START GROUP
LOAD c:/program files (x86)/cypress/psoc creator/4.4/psoc creator/import/gnu/arm/5.4.1/bin/../lib/gcc/arm-none-eabi/5.4.1/armv6-m\libgcc.a
LOAD c:/program files (x86)/cypress/psoc creator/4.4/psoc creator/import/gnu/arm/5.4.1/bin/../lib/gcc/arm-none-eabi/5.4.1/../../../../arm-none-eabi/lib/armv6-m\libc.a
LOAD c:/program files (x86)/cypress/psoc creator/4.4/psoc creator/import/gnu/arm/5.4.1/bin/../lib/gcc/arm-none-eabi/5.4.1/../../../../arm-none-eabi/lib/armv6-m\libnosys.a
END GROUP
                0x00000000                CY_APPL_ORIGIN = 0x0
                0x00000100                CY_FLASH_ROW_SIZE = 0x100
                0x00000001                CY_APPL_NUM = 0x1
                0x00000001                CY_APPL_MAX = 0x1
                0x00000040                CY_METADATA_SIZE = 0x40
                0x00000000                CY_APPL_LOADABLE = 0x0
                0x00000000                CY_CHECKSUM_EXCLUDE_SIZE = ALIGN (0x0, CY_FLASH_ROW_SIZE)
                0x00000000                CY_APP_FOR_STACK_AND_COPIER = 0x0
                [!provide]                PROVIDE (__cy_heap_start, _end)
                0x00000001                PROVIDE (__cy_region_num, ((__cy_regions_end - __cy_regions) / 0x10))
                0x20008000                PROVIDE (__cy_stack, (ORIGIN (ram) + LENGTH (ram)))
                [!provide]                PROVIDE (__cy_heap_end, (__cy_stack - 0x800))

.cybootloader   0x00000000        0x0
 *(.cybootloader)
                0x00000000                appl1_start = CY_APPL_ORIGIN?CY_APPL_ORIGIN:ALIGN (CY_FLASH_ROW_SIZE)
                0x0001ff00                appl2_start = (appl1_start + ALIGN ((((LENGTH (rom) - appl1_start) - (0x2 * CY_FLASH_ROW_SIZE)) / 0x2), CY_FLASH_ROW_SIZE))
                0x00000000                appl_start = (CY_APPL_NUM == 0x1)?appl1_start:appl2_start
                0x00000001                cy_project_type_bootloader = (appl_start == 0x0)?0x1:0x0
                0x00000000                cy_project_type_app_for_stack_and_copier = (CY_APP_FOR_STACK_AND_COPIER == 0x1)?0x1:0x0

.text           0x00000000     0x5a48
 CREATE_OBJECT_SYMBOLS
                0x00000000                PROVIDE (__cy_interrupt_vector, RomVectors)
 *(.romvectors)
 .romvectors    0x00000000       0x10 .\CortexM0\ARM_GCC_541\Debug\Cm0Start.o
                0x00000000                RomVectors
                0x00000001                ASSERT ((. != __cy_interrupt_vector), No interrupt vector)
                0x00000001                ASSERT (CY_APPL_ORIGIN?(SIZEOF (.cybootloader) <= CY_APPL_ORIGIN):0x1, Wrong image location)
                0x00000010                PROVIDE (__cy_reset, Reset)
 *(.text.Reset)
 .text.Reset    0x00000010        0x8 .\CortexM0\ARM_GCC_541\Debug\Cm0Start.o
                0x00000010                Reset
                0x00000001                ASSERT ((. != __cy_reset), No reset code)
 *(.psocinit)
 .psocinit      0x00000018      0x29c .\CortexM0\ARM_GCC_541\Debug\cyfitter_cfg.o
                0x00000100                cyfitter_cfg
                0x000002b4                . = MAX (., 0x100)
 *(.text .text.* .gnu.linkonce.t.*)
 .text          0x000002b4       0x60 c:/program files (x86)/cypress/psoc creator/4.4/psoc creator/import/gnu/arm/5.4.1/bin/../lib/gcc/arm-none-eabi/5.4.1/armv6-m/crtbegin.o
 .text.Period_Reset_Handler
                0x00000314       0x58 .\CortexM0\ARM_GCC_541\Debug\main.o
                0x00000314                Period_Reset_Handler
 .text.Pin_Limit_Handler
                0x0000036c       0x5c .\CortexM0\ARM_GCC_541\Debug\main.o
                0x0000036c                Pin_Limit_Handler
 .text.Initialize
                0x000003c8       0x6c .\CortexM0\ARM_GCC_541\Debug\main.o
                0x000003c8                Initialize
 .text.main     0x00000434       0xb4 .\CortexM0\ARM_GCC_541\Debug\main.o
                0x00000434                main
 .text.set_speed
                0x000004e8       0xb8 .\CortexM0\ARM_GCC_541\Debug\BLDC_Drive.o
                0x000004e8                set_speed
 .text.GetCurrentSpeed
                0x000005a0        0xc .\CortexM0\ARM_GCC_541\Debug\BLDC_Drive.o
                0x000005a0                GetCurrentSpeed
 .text.updateRotorState
                0x000005ac       0x6c .\CortexM0\ARM_GCC_541\Debug\BLDC_Drive.o
                0x000005ac                updateRotorState
 .text.InitCAN  0x00000618       0x98 .\CortexM0\ARM_GCC_541\Debug\PortPSOC_CY8C4248AZI_L485.o
                0x00000618                InitCAN
 .text.countAddFIFO
                0x000006b0       0x50 .\CortexM0\ARM_GCC_541\Debug\PortPSOC_CY8C4248AZI_L485.o
                0x000006b0                countAddFIFO
 .text.CAN_FLAG_ISR
                0x00000700      0x12c .\CortexM0\ARM_GCC_541\Debug\PortPSOC_CY8C4248AZI_L485.o
                0x00000700                CAN_FLAG_ISR
 .text.cfg_write_bytes32
                0x0000082c       0x34 .\CortexM0\ARM_GCC_541\Debug\cyfitter_cfg.o
 .text.AnalogSetDefault
                0x00000860       0x20 .\CortexM0\ARM_GCC_541\Debug\cyfitter_cfg.o
 .text.CYMEMZERO
                0x00000880        0xc .\CortexM0\ARM_GCC_541\Debug\cyfitter_cfg.o
 .text.IntDefaultHandler
                0x0000088c       0x10 .\CortexM0\ARM_GCC_541\Debug\Cm0Start.o
                0x0000088c                IntDefaultHandler
 .text.Start_c  0x0000089c       0x48 .\CortexM0\ARM_GCC_541\Debug\Cm0Start.o
                0x0000089c                Start_c
 .text.initialize_psoc
                0x000008e4       0x4c .\CortexM0\ARM_GCC_541\Debug\Cm0Start.o
                0x000008e4                initialize_psoc
 .text.CySysClkImoSetPwrBgTrim5
                0x00000930       0x30 .\CortexM0\ARM_GCC_541\Debug\BLDC_Motor_Board.a(CyLib.o)
 .text.CySysClkImoSetImoTrims
                0x00000960       0xb0 .\CortexM0\ARM_GCC_541\Debug\BLDC_Motor_Board.a(CyLib.o)
 .text.CySysClkImoDisableWcoLock
                0x00000a10       0x54 .\CortexM0\ARM_GCC_541\Debug\BLDC_Motor_Board.a(CyLib.o)
                0x00000a10                CySysClkImoDisableWcoLock
 .text.CySysClkImoGetWcoLock
                0x00000a64       0x14 .\CortexM0\ARM_GCC_541\Debug\BLDC_Motor_Board.a(CyLib.o)
                0x00000a64                CySysClkImoGetWcoLock
 .text.CySysClkImoEnableUsbLock
                0x00000a78       0x44 .\CortexM0\ARM_GCC_541\Debug\BLDC_Motor_Board.a(CyLib.o)
                0x00000a78                CySysClkImoEnableUsbLock
 .text.CySysClkImoDisableUsbLock
                0x00000abc       0x74 .\CortexM0\ARM_GCC_541\Debug\BLDC_Motor_Board.a(CyLib.o)
                0x00000abc                CySysClkImoDisableUsbLock
 .text.CySysClkImoGetUsbLock
                0x00000b30       0x14 .\CortexM0\ARM_GCC_541\Debug\BLDC_Motor_Board.a(CyLib.o)
                0x00000b30                CySysClkImoGetUsbLock
 .text.CyIntEnable
                0x00000b44       0x14 .\CortexM0\ARM_GCC_541\Debug\BLDC_Motor_Board.a(CyLib.o)
                0x00000b44                CyIntEnable
 .text.CyIntDisable
                0x00000b58       0x14 .\CortexM0\ARM_GCC_541\Debug\BLDC_Motor_Board.a(CyLib.o)
                0x00000b58                CyIntDisable
 .text.CyHalt   0x00000b6c        0x4 .\CortexM0\ARM_GCC_541\Debug\BLDC_Motor_Board.a(CyLib.o)
                0x00000b6c                CyHalt
 .text.CyIntSetVector
                0x00000b70       0x24 .\CortexM0\ARM_GCC_541\Debug\BLDC_Motor_Board.a(CyLib.o)
                0x00000b70                CyIntSetVector
 .text.CyIntSetPriority
                0x00000b94       0x4c .\CortexM0\ARM_GCC_541\Debug\BLDC_Motor_Board.a(CyLib.o)
                0x00000b94                CyIntSetPriority
 .text.CyDelay  0x00000be0       0x30 .\CortexM0\ARM_GCC_541\Debug\BLDC_Motor_Board.a(CyLib.o)
                0x00000be0                CyDelay
 .text.CySysClkImoEnableWcoLock
                0x00000c10      0x104 .\CortexM0\ARM_GCC_541\Debug\BLDC_Motor_Board.a(CyLib.o)
                0x00000c10                CySysClkImoEnableWcoLock
 .text.CyDelayUs
                0x00000d14       0x14 .\CortexM0\ARM_GCC_541\Debug\BLDC_Motor_Board.a(CyLib.o)
                0x00000d14                CyDelayUs
 .text.CySysClkWriteImoFreq
                0x00000d28      0x1bc .\CortexM0\ARM_GCC_541\Debug\BLDC_Motor_Board.a(CyLib.o)
                0x00000d28                CySysClkWriteImoFreq
 .text.CySysWdtLocked
                0x00000ee4       0x14 .\CortexM0\ARM_GCC_541\Debug\BLDC_Motor_Board.a(CyLFClk.o)
 .text.CySysClkWcoEnabled
                0x00000ef8       0x14 .\CortexM0\ARM_GCC_541\Debug\BLDC_Motor_Board.a(CyLFClk.o)
                0x00000ef8                CySysClkWcoEnabled
 .text.CySysWdtLock
                0x00000f0c       0x1c .\CortexM0\ARM_GCC_541\Debug\BLDC_Motor_Board.a(CyLFClk.o)
                0x00000f0c                CySysWdtLock
 .text.CySysWdtUnlock
                0x00000f28       0x30 .\CortexM0\ARM_GCC_541\Debug\BLDC_Motor_Board.a(CyLFClk.o)
                0x00000f28                CySysWdtUnlock
 .text.CySysWdtClearInterrupt
                0x00000f58       0x4c .\CortexM0\ARM_GCC_541\Debug\BLDC_Motor_Board.a(CyLFClk.o)
                0x00000f58                CySysWdtClearInterrupt
 .text.CySysWdtIsr
                0x00000fa4       0xa4 .\CortexM0\ARM_GCC_541\Debug\BLDC_Motor_Board.a(CyLFClk.o)
                0x00000fa4                CySysWdtIsr
 .text.UH_Write
                0x00001048       0x18 .\CortexM0\ARM_GCC_541\Debug\BLDC_Motor_Board.a(UH.o)
                0x00001048                UH_Write
 .text.UL_Write
                0x00001060       0x18 .\CortexM0\ARM_GCC_541\Debug\BLDC_Motor_Board.a(UL.o)
                0x00001060                UL_Write
 .text.VH_Write
                0x00001078       0x18 .\CortexM0\ARM_GCC_541\Debug\BLDC_Motor_Board.a(VH.o)
                0x00001078                VH_Write
 .text.VL_Write
                0x00001090       0x18 .\CortexM0\ARM_GCC_541\Debug\BLDC_Motor_Board.a(VL.o)
                0x00001090                VL_Write
 .text.WH_Write
                0x000010a8       0x18 .\CortexM0\ARM_GCC_541\Debug\BLDC_Motor_Board.a(WH.o)
                0x000010a8                WH_Write
 .text.WL_Write
                0x000010c0       0x18 .\CortexM0\ARM_GCC_541\Debug\BLDC_Motor_Board.a(WL.o)
                0x000010c0                WL_Write
 .text.CAN_GlobalIntEnable
                0x000010d8       0x1c .\CortexM0\ARM_GCC_541\Debug\BLDC_Motor_Board.a(CAN.o)
                0x000010d8                CAN_GlobalIntEnable
 .text.CAN_Enable
                0x000010f4       0x48 .\CortexM0\ARM_GCC_541\Debug\BLDC_Motor_Board.a(CAN.o)
                0x000010f4                CAN_Enable
 .text.CAN_SetPreScaler
                0x0000113c       0x38 .\CortexM0\ARM_GCC_541\Debug\BLDC_Motor_Board.a(CAN.o)
                0x0000113c                CAN_SetPreScaler
 .text.CAN_SetArbiter
                0x00001174       0x40 .\CortexM0\ARM_GCC_541\Debug\BLDC_Motor_Board.a(CAN.o)
                0x00001174                CAN_SetArbiter
 .text.CAN_SetTsegSample
                0x000011b4       0xa0 .\CortexM0\ARM_GCC_541\Debug\BLDC_Motor_Board.a(CAN.o)
                0x000011b4                CAN_SetTsegSample
 .text.CAN_SetRestartType
                0x00001254       0x38 .\CortexM0\ARM_GCC_541\Debug\BLDC_Motor_Board.a(CAN.o)
                0x00001254                CAN_SetRestartType
 .text.CAN_SetEdgeMode
                0x0000128c       0x38 .\CortexM0\ARM_GCC_541\Debug\BLDC_Motor_Board.a(CAN.o)
                0x0000128c                CAN_SetEdgeMode
 .text.CAN_SetIrqMask
                0x000012c4       0x1c .\CortexM0\ARM_GCC_541\Debug\BLDC_Motor_Board.a(CAN.o)
                0x000012c4                CAN_SetIrqMask
 .text.CAN_RxBufConfig
                0x000012e0       0x98 .\CortexM0\ARM_GCC_541\Debug\BLDC_Motor_Board.a(CAN.o)
                0x000012e0                CAN_RxBufConfig
 .text.CAN_TxBufConfig
                0x00001378       0x58 .\CortexM0\ARM_GCC_541\Debug\BLDC_Motor_Board.a(CAN.o)
                0x00001378                CAN_TxBufConfig
 .text.CAN_RxTxBuffersConfig
                0x000013d0       0x54 .\CortexM0\ARM_GCC_541\Debug\BLDC_Motor_Board.a(CAN.o)
                0x000013d0                CAN_RxTxBuffersConfig
 .text.CAN_SetSwapDataEndianness
                0x00001424       0x40 .\CortexM0\ARM_GCC_541\Debug\BLDC_Motor_Board.a(CAN.o)
                0x00001424                CAN_SetSwapDataEndianness
 .text.CAN_Init
                0x00001464       0xe4 .\CortexM0\ARM_GCC_541\Debug\BLDC_Motor_Board.a(CAN.o)
                0x00001464                CAN_Init
 .text.CAN_Start
                0x00001548       0x28 .\CortexM0\ARM_GCC_541\Debug\BLDC_Motor_Board.a(CAN.o)
                0x00001548                CAN_Start
 .text.CAN_ISR  0x00001570        0x4 .\CortexM0\ARM_GCC_541\Debug\BLDC_Motor_Board.a(CAN_INT.o)
                0x00001570                CAN_ISR
 .text.UART_ScbModePostEnable
                0x00001574        0x8 .\CortexM0\ARM_GCC_541\Debug\BLDC_Motor_Board.a(UART.o)
 .text.UART_Init
                0x0000157c        0x8 .\CortexM0\ARM_GCC_541\Debug\BLDC_Motor_Board.a(UART.o)
                0x0000157c                UART_Init
 .text.UART_Enable
                0x00001584       0x18 .\CortexM0\ARM_GCC_541\Debug\BLDC_Motor_Board.a(UART.o)
                0x00001584                UART_Enable
 .text.UART_Start
                0x0000159c       0x20 .\CortexM0\ARM_GCC_541\Debug\BLDC_Motor_Board.a(UART.o)
                0x0000159c                UART_Start
 .text.UART_UartInit
                0x000015bc       0xa8 .\CortexM0\ARM_GCC_541\Debug\BLDC_Motor_Board.a(UART_UART.o)
                0x000015bc                UART_UartInit
 .text.UART_UartPostEnable
                0x00001664       0x24 .\CortexM0\ARM_GCC_541\Debug\BLDC_Motor_Board.a(UART_UART.o)
                0x00001664                UART_UartPostEnable
 .text.UART_UartPutString
                0x00001688       0x18 .\CortexM0\ARM_GCC_541\Debug\BLDC_Motor_Board.a(UART_UART.o)
                0x00001688                UART_UartPutString
 .text.ERROR_LED_Write
                0x000016a0       0x18 .\CortexM0\ARM_GCC_541\Debug\BLDC_Motor_Board.a(ERROR_LED.o)
                0x000016a0                ERROR_LED_Write
 .text.Current_Sensor_I2C_ScbEnableIntr
                0x000016b8        0xc .\CortexM0\ARM_GCC_541\Debug\BLDC_Motor_Board.a(Current_Sensor_I2C.o)
 .text.Current_Sensor_I2C_Init
                0x000016c4        0x8 .\CortexM0\ARM_GCC_541\Debug\BLDC_Motor_Board.a(Current_Sensor_I2C.o)
                0x000016c4                Current_Sensor_I2C_Init
 .text.Current_Sensor_I2C_Enable
                0x000016cc       0x18 .\CortexM0\ARM_GCC_541\Debug\BLDC_Motor_Board.a(Current_Sensor_I2C.o)
                0x000016cc                Current_Sensor_I2C_Enable
 .text.Current_Sensor_I2C_Start
                0x000016e4       0x20 .\CortexM0\ARM_GCC_541\Debug\BLDC_Motor_Board.a(Current_Sensor_I2C.o)
                0x000016e4                Current_Sensor_I2C_Start
 .text.Current_Sensor_I2C_I2CInit
                0x00001704       0xb8 .\CortexM0\ARM_GCC_541\Debug\BLDC_Motor_Board.a(Current_Sensor_I2C_I2C.o)
                0x00001704                Current_Sensor_I2C_I2CInit
 .text.Current_Sensor_I2C_I2CFwBlockReset
                0x000017bc       0x5c .\CortexM0\ARM_GCC_541\Debug\BLDC_Motor_Board.a(Current_Sensor_I2C_I2C.o)
                0x000017bc                Current_Sensor_I2C_I2CFwBlockReset
 .text.CAN_LED_Write
                0x00001818       0x18 .\CortexM0\ARM_GCC_541\Debug\BLDC_Motor_Board.a(CAN_LED.o)
                0x00001818                CAN_LED_Write
 .text.isr_Limit_1_SetVector
                0x00001830        0xc .\CortexM0\ARM_GCC_541\Debug\BLDC_Motor_Board.a(isr_Limit_1.o)
                0x00001830                isr_Limit_1_SetVector
 .text.isr_Limit_1_SetPriority
                0x0000183c       0x24 .\CortexM0\ARM_GCC_541\Debug\BLDC_Motor_Board.a(isr_Limit_1.o)
                0x0000183c                isr_Limit_1_SetPriority
 .text.isr_Limit_1_Enable
                0x00001860        0xc .\CortexM0\ARM_GCC_541\Debug\BLDC_Motor_Board.a(isr_Limit_1.o)
                0x00001860                isr_Limit_1_Enable
 .text.isr_Limit_1_Disable
                0x0000186c        0xc .\CortexM0\ARM_GCC_541\Debug\BLDC_Motor_Board.a(isr_Limit_1.o)
                0x0000186c                isr_Limit_1_Disable
 .text.isr_Limit_1_StartEx
                0x00001878       0x1c .\CortexM0\ARM_GCC_541\Debug\BLDC_Motor_Board.a(isr_Limit_1.o)
                0x00001878                isr_Limit_1_StartEx
 .text.Pin_Limit_2_Read
                0x00001894       0x10 .\CortexM0\ARM_GCC_541\Debug\BLDC_Motor_Board.a(Pin_Limit_2.o)
                0x00001894                Pin_Limit_2_Read
 .text.Pin_Limit_1_Read
                0x000018a4       0x10 .\CortexM0\ARM_GCC_541\Debug\BLDC_Motor_Board.a(Pin_Limit_1.o)
                0x000018a4                Pin_Limit_1_Read
 .text.Timer_Rotor_Delay_Enable
                0x000018b4       0x14 .\CortexM0\ARM_GCC_541\Debug\BLDC_Motor_Board.a(Timer_Rotor_Delay.o)
                0x000018b4                Timer_Rotor_Delay_Enable
 .text.Timer_Rotor_Delay_Stop
                0x000018c8       0x10 .\CortexM0\ARM_GCC_541\Debug\BLDC_Motor_Board.a(Timer_Rotor_Delay.o)
                0x000018c8                Timer_Rotor_Delay_Stop
 .text.Timer_Rotor_Delay_SetInterruptMode
                0x000018d8        0xc .\CortexM0\ARM_GCC_541\Debug\BLDC_Motor_Board.a(Timer_Rotor_Delay.o)
                0x000018d8                Timer_Rotor_Delay_SetInterruptMode
 .text.Timer_Rotor_Delay_ReadStatusRegister
                0x000018e4        0xc .\CortexM0\ARM_GCC_541\Debug\BLDC_Motor_Board.a(Timer_Rotor_Delay.o)
                0x000018e4                Timer_Rotor_Delay_ReadStatusRegister
 .text.Timer_Rotor_Delay_WritePeriod
                0x000018f0        0xc .\CortexM0\ARM_GCC_541\Debug\BLDC_Motor_Board.a(Timer_Rotor_Delay.o)
                0x000018f0                Timer_Rotor_Delay_WritePeriod
 .text.Timer_Rotor_Delay_ReadCapture
                0x000018fc        0xc .\CortexM0\ARM_GCC_541\Debug\BLDC_Motor_Board.a(Timer_Rotor_Delay.o)
                0x000018fc                Timer_Rotor_Delay_ReadCapture
 .text.Timer_Rotor_Delay_WriteCounter
                0x00001908        0xc .\CortexM0\ARM_GCC_541\Debug\BLDC_Motor_Board.a(Timer_Rotor_Delay.o)
                0x00001908                Timer_Rotor_Delay_WriteCounter
 .text.Timer_Rotor_Delay_ClearFIFO
                0x00001914       0x14 .\CortexM0\ARM_GCC_541\Debug\BLDC_Motor_Board.a(Timer_Rotor_Delay.o)
                0x00001914                Timer_Rotor_Delay_ClearFIFO
 .text.Timer_Rotor_Delay_Init
                0x00001928       0x38 .\CortexM0\ARM_GCC_541\Debug\BLDC_Motor_Board.a(Timer_Rotor_Delay.o)
                0x00001928                Timer_Rotor_Delay_Init
 .text.Timer_Rotor_Delay_Start
                0x00001960       0x20 .\CortexM0\ARM_GCC_541\Debug\BLDC_Motor_Board.a(Timer_Rotor_Delay.o)
                0x00001960                Timer_Rotor_Delay_Start
 .text.isr_Hall_SetVector
                0x00001980        0xc .\CortexM0\ARM_GCC_541\Debug\BLDC_Motor_Board.a(isr_Hall.o)
                0x00001980                isr_Hall_SetVector
 .text.isr_Hall_SetPriority
                0x0000198c       0x20 .\CortexM0\ARM_GCC_541\Debug\BLDC_Motor_Board.a(isr_Hall.o)
                0x0000198c                isr_Hall_SetPriority
 .text.isr_Hall_Enable
                0x000019ac        0xc .\CortexM0\ARM_GCC_541\Debug\BLDC_Motor_Board.a(isr_Hall.o)
                0x000019ac                isr_Hall_Enable
 .text.isr_Hall_Disable
                0x000019b8        0xc .\CortexM0\ARM_GCC_541\Debug\BLDC_Motor_Board.a(isr_Hall.o)
                0x000019b8                isr_Hall_Disable
 .text.isr_Hall_StartEx
                0x000019c4       0x1c .\CortexM0\ARM_GCC_541\Debug\BLDC_Motor_Board.a(isr_Hall.o)
                0x000019c4                isr_Hall_StartEx
 .text.Address_Register_Read
                0x000019e0        0xc .\CortexM0\ARM_GCC_541\Debug\BLDC_Motor_Board.a(Address_Register.o)
                0x000019e0                Address_Register_Read
 .text.Limit_Register_Read
                0x000019ec        0xc .\CortexM0\ARM_GCC_541\Debug\BLDC_Motor_Board.a(Limit_Register.o)
                0x000019ec                Limit_Register_Read
 .text.Limit_Register_InterruptEnable
                0x000019f8       0x1c .\CortexM0\ARM_GCC_541\Debug\BLDC_Motor_Board.a(Limit_Register.o)
                0x000019f8                Limit_Register_InterruptEnable
 .text.Timer_Period_Reset_Enable
                0x00001a14       0x14 .\CortexM0\ARM_GCC_541\Debug\BLDC_Motor_Board.a(Timer_Period_Reset.o)
                0x00001a14                Timer_Period_Reset_Enable
 .text.Timer_Period_Reset_SetInterruptMode
                0x00001a28        0xc .\CortexM0\ARM_GCC_541\Debug\BLDC_Motor_Board.a(Timer_Period_Reset.o)
                0x00001a28                Timer_Period_Reset_SetInterruptMode
 .text.Timer_Period_Reset_ReadStatusRegister
                0x00001a34        0xc .\CortexM0\ARM_GCC_541\Debug\BLDC_Motor_Board.a(Timer_Period_Reset.o)
                0x00001a34                Timer_Period_Reset_ReadStatusRegister
 .text.Timer_Period_Reset_WritePeriod
                0x00001a40        0xc .\CortexM0\ARM_GCC_541\Debug\BLDC_Motor_Board.a(Timer_Period_Reset.o)
                0x00001a40                Timer_Period_Reset_WritePeriod
 .text.Timer_Period_Reset_ReadCapture
                0x00001a4c        0xc .\CortexM0\ARM_GCC_541\Debug\BLDC_Motor_Board.a(Timer_Period_Reset.o)
                0x00001a4c                Timer_Period_Reset_ReadCapture
 .text.Timer_Period_Reset_WriteCounter
                0x00001a58        0xc .\CortexM0\ARM_GCC_541\Debug\BLDC_Motor_Board.a(Timer_Period_Reset.o)
                0x00001a58                Timer_Period_Reset_WriteCounter
 .text.Timer_Period_Reset_ClearFIFO
                0x00001a64       0x14 .\CortexM0\ARM_GCC_541\Debug\BLDC_Motor_Board.a(Timer_Period_Reset.o)
                0x00001a64                Timer_Period_Reset_ClearFIFO
 .text.Timer_Period_Reset_Init
                0x00001a78       0x34 .\CortexM0\ARM_GCC_541\Debug\BLDC_Motor_Board.a(Timer_Period_Reset.o)
                0x00001a78                Timer_Period_Reset_Init
 .text.Timer_Period_Reset_Start
                0x00001aac       0x20 .\CortexM0\ARM_GCC_541\Debug\BLDC_Motor_Board.a(Timer_Period_Reset.o)
                0x00001aac                Timer_Period_Reset_Start
 .text.isr_Period_Reset_SetVector
                0x00001acc        0xc .\CortexM0\ARM_GCC_541\Debug\BLDC_Motor_Board.a(isr_Period_Reset.o)
                0x00001acc                isr_Period_Reset_SetVector
 .text.isr_Period_Reset_SetPriority
                0x00001ad8       0x24 .\CortexM0\ARM_GCC_541\Debug\BLDC_Motor_Board.a(isr_Period_Reset.o)
                0x00001ad8                isr_Period_Reset_SetPriority
 .text.isr_Period_Reset_Enable
                0x00001afc        0xc .\CortexM0\ARM_GCC_541\Debug\BLDC_Motor_Board.a(isr_Period_Reset.o)
                0x00001afc                isr_Period_Reset_Enable
 .text.isr_Period_Reset_Disable
                0x00001b08        0xc .\CortexM0\ARM_GCC_541\Debug\BLDC_Motor_Board.a(isr_Period_Reset.o)
                0x00001b08                isr_Period_Reset_Disable
 .text.isr_Period_Reset_StartEx
                0x00001b14       0x1c .\CortexM0\ARM_GCC_541\Debug\BLDC_Motor_Board.a(isr_Period_Reset.o)
                0x00001b14                isr_Period_Reset_StartEx
 .text.TMC6100_ScbModePostEnable
                0x00001b30        0x8 .\CortexM0\ARM_GCC_541\Debug\BLDC_Motor_Board.a(TMC6100.o)
 .text.TMC6100_Init
                0x00001b38        0x8 .\CortexM0\ARM_GCC_541\Debug\BLDC_Motor_Board.a(TMC6100.o)
                0x00001b38                TMC6100_Init
 .text.TMC6100_Enable
                0x00001b40       0x18 .\CortexM0\ARM_GCC_541\Debug\BLDC_Motor_Board.a(TMC6100.o)
                0x00001b40                TMC6100_Enable
 .text.TMC6100_Start
                0x00001b58       0x20 .\CortexM0\ARM_GCC_541\Debug\BLDC_Motor_Board.a(TMC6100.o)
                0x00001b58                TMC6100_Start
 .text.TMC6100_SpiUartWriteTxData
                0x00001b78       0x1c .\CortexM0\ARM_GCC_541\Debug\BLDC_Motor_Board.a(TMC6100_SPI_UART.o)
                0x00001b78                TMC6100_SpiUartWriteTxData
 .text.TMC6100_SpiUartPutArray
                0x00001b94       0x18 .\CortexM0\ARM_GCC_541\Debug\BLDC_Motor_Board.a(TMC6100_SPI_UART.o)
                0x00001b94                TMC6100_SpiUartPutArray
 .text.TMC6100_SpiInit
                0x00001bac       0x80 .\CortexM0\ARM_GCC_541\Debug\BLDC_Motor_Board.a(TMC6100_SPI.o)
                0x00001bac                TMC6100_SpiInit
 .text.TMC6100_SpiPostEnable
                0x00001c2c       0x14 .\CortexM0\ARM_GCC_541\Debug\BLDC_Motor_Board.a(TMC6100_SPI.o)
                0x00001c2c                TMC6100_SpiPostEnable
 .text          0x00001c40       0x20 .\CortexM0\ARM_GCC_541\Debug\BLDC_Motor_Board.a(CyBootAsmGnu.o)
                0x00001c40                CyDelayCycles
                0x00001c52                CyEnterCriticalSection
                0x00001c5a                CyExitCriticalSection
 .text.CySysFlashSetWaitCycles
                0x00001c60       0x54 .\CortexM0\ARM_GCC_541\Debug\BLDC_Motor_Board.a(CyFlash.o)
                0x00001c60                CySysFlashSetWaitCycles
 .text.UART_SpiUartWriteTxData
                0x00001cb4       0x1c .\CortexM0\ARM_GCC_541\Debug\BLDC_Motor_Board.a(UART_SPI_UART.o)
                0x00001cb4                UART_SpiUartWriteTxData
 .text.Current_Sensor_I2C_I2C_ISR
                0x00001cd0      0x340 .\CortexM0\ARM_GCC_541\Debug\BLDC_Motor_Board.a(Current_Sensor_I2C_I2C_INT.o)
                0x00001cd0                Current_Sensor_I2C_I2C_ISR
 .text.cos      0x00002010       0x8c c:/program files (x86)/cypress/psoc creator/4.4/psoc creator/import/gnu/arm/5.4.1/bin/../lib/gcc/arm-none-eabi/5.4.1/../../../../arm-none-eabi/lib/armv6-m\libm.a(lib_a-s_cos.o)
                0x00002010                cos
 .text.__ieee754_rem_pio2
                0x0000209c      0x40c c:/program files (x86)/cypress/psoc creator/4.4/psoc creator/import/gnu/arm/5.4.1/bin/../lib/gcc/arm-none-eabi/5.4.1/../../../../arm-none-eabi/lib/armv6-m\libm.a(lib_a-e_rem_pio2.o)
                0x0000209c                __ieee754_rem_pio2
 .text.__kernel_cos
                0x000024a8      0x234 c:/program files (x86)/cypress/psoc creator/4.4/psoc creator/import/gnu/arm/5.4.1/bin/../lib/gcc/arm-none-eabi/5.4.1/../../../../arm-none-eabi/lib/armv6-m\libm.a(lib_a-k_cos.o)
                0x000024a8                __kernel_cos
 .text.__kernel_rem_pio2
                0x000026dc      0x8a4 c:/program files (x86)/cypress/psoc creator/4.4/psoc creator/import/gnu/arm/5.4.1/bin/../lib/gcc/arm-none-eabi/5.4.1/../../../../arm-none-eabi/lib/armv6-m\libm.a(lib_a-k_rem_pio2.o)
                0x000026dc                __kernel_rem_pio2
 .text.__kernel_sin
                0x00002f80      0x160 c:/program files (x86)/cypress/psoc creator/4.4/psoc creator/import/gnu/arm/5.4.1/bin/../lib/gcc/arm-none-eabi/5.4.1/../../../../arm-none-eabi/lib/armv6-m\libm.a(lib_a-k_sin.o)
                0x00002f80                __kernel_sin
 .text.fabs     0x000030e0        0x8 c:/program files (x86)/cypress/psoc creator/4.4/psoc creator/import/gnu/arm/5.4.1/bin/../lib/gcc/arm-none-eabi/5.4.1/../../../../arm-none-eabi/lib/armv6-m\libm.a(lib_a-s_fabs.o)
                0x000030e0                fabs
 .text.floor    0x000030e8      0x130 c:/program files (x86)/cypress/psoc creator/4.4/psoc creator/import/gnu/arm/5.4.1/bin/../lib/gcc/arm-none-eabi/5.4.1/../../../../arm-none-eabi/lib/armv6-m\libm.a(lib_a-s_floor.o)
                0x000030e8                floor
 .text.scalbn   0x00003218       0xd0 c:/program files (x86)/cypress/psoc creator/4.4/psoc creator/import/gnu/arm/5.4.1/bin/../lib/gcc/arm-none-eabi/5.4.1/../../../../arm-none-eabi/lib/armv6-m\libm.a(lib_a-s_scalbn.o)
                0x00003218                scalbn
 .text.copysign
                0x000032e8       0x10 c:/program files (x86)/cypress/psoc creator/4.4/psoc creator/import/gnu/arm/5.4.1/bin/../lib/gcc/arm-none-eabi/5.4.1/../../../../arm-none-eabi/lib/armv6-m\libm.a(lib_a-s_copysign.o)
                0x000032e8                copysign
 .text          0x000032f8      0x114 c:/program files (x86)/cypress/psoc creator/4.4/psoc creator/import/gnu/arm/5.4.1/bin/../lib/gcc/arm-none-eabi/5.4.1/armv6-m\libgcc.a(_udivsi3.o)
                0x000032f8                __aeabi_uidiv
                0x000032f8                __udivsi3
                0x00003404                __aeabi_uidivmod
 .text          0x0000340c      0x1d4 c:/program files (x86)/cypress/psoc creator/4.4/psoc creator/import/gnu/arm/5.4.1/bin/../lib/gcc/arm-none-eabi/5.4.1/armv6-m\libgcc.a(_divsi3.o)
                0x0000340c                __divsi3
                0x0000340c                __aeabi_idiv
                0x000035d8                __aeabi_idivmod
 .text          0x000035e0        0x4 c:/program files (x86)/cypress/psoc creator/4.4/psoc creator/import/gnu/arm/5.4.1/bin/../lib/gcc/arm-none-eabi/5.4.1/armv6-m\libgcc.a(_dvmd_tls.o)
                0x000035e0                __aeabi_idiv0
                0x000035e0                __aeabi_ldiv0
 .text          0x000035e4       0x7c c:/program files (x86)/cypress/psoc creator/4.4/psoc creator/import/gnu/arm/5.4.1/bin/../lib/gcc/arm-none-eabi/5.4.1/armv6-m\libgcc.a(_arm_cmpdf2.o)
                0x000035e4                __aeabi_cdrcmple
                0x000035f4                __aeabi_cdcmple
                0x000035f4                __aeabi_cdcmpeq
                0x00003604                __aeabi_dcmpeq
                0x00003610                __aeabi_dcmplt
                0x00003624                __aeabi_dcmple
                0x00003638                __aeabi_dcmpgt
                0x0000364c                __aeabi_dcmpge
 .text          0x00003660       0x30 c:/program files (x86)/cypress/psoc creator/4.4/psoc creator/import/gnu/arm/5.4.1/bin/../lib/gcc/arm-none-eabi/5.4.1/armv6-m\libgcc.a(_fixunssfsi.o)
                0x00003660                __fixunssfsi
                0x00003660                __aeabi_f2uiz
 .text          0x00003690      0x234 c:/program files (x86)/cypress/psoc creator/4.4/psoc creator/import/gnu/arm/5.4.1/bin/../lib/gcc/arm-none-eabi/5.4.1/armv6-m\libgcc.a(divsf3.o)
                0x00003690                __aeabi_fdiv
 .text          0x000038c4      0x30c c:/program files (x86)/cypress/psoc creator/4.4/psoc creator/import/gnu/arm/5.4.1/bin/../lib/gcc/arm-none-eabi/5.4.1/armv6-m\libgcc.a(subsf3.o)
                0x000038c4                __aeabi_fsub
 .text          0x00003bd0       0x44 c:/program files (x86)/cypress/psoc creator/4.4/psoc creator/import/gnu/arm/5.4.1/bin/../lib/gcc/arm-none-eabi/5.4.1/armv6-m\libgcc.a(fixsfsi.o)
                0x00003bd0                __aeabi_f2iz
 .text          0x00003c14       0x90 c:/program files (x86)/cypress/psoc creator/4.4/psoc creator/import/gnu/arm/5.4.1/bin/../lib/gcc/arm-none-eabi/5.4.1/armv6-m\libgcc.a(floatsisf.o)
                0x00003c14                __aeabi_i2f
 .text          0x00003ca4      0x658 c:/program files (x86)/cypress/psoc creator/4.4/psoc creator/import/gnu/arm/5.4.1/bin/../lib/gcc/arm-none-eabi/5.4.1/armv6-m\libgcc.a(adddf3.o)
                0x00003ca4                __aeabi_dadd
 .text          0x000042fc      0x62c c:/program files (x86)/cypress/psoc creator/4.4/psoc creator/import/gnu/arm/5.4.1/bin/../lib/gcc/arm-none-eabi/5.4.1/armv6-m\libgcc.a(divdf3.o)
                0x000042fc                __aeabi_ddiv
 .text          0x00004928       0x80 c:/program files (x86)/cypress/psoc creator/4.4/psoc creator/import/gnu/arm/5.4.1/bin/../lib/gcc/arm-none-eabi/5.4.1/armv6-m\libgcc.a(eqdf2.o)
                0x00004928                __nedf2
                0x00004928                __eqdf2
 .text          0x000049a8       0xc8 c:/program files (x86)/cypress/psoc creator/4.4/psoc creator/import/gnu/arm/5.4.1/bin/../lib/gcc/arm-none-eabi/5.4.1/armv6-m\libgcc.a(gedf2.o)
                0x000049a8                __gedf2
                0x000049a8                __gtdf2
 .text          0x00004a70       0xd4 c:/program files (x86)/cypress/psoc creator/4.4/psoc creator/import/gnu/arm/5.4.1/bin/../lib/gcc/arm-none-eabi/5.4.1/armv6-m\libgcc.a(ledf2.o)
                0x00004a70                __ledf2
                0x00004a70                __ltdf2
 .text          0x00004b44      0x4f4 c:/program files (x86)/cypress/psoc creator/4.4/psoc creator/import/gnu/arm/5.4.1/bin/../lib/gcc/arm-none-eabi/5.4.1/armv6-m\libgcc.a(muldf3.o)
                0x00004b44                __aeabi_dmul
 .text          0x00005038      0x6a8 c:/program files (x86)/cypress/psoc creator/4.4/psoc creator/import/gnu/arm/5.4.1/bin/../lib/gcc/arm-none-eabi/5.4.1/armv6-m\libgcc.a(subdf3.o)
                0x00005038                __aeabi_dsub
 .text          0x000056e0       0x6c c:/program files (x86)/cypress/psoc creator/4.4/psoc creator/import/gnu/arm/5.4.1/bin/../lib/gcc/arm-none-eabi/5.4.1/armv6-m\libgcc.a(fixdfsi.o)
                0x000056e0                __aeabi_d2iz
 .text          0x0000574c       0x84 c:/program files (x86)/cypress/psoc creator/4.4/psoc creator/import/gnu/arm/5.4.1/bin/../lib/gcc/arm-none-eabi/5.4.1/armv6-m\libgcc.a(floatsidf.o)
                0x0000574c                __aeabi_i2d
 .text          0x000057d0       0x74 c:/program files (x86)/cypress/psoc creator/4.4/psoc creator/import/gnu/arm/5.4.1/bin/../lib/gcc/arm-none-eabi/5.4.1/armv6-m\libgcc.a(_arm_cmpsf2.o)
                0x000057d0                __aeabi_cfrcmple
                0x000057d8                __aeabi_cfcmpeq
                0x000057d8                __aeabi_cfcmple
                0x000057e8                __aeabi_fcmpeq
                0x000057f4                __aeabi_fcmplt
                0x00005808                __aeabi_fcmple
                0x0000581c                __aeabi_fcmpgt
                0x00005830                __aeabi_fcmpge
 .text          0x00005844       0x3c c:/program files (x86)/cypress/psoc creator/4.4/psoc creator/import/gnu/arm/5.4.1/bin/../lib/gcc/arm-none-eabi/5.4.1/armv6-m\libgcc.a(_clzsi2.o)
                0x00005844                __clzsi2
 .text          0x00005880       0x50 c:/program files (x86)/cypress/psoc creator/4.4/psoc creator/import/gnu/arm/5.4.1/bin/../lib/gcc/arm-none-eabi/5.4.1/armv6-m\libgcc.a(eqsf2.o)
                0x00005880                __eqsf2
                0x00005880                __nesf2
 .text          0x000058d0       0x88 c:/program files (x86)/cypress/psoc creator/4.4/psoc creator/import/gnu/arm/5.4.1/bin/../lib/gcc/arm-none-eabi/5.4.1/armv6-m\libgcc.a(gesf2.o)
                0x000058d0                __gesf2
                0x000058d0                __gtsf2
 .text          0x00005958       0x88 c:/program files (x86)/cypress/psoc creator/4.4/psoc creator/import/gnu/arm/5.4.1/bin/../lib/gcc/arm-none-eabi/5.4.1/armv6-m\libgcc.a(lesf2.o)
                0x00005958                __ltsf2
                0x00005958                __lesf2
 .text.__errno  0x000059e0        0xc c:/program files (x86)/cypress/psoc creator/4.4/psoc creator/import/gnu/arm/5.4.1/bin/../lib/gcc/arm-none-eabi/5.4.1/../../../../arm-none-eabi/lib/armv6-m\libg_nano.a(lib_a-errno.o)
                0x000059e0                __errno
 .text.__libc_init_array
                0x000059ec       0x4c c:/program files (x86)/cypress/psoc creator/4.4/psoc creator/import/gnu/arm/5.4.1/bin/../lib/gcc/arm-none-eabi/5.4.1/../../../../arm-none-eabi/lib/armv6-m\libg_nano.a(lib_a-init.o)
                0x000059ec                __libc_init_array
 .text.memset   0x00005a38       0x10 c:/program files (x86)/cypress/psoc creator/4.4/psoc creator/import/gnu/arm/5.4.1/bin/../lib/gcc/arm-none-eabi/5.4.1/../../../../arm-none-eabi/lib/armv6-m\libg_nano.a(lib_a-memset.o)
                0x00005a38                memset
 *(.plt)
 *(.gnu.warning)
 *(.glue_7t)
 .glue_7t       0x00005a48        0x0 linker stubs
 *(.glue_7)
 .glue_7        0x00005a48        0x0 linker stubs
 *(.vfp11_veneer)
 .vfp11_veneer  0x00005a48        0x0 linker stubs
 *(.bootloader)
 *(.ARM.extab* .gnu.linkonce.armextab.*)
 *(.gcc_except_table)

.v4_bx          0x00005a48        0x0
 .v4_bx         0x00005a48        0x0 linker stubs

.iplt           0x00005a48        0x0
 .iplt          0x00005a48        0x0 c:/program files (x86)/cypress/psoc creator/4.4/psoc creator/import/gnu/arm/5.4.1/bin/../lib/gcc/arm-none-eabi/5.4.1/armv6-m/crtbegin.o

.eh_frame_hdr
 *(.eh_frame_hdr)

.eh_frame       0x00005a48        0x4
 *(.eh_frame)
 .eh_frame      0x00005a48        0x0 c:/program files (x86)/cypress/psoc creator/4.4/psoc creator/import/gnu/arm/5.4.1/bin/../lib/gcc/arm-none-eabi/5.4.1/armv6-m/crtbegin.o
 .eh_frame      0x00005a48        0x4 c:/program files (x86)/cypress/psoc creator/4.4/psoc creator/import/gnu/arm/5.4.1/bin/../lib/gcc/arm-none-eabi/5.4.1/armv6-m/crtend.o
                [!provide]                PROVIDE (__exidx_start, .)

.ARM.exidx
 *(.ARM.exidx* .gnu.linkonce.armexidx.*)
                0x00005a4c                __exidx_end = .

.rodata         0x00005a50      0x708
 *(.rodata .rodata.* .gnu.linkonce.r.*)
 .rodata.str1.4
                0x00005a50       0x54 .\CortexM0\ARM_GCC_541\Debug\main.o
                                 0x52 (size before relaxing)
 .rodata        0x00005aa4      0x210 .\CortexM0\ARM_GCC_541\Debug\cyfitter_cfg.o
 .rodata        0x00005cb4       0x2e .\CortexM0\ARM_GCC_541\Debug\BLDC_Motor_Board.a(CyLib.o)
                0x00005cb4                cyImoFreqMhz2Reg
 *fill*         0x00005ce2        0x2 
 .rodata        0x00005ce4      0x160 .\CortexM0\ARM_GCC_541\Debug\BLDC_Motor_Board.a(CAN.o)
 .rodata.npio2_hw
                0x00005e44       0x80 c:/program files (x86)/cypress/psoc creator/4.4/psoc creator/import/gnu/arm/5.4.1/bin/../lib/gcc/arm-none-eabi/5.4.1/../../../../arm-none-eabi/lib/armv6-m\libm.a(lib_a-e_rem_pio2.o)
 .rodata.two_over_pi
                0x00005ec4      0x108 c:/program files (x86)/cypress/psoc creator/4.4/psoc creator/import/gnu/arm/5.4.1/bin/../lib/gcc/arm-none-eabi/5.4.1/../../../../arm-none-eabi/lib/armv6-m\libm.a(lib_a-e_rem_pio2.o)
 .rodata.init_jk
                0x00005fcc       0x10 c:/program files (x86)/cypress/psoc creator/4.4/psoc creator/import/gnu/arm/5.4.1/bin/../lib/gcc/arm-none-eabi/5.4.1/../../../../arm-none-eabi/lib/armv6-m\libm.a(lib_a-k_rem_pio2.o)
 *fill*         0x00005fdc        0x4 
 .rodata.PIo2   0x00005fe0       0x40 c:/program files (x86)/cypress/psoc creator/4.4/psoc creator/import/gnu/arm/5.4.1/bin/../lib/gcc/arm-none-eabi/5.4.1/../../../../arm-none-eabi/lib/armv6-m\libm.a(lib_a-k_rem_pio2.o)
 .rodata        0x00006020       0x80 c:/program files (x86)/cypress/psoc creator/4.4/psoc creator/import/gnu/arm/5.4.1/bin/../lib/gcc/arm-none-eabi/5.4.1/armv6-m\libgcc.a(divsf3.o)
 .rodata        0x000060a0       0x40 c:/program files (x86)/cypress/psoc creator/4.4/psoc creator/import/gnu/arm/5.4.1/bin/../lib/gcc/arm-none-eabi/5.4.1/armv6-m\libgcc.a(divdf3.o)
 .rodata        0x000060e0       0x40 c:/program files (x86)/cypress/psoc creator/4.4/psoc creator/import/gnu/arm/5.4.1/bin/../lib/gcc/arm-none-eabi/5.4.1/armv6-m\libgcc.a(muldf3.o)
 .rodata.str1.1
                0x00006120        0x2 c:/program files (x86)/cypress/psoc creator/4.4/psoc creator/import/gnu/arm/5.4.1/bin/../lib/gcc/arm-none-eabi/5.4.1/../../../../arm-none-eabi/lib/armv6-m\libg_nano.a(lib_a-impure.o)
                0x00006124                . = ALIGN (0x4)
 *fill*         0x00006122        0x2 
 *(.init)
 .init          0x00006124        0x4 c:/program files (x86)/cypress/psoc creator/4.4/psoc creator/import/gnu/arm/5.4.1/bin/../lib/gcc/arm-none-eabi/5.4.1/armv6-m/crti.o
                0x00006124                _init
 .init          0x00006128        0x8 c:/program files (x86)/cypress/psoc creator/4.4/psoc creator/import/gnu/arm/5.4.1/bin/../lib/gcc/arm-none-eabi/5.4.1/armv6-m/crtn.o
                0x00006130                . = ALIGN (0x4)
                0x00006130                __preinit_array_start = .
 *(.preinit_array)
                0x00006130                __preinit_array_end = .
                0x00006130                . = ALIGN (0x4)
                0x00006130                __init_array_start = .
 *(SORT(.init_array.*))
 *(.init_array)
 .init_array    0x00006130        0x4 c:/program files (x86)/cypress/psoc creator/4.4/psoc creator/import/gnu/arm/5.4.1/bin/../lib/gcc/arm-none-eabi/5.4.1/armv6-m/crtbegin.o
 .init_array    0x00006134        0x4 .\CortexM0\ARM_GCC_541\Debug\Cm0Start.o
                0x00006138                __init_array_end = .
                0x00006138                . = ALIGN (0x4)
 *(.fini)
 .fini          0x00006138        0x4 c:/program files (x86)/cypress/psoc creator/4.4/psoc creator/import/gnu/arm/5.4.1/bin/../lib/gcc/arm-none-eabi/5.4.1/armv6-m/crti.o
                0x00006138                _fini
 .fini          0x0000613c        0x8 c:/program files (x86)/cypress/psoc creator/4.4/psoc creator/import/gnu/arm/5.4.1/bin/../lib/gcc/arm-none-eabi/5.4.1/armv6-m/crtn.o
                0x00006144                . = ALIGN (0x4)
                0x00006144                __fini_array_start = .
 *(.fini_array)
 .fini_array    0x00006144        0x4 c:/program files (x86)/cypress/psoc creator/4.4/psoc creator/import/gnu/arm/5.4.1/bin/../lib/gcc/arm-none-eabi/5.4.1/armv6-m/crtbegin.o
 *(SORT(.fini_array.*))
                0x00006148                __fini_array_end = .
                0x00006148                . = ALIGN (0x4)
 *crtbegin.o(.ctors)
 *(EXCLUDE_FILE(*crtend.o) .ctors)
 *(SORT(.ctors.*))
 *crtend.o(.ctors)
                0x00006148                . = ALIGN (0x4)
 *crtbegin.o(.dtors)
 *(EXCLUDE_FILE(*crtend.o) .dtors)
 *(SORT(.dtors.*))
 *crtend.o(.dtors)
                0x00006148                . = ALIGN (0x4)
                0x00006148                __cy_regions = .
                0x00006148        0x4 LONG 0x6158 __cy_region_init_ram
                0x0000614c        0x4 LONG 0x200000c0 __cy_region_start_data
                0x00006150        0x4 LONG 0x90 __cy_region_init_size_ram
                0x00006154        0x4 LONG 0x238 __cy_region_zero_size_ram
                0x00006158                __cy_regions_end = .
                0x00006158                . = ALIGN (0x8)
                0x00006158                _etext = .

.cy_checksum_exclude
                0x00006158        0x0
 *(.cy_checksum_exclude)

.ramvectors     0x20000000       0xc0
                0x20000000                __cy_region_start_ram = .
 *(.ramvectors)
 .ramvectors    0x20000000       0xc0 .\CortexM0\ARM_GCC_541\Debug\Cm0Start.o
                0x20000000                CyRamVectors

.noinit
 *(.noinit)

.data           0x200000c0       0x90 load address 0x00006158
                0x200000c0                __cy_region_start_data = .
 *(.jcr)
 .jcr           0x200000c0        0x0 c:/program files (x86)/cypress/psoc creator/4.4/psoc creator/import/gnu/arm/5.4.1/bin/../lib/gcc/arm-none-eabi/5.4.1/armv6-m/crtbegin.o
 .jcr           0x200000c0        0x4 c:/program files (x86)/cypress/psoc creator/4.4/psoc creator/import/gnu/arm/5.4.1/bin/../lib/gcc/arm-none-eabi/5.4.1/armv6-m/crtend.o
 *(.got.plt)
 *(.got)
 *(.shdata)
 *(.data .data.* .gnu.linkonce.d.*)
 .data          0x200000c4        0x4 .\CortexM0\ARM_GCC_541\Debug\main.o
                0x200000c4                delay
                0x200000c6                period
 .data          0x200000c8        0x6 .\CortexM0\ARM_GCC_541\Debug\BLDC_Drive.o
                0x200000c8                rotorStates
 *fill*         0x200000ce        0x2 
 .data          0x200000d0       0x14 .\CortexM0\ARM_GCC_541\Debug\BLDC_Motor_Board.a(CyLib.o)
                0x200000d0                CySysClkPumpConfig
                0x200000d4                cydelay32kMs
                0x200000d8                cydelayFreqKhz
                0x200000dc                cydelayFreqMhz
                0x200000e0                cydelayFreqHz
 .data          0x200000e4        0x8 .\CortexM0\ARM_GCC_541\Debug\BLDC_Motor_Board.a(CyLFClk.o)
 .data.impure_data
                0x200000ec       0x60 c:/program files (x86)/cypress/psoc creator/4.4/psoc creator/import/gnu/arm/5.4.1/bin/../lib/gcc/arm-none-eabi/5.4.1/../../../../arm-none-eabi/lib/armv6-m\libg_nano.a(lib_a-impure.o)
 .data._impure_ptr
                0x2000014c        0x4 c:/program files (x86)/cypress/psoc creator/4.4/psoc creator/import/gnu/arm/5.4.1/bin/../lib/gcc/arm-none-eabi/5.4.1/../../../../arm-none-eabi/lib/armv6-m\libg_nano.a(lib_a-impure.o)
                0x2000014c                _impure_ptr
                0x20000150                . = ALIGN (0x8)
 *(.ram)
                0x20000150                _edata = .

.igot.plt       0x20000150        0x0 load address 0x000061e8
 .igot.plt      0x20000150        0x0 c:/program files (x86)/cypress/psoc creator/4.4/psoc creator/import/gnu/arm/5.4.1/bin/../lib/gcc/arm-none-eabi/5.4.1/armv6-m/crtbegin.o

.bss            0x20000150      0x238 load address 0x000061e8
                0x20000150                PROVIDE (__bss_start__, .)
 *(.shbss)
 *(.bss .bss.* .gnu.linkonce.b.*)
 .bss           0x20000150       0x1c c:/program files (x86)/cypress/psoc creator/4.4/psoc creator/import/gnu/arm/5.4.1/bin/../lib/gcc/arm-none-eabi/5.4.1/armv6-m/crtbegin.o
 .bss           0x2000016c       0x14 .\CortexM0\ARM_GCC_541\Debug\main.o
                0x2000016c                Can_LED
                0x2000016d                CAN_check_delay
                0x2000016e                Error_LED
                0x2000016f                Debug_LED
                0x20000170                ignoreLimSw
                0x20000171                address
                0x20000172                counter
                0x20000174                drive
                0x20000175                hallSensorsTimeOut
                0x20000176                encoderTimeOut
                0x20000178                nextPWM
                0x2000017c                millidegreeTarget
 .bss           0x20000180       0x11 .\CortexM0\ARM_GCC_541\Debug\BLDC_Drive.o
                0x20000180                invalidate
                0x20000181                currentDir
                0x20000184                currentSpeed
                0x20000188                currentRotorState
                0x2000018c                hallState
                0x20000190                coilState
 .bss           0x20000191        0x4 .\CortexM0\ARM_GCC_541\Debug\PortPSOC_CY8C4248AZI_L485.o
                0x20000191                latestMessageFull
                0x20000192                latestMessageHead
                0x20000193                latestMessageTail
                0x20000194                messageReadFlag
 *fill*         0x20000195        0x3 
 .bss           0x20000198       0x20 .\CortexM0\ARM_GCC_541\Debug\BLDC_Motor_Board.a(CyLib.o)
                0x20000198                CySysClkImoTrim4
                0x2000019c                CySysClkImoTrim5
                0x200001b4                CySysTickInitVar
 .bss           0x200001b8       0x28 .\CortexM0\ARM_GCC_541\Debug\BLDC_Motor_Board.a(CyLFClk.o)
 .bss           0x200001e0        0x1 .\CortexM0\ARM_GCC_541\Debug\BLDC_Motor_Board.a(CAN.o)
                0x200001e0                CAN_initVar
 *fill*         0x200001e1        0x1 
 .bss           0x200001e2        0x4 .\CortexM0\ARM_GCC_541\Debug\BLDC_Motor_Board.a(UART.o)
                0x200001e2                UART_initVar
                0x200001e4                UART_IntrTxMask
 *fill*         0x200001e6        0x2 
 .bss           0x200001e8        0x8 .\CortexM0\ARM_GCC_541\Debug\BLDC_Motor_Board.a(Current_Sensor_I2C.o)
                0x200001e8                Current_Sensor_I2C_initVar
                0x200001ec                Current_Sensor_I2C_customIntrHandler
 .bss           0x200001f0        0x1 .\CortexM0\ARM_GCC_541\Debug\BLDC_Motor_Board.a(Timer_Rotor_Delay.o)
                0x200001f0                Timer_Rotor_Delay_initVar
 .bss           0x200001f1        0x1 .\CortexM0\ARM_GCC_541\Debug\BLDC_Motor_Board.a(Timer_Period_Reset.o)
                0x200001f1                Timer_Period_Reset_initVar
 .bss           0x200001f2        0x4 .\CortexM0\ARM_GCC_541\Debug\BLDC_Motor_Board.a(TMC6100.o)
                0x200001f2                TMC6100_initVar
                0x200001f4                TMC6100_IntrTxMask
 *(COMMON)
 *fill*         0x200001f6        0x2 
 COMMON         0x200001f8       0x8c .\CortexM0\ARM_GCC_541\Debug\main.o
                0x200001f8                bound_set2
                0x200001fc                txData
                0x20000260                can_send
                0x2000026c                bound_set1
                0x20000270                enc_lim_2
                0x20000274                can_recieve
                0x20000280                enc_lim_1
 COMMON         0x20000284        0x4 .\CortexM0\ARM_GCC_541\Debug\BLDC_Drive.o
                0x20000284                delay_ms
 COMMON         0x20000288       0xd8 .\CortexM0\ARM_GCC_541\Debug\PortPSOC_CY8C4248AZI_L485.o
                0x20000288                deviceGroup
                0x2000028c                rxMailbox
                0x2000029c                deviceAddress
                0x200002a0                latestMessage
 COMMON         0x20000360        0x1 .\CortexM0\ARM_GCC_541\Debug\BLDC_Motor_Board.a(Current_Sensor_I2C_I2C.o)
                0x20000360                Current_Sensor_I2C_state
 *fill*         0x20000361        0x3 
 COMMON         0x20000364       0x20 .\CortexM0\ARM_GCC_541\Debug\BLDC_Motor_Board.a(Current_Sensor_I2C_I2C_MASTER.o)
                0x20000364                Current_Sensor_I2C_mstrWrBufPtr
                0x20000368                Current_Sensor_I2C_mstrWrBufSize
                0x2000036c                Current_Sensor_I2C_mstrRdBufPtr
                0x20000370                Current_Sensor_I2C_mstrRdBufSize
                0x20000374                Current_Sensor_I2C_mstrControl
                0x20000376                Current_Sensor_I2C_mstrStatus
                0x20000378                Current_Sensor_I2C_mstrWrBufIndex
                0x2000037c                Current_Sensor_I2C_mstrWrBufIndexTmp
                0x20000380                Current_Sensor_I2C_mstrRdBufIndex
                0x20000388                . = ALIGN (0x8)
 *fill*         0x20000384        0x4 
 *(.ram.b)
                0x20000388                _end = .
                0x20000388                __end = .
                0x20000388                PROVIDE (end, .)
                0x20000388                PROVIDE (__bss_end__, .)
                0x00006158                __cy_region_init_ram = LOADADDR (.data)
                0x00000090                __cy_region_init_size_ram = (_edata - ADDR (.data))
                0x00000238                __cy_region_zero_size_ram = (_end - _edata)

.heap           0x20000388       0x80 load address 0x000061e8
                0x20000388                . = _end
                0x20000408                . = (. + 0x80)
 *fill*         0x20000388       0x80 
                0x20000408                __cy_heap_limit = .

.stack          0x20007800      0x800
                0x20007800                __cy_stack_limit = .
                0x20008000                . = (. + 0x800)
 *fill*         0x20007800      0x800 
                0x00000001                ASSERT ((__cy_stack_limit >= __cy_heap_limit), region RAM overflowed with stack)
                0x00000000                cy_checksum_exclude_size = (CY_APPL_LOADABLE == 0x1)?SIZEOF (.cy_checksum_exclude):0x0
                0x00000001                ASSERT ((cy_checksum_exclude_size <= CY_CHECKSUM_EXCLUDE_SIZE), CY_BOOT: Section .cy_checksum_exclude size exceedes specified limit.)
                0x0003ffc0                cyloadermeta_start = (cy_project_type_bootloader || cy_project_type_app_for_stack_and_copier)?(LENGTH (rom) - CY_METADATA_SIZE):0xf0000000

.cyloadermeta
 *(.cyloadermeta)
                0x0003ffc0                cyloadablemeta_start = cy_project_type_app_for_stack_and_copier?((LENGTH (rom) - CY_FLASH_ROW_SIZE) - CY_METADATA_SIZE):((LENGTH (rom) - (CY_FLASH_ROW_SIZE * (CY_APPL_NUM - 0x1))) - CY_METADATA_SIZE)

.cyloadablemeta
 *(.cyloadablemeta)

.cyflashprotect
                0x90400000       0x80
 *(.cyflashprotect)
 .cyflashprotect
                0x90400000       0x80 .\CortexM0\ARM_GCC_541\Debug\cymetadata.o
                0x90400000                cy_meta_flashprotect

.cymeta         0x90500000        0xc
 *(.cymeta)
 .cymeta        0x90500000        0xc .\CortexM0\ARM_GCC_541\Debug\cymetadata.o
                0x90500000                cy_metadata

.cychipprotect  0x90600000        0x1
 *(.cychipprotect)
 .cychipprotect
                0x90600000        0x1 .\CortexM0\ARM_GCC_541\Debug\cymetadata.o
                0x90600000                cy_meta_chipprotect

.rel.dyn        0x000061e8        0x0 load address 0x90600004
 .rel.iplt      0x000061e8        0x0 c:/program files (x86)/cypress/psoc creator/4.4/psoc creator/import/gnu/arm/5.4.1/bin/../lib/gcc/arm-none-eabi/5.4.1/armv6-m/crtbegin.o

.stab
 *(.stab)

.stabstr
 *(.stabstr)

.debug
 *(.debug)

.line
 *(.line)

.debug_srcinfo
 *(.debug_srcinfo)

.debug_sfnames
 *(.debug_sfnames)

.debug_aranges  0x00000000     0x1618
 *(.debug_aranges)
 .debug_aranges
                0x00000000       0x50 .\CortexM0\ARM_GCC_541\Debug\main.o
 .debug_aranges
                0x00000050       0x78 .\CortexM0\ARM_GCC_541\Debug\BLDC_FSM.o
 .debug_aranges
                0x000000c8       0x28 .\CortexM0\ARM_GCC_541\Debug\BLDC_CAN.o
 .debug_aranges
                0x000000f0       0x38 .\CortexM0\ARM_GCC_541\Debug\BLDC_Drive.o
 .debug_aranges
                0x00000128       0xf0 .\CortexM0\ARM_GCC_541\Debug\BLDC_pid.o
 .debug_aranges
                0x00000218       0x20 .\CortexM0\ARM_GCC_541\Debug\BLDC_SPI.o
 .debug_aranges
                0x00000238       0xc0 .\CortexM0\ARM_GCC_541\Debug\CANCommon.o
 .debug_aranges
                0x000002f8       0x88 .\CortexM0\ARM_GCC_541\Debug\CANGPIO.o
 .debug_aranges
                0x00000380       0x18 .\CortexM0\ARM_GCC_541\Debug\CANLocalization.o
 .debug_aranges
                0x00000398      0x140 .\CortexM0\ARM_GCC_541\Debug\CANMotorUnit.o
 .debug_aranges
                0x000004d8       0xa8 .\CortexM0\ARM_GCC_541\Debug\CANPacket.o
 .debug_aranges
                0x00000580       0x40 .\CortexM0\ARM_GCC_541\Debug\CANPower.o
 .debug_aranges
                0x000005c0       0x50 .\CortexM0\ARM_GCC_541\Debug\CANScience.o
 .debug_aranges
                0x00000610       0x68 .\CortexM0\ARM_GCC_541\Debug\PortPSOC_CY8C4248AZI_L485.o
 .debug_aranges
                0x00000678       0x40 .\CortexM0\ARM_GCC_541\Debug\cyfitter_cfg.o
 .debug_aranges
                0x000006b8       0x18 .\CortexM0\ARM_GCC_541\Debug\cymetadata.o
 .debug_aranges
                0x000006d0       0x48 .\CortexM0\ARM_GCC_541\Debug\Cm0Start.o
 .debug_aranges
                0x00000718      0x270 .\CortexM0\ARM_GCC_541\Debug\BLDC_Motor_Board.a(CyLib.o)
 .debug_aranges
                0x00000988      0x188 .\CortexM0\ARM_GCC_541\Debug\BLDC_Motor_Board.a(CyLFClk.o)
 .debug_aranges
                0x00000b10       0x48 .\CortexM0\ARM_GCC_541\Debug\BLDC_Motor_Board.a(UH.o)
 .debug_aranges
                0x00000b58       0x48 .\CortexM0\ARM_GCC_541\Debug\BLDC_Motor_Board.a(UL.o)
 .debug_aranges
                0x00000ba0       0x48 .\CortexM0\ARM_GCC_541\Debug\BLDC_Motor_Board.a(VH.o)
 .debug_aranges
                0x00000be8       0x48 .\CortexM0\ARM_GCC_541\Debug\BLDC_Motor_Board.a(VL.o)
 .debug_aranges
                0x00000c30       0x48 .\CortexM0\ARM_GCC_541\Debug\BLDC_Motor_Board.a(WH.o)
 .debug_aranges
                0x00000c78       0x48 .\CortexM0\ARM_GCC_541\Debug\BLDC_Motor_Board.a(WL.o)
 .debug_aranges
                0x00000cc0       0xe8 .\CortexM0\ARM_GCC_541\Debug\BLDC_Motor_Board.a(CAN.o)
 .debug_aranges
                0x00000da8       0x20 .\CortexM0\ARM_GCC_541\Debug\BLDC_Motor_Board.a(CAN_INT.o)
 .debug_aranges
                0x00000dc8       0x30 .\CortexM0\ARM_GCC_541\Debug\BLDC_Motor_Board.a(CAN_TX_RX_func.o)
 .debug_aranges
                0x00000df8       0x58 .\CortexM0\ARM_GCC_541\Debug\BLDC_Motor_Board.a(UART.o)
 .debug_aranges
                0x00000e50       0x90 .\CortexM0\ARM_GCC_541\Debug\BLDC_Motor_Board.a(UART_UART.o)
 .debug_aranges
                0x00000ee0       0x48 .\CortexM0\ARM_GCC_541\Debug\BLDC_Motor_Board.a(ERROR_LED.o)
 .debug_aranges
                0x00000f28       0x60 .\CortexM0\ARM_GCC_541\Debug\BLDC_Motor_Board.a(Current_Sensor_I2C.o)
 .debug_aranges
                0x00000f88       0x30 .\CortexM0\ARM_GCC_541\Debug\BLDC_Motor_Board.a(Current_Sensor_I2C_I2C.o)
 .debug_aranges
                0x00000fb8       0x98 .\CortexM0\ARM_GCC_541\Debug\BLDC_Motor_Board.a(Current_Sensor_I2C_I2C_MASTER.o)
 .debug_aranges
                0x00001050       0x48 .\CortexM0\ARM_GCC_541\Debug\BLDC_Motor_Board.a(CAN_LED.o)
 .debug_aranges
                0x00001098       0x80 .\CortexM0\ARM_GCC_541\Debug\BLDC_Motor_Board.a(isr_Limit_1.o)
 .debug_aranges
                0x00001118       0x48 .\CortexM0\ARM_GCC_541\Debug\BLDC_Motor_Board.a(Pin_Limit_2.o)
 .debug_aranges
                0x00001160       0x48 .\CortexM0\ARM_GCC_541\Debug\BLDC_Motor_Board.a(Pin_Limit_1.o)
 .debug_aranges
                0x000011a8       0x90 .\CortexM0\ARM_GCC_541\Debug\BLDC_Motor_Board.a(Timer_Rotor_Delay.o)
 .debug_aranges
                0x00001238       0x80 .\CortexM0\ARM_GCC_541\Debug\BLDC_Motor_Board.a(isr_Hall.o)
 .debug_aranges
                0x000012b8       0x40 .\CortexM0\ARM_GCC_541\Debug\BLDC_Motor_Board.a(Address_Register.o)
 .debug_aranges
                0x000012f8       0x40 .\CortexM0\ARM_GCC_541\Debug\BLDC_Motor_Board.a(Limit_Register.o)
 .debug_aranges
                0x00001338       0x90 .\CortexM0\ARM_GCC_541\Debug\BLDC_Motor_Board.a(Timer_Period_Reset.o)
 .debug_aranges
                0x000013c8       0x80 .\CortexM0\ARM_GCC_541\Debug\BLDC_Motor_Board.a(isr_Period_Reset.o)
 .debug_aranges
                0x00001448       0x58 .\CortexM0\ARM_GCC_541\Debug\BLDC_Motor_Board.a(TMC6100.o)
 .debug_aranges
                0x000014a0       0x60 .\CortexM0\ARM_GCC_541\Debug\BLDC_Motor_Board.a(TMC6100_SPI_UART.o)
 .debug_aranges
                0x00001500       0x38 .\CortexM0\ARM_GCC_541\Debug\BLDC_Motor_Board.a(TMC6100_SPI.o)
 .debug_aranges
                0x00001538       0x20 .\CortexM0\ARM_GCC_541\Debug\BLDC_Motor_Board.a(CyBootAsmGnu.o)
 .debug_aranges
                0x00001558       0x40 .\CortexM0\ARM_GCC_541\Debug\BLDC_Motor_Board.a(CyFlash.o)
 .debug_aranges
                0x00001598       0x60 .\CortexM0\ARM_GCC_541\Debug\BLDC_Motor_Board.a(UART_SPI_UART.o)
 .debug_aranges
                0x000015f8       0x20 .\CortexM0\ARM_GCC_541\Debug\BLDC_Motor_Board.a(Current_Sensor_I2C_I2C_INT.o)

.debug_pubnames
 *(.debug_pubnames)

.debug_info     0x00000000     0xd3f1
 *(.debug_info .gnu.linkonce.wi.*)
 .debug_info    0x00000000      0x754 .\CortexM0\ARM_GCC_541\Debug\main.o
 .debug_info    0x00000754      0x1ed .\CortexM0\ARM_GCC_541\Debug\BLDC_FSM.o
 .debug_info    0x00000941      0xc06 .\CortexM0\ARM_GCC_541\Debug\BLDC_CAN.o
 .debug_info    0x00001547      0x454 .\CortexM0\ARM_GCC_541\Debug\BLDC_Drive.o
 .debug_info    0x0000199b      0x545 .\CortexM0\ARM_GCC_541\Debug\BLDC_pid.o
 .debug_info    0x00001ee0       0xdc .\CortexM0\ARM_GCC_541\Debug\BLDC_SPI.o
 .debug_info    0x00001fbc      0xa46 .\CortexM0\ARM_GCC_541\Debug\CANCommon.o
 .debug_info    0x00002a02      0x60d .\CortexM0\ARM_GCC_541\Debug\CANGPIO.o
 .debug_info    0x0000300f       0x6b .\CortexM0\ARM_GCC_541\Debug\CANLocalization.o
 .debug_info    0x0000307a     0x10ba .\CortexM0\ARM_GCC_541\Debug\CANMotorUnit.o
 .debug_info    0x00004134      0x641 .\CortexM0\ARM_GCC_541\Debug\CANPacket.o
 .debug_info    0x00004775      0x2ff .\CortexM0\ARM_GCC_541\Debug\CANPower.o
 .debug_info    0x00004a74      0x353 .\CortexM0\ARM_GCC_541\Debug\CANScience.o
 .debug_info    0x00004dc7      0x639 .\CortexM0\ARM_GCC_541\Debug\PortPSOC_CY8C4248AZI_L485.o
 .debug_info    0x00005400      0x3cd .\CortexM0\ARM_GCC_541\Debug\cyfitter_cfg.o
 .debug_info    0x000057cd       0xf8 .\CortexM0\ARM_GCC_541\Debug\cymetadata.o
 .debug_info    0x000058c5      0x3a2 .\CortexM0\ARM_GCC_541\Debug\Cm0Start.o
 .debug_info    0x00005c67     0x17e4 .\CortexM0\ARM_GCC_541\Debug\BLDC_Motor_Board.a(CyLib.o)
 .debug_info    0x0000744b     0x1058 .\CortexM0\ARM_GCC_541\Debug\BLDC_Motor_Board.a(CyLFClk.o)
 .debug_info    0x000084a3      0x19d .\CortexM0\ARM_GCC_541\Debug\BLDC_Motor_Board.a(UH.o)
 .debug_info    0x00008640      0x19d .\CortexM0\ARM_GCC_541\Debug\BLDC_Motor_Board.a(UL.o)
 .debug_info    0x000087dd      0x19d .\CortexM0\ARM_GCC_541\Debug\BLDC_Motor_Board.a(VH.o)
 .debug_info    0x0000897a      0x19d .\CortexM0\ARM_GCC_541\Debug\BLDC_Motor_Board.a(VL.o)
 .debug_info    0x00008b17      0x19d .\CortexM0\ARM_GCC_541\Debug\BLDC_Motor_Board.a(WH.o)
 .debug_info    0x00008cb4      0x19b .\CortexM0\ARM_GCC_541\Debug\BLDC_Motor_Board.a(WL.o)
 .debug_info    0x00008e4f      0x9c6 .\CortexM0\ARM_GCC_541\Debug\BLDC_Motor_Board.a(CAN.o)
 .debug_info    0x00009815       0xa0 .\CortexM0\ARM_GCC_541\Debug\BLDC_Motor_Board.a(CAN_INT.o)
 .debug_info    0x000098b5      0x37e .\CortexM0\ARM_GCC_541\Debug\BLDC_Motor_Board.a(CAN_TX_RX_func.o)
 .debug_info    0x00009c33      0x23a .\CortexM0\ARM_GCC_541\Debug\BLDC_Motor_Board.a(UART.o)
 .debug_info    0x00009e6d      0x3b5 .\CortexM0\ARM_GCC_541\Debug\BLDC_Motor_Board.a(UART_UART.o)
 .debug_info    0x0000a222      0x19d .\CortexM0\ARM_GCC_541\Debug\BLDC_Motor_Board.a(ERROR_LED.o)
 .debug_info    0x0000a3bf      0x298 .\CortexM0\ARM_GCC_541\Debug\BLDC_Motor_Board.a(Current_Sensor_I2C.o)
 .debug_info    0x0000a657      0x195 .\CortexM0\ARM_GCC_541\Debug\BLDC_Motor_Board.a(Current_Sensor_I2C_I2C.o)
 .debug_info    0x0000a7ec      0x813 .\CortexM0\ARM_GCC_541\Debug\BLDC_Motor_Board.a(Current_Sensor_I2C_I2C_MASTER.o)
 .debug_info    0x0000afff      0x19d .\CortexM0\ARM_GCC_541\Debug\BLDC_Motor_Board.a(CAN_LED.o)
 .debug_info    0x0000b19c      0x305 .\CortexM0\ARM_GCC_541\Debug\BLDC_Motor_Board.a(isr_Limit_1.o)
 .debug_info    0x0000b4a1      0x19d .\CortexM0\ARM_GCC_541\Debug\BLDC_Motor_Board.a(Pin_Limit_2.o)
 .debug_info    0x0000b63e      0x19b .\CortexM0\ARM_GCC_541\Debug\BLDC_Motor_Board.a(Pin_Limit_1.o)
 .debug_info    0x0000b7d9      0x2ee .\CortexM0\ARM_GCC_541\Debug\BLDC_Motor_Board.a(Timer_Rotor_Delay.o)
 .debug_info    0x0000bac7      0x305 .\CortexM0\ARM_GCC_541\Debug\BLDC_Motor_Board.a(isr_Hall.o)
 .debug_info    0x0000bdcc      0x17f .\CortexM0\ARM_GCC_541\Debug\BLDC_Motor_Board.a(Address_Register.o)
 .debug_info    0x0000bf4b      0x17f .\CortexM0\ARM_GCC_541\Debug\BLDC_Motor_Board.a(Limit_Register.o)
 .debug_info    0x0000c0ca      0x2cf .\CortexM0\ARM_GCC_541\Debug\BLDC_Motor_Board.a(Timer_Period_Reset.o)
 .debug_info    0x0000c399      0x305 .\CortexM0\ARM_GCC_541\Debug\BLDC_Motor_Board.a(isr_Period_Reset.o)
 .debug_info    0x0000c69e      0x23a .\CortexM0\ARM_GCC_541\Debug\BLDC_Motor_Board.a(TMC6100.o)
 .debug_info    0x0000c8d8      0x220 .\CortexM0\ARM_GCC_541\Debug\BLDC_Motor_Board.a(TMC6100_SPI_UART.o)
 .debug_info    0x0000caf8      0x13c .\CortexM0\ARM_GCC_541\Debug\BLDC_Motor_Board.a(TMC6100_SPI.o)
 .debug_info    0x0000cc34       0xa3 .\CortexM0\ARM_GCC_541\Debug\BLDC_Motor_Board.a(CyBootAsmGnu.o)
 .debug_info    0x0000ccd7      0x352 .\CortexM0\ARM_GCC_541\Debug\BLDC_Motor_Board.a(CyFlash.o)
 .debug_info    0x0000d029      0x220 .\CortexM0\ARM_GCC_541\Debug\BLDC_Motor_Board.a(UART_SPI_UART.o)
 .debug_info    0x0000d249      0x1a8 .\CortexM0\ARM_GCC_541\Debug\BLDC_Motor_Board.a(Current_Sensor_I2C_I2C_INT.o)

.debug_abbrev   0x00000000     0x38d9
 *(.debug_abbrev)
 .debug_abbrev  0x00000000      0x1b1 .\CortexM0\ARM_GCC_541\Debug\main.o
 .debug_abbrev  0x000001b1       0xd3 .\CortexM0\ARM_GCC_541\Debug\BLDC_FSM.o
 .debug_abbrev  0x00000284      0x170 .\CortexM0\ARM_GCC_541\Debug\BLDC_CAN.o
 .debug_abbrev  0x000003f4      0x15c .\CortexM0\ARM_GCC_541\Debug\BLDC_Drive.o
 .debug_abbrev  0x00000550      0x16b .\CortexM0\ARM_GCC_541\Debug\BLDC_pid.o
 .debug_abbrev  0x000006bb       0x88 .\CortexM0\ARM_GCC_541\Debug\BLDC_SPI.o
 .debug_abbrev  0x00000743      0x149 .\CortexM0\ARM_GCC_541\Debug\CANCommon.o
 .debug_abbrev  0x0000088c      0x106 .\CortexM0\ARM_GCC_541\Debug\CANGPIO.o
 .debug_abbrev  0x00000992       0x26 .\CortexM0\ARM_GCC_541\Debug\CANLocalization.o
 .debug_abbrev  0x000009b8      0x19d .\CortexM0\ARM_GCC_541\Debug\CANMotorUnit.o
 .debug_abbrev  0x00000b55      0x16f .\CortexM0\ARM_GCC_541\Debug\CANPacket.o
 .debug_abbrev  0x00000cc4      0x124 .\CortexM0\ARM_GCC_541\Debug\CANPower.o
 .debug_abbrev  0x00000de8       0xfe .\CortexM0\ARM_GCC_541\Debug\CANScience.o
 .debug_abbrev  0x00000ee6      0x1ad .\CortexM0\ARM_GCC_541\Debug\PortPSOC_CY8C4248AZI_L485.o
 .debug_abbrev  0x00001093      0x1af .\CortexM0\ARM_GCC_541\Debug\cyfitter_cfg.o
 .debug_abbrev  0x00001242       0x5d .\CortexM0\ARM_GCC_541\Debug\cymetadata.o
 .debug_abbrev  0x0000129f      0x1d7 .\CortexM0\ARM_GCC_541\Debug\Cm0Start.o
 .debug_abbrev  0x00001476      0x293 .\CortexM0\ARM_GCC_541\Debug\BLDC_Motor_Board.a(CyLib.o)
 .debug_abbrev  0x00001709      0x248 .\CortexM0\ARM_GCC_541\Debug\BLDC_Motor_Board.a(CyLFClk.o)
 .debug_abbrev  0x00001951       0xc8 .\CortexM0\ARM_GCC_541\Debug\BLDC_Motor_Board.a(UH.o)
 .debug_abbrev  0x00001a19       0xc8 .\CortexM0\ARM_GCC_541\Debug\BLDC_Motor_Board.a(UL.o)
 .debug_abbrev  0x00001ae1       0xc8 .\CortexM0\ARM_GCC_541\Debug\BLDC_Motor_Board.a(VH.o)
 .debug_abbrev  0x00001ba9       0xc8 .\CortexM0\ARM_GCC_541\Debug\BLDC_Motor_Board.a(VL.o)
 .debug_abbrev  0x00001c71       0xc8 .\CortexM0\ARM_GCC_541\Debug\BLDC_Motor_Board.a(WH.o)
 .debug_abbrev  0x00001d39       0xc8 .\CortexM0\ARM_GCC_541\Debug\BLDC_Motor_Board.a(WL.o)
 .debug_abbrev  0x00001e01      0x186 .\CortexM0\ARM_GCC_541\Debug\BLDC_Motor_Board.a(CAN.o)
 .debug_abbrev  0x00001f87       0x42 .\CortexM0\ARM_GCC_541\Debug\BLDC_Motor_Board.a(CAN_INT.o)
 .debug_abbrev  0x00001fc9      0x159 .\CortexM0\ARM_GCC_541\Debug\BLDC_Motor_Board.a(CAN_TX_RX_func.o)
 .debug_abbrev  0x00002122       0xd5 .\CortexM0\ARM_GCC_541\Debug\BLDC_Motor_Board.a(UART.o)
 .debug_abbrev  0x000021f7      0x132 .\CortexM0\ARM_GCC_541\Debug\BLDC_Motor_Board.a(UART_UART.o)
 .debug_abbrev  0x00002329       0xc8 .\CortexM0\ARM_GCC_541\Debug\BLDC_Motor_Board.a(ERROR_LED.o)
 .debug_abbrev  0x000023f1      0x118 .\CortexM0\ARM_GCC_541\Debug\BLDC_Motor_Board.a(Current_Sensor_I2C.o)
 .debug_abbrev  0x00002509       0xc7 .\CortexM0\ARM_GCC_541\Debug\BLDC_Motor_Board.a(Current_Sensor_I2C_I2C.o)
 .debug_abbrev  0x000025d0      0x1c2 .\CortexM0\ARM_GCC_541\Debug\BLDC_Motor_Board.a(Current_Sensor_I2C_I2C_MASTER.o)
 .debug_abbrev  0x00002792       0xc8 .\CortexM0\ARM_GCC_541\Debug\BLDC_Motor_Board.a(CAN_LED.o)
 .debug_abbrev  0x0000285a      0x19a .\CortexM0\ARM_GCC_541\Debug\BLDC_Motor_Board.a(isr_Limit_1.o)
 .debug_abbrev  0x000029f4       0xc8 .\CortexM0\ARM_GCC_541\Debug\BLDC_Motor_Board.a(Pin_Limit_2.o)
 .debug_abbrev  0x00002abc       0xc8 .\CortexM0\ARM_GCC_541\Debug\BLDC_Motor_Board.a(Pin_Limit_1.o)
 .debug_abbrev  0x00002b84      0x12b .\CortexM0\ARM_GCC_541\Debug\BLDC_Motor_Board.a(Timer_Rotor_Delay.o)
 .debug_abbrev  0x00002caf      0x19a .\CortexM0\ARM_GCC_541\Debug\BLDC_Motor_Board.a(isr_Hall.o)
 .debug_abbrev  0x00002e49       0xac .\CortexM0\ARM_GCC_541\Debug\BLDC_Motor_Board.a(Address_Register.o)
 .debug_abbrev  0x00002ef5       0xac .\CortexM0\ARM_GCC_541\Debug\BLDC_Motor_Board.a(Limit_Register.o)
 .debug_abbrev  0x00002fa1      0x12b .\CortexM0\ARM_GCC_541\Debug\BLDC_Motor_Board.a(Timer_Period_Reset.o)
 .debug_abbrev  0x000030cc      0x19a .\CortexM0\ARM_GCC_541\Debug\BLDC_Motor_Board.a(isr_Period_Reset.o)
 .debug_abbrev  0x00003266       0xd5 .\CortexM0\ARM_GCC_541\Debug\BLDC_Motor_Board.a(TMC6100.o)
 .debug_abbrev  0x0000333b      0x14f .\CortexM0\ARM_GCC_541\Debug\BLDC_Motor_Board.a(TMC6100_SPI_UART.o)
 .debug_abbrev  0x0000348a       0xc6 .\CortexM0\ARM_GCC_541\Debug\BLDC_Motor_Board.a(TMC6100_SPI.o)
 .debug_abbrev  0x00003550       0x14 .\CortexM0\ARM_GCC_541\Debug\BLDC_Motor_Board.a(CyBootAsmGnu.o)
 .debug_abbrev  0x00003564      0x182 .\CortexM0\ARM_GCC_541\Debug\BLDC_Motor_Board.a(CyFlash.o)
 .debug_abbrev  0x000036e6      0x14f .\CortexM0\ARM_GCC_541\Debug\BLDC_Motor_Board.a(UART_SPI_UART.o)
 .debug_abbrev  0x00003835       0xa4 .\CortexM0\ARM_GCC_541\Debug\BLDC_Motor_Board.a(Current_Sensor_I2C_I2C_INT.o)

.debug_line     0x00000000     0x596f
 *(.debug_line)
 .debug_line    0x00000000      0x40d .\CortexM0\ARM_GCC_541\Debug\main.o
 .debug_line    0x0000040d      0x205 .\CortexM0\ARM_GCC_541\Debug\BLDC_FSM.o
 .debug_line    0x00000612      0x24f .\CortexM0\ARM_GCC_541\Debug\BLDC_CAN.o
 .debug_line    0x00000861      0x23d .\CortexM0\ARM_GCC_541\Debug\BLDC_Drive.o
 .debug_line    0x00000a9e      0x33b .\CortexM0\ARM_GCC_541\Debug\BLDC_pid.o
 .debug_line    0x00000dd9       0x69 .\CortexM0\ARM_GCC_541\Debug\BLDC_SPI.o
 .debug_line    0x00000e42      0x2f6 .\CortexM0\ARM_GCC_541\Debug\CANCommon.o
 .debug_line    0x00001138      0x251 .\CortexM0\ARM_GCC_541\Debug\CANGPIO.o
 .debug_line    0x00001389       0x1d .\CortexM0\ARM_GCC_541\Debug\CANLocalization.o
 .debug_line    0x000013a6      0x41a .\CortexM0\ARM_GCC_541\Debug\CANMotorUnit.o
 .debug_line    0x000017c0      0x2df .\CortexM0\ARM_GCC_541\Debug\CANPacket.o
 .debug_line    0x00001a9f      0x1a0 .\CortexM0\ARM_GCC_541\Debug\CANPower.o
 .debug_line    0x00001c3f      0x1c8 .\CortexM0\ARM_GCC_541\Debug\CANScience.o
 .debug_line    0x00001e07      0x2f9 .\CortexM0\ARM_GCC_541\Debug\PortPSOC_CY8C4248AZI_L485.o
 .debug_line    0x00002100      0x196 .\CortexM0\ARM_GCC_541\Debug\cyfitter_cfg.o
 .debug_line    0x00002296      0x141 .\CortexM0\ARM_GCC_541\Debug\cymetadata.o
 .debug_line    0x000023d7      0x236 .\CortexM0\ARM_GCC_541\Debug\Cm0Start.o
 .debug_line    0x0000260d      0x8ef .\CortexM0\ARM_GCC_541\Debug\BLDC_Motor_Board.a(CyLib.o)
 .debug_line    0x00002efc      0x5d1 .\CortexM0\ARM_GCC_541\Debug\BLDC_Motor_Board.a(CyLFClk.o)
 .debug_line    0x000034cd       0xba .\CortexM0\ARM_GCC_541\Debug\BLDC_Motor_Board.a(UH.o)
 .debug_line    0x00003587       0xba .\CortexM0\ARM_GCC_541\Debug\BLDC_Motor_Board.a(UL.o)
 .debug_line    0x00003641       0xba .\CortexM0\ARM_GCC_541\Debug\BLDC_Motor_Board.a(VH.o)
 .debug_line    0x000036fb       0xba .\CortexM0\ARM_GCC_541\Debug\BLDC_Motor_Board.a(VL.o)
 .debug_line    0x000037b5       0xba .\CortexM0\ARM_GCC_541\Debug\BLDC_Motor_Board.a(WH.o)
 .debug_line    0x0000386f       0xb9 .\CortexM0\ARM_GCC_541\Debug\BLDC_Motor_Board.a(WL.o)
 .debug_line    0x00003928      0x3e7 .\CortexM0\ARM_GCC_541\Debug\BLDC_Motor_Board.a(CAN.o)
 .debug_line    0x00003d0f       0x53 .\CortexM0\ARM_GCC_541\Debug\BLDC_Motor_Board.a(CAN_INT.o)
 .debug_line    0x00003d62       0xfc .\CortexM0\ARM_GCC_541\Debug\BLDC_Motor_Board.a(CAN_TX_RX_func.o)
 .debug_line    0x00003e5e      0x108 .\CortexM0\ARM_GCC_541\Debug\BLDC_Motor_Board.a(UART.o)
 .debug_line    0x00003f66      0x1cf .\CortexM0\ARM_GCC_541\Debug\BLDC_Motor_Board.a(UART_UART.o)
 .debug_line    0x00004135       0xc1 .\CortexM0\ARM_GCC_541\Debug\BLDC_Motor_Board.a(ERROR_LED.o)
 .debug_line    0x000041f6      0x142 .\CortexM0\ARM_GCC_541\Debug\BLDC_Motor_Board.a(Current_Sensor_I2C.o)
 .debug_line    0x00004338       0xe0 .\CortexM0\ARM_GCC_541\Debug\BLDC_Motor_Board.a(Current_Sensor_I2C_I2C.o)
 .debug_line    0x00004418      0x31a .\CortexM0\ARM_GCC_541\Debug\BLDC_Motor_Board.a(Current_Sensor_I2C_I2C_MASTER.o)
 .debug_line    0x00004732       0xbf .\CortexM0\ARM_GCC_541\Debug\BLDC_Motor_Board.a(CAN_LED.o)
 .debug_line    0x000047f1      0x157 .\CortexM0\ARM_GCC_541\Debug\BLDC_Motor_Board.a(isr_Limit_1.o)
 .debug_line    0x00004948       0xc3 .\CortexM0\ARM_GCC_541\Debug\BLDC_Motor_Board.a(Pin_Limit_2.o)
 .debug_line    0x00004a0b       0xc2 .\CortexM0\ARM_GCC_541\Debug\BLDC_Motor_Board.a(Pin_Limit_1.o)
 .debug_line    0x00004acd      0x185 .\CortexM0\ARM_GCC_541\Debug\BLDC_Motor_Board.a(Timer_Rotor_Delay.o)
 .debug_line    0x00004c52      0x150 .\CortexM0\ARM_GCC_541\Debug\BLDC_Motor_Board.a(isr_Hall.o)
 .debug_line    0x00004da2       0xbf .\CortexM0\ARM_GCC_541\Debug\BLDC_Motor_Board.a(Address_Register.o)
 .debug_line    0x00004e61       0xbd .\CortexM0\ARM_GCC_541\Debug\BLDC_Motor_Board.a(Limit_Register.o)
 .debug_line    0x00004f1e      0x186 .\CortexM0\ARM_GCC_541\Debug\BLDC_Motor_Board.a(Timer_Period_Reset.o)
 .debug_line    0x000050a4      0x15c .\CortexM0\ARM_GCC_541\Debug\BLDC_Motor_Board.a(isr_Period_Reset.o)
 .debug_line    0x00005200      0x110 .\CortexM0\ARM_GCC_541\Debug\BLDC_Motor_Board.a(TMC6100.o)
 .debug_line    0x00005310      0x11d .\CortexM0\ARM_GCC_541\Debug\BLDC_Motor_Board.a(TMC6100_SPI_UART.o)
 .debug_line    0x0000542d       0xc4 .\CortexM0\ARM_GCC_541\Debug\BLDC_Motor_Board.a(TMC6100_SPI.o)
 .debug_line    0x000054f1       0x68 .\CortexM0\ARM_GCC_541\Debug\BLDC_Motor_Board.a(CyBootAsmGnu.o)
 .debug_line    0x00005559      0x173 .\CortexM0\ARM_GCC_541\Debug\BLDC_Motor_Board.a(CyFlash.o)
 .debug_line    0x000056cc      0x11a .\CortexM0\ARM_GCC_541\Debug\BLDC_Motor_Board.a(UART_SPI_UART.o)
 .debug_line    0x000057e6      0x189 .\CortexM0\ARM_GCC_541\Debug\BLDC_Motor_Board.a(Current_Sensor_I2C_I2C_INT.o)

.debug_frame    0x00000000     0x3c74
 *(.debug_frame)
 .debug_frame   0x00000000       0xe8 .\CortexM0\ARM_GCC_541\Debug\main.o
 .debug_frame   0x000000e8       0xdc .\CortexM0\ARM_GCC_541\Debug\BLDC_FSM.o
 .debug_frame   0x000001c4       0x54 .\CortexM0\ARM_GCC_541\Debug\BLDC_CAN.o
 .debug_frame   0x00000218       0x6c .\CortexM0\ARM_GCC_541\Debug\BLDC_Drive.o
 .debug_frame   0x00000284      0x200 .\CortexM0\ARM_GCC_541\Debug\BLDC_pid.o
 .debug_frame   0x00000484       0x2c .\CortexM0\ARM_GCC_541\Debug\BLDC_SPI.o
 .debug_frame   0x000004b0      0x27c .\CortexM0\ARM_GCC_541\Debug\CANCommon.o
 .debug_frame   0x0000072c      0x178 .\CortexM0\ARM_GCC_541\Debug\CANGPIO.o
 .debug_frame   0x000008a4      0x3f8 .\CortexM0\ARM_GCC_541\Debug\CANMotorUnit.o
 .debug_frame   0x00000c9c      0x1a4 .\CortexM0\ARM_GCC_541\Debug\CANPacket.o
 .debug_frame   0x00000e40       0x8c .\CortexM0\ARM_GCC_541\Debug\CANPower.o
 .debug_frame   0x00000ecc       0xb0 .\CortexM0\ARM_GCC_541\Debug\CANScience.o
 .debug_frame   0x00000f7c       0xfc .\CortexM0\ARM_GCC_541\Debug\PortPSOC_CY8C4248AZI_L485.o
 .debug_frame   0x00001078       0x98 .\CortexM0\ARM_GCC_541\Debug\cyfitter_cfg.o
 .debug_frame   0x00001110       0xbc .\CortexM0\ARM_GCC_541\Debug\Cm0Start.o
 .debug_frame   0x000011cc      0x718 .\CortexM0\ARM_GCC_541\Debug\BLDC_Motor_Board.a(CyLib.o)
 .debug_frame   0x000018e4      0x4a4 .\CortexM0\ARM_GCC_541\Debug\BLDC_Motor_Board.a(CyLFClk.o)
 .debug_frame   0x00001d88       0x70 .\CortexM0\ARM_GCC_541\Debug\BLDC_Motor_Board.a(UH.o)
 .debug_frame   0x00001df8       0x70 .\CortexM0\ARM_GCC_541\Debug\BLDC_Motor_Board.a(UL.o)
 .debug_frame   0x00001e68       0x70 .\CortexM0\ARM_GCC_541\Debug\BLDC_Motor_Board.a(VH.o)
 .debug_frame   0x00001ed8       0x70 .\CortexM0\ARM_GCC_541\Debug\BLDC_Motor_Board.a(VL.o)
 .debug_frame   0x00001f48       0x70 .\CortexM0\ARM_GCC_541\Debug\BLDC_Motor_Board.a(WH.o)
 .debug_frame   0x00001fb8       0x70 .\CortexM0\ARM_GCC_541\Debug\BLDC_Motor_Board.a(WL.o)
 .debug_frame   0x00002028      0x238 .\CortexM0\ARM_GCC_541\Debug\BLDC_Motor_Board.a(CAN.o)
 .debug_frame   0x00002260       0x20 .\CortexM0\ARM_GCC_541\Debug\BLDC_Motor_Board.a(CAN_INT.o)
 .debug_frame   0x00002280       0x60 .\CortexM0\ARM_GCC_541\Debug\BLDC_Motor_Board.a(CAN_TX_RX_func.o)
 .debug_frame   0x000022e0       0xd8 .\CortexM0\ARM_GCC_541\Debug\BLDC_Motor_Board.a(UART.o)
 .debug_frame   0x000023b8      0x144 .\CortexM0\ARM_GCC_541\Debug\BLDC_Motor_Board.a(UART_UART.o)
 .debug_frame   0x000024fc       0x70 .\CortexM0\ARM_GCC_541\Debug\BLDC_Motor_Board.a(ERROR_LED.o)
 .debug_frame   0x0000256c       0xe8 .\CortexM0\ARM_GCC_541\Debug\BLDC_Motor_Board.a(Current_Sensor_I2C.o)
 .debug_frame   0x00002654       0x58 .\CortexM0\ARM_GCC_541\Debug\BLDC_Motor_Board.a(Current_Sensor_I2C_I2C.o)
 .debug_frame   0x000026ac      0x1d8 .\CortexM0\ARM_GCC_541\Debug\BLDC_Motor_Board.a(Current_Sensor_I2C_I2C_MASTER.o)
 .debug_frame   0x00002884       0x70 .\CortexM0\ARM_GCC_541\Debug\BLDC_Motor_Board.a(CAN_LED.o)
 .debug_frame   0x000028f4      0x110 .\CortexM0\ARM_GCC_541\Debug\BLDC_Motor_Board.a(isr_Limit_1.o)
 .debug_frame   0x00002a04       0x70 .\CortexM0\ARM_GCC_541\Debug\BLDC_Motor_Board.a(Pin_Limit_2.o)
 .debug_frame   0x00002a74       0x70 .\CortexM0\ARM_GCC_541\Debug\BLDC_Motor_Board.a(Pin_Limit_1.o)
 .debug_frame   0x00002ae4      0x124 .\CortexM0\ARM_GCC_541\Debug\BLDC_Motor_Board.a(Timer_Rotor_Delay.o)
 .debug_frame   0x00002c08      0x110 .\CortexM0\ARM_GCC_541\Debug\BLDC_Motor_Board.a(isr_Hall.o)
 .debug_frame   0x00002d18       0x78 .\CortexM0\ARM_GCC_541\Debug\BLDC_Motor_Board.a(Address_Register.o)
 .debug_frame   0x00002d90       0x78 .\CortexM0\ARM_GCC_541\Debug\BLDC_Motor_Board.a(Limit_Register.o)
 .debug_frame   0x00002e08      0x124 .\CortexM0\ARM_GCC_541\Debug\BLDC_Motor_Board.a(Timer_Period_Reset.o)
 .debug_frame   0x00002f2c      0x110 .\CortexM0\ARM_GCC_541\Debug\BLDC_Motor_Board.a(isr_Period_Reset.o)
 .debug_frame   0x0000303c       0xd8 .\CortexM0\ARM_GCC_541\Debug\BLDC_Motor_Board.a(TMC6100.o)
 .debug_frame   0x00003114       0xb0 .\CortexM0\ARM_GCC_541\Debug\BLDC_Motor_Board.a(TMC6100_SPI_UART.o)
 .debug_frame   0x000031c4       0x50 .\CortexM0\ARM_GCC_541\Debug\BLDC_Motor_Board.a(TMC6100_SPI.o)
 .debug_frame   0x00003214       0x90 .\CortexM0\ARM_GCC_541\Debug\BLDC_Motor_Board.a(CyFlash.o)
 .debug_frame   0x000032a4       0xb0 .\CortexM0\ARM_GCC_541\Debug\BLDC_Motor_Board.a(UART_SPI_UART.o)
 .debug_frame   0x00003354       0x2c .\CortexM0\ARM_GCC_541\Debug\BLDC_Motor_Board.a(Current_Sensor_I2C_I2C_INT.o)
 .debug_frame   0x00003380       0x2c c:/program files (x86)/cypress/psoc creator/4.4/psoc creator/import/gnu/arm/5.4.1/bin/../lib/gcc/arm-none-eabi/5.4.1/../../../../arm-none-eabi/lib/armv6-m\libm.a(lib_a-s_cos.o)
 .debug_frame   0x000033ac       0x3c c:/program files (x86)/cypress/psoc creator/4.4/psoc creator/import/gnu/arm/5.4.1/bin/../lib/gcc/arm-none-eabi/5.4.1/../../../../arm-none-eabi/lib/armv6-m\libm.a(lib_a-e_rem_pio2.o)
 .debug_frame   0x000033e8       0x38 c:/program files (x86)/cypress/psoc creator/4.4/psoc creator/import/gnu/arm/5.4.1/bin/../lib/gcc/arm-none-eabi/5.4.1/../../../../arm-none-eabi/lib/armv6-m\libm.a(lib_a-k_cos.o)
 .debug_frame   0x00003420       0x3c c:/program files (x86)/cypress/psoc creator/4.4/psoc creator/import/gnu/arm/5.4.1/bin/../lib/gcc/arm-none-eabi/5.4.1/../../../../arm-none-eabi/lib/armv6-m\libm.a(lib_a-k_rem_pio2.o)
 .debug_frame   0x0000345c       0x38 c:/program files (x86)/cypress/psoc creator/4.4/psoc creator/import/gnu/arm/5.4.1/bin/../lib/gcc/arm-none-eabi/5.4.1/../../../../arm-none-eabi/lib/armv6-m\libm.a(lib_a-k_sin.o)
 .debug_frame   0x00003494       0x20 c:/program files (x86)/cypress/psoc creator/4.4/psoc creator/import/gnu/arm/5.4.1/bin/../lib/gcc/arm-none-eabi/5.4.1/../../../../arm-none-eabi/lib/armv6-m\libm.a(lib_a-s_fabs.o)
 .debug_frame   0x000034b4       0x3c c:/program files (x86)/cypress/psoc creator/4.4/psoc creator/import/gnu/arm/5.4.1/bin/../lib/gcc/arm-none-eabi/5.4.1/../../../../arm-none-eabi/lib/armv6-m\libm.a(lib_a-s_floor.o)
 .debug_frame   0x000034f0       0x2c c:/program files (x86)/cypress/psoc creator/4.4/psoc creator/import/gnu/arm/5.4.1/bin/../lib/gcc/arm-none-eabi/5.4.1/../../../../arm-none-eabi/lib/armv6-m\libm.a(lib_a-s_scalbn.o)
 .debug_frame   0x0000351c       0x2c c:/program files (x86)/cypress/psoc creator/4.4/psoc creator/import/gnu/arm/5.4.1/bin/../lib/gcc/arm-none-eabi/5.4.1/../../../../arm-none-eabi/lib/armv6-m\libm.a(lib_a-s_copysign.o)
 .debug_frame   0x00003548       0x20 c:/program files (x86)/cypress/psoc creator/4.4/psoc creator/import/gnu/arm/5.4.1/bin/../lib/gcc/arm-none-eabi/5.4.1/armv6-m\libgcc.a(_udivsi3.o)
 .debug_frame   0x00003568       0x20 c:/program files (x86)/cypress/psoc creator/4.4/psoc creator/import/gnu/arm/5.4.1/bin/../lib/gcc/arm-none-eabi/5.4.1/armv6-m\libgcc.a(_divsi3.o)
 .debug_frame   0x00003588       0x28 c:/program files (x86)/cypress/psoc creator/4.4/psoc creator/import/gnu/arm/5.4.1/bin/../lib/gcc/arm-none-eabi/5.4.1/armv6-m\libgcc.a(_fixunssfsi.o)
 .debug_frame   0x000035b0       0x3c c:/program files (x86)/cypress/psoc creator/4.4/psoc creator/import/gnu/arm/5.4.1/bin/../lib/gcc/arm-none-eabi/5.4.1/armv6-m\libgcc.a(divsf3.o)
 .debug_frame   0x000035ec       0x30 c:/program files (x86)/cypress/psoc creator/4.4/psoc creator/import/gnu/arm/5.4.1/bin/../lib/gcc/arm-none-eabi/5.4.1/armv6-m\libgcc.a(subsf3.o)
 .debug_frame   0x0000361c       0x20 c:/program files (x86)/cypress/psoc creator/4.4/psoc creator/import/gnu/arm/5.4.1/bin/../lib/gcc/arm-none-eabi/5.4.1/armv6-m\libgcc.a(fixsfsi.o)
 .debug_frame   0x0000363c       0x2c c:/program files (x86)/cypress/psoc creator/4.4/psoc creator/import/gnu/arm/5.4.1/bin/../lib/gcc/arm-none-eabi/5.4.1/armv6-m\libgcc.a(floatsisf.o)
 .debug_frame   0x00003668       0x3c c:/program files (x86)/cypress/psoc creator/4.4/psoc creator/import/gnu/arm/5.4.1/bin/../lib/gcc/arm-none-eabi/5.4.1/armv6-m\libgcc.a(adddf3.o)
 .debug_frame   0x000036a4       0x3c c:/program files (x86)/cypress/psoc creator/4.4/psoc creator/import/gnu/arm/5.4.1/bin/../lib/gcc/arm-none-eabi/5.4.1/armv6-m\libgcc.a(divdf3.o)
 .debug_frame   0x000036e0       0x38 c:/program files (x86)/cypress/psoc creator/4.4/psoc creator/import/gnu/arm/5.4.1/bin/../lib/gcc/arm-none-eabi/5.4.1/armv6-m\libgcc.a(eqdf2.o)
 .debug_frame   0x00003718       0x38 c:/program files (x86)/cypress/psoc creator/4.4/psoc creator/import/gnu/arm/5.4.1/bin/../lib/gcc/arm-none-eabi/5.4.1/armv6-m\libgcc.a(gedf2.o)
 .debug_frame   0x00003750       0x38 c:/program files (x86)/cypress/psoc creator/4.4/psoc creator/import/gnu/arm/5.4.1/bin/../lib/gcc/arm-none-eabi/5.4.1/armv6-m\libgcc.a(ledf2.o)
 .debug_frame   0x00003788       0x3c c:/program files (x86)/cypress/psoc creator/4.4/psoc creator/import/gnu/arm/5.4.1/bin/../lib/gcc/arm-none-eabi/5.4.1/armv6-m\libgcc.a(muldf3.o)
 .debug_frame   0x000037c4       0x38 c:/program files (x86)/cypress/psoc creator/4.4/psoc creator/import/gnu/arm/5.4.1/bin/../lib/gcc/arm-none-eabi/5.4.1/armv6-m\libgcc.a(subdf3.o)
 .debug_frame   0x000037fc       0x2c c:/program files (x86)/cypress/psoc creator/4.4/psoc creator/import/gnu/arm/5.4.1/bin/../lib/gcc/arm-none-eabi/5.4.1/armv6-m\libgcc.a(fixdfsi.o)
 .debug_frame   0x00003828       0x2c c:/program files (x86)/cypress/psoc creator/4.4/psoc creator/import/gnu/arm/5.4.1/bin/../lib/gcc/arm-none-eabi/5.4.1/armv6-m\libgcc.a(floatsidf.o)
 .debug_frame   0x00003854       0x2c c:/program files (x86)/cypress/psoc creator/4.4/psoc creator/import/gnu/arm/5.4.1/bin/../lib/gcc/arm-none-eabi/5.4.1/armv6-m\libgcc.a(floatunsidf.o)
 .debug_frame   0x00003880       0x2c c:/program files (x86)/cypress/psoc creator/4.4/psoc creator/import/gnu/arm/5.4.1/bin/../lib/gcc/arm-none-eabi/5.4.1/armv6-m\libgcc.a(eqsf2.o)
 .debug_frame   0x000038ac       0x30 c:/program files (x86)/cypress/psoc creator/4.4/psoc creator/import/gnu/arm/5.4.1/bin/../lib/gcc/arm-none-eabi/5.4.1/armv6-m\libgcc.a(gesf2.o)
 .debug_frame   0x000038dc       0x30 c:/program files (x86)/cypress/psoc creator/4.4/psoc creator/import/gnu/arm/5.4.1/bin/../lib/gcc/arm-none-eabi/5.4.1/armv6-m\libgcc.a(lesf2.o)
 .debug_frame   0x0000390c       0x20 c:/program files (x86)/cypress/psoc creator/4.4/psoc creator/import/gnu/arm/5.4.1/bin/../lib/gcc/arm-none-eabi/5.4.1/../../../../arm-none-eabi/lib/armv6-m\libg_nano.a(lib_a-errno.o)
 .debug_frame   0x0000392c       0x28 c:/program files (x86)/cypress/psoc creator/4.4/psoc creator/import/gnu/arm/5.4.1/bin/../lib/gcc/arm-none-eabi/5.4.1/../../../../arm-none-eabi/lib/armv6-m\libg_nano.a(lib_a-exit.o)
 .debug_frame   0x00003954       0x2c c:/program files (x86)/cypress/psoc creator/4.4/psoc creator/import/gnu/arm/5.4.1/bin/../lib/gcc/arm-none-eabi/5.4.1/../../../../arm-none-eabi/lib/armv6-m\libg_nano.a(lib_a-init.o)
 .debug_frame   0x00003980       0x28 c:/program files (x86)/cypress/psoc creator/4.4/psoc creator/import/gnu/arm/5.4.1/bin/../lib/gcc/arm-none-eabi/5.4.1/../../../../arm-none-eabi/lib/armv6-m\libg_nano.a(lib_a-memcpy-stub.o)
 .debug_frame   0x000039a8       0x20 c:/program files (x86)/cypress/psoc creator/4.4/psoc creator/import/gnu/arm/5.4.1/bin/../lib/gcc/arm-none-eabi/5.4.1/../../../../arm-none-eabi/lib/armv6-m\libg_nano.a(lib_a-memset.o)
 .debug_frame   0x000039c8       0x50 c:/program files (x86)/cypress/psoc creator/4.4/psoc creator/import/gnu/arm/5.4.1/bin/../lib/gcc/arm-none-eabi/5.4.1/../../../../arm-none-eabi/lib/armv6-m\libg_nano.a(lib_a-sprintf.o)
 .debug_frame   0x00003a18       0x74 c:/program files (x86)/cypress/psoc creator/4.4/psoc creator/import/gnu/arm/5.4.1/bin/../lib/gcc/arm-none-eabi/5.4.1/../../../../arm-none-eabi/lib/armv6-m\libg_nano.a(lib_a-nano-svfprintf.o)
 .debug_frame   0x00003a8c       0x54 c:/program files (x86)/cypress/psoc creator/4.4/psoc creator/import/gnu/arm/5.4.1/bin/../lib/gcc/arm-none-eabi/5.4.1/../../../../arm-none-eabi/lib/armv6-m\libg_nano.a(lib_a-nano-vfprintf_i.o)
 .debug_frame   0x00003ae0       0x20 c:/program files (x86)/cypress/psoc creator/4.4/psoc creator/import/gnu/arm/5.4.1/bin/../lib/gcc/arm-none-eabi/5.4.1/../../../../arm-none-eabi/lib/armv6-m\libg_nano.a(lib_a-memchr-stub.o)
 .debug_frame   0x00003b00       0x28 c:/program files (x86)/cypress/psoc creator/4.4/psoc creator/import/gnu/arm/5.4.1/bin/../lib/gcc/arm-none-eabi/5.4.1/../../../../arm-none-eabi/lib/armv6-m\libg_nano.a(lib_a-memmove.o)
 .debug_frame   0x00003b28       0x2c c:/program files (x86)/cypress/psoc creator/4.4/psoc creator/import/gnu/arm/5.4.1/bin/../lib/gcc/arm-none-eabi/5.4.1/../../../../arm-none-eabi/lib/armv6-m\libg_nano.a(lib_a-nano-freer.o)
 .debug_frame   0x00003b54       0x2c c:/program files (x86)/cypress/psoc creator/4.4/psoc creator/import/gnu/arm/5.4.1/bin/../lib/gcc/arm-none-eabi/5.4.1/../../../../arm-none-eabi/lib/armv6-m\libg_nano.a(lib_a-nano-mallocr.o)
 .debug_frame   0x00003b80       0x30 c:/program files (x86)/cypress/psoc creator/4.4/psoc creator/import/gnu/arm/5.4.1/bin/../lib/gcc/arm-none-eabi/5.4.1/../../../../arm-none-eabi/lib/armv6-m\libg_nano.a(lib_a-nano-reallocr.o)
 .debug_frame   0x00003bb0       0x2c c:/program files (x86)/cypress/psoc creator/4.4/psoc creator/import/gnu/arm/5.4.1/bin/../lib/gcc/arm-none-eabi/5.4.1/../../../../arm-none-eabi/lib/armv6-m\libg_nano.a(lib_a-sbrkr.o)
 .debug_frame   0x00003bdc       0x30 c:/program files (x86)/cypress/psoc creator/4.4/psoc creator/import/gnu/arm/5.4.1/bin/../lib/gcc/arm-none-eabi/5.4.1/../../../../arm-none-eabi/lib/armv6-m\libg_nano.a(lib_a-mlock.o)
 .debug_frame   0x00003c0c       0x20 c:/program files (x86)/cypress/psoc creator/4.4/psoc creator/import/gnu/arm/5.4.1/bin/../lib/gcc/arm-none-eabi/5.4.1/../../../../arm-none-eabi/lib/armv6-m\libg_nano.a(lib_a-nano-msizer.o)
 .debug_frame   0x00003c2c       0x48 c:/program files (x86)/cypress/psoc creator/4.4/psoc creator/import/gnu/arm/5.4.1/bin/../lib/gcc/arm-none-eabi/5.4.1/../../../../arm-none-eabi/lib/armv6-m\libg_nano.a(lib_a-reent.o)

.debug_str      0x00000000     0x4a6e
 *(.debug_str)
 .debug_str     0x00000000      0x462 .\CortexM0\ARM_GCC_541\Debug\main.o
                                0x4e6 (size before relaxing)
 .debug_str     0x00000462       0xe8 .\CortexM0\ARM_GCC_541\Debug\BLDC_FSM.o
                                0x29f (size before relaxing)
 .debug_str     0x0000054a      0x326 .\CortexM0\ARM_GCC_541\Debug\BLDC_CAN.o
                                0x62b (size before relaxing)
 .debug_str     0x00000870      0x132 .\CortexM0\ARM_GCC_541\Debug\BLDC_Drive.o
                                0x34c (size before relaxing)
 .debug_str     0x000009a2      0x151 .\CortexM0\ARM_GCC_541\Debug\BLDC_pid.o
                                0x42a (size before relaxing)
 .debug_str     0x00000af3       0x26 .\CortexM0\ARM_GCC_541\Debug\BLDC_SPI.o
                                0x1bc (size before relaxing)
 .debug_str     0x00000b19      0x39f .\CortexM0\ARM_GCC_541\Debug\CANCommon.o
                                0x5b9 (size before relaxing)
 .debug_str     0x00000eb8      0x1ff .\CortexM0\ARM_GCC_541\Debug\CANGPIO.o
                                0x442 (size before relaxing)
 .debug_str     0x000010b7       0x1f .\CortexM0\ARM_GCC_541\Debug\CANLocalization.o
                                0x18f (size before relaxing)
 .debug_str     0x000010d6      0x32a .\CortexM0\ARM_GCC_541\Debug\CANMotorUnit.o
                                0x6e8 (size before relaxing)
 .debug_str     0x00001400      0x14f .\CortexM0\ARM_GCC_541\Debug\CANPacket.o
                                0x441 (size before relaxing)
 .debug_str     0x0000154f       0xbf .\CortexM0\ARM_GCC_541\Debug\CANPower.o
                                0x327 (size before relaxing)
 .debug_str     0x0000160e      0x11d .\CortexM0\ARM_GCC_541\Debug\CANScience.o
                                0x349 (size before relaxing)
 .debug_str     0x0000172b      0x21b .\CortexM0\ARM_GCC_541\Debug\PortPSOC_CY8C4248AZI_L485.o
                                0x48b (size before relaxing)
 .debug_str     0x00001946      0x117 .\CortexM0\ARM_GCC_541\Debug\cyfitter_cfg.o
                                0x2ef (size before relaxing)
 .debug_str     0x00001a5d       0x59 .\CortexM0\ARM_GCC_541\Debug\cymetadata.o
                                0x1db (size before relaxing)
 .debug_str     0x00001ab6      0x134 .\CortexM0\ARM_GCC_541\Debug\Cm0Start.o
                                0x314 (size before relaxing)
 .debug_str     0x00001bea      0x91b .\CortexM0\ARM_GCC_541\Debug\BLDC_Motor_Board.a(CyLib.o)
                                0xb5b (size before relaxing)
 .debug_str     0x00002505      0x6dc .\CortexM0\ARM_GCC_541\Debug\BLDC_Motor_Board.a(CyLFClk.o)
                                0x930 (size before relaxing)
 .debug_str     0x00002be1       0x84 .\CortexM0\ARM_GCC_541\Debug\BLDC_Motor_Board.a(UH.o)
                                0x234 (size before relaxing)
 .debug_str     0x00002c65       0x69 .\CortexM0\ARM_GCC_541\Debug\BLDC_Motor_Board.a(UL.o)
                                0x234 (size before relaxing)
 .debug_str     0x00002cce       0x69 .\CortexM0\ARM_GCC_541\Debug\BLDC_Motor_Board.a(VH.o)
                                0x234 (size before relaxing)
 .debug_str     0x00002d37       0x69 .\CortexM0\ARM_GCC_541\Debug\BLDC_Motor_Board.a(VL.o)
                                0x234 (size before relaxing)
 .debug_str     0x00002da0       0x69 .\CortexM0\ARM_GCC_541\Debug\BLDC_Motor_Board.a(WH.o)
                                0x234 (size before relaxing)
 .debug_str     0x00002e09       0x69 .\CortexM0\ARM_GCC_541\Debug\BLDC_Motor_Board.a(WL.o)
                                0x234 (size before relaxing)
 .debug_str     0x00002e72      0x2bb .\CortexM0\ARM_GCC_541\Debug\BLDC_Motor_Board.a(CAN.o)
                                0x549 (size before relaxing)
 .debug_str     0x0000312d       0x29 .\CortexM0\ARM_GCC_541\Debug\BLDC_Motor_Board.a(CAN_INT.o)
                                0x1b7 (size before relaxing)