Archive member included to satisfy reference by file (symbol)

.\CortexM0\ARM_GCC_541\Debug\BLDC_Motor_Board.a(CyLib.o)
                              .\CortexM0\ARM_GCC_541\Debug\cyfitter_cfg.o (CyIntEnable)
.\CortexM0\ARM_GCC_541\Debug\BLDC_Motor_Board.a(CyLFClk.o)
                              .\CortexM0\ARM_GCC_541\Debug\BLDC_Motor_Board.a(CyLib.o) (CySysClkWcoEnabled)
.\CortexM0\ARM_GCC_541\Debug\BLDC_Motor_Board.a(HALL1.o)
                              .\CortexM0\ARM_GCC_541\Debug\BLDC_Drive.o (HALL1_Read)
.\CortexM0\ARM_GCC_541\Debug\BLDC_Motor_Board.a(UH.o)
                              .\CortexM0\ARM_GCC_541\Debug\BLDC_Drive.o (UH_Write)
.\CortexM0\ARM_GCC_541\Debug\BLDC_Motor_Board.a(UL.o)
                              .\CortexM0\ARM_GCC_541\Debug\BLDC_Drive.o (UL_Write)
.\CortexM0\ARM_GCC_541\Debug\BLDC_Motor_Board.a(VH.o)
                              .\CortexM0\ARM_GCC_541\Debug\BLDC_Drive.o (VH_Write)
.\CortexM0\ARM_GCC_541\Debug\BLDC_Motor_Board.a(VL.o)
                              .\CortexM0\ARM_GCC_541\Debug\BLDC_Drive.o (VL_Write)
.\CortexM0\ARM_GCC_541\Debug\BLDC_Motor_Board.a(WH.o)
                              .\CortexM0\ARM_GCC_541\Debug\BLDC_Drive.o (WH_Write)
.\CortexM0\ARM_GCC_541\Debug\BLDC_Motor_Board.a(WL.o)
                              .\CortexM0\ARM_GCC_541\Debug\BLDC_Drive.o (WL_Write)
.\CortexM0\ARM_GCC_541\Debug\BLDC_Motor_Board.a(HALL2.o)
                              .\CortexM0\ARM_GCC_541\Debug\BLDC_Drive.o (HALL2_Read)
.\CortexM0\ARM_GCC_541\Debug\BLDC_Motor_Board.a(HALL3.o)
                              .\CortexM0\ARM_GCC_541\Debug\BLDC_Drive.o (HALL3_Read)
.\CortexM0\ARM_GCC_541\Debug\BLDC_Motor_Board.a(CAN.o)
                              .\CortexM0\ARM_GCC_541\Debug\PortPSOC_CY8C4248AZI_L485.o (CAN_GlobalIntEnable)
.\CortexM0\ARM_GCC_541\Debug\BLDC_Motor_Board.a(CAN_INT.o)
                              .\CortexM0\ARM_GCC_541\Debug\BLDC_Motor_Board.a(CAN.o) (CAN_ISR)
.\CortexM0\ARM_GCC_541\Debug\BLDC_Motor_Board.a(CAN_TX_RX_func.o)
                              .\CortexM0\ARM_GCC_541\Debug\PortPSOC_CY8C4248AZI_L485.o (CAN_SendMsg)
.\CortexM0\ARM_GCC_541\Debug\BLDC_Motor_Board.a(UART.o)
                              .\CortexM0\ARM_GCC_541\Debug\main.o (UART_Start)
.\CortexM0\ARM_GCC_541\Debug\BLDC_Motor_Board.a(UART_SPI_UART.o)
                              .\CortexM0\ARM_GCC_541\Debug\main.o (UART_SpiUartGetRxBufferSize)
.\CortexM0\ARM_GCC_541\Debug\BLDC_Motor_Board.a(UART_UART.o)
                              .\CortexM0\ARM_GCC_541\Debug\BLDC_Motor_Board.a(UART.o) (UART_UartInit)
.\CortexM0\ARM_GCC_541\Debug\BLDC_Motor_Board.a(ERROR_LED.o)
                              .\CortexM0\ARM_GCC_541\Debug\main.o (ERROR_LED_Write)
.\CortexM0\ARM_GCC_541\Debug\BLDC_Motor_Board.a(Current_Sensor_I2C.o)
                              .\CortexM0\ARM_GCC_541\Debug\main.o (Current_Sensor_I2C_Start)
.\CortexM0\ARM_GCC_541\Debug\BLDC_Motor_Board.a(Current_Sensor_I2C_I2C.o)
                              .\CortexM0\ARM_GCC_541\Debug\BLDC_Motor_Board.a(Current_Sensor_I2C.o) (Current_Sensor_I2C_I2CInit)
.\CortexM0\ARM_GCC_541\Debug\BLDC_Motor_Board.a(Current_Sensor_I2C_I2C_MASTER.o)
                              .\CortexM0\ARM_GCC_541\Debug\BLDC_Motor_Board.a(Current_Sensor_I2C_I2C.o) (Current_Sensor_I2C_mstrRdBufIndex)
.\CortexM0\ARM_GCC_541\Debug\BLDC_Motor_Board.a(CAN_LED.o)
                              .\CortexM0\ARM_GCC_541\Debug\main.o (CAN_LED_Write)
.\CortexM0\ARM_GCC_541\Debug\BLDC_Motor_Board.a(TMC6100_SPI.o)
                              .\CortexM0\ARM_GCC_541\Debug\main.o (TMC6100_SPI_Start)
.\CortexM0\ARM_GCC_541\Debug\BLDC_Motor_Board.a(TMC6100_SPI_SPI.o)
                              .\CortexM0\ARM_GCC_541\Debug\BLDC_Motor_Board.a(TMC6100_SPI.o) (TMC6100_SPI_SpiInit)
.\CortexM0\ARM_GCC_541\Debug\BLDC_Motor_Board.a(isr_1.o)
                              .\CortexM0\ARM_GCC_541\Debug\setInterrupt.o (isr_1_StartEx)
.\CortexM0\ARM_GCC_541\Debug\BLDC_Motor_Board.a(Timer_general.o)
                              .\CortexM0\ARM_GCC_541\Debug\main.o (Timer_general_ReadStatusRegister)
.\CortexM0\ARM_GCC_541\Debug\BLDC_Motor_Board.a(ADC_Pot.o)
                              .\CortexM0\ARM_GCC_541\Debug\BLDC_pid.o (ADC_Pot_StartConvert)
.\CortexM0\ARM_GCC_541\Debug\BLDC_Motor_Board.a(ADC_Pot_INT.o)
                              .\CortexM0\ARM_GCC_541\Debug\BLDC_Motor_Board.a(ADC_Pot.o) (ADC_Pot_ISR)
.\CortexM0\ARM_GCC_541\Debug\BLDC_Motor_Board.a(Pin_Limit_2.o)
                              .\CortexM0\ARM_GCC_541\Debug\main.o (Pin_Limit_2_Read)
.\CortexM0\ARM_GCC_541\Debug\BLDC_Motor_Board.a(Pin_Limit_1.o)
                              .\CortexM0\ARM_GCC_541\Debug\main.o (Pin_Limit_1_Read)
.\CortexM0\ARM_GCC_541\Debug\BLDC_Motor_Board.a(CyBootAsmGnu.o)
                              .\CortexM0\ARM_GCC_541\Debug\BLDC_Motor_Board.a(CyLib.o) (CyDelayCycles)
.\CortexM0\ARM_GCC_541\Debug\BLDC_Motor_Board.a(CyFlash.o)
[...]
Memory Configuration

Name             Origin             Length             Attributes
rom              0x00000000         0x00040000         xr
ram              0x20000000         0x00008000         xrw
*default*        0x00000000         0xffffffff

Linker script and memory map

LOAD c:/program files (x86)/cypress/psoc creator/4.4/psoc creator/import/gnu/arm/5.4.1/bin/../lib/gcc/arm-none-eabi/5.4.1/armv6-m/crti.o
LOAD c:/program files (x86)/cypress/psoc creator/4.4/psoc creator/import/gnu/arm/5.4.1/bin/../lib/gcc/arm-none-eabi/5.4.1/armv6-m/crtbegin.o
LOAD c:/program files (x86)/cypress/psoc creator/4.4/psoc creator/import/gnu/arm/5.4.1/bin/../lib/gcc/arm-none-eabi/5.4.1/../../../../arm-none-eabi/lib/armv6-m/crt0.o
START GROUP
LOAD .\CortexM0\ARM_GCC_541\Debug\main.o
LOAD .\CortexM0\ARM_GCC_541\Debug\BLDC_FSM.o
LOAD .\CortexM0\ARM_GCC_541\Debug\BLDC_CAN.o
LOAD .\CortexM0\ARM_GCC_541\Debug\BLDC_Drive.o
LOAD .\CortexM0\ARM_GCC_541\Debug\BLDC_pid.o
LOAD .\CortexM0\ARM_GCC_541\Debug\setInterrupt.o
LOAD .\CortexM0\ARM_GCC_541\Debug\CANCommon.o
LOAD .\CortexM0\ARM_GCC_541\Debug\CANGPIO.o
LOAD .\CortexM0\ARM_GCC_541\Debug\CANLocalization.o
LOAD .\CortexM0\ARM_GCC_541\Debug\CANMotorUnit.o
LOAD .\CortexM0\ARM_GCC_541\Debug\CANPacket.o
LOAD .\CortexM0\ARM_GCC_541\Debug\CANPower.o
LOAD .\CortexM0\ARM_GCC_541\Debug\CANScience.o
LOAD .\CortexM0\ARM_GCC_541\Debug\PortPSOC_CY8C4248AZI_L485.o
LOAD .\CortexM0\ARM_GCC_541\Debug\cyfitter_cfg.o
LOAD .\CortexM0\ARM_GCC_541\Debug\cymetadata.o
LOAD .\CortexM0\ARM_GCC_541\Debug\Cm0Start.o
LOAD .\CortexM0\ARM_GCC_541\Debug\BLDC_Motor_Board.a
END GROUP
START GROUP
LOAD c:/program files (x86)/cypress/psoc creator/4.4/psoc creator/import/gnu/arm/5.4.1/bin/../lib/gcc/arm-none-eabi/5.4.1/armv6-m\libgcc.a
LOAD c:/program files (x86)/cypress/psoc creator/4.4/psoc creator/import/gnu/arm/5.4.1/bin/../lib/gcc/arm-none-eabi/5.4.1/../../../../arm-none-eabi/lib/armv6-m\libg_nano.a
LOAD c:/program files (x86)/cypress/psoc creator/4.4/psoc creator/import/gnu/arm/5.4.1/bin/../lib/gcc/arm-none-eabi/5.4.1/../../../../arm-none-eabi/lib/armv6-m\libc_nano.a
END GROUP
START GROUP
LOAD c:/program files (x86)/cypress/psoc creator/4.4/psoc creator/import/gnu/arm/5.4.1/bin/../lib/gcc/arm-none-eabi/5.4.1/armv6-m\libgcc.a
LOAD c:/program files (x86)/cypress/psoc creator/4.4/psoc creator/import/gnu/arm/5.4.1/bin/../lib/gcc/arm-none-eabi/5.4.1/../../../../arm-none-eabi/lib/armv6-m\libc_nano.a
END GROUP
LOAD c:/program files (x86)/cypress/psoc creator/4.4/psoc creator/import/gnu/arm/5.4.1/bin/../lib/gcc/arm-none-eabi/5.4.1/armv6-m/crtend.o
LOAD c:/program files (x86)/cypress/psoc creator/4.4/psoc creator/import/gnu/arm/5.4.1/bin/../lib/gcc/arm-none-eabi/5.4.1/armv6-m/crtn.o
START GROUP
LOAD c:/program files (x86)/cypress/psoc creator/4.4/psoc creator/import/gnu/arm/5.4.1/bin/../lib/gcc/arm-none-eabi/5.4.1/armv6-m\libgcc.a
LOAD c:/program files (x86)/cypress/psoc creator/4.4/psoc creator/import/gnu/arm/5.4.1/bin/../lib/gcc/arm-none-eabi/5.4.1/../../../../arm-none-eabi/lib/armv6-m\libc.a
LOAD c:/program files (x86)/cypress/psoc creator/4.4/psoc creator/import/gnu/arm/5.4.1/bin/../lib/gcc/arm-none-eabi/5.4.1/../../../../arm-none-eabi/lib/armv6-m\libnosys.a
END GROUP
                0x00000000                CY_APPL_ORIGIN = 0x0
                0x00000100                CY_FLASH_ROW_SIZE = 0x100
                0x00000001                CY_APPL_NUM = 0x1
                0x00000001                CY_APPL_MAX = 0x1
                0x00000040                CY_METADATA_SIZE = 0x40
                0x00000000                CY_APPL_LOADABLE = 0x0
                0x00000000                CY_CHECKSUM_EXCLUDE_SIZE = ALIGN (0x0, CY_FLASH_ROW_SIZE)
                0x00000000                CY_APP_FOR_STACK_AND_COPIER = 0x0
                [!provide]                PROVIDE (__cy_heap_start, _end)
                0x00000001                PROVIDE (__cy_region_num, ((__cy_regions_end - __cy_regions) / 0x10))
                0x20008000                PROVIDE (__cy_stack, (ORIGIN (ram) + LENGTH (ram)))
                [!provide]                PROVIDE (__cy_heap_end, (__cy_stack - 0x800))

.cybootloader   0x00000000        0x0
 *(.cybootloader)
                0x00000000                appl1_start = CY_APPL_ORIGIN?CY_APPL_ORIGIN:ALIGN (CY_FLASH_ROW_SIZE)
                0x0001ff00                appl2_start = (appl1_start + ALIGN ((((LENGTH (rom) - appl1_start) - (0x2 * CY_FLASH_ROW_SIZE)) / 0x2), CY_FLASH_ROW_SIZE))
                0x00000000                appl_start = (CY_APPL_NUM == 0x1)?appl1_start:appl2_start
                0x00000001                cy_project_type_bootloader = (appl_start == 0x0)?0x1:0x0
                0x00000000                cy_project_type_app_for_stack_and_copier = (CY_APP_FOR_STACK_AND_COPIER == 0x1)?0x1:0x0

.text           0x00000000     0x4d12
 CREATE_OBJECT_SYMBOLS
                0x00000000                PROVIDE (__cy_interrupt_vector, RomVectors)
 *(.romvectors)
 .romvectors    0x00000000       0x10 .\CortexM0\ARM_GCC_541\Debug\Cm0Start.o
                0x00000000                RomVectors
                0x00000001                ASSERT ((. != __cy_interrupt_vector), No interrupt vector)
                0x00000001                ASSERT (CY_APPL_ORIGIN?(SIZEOF (.cybootloader) <= CY_APPL_ORIGIN):0x1, Wrong image location)
                0x00000010                PROVIDE (__cy_reset, Reset)
 *(.text.Reset)
 .text.Reset    0x00000010        0x8 .\CortexM0\ARM_GCC_541\Debug\Cm0Start.o
                0x00000010                Reset
                0x00000001                ASSERT ((. != __cy_reset), No reset code)
 *(.psocinit)
 .psocinit      0x00000018      0x2a8 .\CortexM0\ARM_GCC_541\Debug\cyfitter_cfg.o
                0x00000120                cyfitter_cfg
                0x000002c0                . = MAX (., 0x100)
 *(.text .text.* .gnu.linkonce.t.*)
 .text          0x000002c0       0x60 c:/program files (x86)/cypress/psoc creator/4.4/psoc creator/import/gnu/arm/5.4.1/bin/../lib/gcc/arm-none-eabi/5.4.1/armv6-m/crtbegin.o
 .text.Period_Reset_Handler
                0x00000320       0x60 .\CortexM0\ARM_GCC_541\Debug\main.o
                0x00000320                Period_Reset_Handler
 .text.Pin_Limit_Handler
                0x00000380       0x80 .\CortexM0\ARM_GCC_541\Debug\main.o
                0x00000380                Pin_Limit_Handler
 .text.Initialize
                0x00000400       0x5c .\CortexM0\ARM_GCC_541\Debug\main.o
                0x00000400                Initialize
 .text.DebugPrint
                0x0000045c       0xe8 .\CortexM0\ARM_GCC_541\Debug\main.o
                0x0000045c                DebugPrint
 .text.main     0x00000544       0x90 .\CortexM0\ARM_GCC_541\Debug\main.o
                0x00000544                main
 .text.ReadCAN  0x000005d4       0x30 .\CortexM0\ARM_GCC_541\Debug\main.o
                0x000005d4                ReadCAN
 .text.DisplayErrorCode
                0x00000604       0x1c .\CortexM0\ARM_GCC_541\Debug\main.o
                0x00000604                DisplayErrorCode
 .text.GotoUninitState
                0x00000620       0x14 .\CortexM0\ARM_GCC_541\Debug\BLDC_FSM.o
                0x00000620                GotoUninitState
 .text.SetStateTo
                0x00000634        0xc .\CortexM0\ARM_GCC_541\Debug\BLDC_FSM.o
                0x00000634                SetStateTo
 .text.SetModeTo
                0x00000640        0xc .\CortexM0\ARM_GCC_541\Debug\BLDC_FSM.o
                0x00000640                SetModeTo
 .text.GetState
                0x0000064c        0xc .\CortexM0\ARM_GCC_541\Debug\BLDC_FSM.o
                0x0000064c                GetState
 .text.GetMode  0x00000658        0xc .\CortexM0\ARM_GCC_541\Debug\BLDC_FSM.o
                0x00000658                GetMode
 .text.PositionConstIsSet
                0x00000664       0x10 .\CortexM0\ARM_GCC_541\Debug\BLDC_FSM.o
                0x00000664                PositionConstIsSet
 .text.IntegralConstIsSet
                0x00000674       0x10 .\CortexM0\ARM_GCC_541\Debug\BLDC_FSM.o
                0x00000674                IntegralConstIsSet
 .text.DerivativeConstIsSet
                0x00000684       0x10 .\CortexM0\ARM_GCC_541\Debug\BLDC_FSM.o
                0x00000684                DerivativeConstIsSet
 .text.PPJRConstIsSet
                0x00000694       0x10 .\CortexM0\ARM_GCC_541\Debug\BLDC_FSM.o
                0x00000694                PPJRConstIsSet
 .text.PIDconstsSet
                0x000006a4       0x14 .\CortexM0\ARM_GCC_541\Debug\BLDC_FSM.o
                0x000006a4                PIDconstsSet
 .text.NextStateFromCAN
                0x000006b8      0x310 .\CortexM0\ARM_GCC_541\Debug\BLDC_CAN.o
                0x000006b8                NextStateFromCAN
 .text.set_speed
                0x000009c8       0x74 .\CortexM0\ARM_GCC_541\Debug\BLDC_Drive.o
                0x000009c8                set_speed
 .text.GetCurrentSpeed
                0x00000a3c        0xc .\CortexM0\ARM_GCC_541\Debug\BLDC_Drive.o
                0x00000a3c                GetCurrentSpeed
 .text.ClearPIDProgress
                0x00000a48       0x10 .\CortexM0\ARM_GCC_541\Debug\BLDC_pid.o
                0x00000a48                ClearPIDProgress
 .text.DisablePID
                0x00000a58        0xc .\CortexM0\ARM_GCC_541\Debug\BLDC_pid.o
                0x00000a58                DisablePID
 .text.EnablePID
                0x00000a64        0xc .\CortexM0\ARM_GCC_541\Debug\BLDC_pid.o
                0x00000a64                EnablePID
 .text.PIDIsEnabled
                0x00000a70        0xc .\CortexM0\ARM_GCC_541\Debug\BLDC_pid.o
                0x00000a70                PIDIsEnabled
 .text.InitializePID
                0x00000a7c       0x18 .\CortexM0\ARM_GCC_541\Debug\BLDC_pid.o
                0x00000a7c                InitializePID
 .text.GetPotVal
                0x00000a94       0x34 .\CortexM0\ARM_GCC_541\Debug\BLDC_pid.o
                0x00000a94                GetPotVal
 .text.UpdateConversion
                0x00000ac8       0x40 .\CortexM0\ARM_GCC_541\Debug\BLDC_pid.o
                0x00000ac8                UpdateConversion
 .text.GetkPosition
                0x00000b08        0xc .\CortexM0\ARM_GCC_541\Debug\BLDC_pid.o
                0x00000b08                GetkPosition
 .text.GetkIntegral
                0x00000b14        0xc .\CortexM0\ARM_GCC_541\Debug\BLDC_pid.o
                0x00000b14                GetkIntegral
 .text.GetkDerivative
                0x00000b20        0xc .\CortexM0\ARM_GCC_541\Debug\BLDC_pid.o
                0x00000b20                GetkDerivative
 .text.GetConversion
                0x00000b2c        0xc .\CortexM0\ARM_GCC_541\Debug\BLDC_pid.o
                0x00000b2c                GetConversion
 .text.GetTickMax
                0x00000b38        0xc .\CortexM0\ARM_GCC_541\Debug\BLDC_pid.o
                0x00000b38                GetTickMax
 .text.GetTickMin
                0x00000b44        0xc .\CortexM0\ARM_GCC_541\Debug\BLDC_pid.o
                0x00000b44                GetTickMin
 .text.GetmDegMax
                0x00000b50        0xc .\CortexM0\ARM_GCC_541\Debug\BLDC_pid.o
                0x00000b50                GetmDegMax
 .text.GetmDegMin
                0x00000b5c        0xc .\CortexM0\ARM_GCC_541\Debug\BLDC_pid.o
                0x00000b5c                GetmDegMin
 .text.GetUsingPot
                0x00000b68        0xc .\CortexM0\ARM_GCC_541\Debug\BLDC_pid.o
                0x00000b68                GetUsingPot
 .text.SetkPosition
                0x00000b74        0xc .\CortexM0\ARM_GCC_541\Debug\BLDC_pid.o
                0x00000b74                SetkPosition
 .text.SetkIntegral
                0x00000b80        0xc .\CortexM0\ARM_GCC_541\Debug\BLDC_pid.o
                0x00000b80                SetkIntegral
 .text.SetkDerivative
                0x00000b8c        0xc .\CortexM0\ARM_GCC_541\Debug\BLDC_pid.o
                0x00000b8c                SetkDerivative
 .text.setTickMin
                0x00000b98        0xc .\CortexM0\ARM_GCC_541\Debug\BLDC_pid.o
                0x00000b98                setTickMin
 .text.setTickMax
                0x00000ba4        0xc .\CortexM0\ARM_GCC_541\Debug\BLDC_pid.o
                0x00000ba4                setTickMax
 .text.setmDegMin
                0x00000bb0        0xc .\CortexM0\ARM_GCC_541\Debug\BLDC_pid.o
                0x00000bb0                setmDegMin
 .text.setmDegMax
                0x00000bbc        0xc .\CortexM0\ARM_GCC_541\Debug\BLDC_pid.o
                0x00000bbc                setmDegMax
 .text.setUsingPot
                0x00000bc8        0xc .\CortexM0\ARM_GCC_541\Debug\BLDC_pid.o
                0x00000bc8                setUsingPot
 .text.SetConversion
                0x00000bd4        0xc .\CortexM0\ARM_GCC_541\Debug\BLDC_pid.o
                0x00000bd4                SetConversion
 .text.SetEncoderDir
                0x00000be0       0x18 .\CortexM0\ARM_GCC_541\Debug\BLDC_pid.o
                0x00000be0                SetEncoderDir
 .text.setEncoderAtLimit
                0x00000bf8       0x30 .\CortexM0\ARM_GCC_541\Debug\BLDC_pid.o
                0x00000bf8                setEncoderAtLimit
 .text.GetPositionmDeg
                0x00000c28       0x88 .\CortexM0\ARM_GCC_541\Debug\BLDC_pid.o
                0x00000c28                GetPositionmDeg
 .text.Position_PID
                0x00000cb0       0x7c .\CortexM0\ARM_GCC_541\Debug\BLDC_pid.o
                0x00000cb0                Position_PID
 .text.SetPosition
                0x00000d2c       0x20 .\CortexM0\ARM_GCC_541\Debug\BLDC_pid.o
                0x00000d2c                SetPosition
 .text.AssembleChipTypeReportPacket
                0x00000d4c       0x24 .\CortexM0\ARM_GCC_541\Debug\CANCommon.o
                0x00000d4c                AssembleChipTypeReportPacket
 .text.AssembleTelemetryReportPacket
                0x00000d70       0x2c .\CortexM0\ARM_GCC_541\Debug\CANCommon.o
                0x00000d70                AssembleTelemetryReportPacket
 .text.DecodeTelemetryType
                0x00000d9c        0x4 .\CortexM0\ARM_GCC_541\Debug\CANCommon.o
                0x00000d9c                DecodeTelemetryType
 .text.GetModeFromPacket
                0x00000da0        0x4 .\CortexM0\ARM_GCC_541\Debug\CANMotorUnit.o
                0x00000da0                GetModeFromPacket
 .text.GetPWMFromPacket
                0x00000da4       0x10 .\CortexM0\ARM_GCC_541\Debug\CANMotorUnit.o
                0x00000da4                GetPWMFromPacket
 .text.GetPIDTargetFromPacket
                0x00000db4       0x10 .\CortexM0\ARM_GCC_541\Debug\CANMotorUnit.o
                0x00000db4                GetPIDTargetFromPacket
 .text.GetPFromPacket
                0x00000dc4       0x10 .\CortexM0\ARM_GCC_541\Debug\CANMotorUnit.o
                0x00000dc4                GetPFromPacket
 .text.GetIFromPacket
                0x00000dd4       0x10 .\CortexM0\ARM_GCC_541\Debug\CANMotorUnit.o
                0x00000dd4                GetIFromPacket
 .text.GetDFromPacket
                0x00000de4       0x10 .\CortexM0\ARM_GCC_541\Debug\CANMotorUnit.o
                0x00000de4                GetDFromPacket
 .text.GetEncoderPPJRFromPacket
                0x00000df4       0x10 .\CortexM0\ARM_GCC_541\Debug\CANMotorUnit.o
                0x00000df4                GetEncoderPPJRFromPacket
 .text.GetPotADCFromPacket
                0x00000e04       0x10 .\CortexM0\ARM_GCC_541\Debug\CANMotorUnit.o
                0x00000e04                GetPotADCFromPacket
 .text.GetPotmDegFromPacket
                0x00000e14       0x10 .\CortexM0\ARM_GCC_541\Debug\CANMotorUnit.o
                0x00000e14                GetPotmDegFromPacket
 .text.GetEncoderDirectionFromPacket
                0x00000e24        0x8 .\CortexM0\ARM_GCC_541\Debug\CANMotorUnit.o
                0x00000e24                GetEncoderDirectionFromPacket
 .text.GetEncoderZeroFromPacket
                0x00000e2c        0x8 .\CortexM0\ARM_GCC_541\Debug\CANMotorUnit.o
                0x00000e2c                GetEncoderZeroFromPacket
 .text.GetMaxPIDPWMFromPacket
                0x00000e34       0x10 .\CortexM0\ARM_GCC_541\Debug\CANMotorUnit.o
                0x00000e34                GetMaxPIDPWMFromPacket
 .text.GetEncoderValueFromPacket
                0x00000e44       0x10 .\CortexM0\ARM_GCC_541\Debug\CANMotorUnit.o
                0x00000e44                GetEncoderValueFromPacket
 .text.GetLimSwNumFromPacket
                0x00000e54        0x4 .\CortexM0\ARM_GCC_541\Debug\CANMotorUnit.o
                0x00000e54                GetLimSwNumFromPacket
 .text.ConstructCANID
                0x00000e58       0x1c .\CortexM0\ARM_GCC_541\Debug\CANPacket.o
                0x00000e58                ConstructCANID
 .text.WriteSenderSerialAndPacketID
                0x00000e74       0x18 .\CortexM0\ARM_GCC_541\Debug\CANPacket.o
                0x00000e74                WriteSenderSerialAndPacketID
 .text.GetDeviceSerialNumber
                0x00000e8c        0x8 .\CortexM0\ARM_GCC_541\Debug\CANPacket.o
                0x00000e8c                GetDeviceSerialNumber
 .text.GetSenderDeviceSerialNumber
                0x00000e94        0x4 .\CortexM0\ARM_GCC_541\Debug\CANPacket.o
                0x00000e94                GetSenderDeviceSerialNumber
 .text.GetSenderDeviceGroupCode
                0x00000e98        0x4 .\CortexM0\ARM_GCC_541\Debug\CANPacket.o
                0x00000e98                GetSenderDeviceGroupCode
 .text.PackIntIntoDataMSBFirst
                0x00000e9c       0x18 .\CortexM0\ARM_GCC_541\Debug\CANPacket.o
                0x00000e9c                PackIntIntoDataMSBFirst
 .text.DecodeBytesToIntMSBFirst
                0x00000eb4       0x44 .\CortexM0\ARM_GCC_541\Debug\CANPacket.o
                0x00000eb4                DecodeBytesToIntMSBFirst
 .text.InitCAN  0x00000ef8       0x98 .\CortexM0\ARM_GCC_541\Debug\PortPSOC_CY8C4248AZI_L485.o
                0x00000ef8                InitCAN
 .text.SendCANPacket
                0x00000f90       0x40 .\CortexM0\ARM_GCC_541\Debug\PortPSOC_CY8C4248AZI_L485.o
                0x00000f90                SendCANPacket
 .text.getLocalDeviceSerial
                0x00000fd0        0xc .\CortexM0\ARM_GCC_541\Debug\PortPSOC_CY8C4248AZI_L485.o
                0x00000fd0                getLocalDeviceSerial
 .text.getLocalDeviceGroup
                0x00000fdc        0xc .\CortexM0\ARM_GCC_541\Debug\PortPSOC_CY8C4248AZI_L485.o
                0x00000fdc                getLocalDeviceGroup
 .text.getChipType
                0x00000fe8        0x4 .\CortexM0\ARM_GCC_541\Debug\PortPSOC_CY8C4248AZI_L485.o
                0x00000fe8                getChipType
 .text.FIFOSize
                0x00000fec       0x48 .\CortexM0\ARM_GCC_541\Debug\PortPSOC_CY8C4248AZI_L485.o
                0x00000fec                FIFOSize
 .text.countAddFIFO
                0x00001034       0x50 .\CortexM0\ARM_GCC_541\Debug\PortPSOC_CY8C4248AZI_L485.o
                0x00001034                countAddFIFO
 .text.CAN_FLAG_ISR
                0x00001084      0x12c .\CortexM0\ARM_GCC_541\Debug\PortPSOC_CY8C4248AZI_L485.o
                0x00001084                CAN_FLAG_ISR
 .text.countRemoveFIFO
                0x000011b0       0x28 .\CortexM0\ARM_GCC_541\Debug\PortPSOC_CY8C4248AZI_L485.o
                0x000011b0                countRemoveFIFO
 .text.PollAndReceiveCANPacket
                0x000011d8       0x4c .\CortexM0\ARM_GCC_541\Debug\PortPSOC_CY8C4248AZI_L485.o
                0x000011d8                PollAndReceiveCANPacket
 .text.cfg_write_bytes32
                0x00001224       0x34 .\CortexM0\ARM_GCC_541\Debug\cyfitter_cfg.o
 .text.CYMEMZERO
                0x00001258        0xc .\CortexM0\ARM_GCC_541\Debug\cyfitter_cfg.o
 .text.SetAnalogRoutingPumps
                0x00001264       0x20 .\CortexM0\ARM_GCC_541\Debug\cyfitter_cfg.o
                0x00001264                SetAnalogRoutingPumps
 .text.AnalogSetDefault
                0x00001284       0x44 .\CortexM0\ARM_GCC_541\Debug\cyfitter_cfg.o
 .text.IntDefaultHandler
                0x000012c8       0x10 .\CortexM0\ARM_GCC_541\Debug\Cm0Start.o
                0x000012c8                IntDefaultHandler
 .text._sbrk    0x000012d8       0x30 .\CortexM0\ARM_GCC_541\Debug\Cm0Start.o
                0x000012d8                _sbrk
 .text.Start_c  0x00001308       0x48 .\CortexM0\ARM_GCC_541\Debug\Cm0Start.o
                0x00001308                Start_c
 .text.initialize_psoc
                0x00001350       0x4c .\CortexM0\ARM_GCC_541\Debug\Cm0Start.o
                0x00001350                initialize_psoc
 .text.CySysClkImoSetPwrBgTrim5
                0x0000139c       0x30 .\CortexM0\ARM_GCC_541\Debug\BLDC_Motor_Board.a(CyLib.o)
 .text.CySysClkImoSetImoTrims
                0x000013cc       0xb0 .\CortexM0\ARM_GCC_541\Debug\BLDC_Motor_Board.a(CyLib.o)
 .text.CySysClkImoDisableWcoLock
                0x0000147c       0x54 .\CortexM0\ARM_GCC_541\Debug\BLDC_Motor_Board.a(CyLib.o)
                0x0000147c                CySysClkImoDisableWcoLock
 .text.CySysClkImoGetWcoLock
                0x000014d0       0x14 .\CortexM0\ARM_GCC_541\Debug\BLDC_Motor_Board.a(CyLib.o)
                0x000014d0                CySysClkImoGetWcoLock
 .text.CySysClkImoEnableUsbLock
                0x000014e4       0x44 .\CortexM0\ARM_GCC_541\Debug\BLDC_Motor_Board.a(CyLib.o)
                0x000014e4                CySysClkImoEnableUsbLock
 .text.CySysClkImoDisableUsbLock
                0x00001528       0x74 .\CortexM0\ARM_GCC_541\Debug\BLDC_Motor_Board.a(CyLib.o)
                0x00001528                CySysClkImoDisableUsbLock
 .text.CySysClkImoGetUsbLock
                0x0000159c       0x14 .\CortexM0\ARM_GCC_541\Debug\BLDC_Motor_Board.a(CyLib.o)
                0x0000159c                CySysClkImoGetUsbLock
 .text.CyIntEnable
                0x000015b0       0x14 .\CortexM0\ARM_GCC_541\Debug\BLDC_Motor_Board.a(CyLib.o)
                0x000015b0                CyIntEnable
 .text.CyIntDisable
                0x000015c4       0x14 .\CortexM0\ARM_GCC_541\Debug\BLDC_Motor_Board.a(CyLib.o)
                0x000015c4                CyIntDisable
 .text.CyHalt   0x000015d8        0x4 .\CortexM0\ARM_GCC_541\Debug\BLDC_Motor_Board.a(CyLib.o)
                0x000015d8                CyHalt
 .text.CyIntSetVector
                0x000015dc       0x24 .\CortexM0\ARM_GCC_541\Debug\BLDC_Motor_Board.a(CyLib.o)
                0x000015dc                CyIntSetVector
 .text.CyIntSetPriority
                0x00001600       0x4c .\CortexM0\ARM_GCC_541\Debug\BLDC_Motor_Board.a(CyLib.o)
                0x00001600                CyIntSetPriority
 .text.CyDelay  0x0000164c       0x30 .\CortexM0\ARM_GCC_541\Debug\BLDC_Motor_Board.a(CyLib.o)
                0x0000164c                CyDelay
 .text.CySysClkImoEnableWcoLock
                0x0000167c      0x104 .\CortexM0\ARM_GCC_541\Debug\BLDC_Motor_Board.a(CyLib.o)
                0x0000167c                CySysClkImoEnableWcoLock
 .text.CyDelayUs
                0x00001780       0x14 .\CortexM0\ARM_GCC_541\Debug\BLDC_Motor_Board.a(CyLib.o)
                0x00001780                CyDelayUs
 .text.CySysClkWriteImoFreq
                0x00001794      0x1bc .\CortexM0\ARM_GCC_541\Debug\BLDC_Motor_Board.a(CyLib.o)
                0x00001794                CySysClkWriteImoFreq
 .text.CySysWdtLocked
                0x00001950       0x14 .\CortexM0\ARM_GCC_541\Debug\BLDC_Motor_Board.a(CyLFClk.o)
 .text.CySysClkWcoEnabled
                0x00001964       0x14 .\CortexM0\ARM_GCC_541\Debug\BLDC_Motor_Board.a(CyLFClk.o)
                0x00001964                CySysClkWcoEnabled
 .text.CySysWdtLock
                0x00001978       0x1c .\CortexM0\ARM_GCC_541\Debug\BLDC_Motor_Board.a(CyLFClk.o)
                0x00001978                CySysWdtLock
 .text.CySysWdtUnlock
                0x00001994       0x30 .\CortexM0\ARM_GCC_541\Debug\BLDC_Motor_Board.a(CyLFClk.o)
                0x00001994                CySysWdtUnlock
 .text.CySysWdtClearInterrupt
                0x000019c4       0x4c .\CortexM0\ARM_GCC_541\Debug\BLDC_Motor_Board.a(CyLFClk.o)
                0x000019c4                CySysWdtClearInterrupt
 .text.CySysWdtIsr
                0x00001a10       0xa4 .\CortexM0\ARM_GCC_541\Debug\BLDC_Motor_Board.a(CyLFClk.o)
                0x00001a10                CySysWdtIsr
 .text.CAN_GlobalIntEnable
                0x00001ab4       0x1c .\CortexM0\ARM_GCC_541\Debug\BLDC_Motor_Board.a(CAN.o)
                0x00001ab4                CAN_GlobalIntEnable
 .text.CAN_Enable
                0x00001ad0       0x48 .\CortexM0\ARM_GCC_541\Debug\BLDC_Motor_Board.a(CAN.o)
                0x00001ad0                CAN_Enable
 .text.CAN_SetPreScaler
                0x00001b18       0x38 .\CortexM0\ARM_GCC_541\Debug\BLDC_Motor_Board.a(CAN.o)
                0x00001b18                CAN_SetPreScaler
 .text.CAN_SetArbiter
                0x00001b50       0x40 .\CortexM0\ARM_GCC_541\Debug\BLDC_Motor_Board.a(CAN.o)
                0x00001b50                CAN_SetArbiter
 .text.CAN_SetTsegSample
                0x00001b90       0xa0 .\CortexM0\ARM_GCC_541\Debug\BLDC_Motor_Board.a(CAN.o)
                0x00001b90                CAN_SetTsegSample
 .text.CAN_SetRestartType
                0x00001c30       0x38 .\CortexM0\ARM_GCC_541\Debug\BLDC_Motor_Board.a(CAN.o)
                0x00001c30                CAN_SetRestartType
 .text.CAN_SetEdgeMode
                0x00001c68       0x38 .\CortexM0\ARM_GCC_541\Debug\BLDC_Motor_Board.a(CAN.o)
                0x00001c68                CAN_SetEdgeMode
 .text.CAN_SetIrqMask
                0x00001ca0       0x1c .\CortexM0\ARM_GCC_541\Debug\BLDC_Motor_Board.a(CAN.o)
                0x00001ca0                CAN_SetIrqMask
 .text.CAN_RxBufConfig
                0x00001cbc       0x98 .\CortexM0\ARM_GCC_541\Debug\BLDC_Motor_Board.a(CAN.o)
                0x00001cbc                CAN_RxBufConfig
 .text.CAN_TxBufConfig
                0x00001d54       0x58 .\CortexM0\ARM_GCC_541\Debug\BLDC_Motor_Board.a(CAN.o)
                0x00001d54                CAN_TxBufConfig
 .text.CAN_RxTxBuffersConfig
                0x00001dac       0x54 .\CortexM0\ARM_GCC_541\Debug\BLDC_Motor_Board.a(CAN.o)
                0x00001dac                CAN_RxTxBuffersConfig
 .text.CAN_SetSwapDataEndianness
                0x00001e00       0x40 .\CortexM0\ARM_GCC_541\Debug\BLDC_Motor_Board.a(CAN.o)
                0x00001e00                CAN_SetSwapDataEndianness
 .text.CAN_Init
                0x00001e40       0xe4 .\CortexM0\ARM_GCC_541\Debug\BLDC_Motor_Board.a(CAN.o)
                0x00001e40                CAN_Init
 .text.CAN_Start
                0x00001f24       0x28 .\CortexM0\ARM_GCC_541\Debug\BLDC_Motor_Board.a(CAN.o)
                0x00001f24                CAN_Start
 .text.CAN_ISR  0x00001f4c        0x4 .\CortexM0\ARM_GCC_541\Debug\BLDC_Motor_Board.a(CAN_INT.o)
                0x00001f4c                CAN_ISR
 .text.CAN_SendMsg
                0x00001f50      0x154 .\CortexM0\ARM_GCC_541\Debug\BLDC_Motor_Board.a(CAN_TX_RX_func.o)
                0x00001f50                CAN_SendMsg
 .text.UART_ScbModePostEnable
                0x000020a4        0x8 .\CortexM0\ARM_GCC_541\Debug\BLDC_Motor_Board.a(UART.o)
 .text.UART_Init
                0x000020ac        0x8 .\CortexM0\ARM_GCC_541\Debug\BLDC_Motor_Board.a(UART.o)
                0x000020ac                UART_Init
 .text.UART_Enable
                0x000020b4       0x18 .\CortexM0\ARM_GCC_541\Debug\BLDC_Motor_Board.a(UART.o)
                0x000020b4                UART_Enable
 .text.UART_Start
                0x000020cc       0x20 .\CortexM0\ARM_GCC_541\Debug\BLDC_Motor_Board.a(UART.o)
                0x000020cc                UART_Start
 .text.UART_SpiUartReadRxData
                0x000020ec        0xc .\CortexM0\ARM_GCC_541\Debug\BLDC_Motor_Board.a(UART_SPI_UART.o)
                0x000020ec                UART_SpiUartReadRxData
 .text.UART_SpiUartGetRxBufferSize
                0x000020f8       0x10 .\CortexM0\ARM_GCC_541\Debug\BLDC_Motor_Board.a(UART_SPI_UART.o)
                0x000020f8                UART_SpiUartGetRxBufferSize
 .text.UART_SpiUartWriteTxData
                0x00002108       0x1c .\CortexM0\ARM_GCC_541\Debug\BLDC_Motor_Board.a(UART_SPI_UART.o)
                0x00002108                UART_SpiUartWriteTxData
 .text.UART_UartInit
                0x00002124       0xa8 .\CortexM0\ARM_GCC_541\Debug\BLDC_Motor_Board.a(UART_UART.o)
                0x00002124                UART_UartInit
 .text.UART_UartPostEnable
                0x000021cc       0x24 .\CortexM0\ARM_GCC_541\Debug\BLDC_Motor_Board.a(UART_UART.o)
                0x000021cc                UART_UartPostEnable
 .text.UART_UartGetByte
                0x000021f0       0x34 .\CortexM0\ARM_GCC_541\Debug\BLDC_Motor_Board.a(UART_UART.o)
                0x000021f0                UART_UartGetByte
 .text.UART_UartPutString
                0x00002224       0x18 .\CortexM0\ARM_GCC_541\Debug\BLDC_Motor_Board.a(UART_UART.o)
                0x00002224                UART_UartPutString
 .text.ERROR_LED_Write
                0x0000223c       0x18 .\CortexM0\ARM_GCC_541\Debug\BLDC_Motor_Board.a(ERROR_LED.o)
                0x0000223c                ERROR_LED_Write
 .text.Current_Sensor_I2C_ScbEnableIntr
                0x00002254        0xc .\CortexM0\ARM_GCC_541\Debug\BLDC_Motor_Board.a(Current_Sensor_I2C.o)
 .text.Current_Sensor_I2C_Init
                0x00002260        0x8 .\CortexM0\ARM_GCC_541\Debug\BLDC_Motor_Board.a(Current_Sensor_I2C.o)
                0x00002260                Current_Sensor_I2C_Init
 .text.Current_Sensor_I2C_Enable
                0x00002268       0x18 .\CortexM0\ARM_GCC_541\Debug\BLDC_Motor_Board.a(Current_Sensor_I2C.o)
                0x00002268                Current_Sensor_I2C_Enable
 .text.Current_Sensor_I2C_Start
                0x00002280       0x20 .\CortexM0\ARM_GCC_541\Debug\BLDC_Motor_Board.a(Current_Sensor_I2C.o)
                0x00002280                Current_Sensor_I2C_Start
 .text.Current_Sensor_I2C_I2CInit
                0x000022a0       0xb8 .\CortexM0\ARM_GCC_541\Debug\BLDC_Motor_Board.a(Current_Sensor_I2C_I2C.o)
                0x000022a0                Current_Sensor_I2C_I2CInit
 .text.Current_Sensor_I2C_I2CFwBlockReset
                0x00002358       0x5c .\CortexM0\ARM_GCC_541\Debug\BLDC_Motor_Board.a(Current_Sensor_I2C_I2C.o)
                0x00002358                Current_Sensor_I2C_I2CFwBlockReset
 .text.CAN_LED_Write
                0x000023b4       0x18 .\CortexM0\ARM_GCC_541\Debug\BLDC_Motor_Board.a(CAN_LED.o)
                0x000023b4                CAN_LED_Write
 .text.TMC6100_SPI_ScbModePostEnable
                0x000023cc        0x8 .\CortexM0\ARM_GCC_541\Debug\BLDC_Motor_Board.a(TMC6100_SPI.o)
 .text.TMC6100_SPI_Init
                0x000023d4        0x8 .\CortexM0\ARM_GCC_541\Debug\BLDC_Motor_Board.a(TMC6100_SPI.o)
                0x000023d4                TMC6100_SPI_Init
 .text.TMC6100_SPI_Enable
                0x000023dc       0x18 .\CortexM0\ARM_GCC_541\Debug\BLDC_Motor_Board.a(TMC6100_SPI.o)
                0x000023dc                TMC6100_SPI_Enable
 .text.TMC6100_SPI_Start
                0x000023f4       0x20 .\CortexM0\ARM_GCC_541\Debug\BLDC_Motor_Board.a(TMC6100_SPI.o)
                0x000023f4                TMC6100_SPI_Start
 .text.TMC6100_SPI_SpiInit
                0x00002414       0x80 .\CortexM0\ARM_GCC_541\Debug\BLDC_Motor_Board.a(TMC6100_SPI_SPI.o)
                0x00002414                TMC6100_SPI_SpiInit
 .text.TMC6100_SPI_SpiPostEnable
                0x00002494       0x14 .\CortexM0\ARM_GCC_541\Debug\BLDC_Motor_Board.a(TMC6100_SPI_SPI.o)
                0x00002494                TMC6100_SPI_SpiPostEnable
 .text.Timer_general_ReadStatusRegister
                0x000024a8        0xc .\CortexM0\ARM_GCC_541\Debug\BLDC_Motor_Board.a(Timer_general.o)
                0x000024a8                Timer_general_ReadStatusRegister
 .text.ADC_Pot_StartConvert
                0x000024b4       0x14 .\CortexM0\ARM_GCC_541\Debug\BLDC_Motor_Board.a(ADC_Pot.o)
                0x000024b4                ADC_Pot_StartConvert
 .text.ADC_Pot_IsEndConversion
                0x000024c8       0x28 .\CortexM0\ARM_GCC_541\Debug\BLDC_Motor_Board.a(ADC_Pot.o)
                0x000024c8                ADC_Pot_IsEndConversion
 .text.ADC_Pot_GetResult16
                0x000024f0       0x2c .\CortexM0\ARM_GCC_541\Debug\BLDC_Motor_Board.a(ADC_Pot.o)
                0x000024f0                ADC_Pot_GetResult16
 .text.Pin_Limit_2_Read
                0x0000251c       0x10 .\CortexM0\ARM_GCC_541\Debug\BLDC_Motor_Board.a(Pin_Limit_2.o)
                0x0000251c                Pin_Limit_2_Read
 .text.Pin_Limit_1_Read
                0x0000252c       0x10 .\CortexM0\ARM_GCC_541\Debug\BLDC_Motor_Board.a(Pin_Limit_1.o)
                0x0000252c                Pin_Limit_1_Read
 *fill*         0x0000253c        0x4 
 .text          0x00002540       0x20 .\CortexM0\ARM_GCC_541\Debug\BLDC_Motor_Board.a(CyBootAsmGnu.o)
                0x00002540                CyDelayCycles
                0x00002552                CyEnterCriticalSection
                0x0000255a                CyExitCriticalSection
 .text.CySysFlashSetWaitCycles
                0x00002560       0x54 .\CortexM0\ARM_GCC_541\Debug\BLDC_Motor_Board.a(CyFlash.o)
                0x00002560                CySysFlashSetWaitCycles
 .text.Current_Sensor_I2C_I2C_ISR
                0x000025b4      0x340 .\CortexM0\ARM_GCC_541\Debug\BLDC_Motor_Board.a(Current_Sensor_I2C_I2C_INT.o)
                0x000025b4                Current_Sensor_I2C_I2C_ISR
 .text          0x000028f4      0x114 c:/program files (x86)/cypress/psoc creator/4.4/psoc creator/import/gnu/arm/5.4.1/bin/../lib/gcc/arm-none-eabi/5.4.1/armv6-m\libgcc.a(_udivsi3.o)
                0x000028f4                __aeabi_uidiv
                0x000028f4                __udivsi3
                0x00002a00                __aeabi_uidivmod
 .text          0x00002a08      0x1d4 c:/program files (x86)/cypress/psoc creator/4.4/psoc creator/import/gnu/arm/5.4.1/bin/../lib/gcc/arm-none-eabi/5.4.1/armv6-m\libgcc.a(_divsi3.o)
                0x00002a08                __divsi3
                0x00002a08                __aeabi_idiv
                0x00002bd4                __aeabi_idivmod
 .text          0x00002bdc        0x4 c:/program files (x86)/cypress/psoc creator/4.4/psoc creator/import/gnu/arm/5.4.1/bin/../lib/gcc/arm-none-eabi/5.4.1/armv6-m\libgcc.a(_dvmd_tls.o)
                0x00002bdc                __aeabi_idiv0
                0x00002bdc                __aeabi_ldiv0
 .text          0x00002be0       0x7c c:/program files (x86)/cypress/psoc creator/4.4/psoc creator/import/gnu/arm/5.4.1/bin/../lib/gcc/arm-none-eabi/5.4.1/armv6-m\libgcc.a(_arm_cmpdf2.o)
                0x00002be0                __aeabi_cdrcmple
                0x00002bf0                __aeabi_cdcmple
                0x00002bf0                __aeabi_cdcmpeq
                0x00002c00                __aeabi_dcmpeq
                0x00002c0c                __aeabi_dcmplt
                0x00002c20                __aeabi_dcmple
                0x00002c34                __aeabi_dcmpgt
                0x00002c48                __aeabi_dcmpge
 .text          0x00002c5c      0x234 c:/program files (x86)/cypress/psoc creator/4.4/psoc creator/import/gnu/arm/5.4.1/bin/../lib/gcc/arm-none-eabi/5.4.1/armv6-m\libgcc.a(divsf3.o)
                0x00002c5c                __aeabi_fdiv
 .text          0x00002e90       0x90 c:/program files (x86)/cypress/psoc creator/4.4/psoc creator/import/gnu/arm/5.4.1/bin/../lib/gcc/arm-none-eabi/5.4.1/armv6-m\libgcc.a(floatsisf.o)
                0x00002e90                __aeabi_i2f
 .text          0x00002f20      0x658 c:/program files (x86)/cypress/psoc creator/4.4/psoc creator/import/gnu/arm/5.4.1/bin/../lib/gcc/arm-none-eabi/5.4.1/armv6-m\libgcc.a(adddf3.o)
                0x00002f20                __aeabi_dadd
 .text          0x00003578      0x62c c:/program files (x86)/cypress/psoc creator/4.4/psoc creator/import/gnu/arm/5.4.1/bin/../lib/gcc/arm-none-eabi/5.4.1/armv6-m\libgcc.a(divdf3.o)
                0x00003578                __aeabi_ddiv
 .text          0x00003ba4       0x80 c:/program files (x86)/cypress/psoc creator/4.4/psoc creator/import/gnu/arm/5.4.1/bin/../lib/gcc/arm-none-eabi/5.4.1/armv6-m\libgcc.a(eqdf2.o)
                0x00003ba4                __nedf2
                0x00003ba4                __eqdf2
 .text          0x00003c24       0xc8 c:/program files (x86)/cypress/psoc creator/4.4/psoc creator/import/gnu/arm/5.4.1/bin/../lib/gcc/arm-none-eabi/5.4.1/armv6-m\libgcc.a(gedf2.o)
                0x00003c24                __gedf2
                0x00003c24                __gtdf2
 .text          0x00003cec       0xd4 c:/program files (x86)/cypress/psoc creator/4.4/psoc creator/import/gnu/arm/5.4.1/bin/../lib/gcc/arm-none-eabi/5.4.1/armv6-m\libgcc.a(ledf2.o)
                0x00003cec                __ledf2
                0x00003cec                __ltdf2
 .text          0x00003dc0      0x4f4 c:/program files (x86)/cypress/psoc creator/4.4/psoc creator/import/gnu/arm/5.4.1/bin/../lib/gcc/arm-none-eabi/5.4.1/armv6-m\libgcc.a(muldf3.o)
                0x00003dc0                __aeabi_dmul
 .text          0x000042b4       0x6c c:/program files (x86)/cypress/psoc creator/4.4/psoc creator/import/gnu/arm/5.4.1/bin/../lib/gcc/arm-none-eabi/5.4.1/armv6-m\libgcc.a(fixdfsi.o)
                0x000042b4                __aeabi_d2iz
 .text          0x00004320       0x84 c:/program files (x86)/cypress/psoc creator/4.4/psoc creator/import/gnu/arm/5.4.1/bin/../lib/gcc/arm-none-eabi/5.4.1/armv6-m\libgcc.a(floatsidf.o)
                0x00004320                __aeabi_i2d
 .text          0x000043a4       0x70 c:/program files (x86)/cypress/psoc creator/4.4/psoc creator/import/gnu/arm/5.4.1/bin/../lib/gcc/arm-none-eabi/5.4.1/armv6-m\libgcc.a(floatunsidf.o)
                0x000043a4                __aeabi_ui2d
 .text          0x00004414       0x3c c:/program files (x86)/cypress/psoc creator/4.4/psoc creator/import/gnu/arm/5.4.1/bin/../lib/gcc/arm-none-eabi/5.4.1/armv6-m\libgcc.a(_clzsi2.o)
                0x00004414                __clzsi2
 .text.__errno  0x00004450        0xc c:/program files (x86)/cypress/psoc creator/4.4/psoc creator/import/gnu/arm/5.4.1/bin/../lib/gcc/arm-none-eabi/5.4.1/../../../../arm-none-eabi/lib/armv6-m\libg_nano.a(lib_a-errno.o)
                0x00004450                __errno
 .text.__libc_init_array
                0x0000445c       0x4c c:/program files (x86)/cypress/psoc creator/4.4/psoc creator/import/gnu/arm/5.4.1/bin/../lib/gcc/arm-none-eabi/5.4.1/../../../../arm-none-eabi/lib/armv6-m\libg_nano.a(lib_a-init.o)
                0x0000445c                __libc_init_array
 .text.memcpy   0x000044a8       0x12 c:/program files (x86)/cypress/psoc creator/4.4/psoc creator/import/gnu/arm/5.4.1/bin/../lib/gcc/arm-none-eabi/5.4.1/../../../../arm-none-eabi/lib/armv6-m\libg_nano.a(lib_a-memcpy-stub.o)
                0x000044a8                memcpy
 .text.memset   0x000044ba       0x10 c:/program files (x86)/cypress/psoc creator/4.4/psoc creator/import/gnu/arm/5.4.1/bin/../lib/gcc/arm-none-eabi/5.4.1/../../../../arm-none-eabi/lib/armv6-m\libg_nano.a(lib_a-memset.o)
                0x000044ba                memset
 *fill*         0x000044ca        0x2 
 .text.sprintf  0x000044cc       0x44 c:/program files (x86)/cypress/psoc creator/4.4/psoc creator/import/gnu/arm/5.4.1/bin/../lib/gcc/arm-none-eabi/5.4.1/../../../../arm-none-eabi/lib/armv6-m\libg_nano.a(lib_a-sprintf.o)
                0x000044cc                siprintf
                0x000044cc                sprintf
 .text.__ssputs_r
                0x00004510       0xc4 c:/program files (x86)/cypress/psoc creator/4.4/psoc creator/import/gnu/arm/5.4.1/bin/../lib/gcc/arm-none-eabi/5.4.1/../../../../arm-none-eabi/lib/armv6-m\libg_nano.a(lib_a-nano-svfprintf.o)
                0x00004510                __ssputs_r
 .text._svfprintf_r
                0x000045d4      0x1fc c:/program files (x86)/cypress/psoc creator/4.4/psoc creator/import/gnu/arm/5.4.1/bin/../lib/gcc/arm-none-eabi/5.4.1/../../../../arm-none-eabi/lib/armv6-m\libg_nano.a(lib_a-nano-svfprintf.o)
                0x000045d4                _svfiprintf_r
                0x000045d4                _svfprintf_r
 .text._printf_common
                0x000047d0       0xdc c:/program files (x86)/cypress/psoc creator/4.4/psoc creator/import/gnu/arm/5.4.1/bin/../lib/gcc/arm-none-eabi/5.4.1/../../../../arm-none-eabi/lib/armv6-m\libg_nano.a(lib_a-nano-vfprintf_i.o)
                0x000047d0                _printf_common
 .text._printf_i
                0x000048ac      0x244 c:/program files (x86)/cypress/psoc creator/4.4/psoc creator/import/gnu/arm/5.4.1/bin/../lib/gcc/arm-none-eabi/5.4.1/../../../../arm-none-eabi/lib/armv6-m\libg_nano.a(lib_a-nano-vfprintf_i.o)
                0x000048ac                _printf_i
 .text.memchr   0x00004af0       0x16 c:/program files (x86)/cypress/psoc creator/4.4/psoc creator/import/gnu/arm/5.4.1/bin/../lib/gcc/arm-none-eabi/5.4.1/../../../../arm-none-eabi/lib/armv6-m\libg_nano.a(lib_a-memchr-stub.o)
                0x00004af0                memchr
 .text.memmove  0x00004b06       0x2a c:/program files (x86)/cypress/psoc creator/4.4/psoc creator/import/gnu/arm/5.4.1/bin/../lib/gcc/arm-none-eabi/5.4.1/../../../../arm-none-eabi/lib/armv6-m\libg_nano.a(lib_a-memmove.o)
                0x00004b06                memmove
 .text._free_r  0x00004b30       0x98 c:/program files (x86)/cypress/psoc creator/4.4/psoc creator/import/gnu/arm/5.4.1/bin/../lib/gcc/arm-none-eabi/5.4.1/../../../../arm-none-eabi/lib/armv6-m\libg_nano.a(lib_a-nano-freer.o)
                0x00004b30                _free_r
 .text._malloc_r
                0x00004bc8       0xc0 c:/program files (x86)/cypress/psoc creator/4.4/psoc creator/import/gnu/arm/5.4.1/bin/../lib/gcc/arm-none-eabi/5.4.1/../../../../arm-none-eabi/lib/armv6-m\libg_nano.a(lib_a-nano-mallocr.o)
                0x00004bc8                _malloc_r
 .text._realloc_r
                0x00004c88       0x4c c:/program files (x86)/cypress/psoc creator/4.4/psoc creator/import/gnu/arm/5.4.1/bin/../lib/gcc/arm-none-eabi/5.4.1/../../../../arm-none-eabi/lib/armv6-m\libg_nano.a(lib_a-nano-reallocr.o)
                0x00004c88                _realloc_r
 .text._sbrk_r  0x00004cd4       0x24 c:/program files (x86)/cypress/psoc creator/4.4/psoc creator/import/gnu/arm/5.4.1/bin/../lib/gcc/arm-none-eabi/5.4.1/../../../../arm-none-eabi/lib/armv6-m\libg_nano.a(lib_a-sbrkr.o)
                0x00004cd4                _sbrk_r
 .text.__malloc_lock
                0x00004cf8        0x2 c:/program files (x86)/cypress/psoc creator/4.4/psoc creator/import/gnu/arm/5.4.1/bin/../lib/gcc/arm-none-eabi/5.4.1/../../../../arm-none-eabi/lib/armv6-m\libg_nano.a(lib_a-mlock.o)
                0x00004cf8                __malloc_lock
 .text.__malloc_unlock
                0x00004cfa        0x2 c:/program files (x86)/cypress/psoc creator/4.4/psoc creator/import/gnu/arm/5.4.1/bin/../lib/gcc/arm-none-eabi/5.4.1/../../../../arm-none-eabi/lib/armv6-m\libg_nano.a(lib_a-mlock.o)
                0x00004cfa                __malloc_unlock
 .text._malloc_usable_size_r
                0x00004cfc       0x16 c:/program files (x86)/cypress/psoc creator/4.4/psoc creator/import/gnu/arm/5.4.1/bin/../lib/gcc/arm-none-eabi/5.4.1/../../../../arm-none-eabi/lib/armv6-m\libg_nano.a(lib_a-nano-msizer.o)
                0x00004cfc                _malloc_usable_size_r
 *(.plt)
 *(.gnu.warning)
 *(.glue_7t)
 .glue_7t       0x00004d12        0x0 linker stubs
 *(.glue_7)
 .glue_7        0x00004d12        0x0 linker stubs
 *(.vfp11_veneer)
 .vfp11_veneer  0x00004d12        0x0 linker stubs
 *(.bootloader)
 *(.ARM.extab* .gnu.linkonce.armextab.*)
 *(.gcc_except_table)

.v4_bx          0x00004d14        0x0
 .v4_bx         0x00004d14        0x0 linker stubs

.iplt           0x00004d14        0x0
 .iplt          0x00004d14        0x0 c:/program files (x86)/cypress/psoc creator/4.4/psoc creator/import/gnu/arm/5.4.1/bin/../lib/gcc/arm-none-eabi/5.4.1/armv6-m/crtbegin.o

.eh_frame_hdr
 *(.eh_frame_hdr)

.eh_frame       0x00004d14        0x4
 *(.eh_frame)
 .eh_frame      0x00004d14        0x0 c:/program files (x86)/cypress/psoc creator/4.4/psoc creator/import/gnu/arm/5.4.1/bin/../lib/gcc/arm-none-eabi/5.4.1/armv6-m/crtbegin.o
 .eh_frame      0x00004d14        0x4 c:/program files (x86)/cypress/psoc creator/4.4/psoc creator/import/gnu/arm/5.4.1/bin/../lib/gcc/arm-none-eabi/5.4.1/armv6-m/crtend.o
                [!provide]                PROVIDE (__exidx_start, .)

.ARM.exidx
 *(.ARM.exidx* .gnu.linkonce.armexidx.*)
                0x00004d18                __exidx_end = .

.rodata         0x00004d18      0x5b8
 *(.rodata .rodata.* .gnu.linkonce.r.*)
 .rodata        0x00004d18       0x54 .\CortexM0\ARM_GCC_541\Debug\main.o
 .rodata.str1.4
                0x00004d6c      0x106 .\CortexM0\ARM_GCC_541\Debug\main.o
 *fill*         0x00004e72        0x2 
 .rodata.str1.4
                0x00004e74       0x14 .\CortexM0\ARM_GCC_541\Debug\BLDC_CAN.o
                                 0x11 (size before relaxing)
 .rodata        0x00004e88      0x14c .\CortexM0\ARM_GCC_541\Debug\cyfitter_cfg.o
 .rodata        0x00004fd4       0x2e .\CortexM0\ARM_GCC_541\Debug\BLDC_Motor_Board.a(CyLib.o)
                0x00004fd4                cyImoFreqMhz2Reg
 *fill*         0x00005002        0x2 
 .rodata        0x00005004      0x160 .\CortexM0\ARM_GCC_541\Debug\BLDC_Motor_Board.a(CAN.o)
 .rodata        0x00005164       0x80 c:/program files (x86)/cypress/psoc creator/4.4/psoc creator/import/gnu/arm/5.4.1/bin/../lib/gcc/arm-none-eabi/5.4.1/armv6-m\libgcc.a(divsf3.o)
 .rodata        0x000051e4       0x40 c:/program files (x86)/cypress/psoc creator/4.4/psoc creator/import/gnu/arm/5.4.1/bin/../lib/gcc/arm-none-eabi/5.4.1/armv6-m\libgcc.a(divdf3.o)
 .rodata        0x00005224       0x40 c:/program files (x86)/cypress/psoc creator/4.4/psoc creator/import/gnu/arm/5.4.1/bin/../lib/gcc/arm-none-eabi/5.4.1/armv6-m\libgcc.a(muldf3.o)
 .rodata.str1.1
                0x00005264        0x2 c:/program files (x86)/cypress/psoc creator/4.4/psoc creator/import/gnu/arm/5.4.1/bin/../lib/gcc/arm-none-eabi/5.4.1/../../../../arm-none-eabi/lib/armv6-m\libg_nano.a(lib_a-impure.o)
 .rodata.str1.1
                0x00005266       0x11 c:/program files (x86)/cypress/psoc creator/4.4/psoc creator/import/gnu/arm/5.4.1/bin/../lib/gcc/arm-none-eabi/5.4.1/../../../../arm-none-eabi/lib/armv6-m\libg_nano.a(lib_a-nano-svfprintf.o)
 .rodata.str1.1
                0x00005277       0x22 c:/program files (x86)/cypress/psoc creator/4.4/psoc creator/import/gnu/arm/5.4.1/bin/../lib/gcc/arm-none-eabi/5.4.1/../../../../arm-none-eabi/lib/armv6-m\libg_nano.a(lib_a-nano-vfprintf_i.o)
                0x0000529c                . = ALIGN (0x4)
 *fill*         0x00005299        0x3 
 *(.init)
 .init          0x0000529c        0x4 c:/program files (x86)/cypress/psoc creator/4.4/psoc creator/import/gnu/arm/5.4.1/bin/../lib/gcc/arm-none-eabi/5.4.1/armv6-m/crti.o
                0x0000529c                _init
 .init          0x000052a0        0x8 c:/program files (x86)/cypress/psoc creator/4.4/psoc creator/import/gnu/arm/5.4.1/bin/../lib/gcc/arm-none-eabi/5.4.1/armv6-m/crtn.o
                0x000052a8                . = ALIGN (0x4)
                0x000052a8                __preinit_array_start = .
 *(.preinit_array)
                0x000052a8                __preinit_array_end = .
                0x000052a8                . = ALIGN (0x4)
                0x000052a8                __init_array_start = .
 *(SORT(.init_array.*))
 *(.init_array)
 .init_array    0x000052a8        0x4 c:/program files (x86)/cypress/psoc creator/4.4/psoc creator/import/gnu/arm/5.4.1/bin/../lib/gcc/arm-none-eabi/5.4.1/armv6-m/crtbegin.o
 .init_array    0x000052ac        0x4 .\CortexM0\ARM_GCC_541\Debug\Cm0Start.o
                0x000052b0                __init_array_end = .
                0x000052b0                . = ALIGN (0x4)
 *(.fini)
 .fini          0x000052b0        0x4 c:/program files (x86)/cypress/psoc creator/4.4/psoc creator/import/gnu/arm/5.4.1/bin/../lib/gcc/arm-none-eabi/5.4.1/armv6-m/crti.o
                0x000052b0                _fini
 .fini          0x000052b4        0x8 c:/program files (x86)/cypress/psoc creator/4.4/psoc creator/import/gnu/arm/5.4.1/bin/../lib/gcc/arm-none-eabi/5.4.1/armv6-m/crtn.o
                0x000052bc                . = ALIGN (0x4)
                0x000052bc                __fini_array_start = .
 *(.fini_array)
 .fini_array    0x000052bc        0x4 c:/program files (x86)/cypress/psoc creator/4.4/psoc creator/import/gnu/arm/5.4.1/bin/../lib/gcc/arm-none-eabi/5.4.1/armv6-m/crtbegin.o
 *(SORT(.fini_array.*))
                0x000052c0                __fini_array_end = .
                0x000052c0                . = ALIGN (0x4)
 *crtbegin.o(.ctors)
 *(EXCLUDE_FILE(*crtend.o) .ctors)
 *(SORT(.ctors.*))
 *crtend.o(.ctors)
                0x000052c0                . = ALIGN (0x4)
 *crtbegin.o(.dtors)
 *(EXCLUDE_FILE(*crtend.o) .dtors)
 *(SORT(.dtors.*))
 *crtend.o(.dtors)
                0x000052c0                . = ALIGN (0x4)
                0x000052c0                __cy_regions = .
                0x000052c0        0x4 LONG 0x52d0 __cy_region_init_ram
                0x000052c4        0x4 LONG 0x200000c0 __cy_region_start_data
                0x000052c8        0x4 LONG 0xa0 __cy_region_init_size_ram
                0x000052cc        0x4 LONG 0x270 __cy_region_zero_size_ram
                0x000052d0                __cy_regions_end = .
                0x000052d0                . = ALIGN (0x8)
                0x000052d0                _etext = .

.cy_checksum_exclude
                0x000052d0        0x0
 *(.cy_checksum_exclude)

.ramvectors     0x20000000       0xc0
                0x20000000                __cy_region_start_ram = .
 *(.ramvectors)
 .ramvectors    0x20000000       0xc0 .\CortexM0\ARM_GCC_541\Debug\Cm0Start.o
                0x20000000                CyRamVectors

.noinit
 *(.noinit)

.data           0x200000c0       0xa0 load address 0x000052d0
                0x200000c0                __cy_region_start_data = .
 *(.jcr)
 .jcr           0x200000c0        0x0 c:/program files (x86)/cypress/psoc creator/4.4/psoc creator/import/gnu/arm/5.4.1/bin/../lib/gcc/arm-none-eabi/5.4.1/armv6-m/crtbegin.o
 .jcr           0x200000c0        0x4 c:/program files (x86)/cypress/psoc creator/4.4/psoc creator/import/gnu/arm/5.4.1/bin/../lib/gcc/arm-none-eabi/5.4.1/armv6-m/crtend.o
 *(.got.plt)
 *(.got)
 *(.shdata)
 *(.data .data.* .gnu.linkonce.d.*)
 .data          0x200000c4        0x2 .\CortexM0\ARM_GCC_541\Debug\BLDC_FSM.o
                0x200000c4                motorUnitMode
                0x200000c5                motorUnitState
 *fill*         0x200000c6        0x2 
 .data          0x200000c8       0x10 .\CortexM0\ARM_GCC_541\Debug\BLDC_pid.o
                0x200000c8                maxSpeed
                0x200000cc                flipEncoder
                0x200000d0                integralClamp
                0x200000d4                delayTime
 .data          0x200000d8        0x4 .\CortexM0\ARM_GCC_541\Debug\Cm0Start.o
 .data          0x200000dc       0x14 .\CortexM0\ARM_GCC_541\Debug\BLDC_Motor_Board.a(CyLib.o)
                0x200000dc                CySysClkPumpConfig
                0x200000e0                cydelay32kMs
                0x200000e4                cydelayFreqKhz
                0x200000e8                cydelayFreqMhz
                0x200000ec                cydelayFreqHz
 .data          0x200000f0        0x8 .\CortexM0\ARM_GCC_541\Debug\BLDC_Motor_Board.a(CyLFClk.o)
 .data.impure_data
                0x200000f8       0x60 c:/program files (x86)/cypress/psoc creator/4.4/psoc creator/import/gnu/arm/5.4.1/bin/../lib/gcc/arm-none-eabi/5.4.1/../../../../arm-none-eabi/lib/armv6-m\libg_nano.a(lib_a-impure.o)
 .data._impure_ptr
                0x20000158        0x4 c:/program files (x86)/cypress/psoc creator/4.4/psoc creator/import/gnu/arm/5.4.1/bin/../lib/gcc/arm-none-eabi/5.4.1/../../../../arm-none-eabi/lib/armv6-m\libg_nano.a(lib_a-impure.o)
                0x20000158                _impure_ptr
                0x20000160                . = ALIGN (0x8)
 *fill*         0x2000015c        0x4 
 *(.ram)
                0x20000160                _edata = .

.igot.plt       0x20000160        0x0 load address 0x00005370
 .igot.plt      0x20000160        0x0 c:/program files (x86)/cypress/psoc creator/4.4/psoc creator/import/gnu/arm/5.4.1/bin/../lib/gcc/arm-none-eabi/5.4.1/armv6-m/crtbegin.o

.bss            0x20000160      0x270 load address 0x00005370
                0x20000160                PROVIDE (__bss_start__, .)
 *(.shbss)
 *(.bss .bss.* .gnu.linkonce.b.*)
 .bss           0x20000160       0x1c c:/program files (x86)/cypress/psoc creator/4.4/psoc creator/import/gnu/arm/5.4.1/bin/../lib/gcc/arm-none-eabi/5.4.1/armv6-m/crtbegin.o
 .bss           0x2000017c        0xf .\CortexM0\ARM_GCC_541\Debug\main.o
                0x2000017c                Can_LED
                0x2000017d                CAN_check_delay
                0x2000017e                Error_LED
                0x2000017f                Debug_LED
                0x20000180                ignoreLimSw
                0x20000181                address
                0x20000182                nextPWM
                0x20000184                millidegreeTarget
                0x20000188                drive
                0x20000189                hallSensorsTimeOut
                0x2000018a                encoderTimeOut
 .bss           0x2000018b        0x1 .\CortexM0\ARM_GCC_541\Debug\BLDC_FSM.o
                0x2000018b                PIDConstSetReg
 .bss           0x2000018c        0xd .\CortexM0\ARM_GCC_541\Debug\BLDC_Drive.o
                0x2000018c                invalidate
                0x2000018d                currentDir
                0x20000190                currentSpeed
                0x20000194                hallState
                0x20000198                coilState
 *fill*         0x20000199        0x7 
 .bss           0x200001a0       0x35 .\CortexM0\ARM_GCC_541\Debug\BLDC_pid.o
                0x200001a0                integral
                0x200001a4                lastError
                0x200001a8                enabledPID
                0x200001ac                mDegMin
                0x200001b0                mDegMax
                0x200001b4                tickMax
                0x200001b8                tickMin
                0x200001c0                mDegPerTick
                0x200001c8                kPosition
                0x200001cc                kIntegral
                0x200001d0                kDerivative
                0x200001d4                usingPot
 .bss           0x200001d5        0x4 .\CortexM0\ARM_GCC_541\Debug\PortPSOC_CY8C4248AZI_L485.o
                0x200001d5                latestMessageFull
                0x200001d6                latestMessageHead
                0x200001d7                latestMessageTail
                0x200001d8                messageReadFlag
 *fill*         0x200001d9        0x3 
 .bss           0x200001dc       0x20 .\CortexM0\ARM_GCC_541\Debug\BLDC_Motor_Board.a(CyLib.o)
                0x200001dc                CySysClkImoTrim4
                0x200001e0                CySysClkImoTrim5
                0x200001f8                CySysTickInitVar
 .bss           0x200001fc       0x28 .\CortexM0\ARM_GCC_541\Debug\BLDC_Motor_Board.a(CyLFClk.o)
 .bss           0x20000224        0x1 .\CortexM0\ARM_GCC_541\Debug\BLDC_Motor_Board.a(CAN.o)
                0x20000224                CAN_initVar
 *fill*         0x20000225        0x1 
 .bss           0x20000226        0x4 .\CortexM0\ARM_GCC_541\Debug\BLDC_Motor_Board.a(UART.o)
                0x20000226                UART_initVar
                0x20000228                UART_IntrTxMask
 *fill*         0x2000022a        0x2 
 .bss           0x2000022c        0x8 .\CortexM0\ARM_GCC_541\Debug\BLDC_Motor_Board.a(Current_Sensor_I2C.o)
                0x2000022c                Current_Sensor_I2C_initVar
                0x20000230                Current_Sensor_I2C_customIntrHandler
 .bss           0x20000234        0x4 .\CortexM0\ARM_GCC_541\Debug\BLDC_Motor_Board.a(TMC6100_SPI.o)
                0x20000234                TMC6100_SPI_initVar
                0x20000236                TMC6100_SPI_IntrTxMask
 .bss.__malloc_sbrk_start
                0x20000238        0x4 c:/program files (x86)/cypress/psoc creator/4.4/psoc creator/import/gnu/arm/5.4.1/bin/../lib/gcc/arm-none-eabi/5.4.1/../../../../arm-none-eabi/lib/armv6-m\libg_nano.a(lib_a-nano-mallocr.o)
                0x20000238                __malloc_sbrk_start
 .bss.__malloc_free_list
                0x2000023c        0x4 c:/program files (x86)/cypress/psoc creator/4.4/psoc creator/import/gnu/arm/5.4.1/bin/../lib/gcc/arm-none-eabi/5.4.1/../../../../arm-none-eabi/lib/armv6-m\libg_nano.a(lib_a-nano-mallocr.o)
                0x2000023c                __malloc_free_list
 *(COMMON)
 COMMON         0x20000240       0x8c .\CortexM0\ARM_GCC_541\Debug\main.o
                0x20000240                bound_set2
                0x20000244                txData
                0x200002a8                can_send
                0x200002b4                bound_set1
                0x200002b8                enc_lim_2
                0x200002bc                can_recieve
                0x200002c8                enc_lim_1
 COMMON         0x200002cc        0x4 .\CortexM0\ARM_GCC_541\Debug\BLDC_Drive.o
                0x200002cc                delay_ms
 COMMON         0x200002d0       0xd8 .\CortexM0\ARM_GCC_541\Debug\PortPSOC_CY8C4248AZI_L485.o
                0x200002d0                deviceGroup
                0x200002d4                rxMailbox
                0x200002e4                deviceAddress
                0x200002e8                latestMessage
 COMMON         0x200003a8        0x1 .\CortexM0\ARM_GCC_541\Debug\BLDC_Motor_Board.a(Current_Sensor_I2C_I2C.o)
                0x200003a8                Current_Sensor_I2C_state
 *fill*         0x200003a9        0x3 
 COMMON         0x200003ac       0x20 .\CortexM0\ARM_GCC_541\Debug\BLDC_Motor_Board.a(Current_Sensor_I2C_I2C_MASTER.o)
                0x200003ac                Current_Sensor_I2C_mstrWrBufPtr
                0x200003b0                Current_Sensor_I2C_mstrWrBufSize
                0x200003b4                Current_Sensor_I2C_mstrRdBufPtr
                0x200003b8                Current_Sensor_I2C_mstrRdBufSize
                0x200003bc                Current_Sensor_I2C_mstrControl
                0x200003be                Current_Sensor_I2C_mstrStatus
                0x200003c0                Current_Sensor_I2C_mstrWrBufIndex
                0x200003c4                Current_Sensor_I2C_mstrWrBufIndexTmp
                0x200003c8                Current_Sensor_I2C_mstrRdBufIndex
 COMMON         0x200003cc        0x4 c:/program files (x86)/cypress/psoc creator/4.4/psoc creator/import/gnu/arm/5.4.1/bin/../lib/gcc/arm-none-eabi/5.4.1/../../../../arm-none-eabi/lib/armv6-m\libg_nano.a(lib_a-reent.o)
                0x200003cc                errno
                0x200003d0                . = ALIGN (0x8)
 *(.ram.b)
                0x200003d0                _end = .
                0x200003d0                __end = .
                0x200003d0                PROVIDE (end, .)
                0x200003d0                PROVIDE (__bss_end__, .)
                0x000052d0                __cy_region_init_ram = LOADADDR (.data)
                0x000000a0                __cy_region_init_size_ram = (_edata - ADDR (.data))
                0x00000270                __cy_region_zero_size_ram = (_end - _edata)

.heap           0x200003d0       0x80 load address 0x00005370
                0x200003d0                . = _end
                0x20000450                . = (. + 0x80)
 *fill*         0x200003d0       0x80 
                0x20000450                __cy_heap_limit = .

.stack          0x20007800      0x800
                0x20007800                __cy_stack_limit = .
                0x20008000                . = (. + 0x800)
 *fill*         0x20007800      0x800 
                0x00000001                ASSERT ((__cy_stack_limit >= __cy_heap_limit), region RAM overflowed with stack)
                0x00000000                cy_checksum_exclude_size = (CY_APPL_LOADABLE == 0x1)?SIZEOF (.cy_checksum_exclude):0x0
                0x00000001                ASSERT ((cy_checksum_exclude_size <= CY_CHECKSUM_EXCLUDE_SIZE), CY_BOOT: Section .cy_checksum_exclude size exceedes specified limit.)
                0x0003ffc0                cyloadermeta_start = (cy_project_type_bootloader || cy_project_type_app_for_stack_and_copier)?(LENGTH (rom) - CY_METADATA_SIZE):0xf0000000

.cyloadermeta
 *(.cyloadermeta)
                0x0003ffc0                cyloadablemeta_start = cy_project_type_app_for_stack_and_copier?((LENGTH (rom) - CY_FLASH_ROW_SIZE) - CY_METADATA_SIZE):((LENGTH (rom) - (CY_FLASH_ROW_SIZE * (CY_APPL_NUM - 0x1))) - CY_METADATA_SIZE)

.cyloadablemeta
 *(.cyloadablemeta)

.cyflashprotect
                0x90400000       0x80
 *(.cyflashprotect)
 .cyflashprotect
                0x90400000       0x80 .\CortexM0\ARM_GCC_541\Debug\cymetadata.o
                0x90400000                cy_meta_flashprotect

.cymeta         0x90500000        0xc
 *(.cymeta)
 .cymeta        0x90500000        0xc .\CortexM0\ARM_GCC_541\Debug\cymetadata.o
                0x90500000                cy_metadata

.cychipprotect  0x90600000        0x1
 *(.cychipprotect)
 .cychipprotect
                0x90600000        0x1 .\CortexM0\ARM_GCC_541\Debug\cymetadata.o
                0x90600000                cy_meta_chipprotect

.rel.dyn        0x00005370        0x0 load address 0x90600004
 .rel.iplt      0x00005370        0x0 c:/program files (x86)/cypress/psoc creator/4.4/psoc creator/import/gnu/arm/5.4.1/bin/../lib/gcc/arm-none-eabi/5.4.1/armv6-m/crtbegin.o

.stab
 *(.stab)

.stabstr
 *(.stabstr)

.debug
 *(.debug)

.line
 *(.line)

.debug_srcinfo
 *(.debug_srcinfo)

.debug_sfnames
 *(.debug_sfnames)

.debug_aranges  0x00000000     0x1588
 *(.debug_aranges)
 .debug_aranges
                0x00000000       0x58 .\CortexM0\ARM_GCC_541\Debug\main.o
 .debug_aranges
                0x00000058       0x78 .\CortexM0\ARM_GCC_541\Debug\BLDC_FSM.o
 .debug_aranges
                0x000000d0       0x28 .\CortexM0\ARM_GCC_541\Debug\BLDC_CAN.o
 .debug_aranges
                0x000000f8       0x38 .\CortexM0\ARM_GCC_541\Debug\BLDC_Drive.o
 .debug_aranges
                0x00000130      0x118 .\CortexM0\ARM_GCC_541\Debug\BLDC_pid.o
 .debug_aranges
                0x00000248       0x28 .\CortexM0\ARM_GCC_541\Debug\setInterrupt.o
 .debug_aranges
                0x00000270       0xc0 .\CortexM0\ARM_GCC_541\Debug\CANCommon.o
 .debug_aranges
                0x00000330       0x88 .\CortexM0\ARM_GCC_541\Debug\CANGPIO.o
 .debug_aranges
                0x000003b8       0x18 .\CortexM0\ARM_GCC_541\Debug\CANLocalization.o
 .debug_aranges
                0x000003d0      0x140 .\CortexM0\ARM_GCC_541\Debug\CANMotorUnit.o
 .debug_aranges
                0x00000510       0xa8 .\CortexM0\ARM_GCC_541\Debug\CANPacket.o
 .debug_aranges
                0x000005b8       0x40 .\CortexM0\ARM_GCC_541\Debug\CANPower.o
 .debug_aranges
                0x000005f8       0x50 .\CortexM0\ARM_GCC_541\Debug\CANScience.o
 .debug_aranges
                0x00000648       0x68 .\CortexM0\ARM_GCC_541\Debug\PortPSOC_CY8C4248AZI_L485.o
 .debug_aranges
                0x000006b0       0x48 .\CortexM0\ARM_GCC_541\Debug\cyfitter_cfg.o
 .debug_aranges
                0x000006f8       0x18 .\CortexM0\ARM_GCC_541\Debug\cymetadata.o
 .debug_aranges
                0x00000710       0x48 .\CortexM0\ARM_GCC_541\Debug\Cm0Start.o
 .debug_aranges
                0x00000758      0x270 .\CortexM0\ARM_GCC_541\Debug\BLDC_Motor_Board.a(CyLib.o)
 .debug_aranges
                0x000009c8      0x188 .\CortexM0\ARM_GCC_541\Debug\BLDC_Motor_Board.a(CyLFClk.o)
 .debug_aranges
                0x00000b50       0x48 .\CortexM0\ARM_GCC_541\Debug\BLDC_Motor_Board.a(HALL1.o)
 .debug_aranges
                0x00000b98       0x48 .\CortexM0\ARM_GCC_541\Debug\BLDC_Motor_Board.a(UH.o)
 .debug_aranges
                0x00000be0       0x48 .\CortexM0\ARM_GCC_541\Debug\BLDC_Motor_Board.a(UL.o)
 .debug_aranges
                0x00000c28       0x48 .\CortexM0\ARM_GCC_541\Debug\BLDC_Motor_Board.a(VH.o)
 .debug_aranges
                0x00000c70       0x48 .\CortexM0\ARM_GCC_541\Debug\BLDC_Motor_Board.a(VL.o)
 .debug_aranges
                0x00000cb8       0x48 .\CortexM0\ARM_GCC_541\Debug\BLDC_Motor_Board.a(WH.o)
 .debug_aranges
                0x00000d00       0x48 .\CortexM0\ARM_GCC_541\Debug\BLDC_Motor_Board.a(WL.o)
 .debug_aranges
                0x00000d48       0x48 .\CortexM0\ARM_GCC_541\Debug\BLDC_Motor_Board.a(HALL2.o)
 .debug_aranges
                0x00000d90       0x48 .\CortexM0\ARM_GCC_541\Debug\BLDC_Motor_Board.a(HALL3.o)
 .debug_aranges
                0x00000dd8       0xe8 .\CortexM0\ARM_GCC_541\Debug\BLDC_Motor_Board.a(CAN.o)
 .debug_aranges
                0x00000ec0       0x20 .\CortexM0\ARM_GCC_541\Debug\BLDC_Motor_Board.a(CAN_INT.o)
 .debug_aranges
                0x00000ee0       0x30 .\CortexM0\ARM_GCC_541\Debug\BLDC_Motor_Board.a(CAN_TX_RX_func.o)
 .debug_aranges
                0x00000f10       0x58 .\CortexM0\ARM_GCC_541\Debug\BLDC_Motor_Board.a(UART.o)
 .debug_aranges
                0x00000f68       0x60 .\CortexM0\ARM_GCC_541\Debug\BLDC_Motor_Board.a(UART_SPI_UART.o)
 .debug_aranges
                0x00000fc8       0x90 .\CortexM0\ARM_GCC_541\Debug\BLDC_Motor_Board.a(UART_UART.o)
 .debug_aranges
                0x00001058       0x48 .\CortexM0\ARM_GCC_541\Debug\BLDC_Motor_Board.a(ERROR_LED.o)
 .debug_aranges
                0x000010a0       0x60 .\CortexM0\ARM_GCC_541\Debug\BLDC_Motor_Board.a(Current_Sensor_I2C.o)
 .debug_aranges
                0x00001100       0x30 .\CortexM0\ARM_GCC_541\Debug\BLDC_Motor_Board.a(Current_Sensor_I2C_I2C.o)
 .debug_aranges
                0x00001130       0x98 .\CortexM0\ARM_GCC_541\Debug\BLDC_Motor_Board.a(Current_Sensor_I2C_I2C_MASTER.o)
 .debug_aranges
                0x000011c8       0x48 .\CortexM0\ARM_GCC_541\Debug\BLDC_Motor_Board.a(CAN_LED.o)
 .debug_aranges
                0x00001210       0x58 .\CortexM0\ARM_GCC_541\Debug\BLDC_Motor_Board.a(TMC6100_SPI.o)
 .debug_aranges
                0x00001268       0x38 .\CortexM0\ARM_GCC_541\Debug\BLDC_Motor_Board.a(TMC6100_SPI_SPI.o)
 .debug_aranges
                0x000012a0       0x80 .\CortexM0\ARM_GCC_541\Debug\BLDC_Motor_Board.a(isr_1.o)
 .debug_aranges
                0x00001320       0x90 .\CortexM0\ARM_GCC_541\Debug\BLDC_Motor_Board.a(Timer_general.o)
 .debug_aranges
                0x000013b0       0xa8 .\CortexM0\ARM_GCC_541\Debug\BLDC_Motor_Board.a(ADC_Pot.o)
 .debug_aranges
                0x00001458       0x20 .\CortexM0\ARM_GCC_541\Debug\BLDC_Motor_Board.a(ADC_Pot_INT.o)
 .debug_aranges
                0x00001478       0x48 .\CortexM0\ARM_GCC_541\Debug\BLDC_Motor_Board.a(Pin_Limit_2.o)
 .debug_aranges
                0x000014c0       0x48 .\CortexM0\ARM_GCC_541\Debug\BLDC_Motor_Board.a(Pin_Limit_1.o)
 .debug_aranges
                0x00001508       0x20 .\CortexM0\ARM_GCC_541\Debug\BLDC_Motor_Board.a(CyBootAsmGnu.o)
 .debug_aranges
                0x00001528       0x40 .\CortexM0\ARM_GCC_541\Debug\BLDC_Motor_Board.a(CyFlash.o)
 .debug_aranges
                0x00001568       0x20 .\CortexM0\ARM_GCC_541\Debug\BLDC_Motor_Board.a(Current_Sensor_I2C_I2C_INT.o)

.debug_pubnames
 *(.debug_pubnames)

.debug_info     0x00000000     0xd6f0
 *(.debug_info .gnu.linkonce.wi.*)
 .debug_info    0x00000000      0xbb5 .\CortexM0\ARM_GCC_541\Debug\main.o
 .debug_info    0x00000bb5      0x1ed .\CortexM0\ARM_GCC_541\Debug\BLDC_FSM.o
 .debug_info    0x00000da2      0xc26 .\CortexM0\ARM_GCC_541\Debug\BLDC_CAN.o
 .debug_info    0x000019c8      0x333 .\CortexM0\ARM_GCC_541\Debug\BLDC_Drive.o
 .debug_info    0x00001cfb      0x742 .\CortexM0\ARM_GCC_541\Debug\BLDC_pid.o
 .debug_info    0x0000243d       0xf6 .\CortexM0\ARM_GCC_541\Debug\setInterrupt.o
 .debug_info    0x00002533      0xa46 .\CortexM0\ARM_GCC_541\Debug\CANCommon.o
 .debug_info    0x00002f79      0x60d .\CortexM0\ARM_GCC_541\Debug\CANGPIO.o
 .debug_info    0x00003586       0x6b .\CortexM0\ARM_GCC_541\Debug\CANLocalization.o
 .debug_info    0x000035f1     0x10ba .\CortexM0\ARM_GCC_541\Debug\CANMotorUnit.o
 .debug_info    0x000046ab      0x641 .\CortexM0\ARM_GCC_541\Debug\CANPacket.o
 .debug_info    0x00004cec      0x2ff .\CortexM0\ARM_GCC_541\Debug\CANPower.o
 .debug_info    0x00004feb      0x353 .\CortexM0\ARM_GCC_541\Debug\CANScience.o
 .debug_info    0x0000533e      0x639 .\CortexM0\ARM_GCC_541\Debug\PortPSOC_CY8C4248AZI_L485.o
 .debug_info    0x00005977      0x405 .\CortexM0\ARM_GCC_541\Debug\cyfitter_cfg.o
 .debug_info    0x00005d7c       0xf8 .\CortexM0\ARM_GCC_541\Debug\cymetadata.o
 .debug_info    0x00005e74      0x3a2 .\CortexM0\ARM_GCC_541\Debug\Cm0Start.o
 .debug_info    0x00006216     0x17e4 .\CortexM0\ARM_GCC_541\Debug\BLDC_Motor_Board.a(CyLib.o)
 .debug_info    0x000079fa     0x1058 .\CortexM0\ARM_GCC_541\Debug\BLDC_Motor_Board.a(CyLFClk.o)
 .debug_info    0x00008a52      0x19d .\CortexM0\ARM_GCC_541\Debug\BLDC_Motor_Board.a(HALL1.o)
 .debug_info    0x00008bef      0x19d .\CortexM0\ARM_GCC_541\Debug\BLDC_Motor_Board.a(UH.o)
 .debug_info    0x00008d8c      0x19b .\CortexM0\ARM_GCC_541\Debug\BLDC_Motor_Board.a(UL.o)
 .debug_info    0x00008f27      0x19d .\CortexM0\ARM_GCC_541\Debug\BLDC_Motor_Board.a(VH.o)
 .debug_info    0x000090c4      0x19d .\CortexM0\ARM_GCC_541\Debug\BLDC_Motor_Board.a(VL.o)
 .debug_info    0x00009261      0x19d .\CortexM0\ARM_GCC_541\Debug\BLDC_Motor_Board.a(WH.o)
 .debug_info    0x000093fe      0x19d .\CortexM0\ARM_GCC_541\Debug\BLDC_Motor_Board.a(WL.o)
 .debug_info    0x0000959b      0x19d .\CortexM0\ARM_GCC_541\Debug\BLDC_Motor_Board.a(HALL2.o)
 .debug_info    0x00009738      0x19d .\CortexM0\ARM_GCC_541\Debug\BLDC_Motor_Board.a(HALL3.o)
 .debug_info    0x000098d5      0x9c6 .\CortexM0\ARM_GCC_541\Debug\BLDC_Motor_Board.a(CAN.o)
 .debug_info    0x0000a29b       0xa0 .\CortexM0\ARM_GCC_541\Debug\BLDC_Motor_Board.a(CAN_INT.o)
 .debug_info    0x0000a33b      0x37e .\CortexM0\ARM_GCC_541\Debug\BLDC_Motor_Board.a(CAN_TX_RX_func.o)
 .debug_info    0x0000a6b9      0x23a .\CortexM0\ARM_GCC_541\Debug\BLDC_Motor_Board.a(UART.o)
 .debug_info    0x0000a8f3      0x220 .\CortexM0\ARM_GCC_541\Debug\BLDC_Motor_Board.a(UART_SPI_UART.o)
 .debug_info    0x0000ab13      0x3b5 .\CortexM0\ARM_GCC_541\Debug\BLDC_Motor_Board.a(UART_UART.o)
 .debug_info    0x0000aec8      0x19d .\CortexM0\ARM_GCC_541\Debug\BLDC_Motor_Board.a(ERROR_LED.o)
 .debug_info    0x0000b065      0x298 .\CortexM0\ARM_GCC_541\Debug\BLDC_Motor_Board.a(Current_Sensor_I2C.o)
 .debug_info    0x0000b2fd      0x195 .\CortexM0\ARM_GCC_541\Debug\BLDC_Motor_Board.a(Current_Sensor_I2C_I2C.o)
 .debug_info    0x0000b492      0x813 .\CortexM0\ARM_GCC_541\Debug\BLDC_Motor_Board.a(Current_Sensor_I2C_I2C_MASTER.o)
 .debug_info    0x0000bca5      0x19d .\CortexM0\ARM_GCC_541\Debug\BLDC_Motor_Board.a(CAN_LED.o)
 .debug_info    0x0000be42      0x23a .\CortexM0\ARM_GCC_541\Debug\BLDC_Motor_Board.a(TMC6100_SPI.o)
 .debug_info    0x0000c07c      0x13c .\CortexM0\ARM_GCC_541\Debug\BLDC_Motor_Board.a(TMC6100_SPI_SPI.o)
 .debug_info    0x0000c1b8      0x305 .\CortexM0\ARM_GCC_541\Debug\BLDC_Motor_Board.a(isr_1.o)
 .debug_info    0x0000c4bd      0x2ee .\CortexM0\ARM_GCC_541\Debug\BLDC_Motor_Board.a(Timer_general.o)
 .debug_info    0x0000c7ab      0x5a5 .\CortexM0\ARM_GCC_541\Debug\BLDC_Motor_Board.a(ADC_Pot.o)
 .debug_info    0x0000cd50       0xcb .\CortexM0\ARM_GCC_541\Debug\BLDC_Motor_Board.a(ADC_Pot_INT.o)
 .debug_info    0x0000ce1b      0x19b .\CortexM0\ARM_GCC_541\Debug\BLDC_Motor_Board.a(Pin_Limit_2.o)
 .debug_info    0x0000cfb6      0x19d .\CortexM0\ARM_GCC_541\Debug\BLDC_Motor_Board.a(Pin_Limit_1.o)
 .debug_info    0x0000d153       0xa3 .\CortexM0\ARM_GCC_541\Debug\BLDC_Motor_Board.a(CyBootAsmGnu.o)
 .debug_info    0x0000d1f6      0x352 .\CortexM0\ARM_GCC_541\Debug\BLDC_Motor_Board.a(CyFlash.o)
 .debug_info    0x0000d548      0x1a8 .\CortexM0\ARM_GCC_541\Debug\BLDC_Motor_Board.a(Current_Sensor_I2C_I2C_INT.o)

.debug_abbrev   0x00000000     0x36e1
 *(.debug_abbrev)
 .debug_abbrev  0x00000000      0x1d2 .\CortexM0\ARM_GCC_541\Debug\main.o
 .debug_abbrev  0x000001d2       0xd3 .\CortexM0\ARM_GCC_541\Debug\BLDC_FSM.o
 .debug_abbrev  0x000002a5      0x170 .\CortexM0\ARM_GCC_541\Debug\BLDC_CAN.o
 .debug_abbrev  0x00000415      0x117 .\CortexM0\ARM_GCC_541\Debug\BLDC_Drive.o
 .debug_abbrev  0x0000052c      0x203 .\CortexM0\ARM_GCC_541\Debug\BLDC_pid.o
 .debug_abbrev  0x0000072f       0xa7 .\CortexM0\ARM_GCC_541\Debug\setInterrupt.o
 .debug_abbrev  0x000007d6      0x149 .\CortexM0\ARM_GCC_541\Debug\CANCommon.o
 .debug_abbrev  0x0000091f      0x106 .\CortexM0\ARM_GCC_541\Debug\CANGPIO.o
 .debug_abbrev  0x00000a25       0x26 .\CortexM0\ARM_GCC_541\Debug\CANLocalization.o
 .debug_abbrev  0x00000a4b      0x19d .\CortexM0\ARM_GCC_541\Debug\CANMotorUnit.o
 .debug_abbrev  0x00000be8      0x16f .\CortexM0\ARM_GCC_541\Debug\CANPacket.o
 .debug_abbrev  0x00000d57      0x124 .\CortexM0\ARM_GCC_541\Debug\CANPower.o
 .debug_abbrev  0x00000e7b       0xfe .\CortexM0\ARM_GCC_541\Debug\CANScience.o
 .debug_abbrev  0x00000f79      0x1ad .\CortexM0\ARM_GCC_541\Debug\PortPSOC_CY8C4248AZI_L485.o
 .debug_abbrev  0x00001126      0x1cf .\CortexM0\ARM_GCC_541\Debug\cyfitter_cfg.o
 .debug_abbrev  0x000012f5       0x5d .\CortexM0\ARM_GCC_541\Debug\cymetadata.o
 .debug_abbrev  0x00001352      0x1d7 .\CortexM0\ARM_GCC_541\Debug\Cm0Start.o
 .debug_abbrev  0x00001529      0x293 .\CortexM0\ARM_GCC_541\Debug\BLDC_Motor_Board.a(CyLib.o)
 .debug_abbrev  0x000017bc      0x248 .\CortexM0\ARM_GCC_541\Debug\BLDC_Motor_Board.a(CyLFClk.o)
 .debug_abbrev  0x00001a04       0xc8 .\CortexM0\ARM_GCC_541\Debug\BLDC_Motor_Board.a(HALL1.o)
 .debug_abbrev  0x00001acc       0xc8 .\CortexM0\ARM_GCC_541\Debug\BLDC_Motor_Board.a(UH.o)
 .debug_abbrev  0x00001b94       0xc8 .\CortexM0\ARM_GCC_541\Debug\BLDC_Motor_Board.a(UL.o)
 .debug_abbrev  0x00001c5c       0xc8 .\CortexM0\ARM_GCC_541\Debug\BLDC_Motor_Board.a(VH.o)
 .debug_abbrev  0x00001d24       0xc8 .\CortexM0\ARM_GCC_541\Debug\BLDC_Motor_Board.a(VL.o)
 .debug_abbrev  0x00001dec       0xc8 .\CortexM0\ARM_GCC_541\Debug\BLDC_Motor_Board.a(WH.o)
 .debug_abbrev  0x00001eb4       0xc8 .\CortexM0\ARM_GCC_541\Debug\BLDC_Motor_Board.a(WL.o)
 .debug_abbrev  0x00001f7c       0xc8 .\CortexM0\ARM_GCC_541\Debug\BLDC_Motor_Board.a(HALL2.o)
 .debug_abbrev  0x00002044       0xc8 .\CortexM0\ARM_GCC_541\Debug\BLDC_Motor_Board.a(HALL3.o)
 .debug_abbrev  0x0000210c      0x186 .\CortexM0\ARM_GCC_541\Debug\BLDC_Motor_Board.a(CAN.o)
 .debug_abbrev  0x00002292       0x42 .\CortexM0\ARM_GCC_541\Debug\BLDC_Motor_Board.a(CAN_INT.o)
 .debug_abbrev  0x000022d4      0x159 .\CortexM0\ARM_GCC_541\Debug\BLDC_Motor_Board.a(CAN_TX_RX_func.o)
 .debug_abbrev  0x0000242d       0xd5 .\CortexM0\ARM_GCC_541\Debug\BLDC_Motor_Board.a(UART.o)
 .debug_abbrev  0x00002502      0x14f .\CortexM0\ARM_GCC_541\Debug\BLDC_Motor_Board.a(UART_SPI_UART.o)
 .debug_abbrev  0x00002651      0x132 .\CortexM0\ARM_GCC_541\Debug\BLDC_Motor_Board.a(UART_UART.o)
 .debug_abbrev  0x00002783       0xc8 .\CortexM0\ARM_GCC_541\Debug\BLDC_Motor_Board.a(ERROR_LED.o)
 .debug_abbrev  0x0000284b      0x118 .\CortexM0\ARM_GCC_541\Debug\BLDC_Motor_Board.a(Current_Sensor_I2C.o)
 .debug_abbrev  0x00002963       0xc7 .\CortexM0\ARM_GCC_541\Debug\BLDC_Motor_Board.a(Current_Sensor_I2C_I2C.o)
 .debug_abbrev  0x00002a2a      0x1c2 .\CortexM0\ARM_GCC_541\Debug\BLDC_Motor_Board.a(Current_Sensor_I2C_I2C_MASTER.o)
 .debug_abbrev  0x00002bec       0xc8 .\CortexM0\ARM_GCC_541\Debug\BLDC_Motor_Board.a(CAN_LED.o)
 .debug_abbrev  0x00002cb4       0xd5 .\CortexM0\ARM_GCC_541\Debug\BLDC_Motor_Board.a(TMC6100_SPI.o)
 .debug_abbrev  0x00002d89       0xc6 .\CortexM0\ARM_GCC_541\Debug\BLDC_Motor_Board.a(TMC6100_SPI_SPI.o)
 .debug_abbrev  0x00002e4f      0x19a .\CortexM0\ARM_GCC_541\Debug\BLDC_Motor_Board.a(isr_1.o)
 .debug_abbrev  0x00002fe9      0x12b .\CortexM0\ARM_GCC_541\Debug\BLDC_Motor_Board.a(Timer_general.o)
 .debug_abbrev  0x00003114      0x19e .\CortexM0\ARM_GCC_541\Debug\BLDC_Motor_Board.a(ADC_Pot.o)
 .debug_abbrev  0x000032b2       0x65 .\CortexM0\ARM_GCC_541\Debug\BLDC_Motor_Board.a(ADC_Pot_INT.o)
 .debug_abbrev  0x00003317       0xc8 .\CortexM0\ARM_GCC_541\Debug\BLDC_Motor_Board.a(Pin_Limit_2.o)
 .debug_abbrev  0x000033df       0xc8 .\CortexM0\ARM_GCC_541\Debug\BLDC_Motor_Board.a(Pin_Limit_1.o)
 .debug_abbrev  0x000034a7       0x14 .\CortexM0\ARM_GCC_541\Debug\BLDC_Motor_Board.a(CyBootAsmGnu.o)
 .debug_abbrev  0x000034bb      0x182 .\CortexM0\ARM_GCC_541\Debug\BLDC_Motor_Board.a(CyFlash.o)
 .debug_abbrev  0x0000363d       0xa4 .\CortexM0\ARM_GCC_541\Debug\BLDC_Motor_Board.a(Current_Sensor_I2C_I2C_INT.o)

.debug_line     0x00000000     0x5858
 *(.debug_line)
 .debug_line    0x00000000      0x398 .\CortexM0\ARM_GCC_541\Debug\main.o
 .debug_line    0x00000398      0x205 .\CortexM0\ARM_GCC_541\Debug\BLDC_FSM.o
 .debug_line    0x0000059d      0x249 .\CortexM0\ARM_GCC_541\Debug\BLDC_CAN.o
 .debug_line    0x000007e6      0x223 .\CortexM0\ARM_GCC_541\Debug\BLDC_Drive.o
 .debug_line    0x00000a09      0x44b .\CortexM0\ARM_GCC_541\Debug\BLDC_pid.o
 .debug_line    0x00000e54       0x81 .\CortexM0\ARM_GCC_541\Debug\setInterrupt.o
 .debug_line    0x00000ed5      0x2f0 .\CortexM0\ARM_GCC_541\Debug\CANCommon.o
 .debug_line    0x000011c5      0x24b .\CortexM0\ARM_GCC_541\Debug\CANGPIO.o
 .debug_line    0x00001410       0x1d .\CortexM0\ARM_GCC_541\Debug\CANLocalization.o
 .debug_line    0x0000142d      0x414 .\CortexM0\ARM_GCC_541\Debug\CANMotorUnit.o
 .debug_line    0x00001841      0x2d9 .\CortexM0\ARM_GCC_541\Debug\CANPacket.o
 .debug_line    0x00001b1a      0x19a .\CortexM0\ARM_GCC_541\Debug\CANPower.o
 .debug_line    0x00001cb4      0x1c2 .\CortexM0\ARM_GCC_541\Debug\CANScience.o
 .debug_line    0x00001e76      0x2ed .\CortexM0\ARM_GCC_541\Debug\PortPSOC_CY8C4248AZI_L485.o
 .debug_line    0x00002163      0x1b2 .\CortexM0\ARM_GCC_541\Debug\cyfitter_cfg.o
 .debug_line    0x00002315      0x141 .\CortexM0\ARM_GCC_541\Debug\cymetadata.o
 .debug_line    0x00002456      0x236 .\CortexM0\ARM_GCC_541\Debug\Cm0Start.o
 .debug_line    0x0000268c      0x8ef .\CortexM0\ARM_GCC_541\Debug\BLDC_Motor_Board.a(CyLib.o)
 .debug_line    0x00002f7b      0x5d1 .\CortexM0\ARM_GCC_541\Debug\BLDC_Motor_Board.a(CyLFClk.o)
 .debug_line    0x0000354c       0xbd .\CortexM0\ARM_GCC_541\Debug\BLDC_Motor_Board.a(HALL1.o)
 .debug_line    0x00003609       0xba .\CortexM0\ARM_GCC_541\Debug\BLDC_Motor_Board.a(UH.o)
 .debug_line    0x000036c3       0xb9 .\CortexM0\ARM_GCC_541\Debug\BLDC_Motor_Board.a(UL.o)
 .debug_line    0x0000377c       0xba .\CortexM0\ARM_GCC_541\Debug\BLDC_Motor_Board.a(VH.o)
 .debug_line    0x00003836       0xba .\CortexM0\ARM_GCC_541\Debug\BLDC_Motor_Board.a(VL.o)
 .debug_line    0x000038f0       0xba .\CortexM0\ARM_GCC_541\Debug\BLDC_Motor_Board.a(WH.o)
 .debug_line    0x000039aa       0xba .\CortexM0\ARM_GCC_541\Debug\BLDC_Motor_Board.a(WL.o)
 .debug_line    0x00003a64       0xbd .\CortexM0\ARM_GCC_541\Debug\BLDC_Motor_Board.a(HALL2.o)
 .debug_line    0x00003b21       0xbd .\CortexM0\ARM_GCC_541\Debug\BLDC_Motor_Board.a(HALL3.o)
 .debug_line    0x00003bde      0x3e7 .\CortexM0\ARM_GCC_541\Debug\BLDC_Motor_Board.a(CAN.o)
 .debug_line    0x00003fc5       0x53 .\CortexM0\ARM_GCC_541\Debug\BLDC_Motor_Board.a(CAN_INT.o)
 .debug_line    0x00004018       0xfc .\CortexM0\ARM_GCC_541\Debug\BLDC_Motor_Board.a(CAN_TX_RX_func.o)
 .debug_line    0x00004114      0x108 .\CortexM0\ARM_GCC_541\Debug\BLDC_Motor_Board.a(UART.o)
 .debug_line    0x0000421c      0x11a .\CortexM0\ARM_GCC_541\Debug\BLDC_Motor_Board.a(UART_SPI_UART.o)
 .debug_line    0x00004336      0x1cf .\CortexM0\ARM_GCC_541\Debug\BLDC_Motor_Board.a(UART_UART.o)
 .debug_line    0x00004505       0xc1 .\CortexM0\ARM_GCC_541\Debug\BLDC_Motor_Board.a(ERROR_LED.o)
 .debug_line    0x000045c6      0x142 .\CortexM0\ARM_GCC_541\Debug\BLDC_Motor_Board.a(Current_Sensor_I2C.o)
 .debug_line    0x00004708       0xe0 .\CortexM0\ARM_GCC_541\Debug\BLDC_Motor_Board.a(Current_Sensor_I2C_I2C.o)
 .debug_line    0x000047e8      0x31a .\CortexM0\ARM_GCC_541\Debug\BLDC_Motor_Board.a(Current_Sensor_I2C_I2C_MASTER.o)
 .debug_line    0x00004b02       0xbf .\CortexM0\ARM_GCC_541\Debug\BLDC_Motor_Board.a(CAN_LED.o)
 .debug_line    0x00004bc1      0x118 .\CortexM0\ARM_GCC_541\Debug\BLDC_Motor_Board.a(TMC6100_SPI.o)
 .debug_line    0x00004cd9       0xcc .\CortexM0\ARM_GCC_541\Debug\BLDC_Motor_Board.a(TMC6100_SPI_SPI.o)
 .debug_line    0x00004da5      0x14d .\CortexM0\ARM_GCC_541\Debug\BLDC_Motor_Board.a(isr_1.o)
 .debug_line    0x00004ef2      0x181 .\CortexM0\ARM_GCC_541\Debug\BLDC_Motor_Board.a(Timer_general.o)
 .debug_line    0x00005073      0x296 .\CortexM0\ARM_GCC_541\Debug\BLDC_Motor_Board.a(ADC_Pot.o)
 .debug_line    0x00005309       0x66 .\CortexM0\ARM_GCC_541\Debug\BLDC_Motor_Board.a(ADC_Pot_INT.o)
 .debug_line    0x0000536f       0xc2 .\CortexM0\ARM_GCC_541\Debug\BLDC_Motor_Board.a(Pin_Limit_2.o)
 .debug_line    0x00005431       0xc3 .\CortexM0\ARM_GCC_541\Debug\BLDC_Motor_Board.a(Pin_Limit_1.o)
 .debug_line    0x000054f4       0x68 .\CortexM0\ARM_GCC_541\Debug\BLDC_Motor_Board.a(CyBootAsmGnu.o)
 .debug_line    0x0000555c      0x173 .\CortexM0\ARM_GCC_541\Debug\BLDC_Motor_Board.a(CyFlash.o)
 .debug_line    0x000056cf      0x189 .\CortexM0\ARM_GCC_541\Debug\BLDC_Motor_Board.a(Current_Sensor_I2C_I2C_INT.o)

.debug_frame    0x00000000     0x396c
 *(.debug_frame)
 .debug_frame   0x00000000      0x10c .\CortexM0\ARM_GCC_541\Debug\main.o
 .debug_frame   0x0000010c       0xdc .\CortexM0\ARM_GCC_541\Debug\BLDC_FSM.o
 .debug_frame   0x000001e8       0x54 .\CortexM0\ARM_GCC_541\Debug\BLDC_CAN.o
 .debug_frame   0x0000023c       0x7c .\CortexM0\ARM_GCC_541\Debug\BLDC_Drive.o
 .debug_frame   0x000002b8      0x288 .\CortexM0\ARM_GCC_541\Debug\BLDC_pid.o
 .debug_frame   0x00000540       0x3c .\CortexM0\ARM_GCC_541\Debug\setInterrupt.o
 .debug_frame   0x0000057c      0x27c .\CortexM0\ARM_GCC_541\Debug\CANCommon.o
 .debug_frame   0x000007f8      0x178 .\CortexM0\ARM_GCC_541\Debug\CANGPIO.o
 .debug_frame   0x00000970      0x3f8 .\CortexM0\ARM_GCC_541\Debug\CANMotorUnit.o
 .debug_frame   0x00000d68      0x1a4 .\CortexM0\ARM_GCC_541\Debug\CANPacket.o
 .debug_frame   0x00000f0c       0x8c .\CortexM0\ARM_GCC_541\Debug\CANPower.o
 .debug_frame   0x00000f98       0xb0 .\CortexM0\ARM_GCC_541\Debug\CANScience.o
 .debug_frame   0x00001048       0xfc .\CortexM0\ARM_GCC_541\Debug\PortPSOC_CY8C4248AZI_L485.o
 .debug_frame   0x00001144       0xb4 .\CortexM0\ARM_GCC_541\Debug\cyfitter_cfg.o
 .debug_frame   0x000011f8       0xbc .\CortexM0\ARM_GCC_541\Debug\Cm0Start.o
 .debug_frame   0x000012b4      0x718 .\CortexM0\ARM_GCC_541\Debug\BLDC_Motor_Board.a(CyLib.o)
 .debug_frame   0x000019cc      0x4a4 .\CortexM0\ARM_GCC_541\Debug\BLDC_Motor_Board.a(CyLFClk.o)
 .debug_frame   0x00001e70       0x70 .\CortexM0\ARM_GCC_541\Debug\BLDC_Motor_Board.a(HALL1.o)
 .debug_frame   0x00001ee0       0x70 .\CortexM0\ARM_GCC_541\Debug\BLDC_Motor_Board.a(UH.o)
 .debug_frame   0x00001f50       0x70 .\CortexM0\ARM_GCC_541\Debug\BLDC_Motor_Board.a(UL.o)
 .debug_frame   0x00001fc0       0x70 .\CortexM0\ARM_GCC_541\Debug\BLDC_Motor_Board.a(VH.o)
 .debug_frame   0x00002030       0x70 .\CortexM0\ARM_GCC_541\Debug\BLDC_Motor_Board.a(VL.o)
 .debug_frame   0x000020a0       0x70 .\CortexM0\ARM_GCC_541\Debug\BLDC_Motor_Board.a(WH.o)
 .debug_frame   0x00002110       0x70 .\CortexM0\ARM_GCC_541\Debug\BLDC_Motor_Board.a(WL.o)
 .debug_frame   0x00002180       0x70 .\CortexM0\ARM_GCC_541\Debug\BLDC_Motor_Board.a(HALL2.o)
 .debug_frame   0x000021f0       0x70 .\CortexM0\ARM_GCC_541\Debug\BLDC_Motor_Board.a(HALL3.o)
 .debug_frame   0x00002260      0x238 .\CortexM0\ARM_GCC_541\Debug\BLDC_Motor_Board.a(CAN.o)
 .debug_frame   0x00002498       0x20 .\CortexM0\ARM_GCC_541\Debug\BLDC_Motor_Board.a(CAN_INT.o)
 .debug_frame   0x000024b8       0x60 .\CortexM0\ARM_GCC_541\Debug\BLDC_Motor_Board.a(CAN_TX_RX_func.o)
 .debug_frame   0x00002518       0xd8 .\CortexM0\ARM_GCC_541\Debug\BLDC_Motor_Board.a(UART.o)
 .debug_frame   0x000025f0       0xb0 .\CortexM0\ARM_GCC_541\Debug\BLDC_Motor_Board.a(UART_SPI_UART.o)
 .debug_frame   0x000026a0      0x144 .\CortexM0\ARM_GCC_541\Debug\BLDC_Motor_Board.a(UART_UART.o)
 .debug_frame   0x000027e4       0x70 .\CortexM0\ARM_GCC_541\Debug\BLDC_Motor_Board.a(ERROR_LED.o)
 .debug_frame   0x00002854       0xe8 .\CortexM0\ARM_GCC_541\Debug\BLDC_Motor_Board.a(Current_Sensor_I2C.o)
 .debug_frame   0x0000293c       0x58 .\CortexM0\ARM_GCC_541\Debug\BLDC_Motor_Board.a(Current_Sensor_I2C_I2C.o)
 .debug_frame   0x00002994      0x1d8 .\CortexM0\ARM_GCC_541\Debug\BLDC_Motor_Board.a(Current_Sensor_I2C_I2C_MASTER.o)
 .debug_frame   0x00002b6c       0x70 .\CortexM0\ARM_GCC_541\Debug\BLDC_Motor_Board.a(CAN_LED.o)
 .debug_frame   0x00002bdc       0xd8 .\CortexM0\ARM_GCC_541\Debug\BLDC_Motor_Board.a(TMC6100_SPI.o)
 .debug_frame   0x00002cb4       0x50 .\CortexM0\ARM_GCC_541\Debug\BLDC_Motor_Board.a(TMC6100_SPI_SPI.o)
 .debug_frame   0x00002d04      0x110 .\CortexM0\ARM_GCC_541\Debug\BLDC_Motor_Board.a(isr_1.o)
 .debug_frame   0x00002e14      0x124 .\CortexM0\ARM_GCC_541\Debug\BLDC_Motor_Board.a(Timer_general.o)
 .debug_frame   0x00002f38      0x1b0 .\CortexM0\ARM_GCC_541\Debug\BLDC_Motor_Board.a(ADC_Pot.o)
 .debug_frame   0x000030e8       0x20 .\CortexM0\ARM_GCC_541\Debug\BLDC_Motor_Board.a(ADC_Pot_INT.o)
 .debug_frame   0x00003108       0x70 .\CortexM0\ARM_GCC_541\Debug\BLDC_Motor_Board.a(Pin_Limit_2.o)
 .debug_frame   0x00003178       0x70 .\CortexM0\ARM_GCC_541\Debug\BLDC_Motor_Board.a(Pin_Limit_1.o)
 .debug_frame   0x000031e8       0x90 .\CortexM0\ARM_GCC_541\Debug\BLDC_Motor_Board.a(CyFlash.o)
 .debug_frame   0x00003278       0x2c .\CortexM0\ARM_GCC_541\Debug\BLDC_Motor_Board.a(Current_Sensor_I2C_I2C_INT.o)
 .debug_frame   0x000032a4       0x20 c:/program files (x86)/cypress/psoc creator/4.4/psoc creator/import/gnu/arm/5.4.1/bin/../lib/gcc/arm-none-eabi/5.4.1/armv6-m\libgcc.a(_udivsi3.o)
 .debug_frame   0x000032c4       0x20 c:/program files (x86)/cypress/psoc creator/4.4/psoc creator/import/gnu/arm/5.4.1/bin/../lib/gcc/arm-none-eabi/5.4.1/armv6-m\libgcc.a(_divsi3.o)
 .debug_frame   0x000032e4       0x34 c:/program files (x86)/cypress/psoc creator/4.4/psoc creator/import/gnu/arm/5.4.1/bin/../lib/gcc/arm-none-eabi/5.4.1/armv6-m\libgcc.a(_muldi3.o)
 .debug_frame   0x00003318       0x30 c:/program files (x86)/cypress/psoc creator/4.4/psoc creator/import/gnu/arm/5.4.1/bin/../lib/gcc/arm-none-eabi/5.4.1/armv6-m\libgcc.a(bpabi.o)
 .debug_frame   0x00003348       0x3c c:/program files (x86)/cypress/psoc creator/4.4/psoc creator/import/gnu/arm/5.4.1/bin/../lib/gcc/arm-none-eabi/5.4.1/armv6-m\libgcc.a(divsf3.o)
 .debug_frame   0x00003384       0x38 c:/program files (x86)/cypress/psoc creator/4.4/psoc creator/import/gnu/arm/5.4.1/bin/../lib/gcc/arm-none-eabi/5.4.1/armv6-m\libgcc.a(mulsf3.o)
 .debug_frame   0x000033bc       0x2c c:/program files (x86)/cypress/psoc creator/4.4/psoc creator/import/gnu/arm/5.4.1/bin/../lib/gcc/arm-none-eabi/5.4.1/armv6-m\libgcc.a(floatsisf.o)
 .debug_frame   0x000033e8       0x3c c:/program files (x86)/cypress/psoc creator/4.4/psoc creator/import/gnu/arm/5.4.1/bin/../lib/gcc/arm-none-eabi/5.4.1/armv6-m\libgcc.a(adddf3.o)
 .debug_frame   0x00003424       0x3c c:/program files (x86)/cypress/psoc creator/4.4/psoc creator/import/gnu/arm/5.4.1/bin/../lib/gcc/arm-none-eabi/5.4.1/armv6-m\libgcc.a(divdf3.o)
 .debug_frame   0x00003460       0x38 c:/program files (x86)/cypress/psoc creator/4.4/psoc creator/import/gnu/arm/5.4.1/bin/../lib/gcc/arm-none-eabi/5.4.1/armv6-m\libgcc.a(eqdf2.o)
 .debug_frame   0x00003498       0x38 c:/program files (x86)/cypress/psoc creator/4.4/psoc creator/import/gnu/arm/5.4.1/bin/../lib/gcc/arm-none-eabi/5.4.1/armv6-m\libgcc.a(gedf2.o)
 .debug_frame   0x000034d0       0x38 c:/program files (x86)/cypress/psoc creator/4.4/psoc creator/import/gnu/arm/5.4.1/bin/../lib/gcc/arm-none-eabi/5.4.1/armv6-m\libgcc.a(ledf2.o)
 .debug_frame   0x00003508       0x3c c:/program files (x86)/cypress/psoc creator/4.4/psoc creator/import/gnu/arm/5.4.1/bin/../lib/gcc/arm-none-eabi/5.4.1/armv6-m\libgcc.a(muldf3.o)
 .debug_frame   0x00003544       0x2c c:/program files (x86)/cypress/psoc creator/4.4/psoc creator/import/gnu/arm/5.4.1/bin/../lib/gcc/arm-none-eabi/5.4.1/armv6-m\libgcc.a(fixdfsi.o)
 .debug_frame   0x00003570       0x2c c:/program files (x86)/cypress/psoc creator/4.4/psoc creator/import/gnu/arm/5.4.1/bin/../lib/gcc/arm-none-eabi/5.4.1/armv6-m\libgcc.a(floatsidf.o)
 .debug_frame   0x0000359c       0x2c c:/program files (x86)/cypress/psoc creator/4.4/psoc creator/import/gnu/arm/5.4.1/bin/../lib/gcc/arm-none-eabi/5.4.1/armv6-m\libgcc.a(floatunsidf.o)
 .debug_frame   0x000035c8       0x3c c:/program files (x86)/cypress/psoc creator/4.4/psoc creator/import/gnu/arm/5.4.1/bin/../lib/gcc/arm-none-eabi/5.4.1/armv6-m\libgcc.a(_divdi3.o)
 .debug_frame   0x00003604       0x20 c:/program files (x86)/cypress/psoc creator/4.4/psoc creator/import/gnu/arm/5.4.1/bin/../lib/gcc/arm-none-eabi/5.4.1/../../../../arm-none-eabi/lib/armv6-m\libg_nano.a(lib_a-errno.o)
 .debug_frame   0x00003624       0x28 c:/program files (x86)/cypress/psoc creator/4.4/psoc creator/import/gnu/arm/5.4.1/bin/../lib/gcc/arm-none-eabi/5.4.1/../../../../arm-none-eabi/lib/armv6-m\libg_nano.a(lib_a-exit.o)
 .debug_frame   0x0000364c       0x2c c:/program files (x86)/cypress/psoc creator/4.4/psoc creator/import/gnu/arm/5.4.1/bin/../lib/gcc/arm-none-eabi/5.4.1/../../../../arm-none-eabi/lib/armv6-m\libg_nano.a(lib_a-init.o)
 .debug_frame   0x00003678       0x28 c:/program files (x86)/cypress/psoc creator/4.4/psoc creator/import/gnu/arm/5.4.1/bin/../lib/gcc/arm-none-eabi/5.4.1/../../../../arm-none-eabi/lib/armv6-m\libg_nano.a(lib_a-memcpy-stub.o)
 .debug_frame   0x000036a0       0x20 c:/program files (x86)/cypress/psoc creator/4.4/psoc creator/import/gnu/arm/5.4.1/bin/../lib/gcc/arm-none-eabi/5.4.1/../../../../arm-none-eabi/lib/armv6-m\libg_nano.a(lib_a-memset.o)
 .debug_frame   0x000036c0       0x50 c:/program files (x86)/cypress/psoc creator/4.4/psoc creator/import/gnu/arm/5.4.1/bin/../lib/gcc/arm-none-eabi/5.4.1/../../../../arm-none-eabi/lib/armv6-m\libg_nano.a(lib_a-sprintf.o)
 .debug_frame   0x00003710       0x74 c:/program files (x86)/cypress/psoc creator/4.4/psoc creator/import/gnu/arm/5.4.1/bin/../lib/gcc/arm-none-eabi/5.4.1/../../../../arm-none-eabi/lib/armv6-m\libg_nano.a(lib_a-nano-svfprintf.o)
 .debug_frame   0x00003784       0x54 c:/program files (x86)/cypress/psoc creator/4.4/psoc creator/import/gnu/arm/5.4.1/bin/../lib/gcc/arm-none-eabi/5.4.1/../../../../arm-none-eabi/lib/armv6-m\libg_nano.a(lib_a-nano-vfprintf_i.o)
 .debug_frame   0x000037d8       0x20 c:/program files (x86)/cypress/psoc creator/4.4/psoc creator/import/gnu/arm/5.4.1/bin/../lib/gcc/arm-none-eabi/5.4.1/../../../../arm-none-eabi/lib/armv6-m\libg_nano.a(lib_a-memchr-stub.o)
 .debug_frame   0x000037f8       0x28 c:/program files (x86)/cypress/psoc creator/4.4/psoc creator/import/gnu/arm/5.4.1/bin/../lib/gcc/arm-none-eabi/5.4.1/../../../../arm-none-eabi/lib/armv6-m\libg_nano.a(lib_a-memmove.o)
 .debug_frame   0x00003820       0x2c c:/program files (x86)/cypress/psoc creator/4.4/psoc creator/import/gnu/arm/5.4.1/bin/../lib/gcc/arm-none-eabi/5.4.1/../../../../arm-none-eabi/lib/armv6-m\libg_nano.a(lib_a-nano-freer.o)
 .debug_frame   0x0000384c       0x2c c:/program files (x86)/cypress/psoc creator/4.4/psoc creator/import/gnu/arm/5.4.1/bin/../lib/gcc/arm-none-eabi/5.4.1/../../../../arm-none-eabi/lib/armv6-m\libg_nano.a(lib_a-nano-mallocr.o)
 .debug_frame   0x00003878       0x30 c:/program files (x86)/cypress/psoc creator/4.4/psoc creator/import/gnu/arm/5.4.1/bin/../lib/gcc/arm-none-eabi/5.4.1/../../../../arm-none-eabi/lib/armv6-m\libg_nano.a(lib_a-nano-reallocr.o)
 .debug_frame   0x000038a8       0x2c c:/program files (x86)/cypress/psoc creator/4.4/psoc creator/import/gnu/arm/5.4.1/bin/../lib/gcc/arm-none-eabi/5.4.1/../../../../arm-none-eabi/lib/armv6-m\libg_nano.a(lib_a-sbrkr.o)
 .debug_frame   0x000038d4       0x30 c:/program files (x86)/cypress/psoc creator/4.4/psoc creator/import/gnu/arm/5.4.1/bin/../lib/gcc/arm-none-eabi/5.4.1/../../../../arm-none-eabi/lib/armv6-m\libg_nano.a(lib_a-mlock.o)
 .debug_frame   0x00003904       0x20 c:/program files (x86)/cypress/psoc creator/4.4/psoc creator/import/gnu/arm/5.4.1/bin/../lib/gcc/arm-none-eabi/5.4.1/../../../../arm-none-eabi/lib/armv6-m\libg_nano.a(lib_a-nano-msizer.o)
 .debug_frame   0x00003924       0x48 c:/program files (x86)/cypress/psoc creator/4.4/psoc creator/import/gnu/arm/5.4.1/bin/../lib/gcc/arm-none-eabi/5.4.1/../../../../arm-none-eabi/lib/armv6-m\libg_nano.a(lib_a-reent.o)

.debug_str      0x00000000     0x4768
 *(.debug_str)
 .debug_str     0x00000000      0x55e .\CortexM0\ARM_GCC_541\Debug\main.o
                                0x5e5 (size before relaxing)
 .debug_str     0x0000055e       0xc0 .\CortexM0\ARM_GCC_541\Debug\BLDC_FSM.o
                                0x29f (size before relaxing)
 .debug_str     0x0000061e      0x305 .\CortexM0\ARM_GCC_541\Debug\BLDC_CAN.o
                                0x62b (size before relaxing)
 .debug_str     0x00000923       0xdf .\CortexM0\ARM_GCC_541\Debug\BLDC_Drive.o
                                0x2e5 (size before relaxing)
 .debug_str     0x00000a02      0x14d .\CortexM0\ARM_GCC_541\Debug\BLDC_pid.o
                                0x521 (size before relaxing)
 .debug_str     0x00000b4f       0x4b .\CortexM0\ARM_GCC_541\Debug\setInterrupt.o
                                0x1e6 (size before relaxing)
 .debug_str     0x00000b9a      0x399 .\CortexM0\ARM_GCC_541\Debug\CANCommon.o
                                0x5b3 (size before relaxing)
 .debug_str     0x00000f33      0x1f9 .\CortexM0\ARM_GCC_541\Debug\CANGPIO.o
                                0x43c (size before relaxing)
 .debug_str     0x0000112c       0x19 .\CortexM0\ARM_GCC_541\Debug\CANLocalization.o
                                0x189 (size before relaxing)
 .debug_str     0x00001145      0x324 .\CortexM0\ARM_GCC_541\Debug\CANMotorUnit.o
                                0x6e2 (size before relaxing)
 .debug_str     0x00001469      0x149 .\CortexM0\ARM_GCC_541\Debug\CANPacket.o