Archive member included to satisfy reference by file (symbol)

.\CortexM0\ARM_GCC_541\Debug\BLDC_Motor_Board.a(CyLib.o)
                              .\CortexM0\ARM_GCC_541\Debug\cyfitter_cfg.o (CyIntEnable)
.\CortexM0\ARM_GCC_541\Debug\BLDC_Motor_Board.a(CyLFClk.o)
                              .\CortexM0\ARM_GCC_541\Debug\BLDC_Motor_Board.a(CyLib.o) (CySysClkWcoEnabled)
.\CortexM0\ARM_GCC_541\Debug\BLDC_Motor_Board.a(HALL1.o)
                              .\CortexM0\ARM_GCC_541\Debug\BLDC_Drive.o (HALL1_Read)
.\CortexM0\ARM_GCC_541\Debug\BLDC_Motor_Board.a(UH.o)
                              .\CortexM0\ARM_GCC_541\Debug\BLDC_Drive.o (UH_Write)
.\CortexM0\ARM_GCC_541\Debug\BLDC_Motor_Board.a(UL.o)
                              .\CortexM0\ARM_GCC_541\Debug\BLDC_Drive.o (UL_Write)
.\CortexM0\ARM_GCC_541\Debug\BLDC_Motor_Board.a(VH.o)
                              .\CortexM0\ARM_GCC_541\Debug\BLDC_Drive.o (VH_Write)
.\CortexM0\ARM_GCC_541\Debug\BLDC_Motor_Board.a(VL.o)
                              .\CortexM0\ARM_GCC_541\Debug\BLDC_Drive.o (VL_Write)
.\CortexM0\ARM_GCC_541\Debug\BLDC_Motor_Board.a(WH.o)
                              .\CortexM0\ARM_GCC_541\Debug\BLDC_Drive.o (WH_Write)
.\CortexM0\ARM_GCC_541\Debug\BLDC_Motor_Board.a(WL.o)
                              .\CortexM0\ARM_GCC_541\Debug\BLDC_Drive.o (WL_Write)
.\CortexM0\ARM_GCC_541\Debug\BLDC_Motor_Board.a(HALL2.o)
                              .\CortexM0\ARM_GCC_541\Debug\BLDC_Drive.o (HALL2_Read)
.\CortexM0\ARM_GCC_541\Debug\BLDC_Motor_Board.a(HALL3.o)
                              .\CortexM0\ARM_GCC_541\Debug\BLDC_Drive.o (HALL3_Read)
.\CortexM0\ARM_GCC_541\Debug\BLDC_Motor_Board.a(CAN.o)
                              .\CortexM0\ARM_GCC_541\Debug\PortPSOC_CY8C4248AZI_L485.o (CAN_GlobalIntEnable)
.\CortexM0\ARM_GCC_541\Debug\BLDC_Motor_Board.a(CAN_INT.o)
                              .\CortexM0\ARM_GCC_541\Debug\BLDC_Motor_Board.a(CAN.o) (CAN_ISR)
.\CortexM0\ARM_GCC_541\Debug\BLDC_Motor_Board.a(CAN_TX_RX_func.o)
                              .\CortexM0\ARM_GCC_541\Debug\PortPSOC_CY8C4248AZI_L485.o (CAN_SendMsg)
.\CortexM0\ARM_GCC_541\Debug\BLDC_Motor_Board.a(UART.o)
                              .\CortexM0\ARM_GCC_541\Debug\main.o (UART_Start)
.\CortexM0\ARM_GCC_541\Debug\BLDC_Motor_Board.a(UART_SPI_UART.o)
                              .\CortexM0\ARM_GCC_541\Debug\main.o (UART_SpiUartGetRxBufferSize)
.\CortexM0\ARM_GCC_541\Debug\BLDC_Motor_Board.a(UART_UART.o)
                              .\CortexM0\ARM_GCC_541\Debug\BLDC_Motor_Board.a(UART.o) (UART_UartInit)
.\CortexM0\ARM_GCC_541\Debug\BLDC_Motor_Board.a(ERROR_LED.o)
                              .\CortexM0\ARM_GCC_541\Debug\main.o (ERROR_LED_Write)
.\CortexM0\ARM_GCC_541\Debug\BLDC_Motor_Board.a(Current_Sensor_I2C.o)
                              .\CortexM0\ARM_GCC_541\Debug\main.o (Current_Sensor_I2C_Start)
.\CortexM0\ARM_GCC_541\Debug\BLDC_Motor_Board.a(Current_Sensor_I2C_I2C.o)
                              .\CortexM0\ARM_GCC_541\Debug\BLDC_Motor_Board.a(Current_Sensor_I2C.o) (Current_Sensor_I2C_I2CInit)
.\CortexM0\ARM_GCC_541\Debug\BLDC_Motor_Board.a(Current_Sensor_I2C_I2C_MASTER.o)
                              .\CortexM0\ARM_GCC_541\Debug\BLDC_Motor_Board.a(Current_Sensor_I2C_I2C.o) (Current_Sensor_I2C_mstrRdBufIndex)
.\CortexM0\ARM_GCC_541\Debug\BLDC_Motor_Board.a(CAN_LED.o)
                              .\CortexM0\ARM_GCC_541\Debug\main.o (CAN_LED_Write)
.\CortexM0\ARM_GCC_541\Debug\BLDC_Motor_Board.a(TMC6100_SPI.o)
                              .\CortexM0\ARM_GCC_541\Debug\main.o (TMC6100_SPI_Start)
.\CortexM0\ARM_GCC_541\Debug\BLDC_Motor_Board.a(TMC6100_SPI_SPI.o)
                              .\CortexM0\ARM_GCC_541\Debug\BLDC_Motor_Board.a(TMC6100_SPI.o) (TMC6100_SPI_SpiInit)
.\CortexM0\ARM_GCC_541\Debug\BLDC_Motor_Board.a(isr_Limit_1.o)
                              .\CortexM0\ARM_GCC_541\Debug\main.o (isr_Limit_1_StartEx)
.\CortexM0\ARM_GCC_541\Debug\BLDC_Motor_Board.a(Pin_Limit_2.o)
                              .\CortexM0\ARM_GCC_541\Debug\main.o (Pin_Limit_2_Read)
.\CortexM0\ARM_GCC_541\Debug\BLDC_Motor_Board.a(Pin_Limit_1.o)
                              .\CortexM0\ARM_GCC_541\Debug\main.o (Pin_Limit_1_Read)
.\CortexM0\ARM_GCC_541\Debug\BLDC_Motor_Board.a(Timer_Rotor_Delay.o)
                              .\CortexM0\ARM_GCC_541\Debug\main.o (Timer_Rotor_Delay_Start)
.\CortexM0\ARM_GCC_541\Debug\BLDC_Motor_Board.a(Address_Register.o)
                              .\CortexM0\ARM_GCC_541\Debug\main.o (Address_Register_Read)
.\CortexM0\ARM_GCC_541\Debug\BLDC_Motor_Board.a(Limit_Register.o)
                              .\CortexM0\ARM_GCC_541\Debug\BLDC_Drive.o (Limit_Register_Read)
.\CortexM0\ARM_GCC_541\Debug\BLDC_Motor_Board.a(Timer_Period_Reset.o)
                              .\CortexM0\ARM_GCC_541\Debug\main.o (Timer_Period_Reset_Start)
.\CortexM0\ARM_GCC_541\Debug\BLDC_Motor_Board.a(isr_Period_Reset.o)
[...]
Memory Configuration

Name             Origin             Length             Attributes
rom              0x00000000         0x00040000         xr
ram              0x20000000         0x00008000         xrw
*default*        0x00000000         0xffffffff

Linker script and memory map

LOAD c:/program files (x86)/cypress/psoc creator/4.4/psoc creator/import/gnu/arm/5.4.1/bin/../lib/gcc/arm-none-eabi/5.4.1/armv6-m/crti.o
LOAD c:/program files (x86)/cypress/psoc creator/4.4/psoc creator/import/gnu/arm/5.4.1/bin/../lib/gcc/arm-none-eabi/5.4.1/armv6-m/crtbegin.o
LOAD c:/program files (x86)/cypress/psoc creator/4.4/psoc creator/import/gnu/arm/5.4.1/bin/../lib/gcc/arm-none-eabi/5.4.1/../../../../arm-none-eabi/lib/armv6-m/crt0.o
START GROUP
LOAD .\CortexM0\ARM_GCC_541\Debug\main.o
LOAD .\CortexM0\ARM_GCC_541\Debug\BLDC_FSM.o
LOAD .\CortexM0\ARM_GCC_541\Debug\BLDC_CAN.o
LOAD .\CortexM0\ARM_GCC_541\Debug\BLDC_Drive.o
LOAD .\CortexM0\ARM_GCC_541\Debug\BLDC_pid.o
LOAD .\CortexM0\ARM_GCC_541\Debug\setInterrupt.o
LOAD .\CortexM0\ARM_GCC_541\Debug\CANCommon.o
LOAD .\CortexM0\ARM_GCC_541\Debug\CANGPIO.o
LOAD .\CortexM0\ARM_GCC_541\Debug\CANLocalization.o
LOAD .\CortexM0\ARM_GCC_541\Debug\CANMotorUnit.o
LOAD .\CortexM0\ARM_GCC_541\Debug\CANPacket.o
LOAD .\CortexM0\ARM_GCC_541\Debug\CANPower.o
LOAD .\CortexM0\ARM_GCC_541\Debug\CANScience.o
LOAD .\CortexM0\ARM_GCC_541\Debug\PortPSOC_CY8C4248AZI_L485.o
LOAD .\CortexM0\ARM_GCC_541\Debug\cyfitter_cfg.o
LOAD .\CortexM0\ARM_GCC_541\Debug\cymetadata.o
LOAD .\CortexM0\ARM_GCC_541\Debug\Cm0Start.o
LOAD .\CortexM0\ARM_GCC_541\Debug\BLDC_Motor_Board.a
END GROUP
START GROUP
LOAD c:/program files (x86)/cypress/psoc creator/4.4/psoc creator/import/gnu/arm/5.4.1/bin/../lib/gcc/arm-none-eabi/5.4.1/armv6-m\libgcc.a
LOAD c:/program files (x86)/cypress/psoc creator/4.4/psoc creator/import/gnu/arm/5.4.1/bin/../lib/gcc/arm-none-eabi/5.4.1/../../../../arm-none-eabi/lib/armv6-m\libg_nano.a
LOAD c:/program files (x86)/cypress/psoc creator/4.4/psoc creator/import/gnu/arm/5.4.1/bin/../lib/gcc/arm-none-eabi/5.4.1/../../../../arm-none-eabi/lib/armv6-m\libc_nano.a
END GROUP
START GROUP
LOAD c:/program files (x86)/cypress/psoc creator/4.4/psoc creator/import/gnu/arm/5.4.1/bin/../lib/gcc/arm-none-eabi/5.4.1/armv6-m\libgcc.a
LOAD c:/program files (x86)/cypress/psoc creator/4.4/psoc creator/import/gnu/arm/5.4.1/bin/../lib/gcc/arm-none-eabi/5.4.1/../../../../arm-none-eabi/lib/armv6-m\libc_nano.a
END GROUP
LOAD c:/program files (x86)/cypress/psoc creator/4.4/psoc creator/import/gnu/arm/5.4.1/bin/../lib/gcc/arm-none-eabi/5.4.1/armv6-m/crtend.o
LOAD c:/program files (x86)/cypress/psoc creator/4.4/psoc creator/import/gnu/arm/5.4.1/bin/../lib/gcc/arm-none-eabi/5.4.1/armv6-m/crtn.o
START GROUP
LOAD c:/program files (x86)/cypress/psoc creator/4.4/psoc creator/import/gnu/arm/5.4.1/bin/../lib/gcc/arm-none-eabi/5.4.1/armv6-m\libgcc.a
LOAD c:/program files (x86)/cypress/psoc creator/4.4/psoc creator/import/gnu/arm/5.4.1/bin/../lib/gcc/arm-none-eabi/5.4.1/../../../../arm-none-eabi/lib/armv6-m\libc.a
LOAD c:/program files (x86)/cypress/psoc creator/4.4/psoc creator/import/gnu/arm/5.4.1/bin/../lib/gcc/arm-none-eabi/5.4.1/../../../../arm-none-eabi/lib/armv6-m\libnosys.a
END GROUP
                0x00000000                CY_APPL_ORIGIN = 0x0
                0x00000100                CY_FLASH_ROW_SIZE = 0x100
                0x00000001                CY_APPL_NUM = 0x1
                0x00000001                CY_APPL_MAX = 0x1
                0x00000040                CY_METADATA_SIZE = 0x40
                0x00000000                CY_APPL_LOADABLE = 0x0
                0x00000000                CY_CHECKSUM_EXCLUDE_SIZE = ALIGN (0x0, CY_FLASH_ROW_SIZE)
                0x00000000                CY_APP_FOR_STACK_AND_COPIER = 0x0
                [!provide]                PROVIDE (__cy_heap_start, _end)
                0x00000001                PROVIDE (__cy_region_num, ((__cy_regions_end - __cy_regions) / 0x10))
                0x20008000                PROVIDE (__cy_stack, (ORIGIN (ram) + LENGTH (ram)))
                [!provide]                PROVIDE (__cy_heap_end, (__cy_stack - 0x800))

.cybootloader   0x00000000        0x0
 *(.cybootloader)
                0x00000000                appl1_start = CY_APPL_ORIGIN?CY_APPL_ORIGIN:ALIGN (CY_FLASH_ROW_SIZE)
                0x0001ff00                appl2_start = (appl1_start + ALIGN ((((LENGTH (rom) - appl1_start) - (0x2 * CY_FLASH_ROW_SIZE)) / 0x2), CY_FLASH_ROW_SIZE))
                0x00000000                appl_start = (CY_APPL_NUM == 0x1)?appl1_start:appl2_start
                0x00000001                cy_project_type_bootloader = (appl_start == 0x0)?0x1:0x0
                0x00000000                cy_project_type_app_for_stack_and_copier = (CY_APP_FOR_STACK_AND_COPIER == 0x1)?0x1:0x0

.text           0x00000000     0x3f3a
 CREATE_OBJECT_SYMBOLS
                0x00000000                PROVIDE (__cy_interrupt_vector, RomVectors)
 *(.romvectors)
 .romvectors    0x00000000       0x10 .\CortexM0\ARM_GCC_541\Debug\Cm0Start.o
                0x00000000                RomVectors
                0x00000001                ASSERT ((. != __cy_interrupt_vector), No interrupt vector)
                0x00000001                ASSERT (CY_APPL_ORIGIN?(SIZEOF (.cybootloader) <= CY_APPL_ORIGIN):0x1, Wrong image location)
                0x00000010                PROVIDE (__cy_reset, Reset)
 *(.text.Reset)
 .text.Reset    0x00000010        0x8 .\CortexM0\ARM_GCC_541\Debug\Cm0Start.o
                0x00000010                Reset
                0x00000001                ASSERT ((. != __cy_reset), No reset code)
 *(.psocinit)
 .psocinit      0x00000018      0x294 .\CortexM0\ARM_GCC_541\Debug\cyfitter_cfg.o
                0x00000100                cyfitter_cfg
                0x000002ac                . = MAX (., 0x100)
 *(.text .text.* .gnu.linkonce.t.*)
 .text          0x000002ac       0x60 c:/program files (x86)/cypress/psoc creator/4.4/psoc creator/import/gnu/arm/5.4.1/bin/../lib/gcc/arm-none-eabi/5.4.1/armv6-m/crtbegin.o
 .text.Period_Reset_Handler
                0x0000030c       0x58 .\CortexM0\ARM_GCC_541\Debug\main.o
                0x0000030c                Period_Reset_Handler
 .text.Pin_Limit_Handler
                0x00000364       0x74 .\CortexM0\ARM_GCC_541\Debug\main.o
                0x00000364                Pin_Limit_Handler
 .text.Initialize
                0x000003d8       0x60 .\CortexM0\ARM_GCC_541\Debug\main.o
                0x000003d8                Initialize
 .text.DebugPrint
                0x00000438       0xe8 .\CortexM0\ARM_GCC_541\Debug\main.o
                0x00000438                DebugPrint
 .text.main     0x00000520       0x84 .\CortexM0\ARM_GCC_541\Debug\main.o
                0x00000520                main
 .text.ReadCAN  0x000005a4       0x30 .\CortexM0\ARM_GCC_541\Debug\main.o
                0x000005a4                ReadCAN
 .text.DisplayErrorCode
                0x000005d4       0x1c .\CortexM0\ARM_GCC_541\Debug\main.o
                0x000005d4                DisplayErrorCode
 .text.GotoUninitState
                0x000005f0       0x14 .\CortexM0\ARM_GCC_541\Debug\BLDC_FSM.o
                0x000005f0                GotoUninitState
 .text.SetStateTo
                0x00000604        0xc .\CortexM0\ARM_GCC_541\Debug\BLDC_FSM.o
                0x00000604                SetStateTo
 .text.SetModeTo
                0x00000610        0xc .\CortexM0\ARM_GCC_541\Debug\BLDC_FSM.o
                0x00000610                SetModeTo
 .text.GetState
                0x0000061c        0xc .\CortexM0\ARM_GCC_541\Debug\BLDC_FSM.o
                0x0000061c                GetState
 .text.GetMode  0x00000628        0xc .\CortexM0\ARM_GCC_541\Debug\BLDC_FSM.o
                0x00000628                GetMode
 .text.PositionConstIsSet
                0x00000634       0x10 .\CortexM0\ARM_GCC_541\Debug\BLDC_FSM.o
                0x00000634                PositionConstIsSet
 .text.IntegralConstIsSet
                0x00000644       0x10 .\CortexM0\ARM_GCC_541\Debug\BLDC_FSM.o
                0x00000644                IntegralConstIsSet
 .text.DerivativeConstIsSet
                0x00000654       0x10 .\CortexM0\ARM_GCC_541\Debug\BLDC_FSM.o
                0x00000654                DerivativeConstIsSet
 .text.PPJRConstIsSet
                0x00000664       0x10 .\CortexM0\ARM_GCC_541\Debug\BLDC_FSM.o
                0x00000664                PPJRConstIsSet
 .text.PIDconstsSet
                0x00000674       0x14 .\CortexM0\ARM_GCC_541\Debug\BLDC_FSM.o
                0x00000674                PIDconstsSet
 .text.NextStateFromCAN
                0x00000688      0x308 .\CortexM0\ARM_GCC_541\Debug\BLDC_CAN.o
                0x00000688                NextStateFromCAN
 .text.set_speed
                0x00000990       0x78 .\CortexM0\ARM_GCC_541\Debug\BLDC_Drive.o
                0x00000990                set_speed
 .text.GetCurrentSpeed
                0x00000a08        0xc .\CortexM0\ARM_GCC_541\Debug\BLDC_Drive.o
                0x00000a08                GetCurrentSpeed
 .text.ClearPIDProgress
                0x00000a14       0x10 .\CortexM0\ARM_GCC_541\Debug\BLDC_pid.o
                0x00000a14                ClearPIDProgress
 .text.DisablePID
                0x00000a24        0xc .\CortexM0\ARM_GCC_541\Debug\BLDC_pid.o
                0x00000a24                DisablePID
 .text.EnablePID
                0x00000a30        0xc .\CortexM0\ARM_GCC_541\Debug\BLDC_pid.o
                0x00000a30                EnablePID
 .text.PIDIsEnabled
                0x00000a3c        0xc .\CortexM0\ARM_GCC_541\Debug\BLDC_pid.o
                0x00000a3c                PIDIsEnabled
 .text.InitializePID
                0x00000a48       0x18 .\CortexM0\ARM_GCC_541\Debug\BLDC_pid.o
                0x00000a48                InitializePID
 .text.UpdateConversion
                0x00000a60       0x40 .\CortexM0\ARM_GCC_541\Debug\BLDC_pid.o
                0x00000a60                UpdateConversion
 .text.GetkPosition
                0x00000aa0        0xc .\CortexM0\ARM_GCC_541\Debug\BLDC_pid.o
                0x00000aa0                GetkPosition
 .text.GetkIntegral
                0x00000aac        0xc .\CortexM0\ARM_GCC_541\Debug\BLDC_pid.o
                0x00000aac                GetkIntegral
 .text.GetkDerivative
                0x00000ab8        0xc .\CortexM0\ARM_GCC_541\Debug\BLDC_pid.o
                0x00000ab8                GetkDerivative
 .text.GetConversion
                0x00000ac4        0xc .\CortexM0\ARM_GCC_541\Debug\BLDC_pid.o
                0x00000ac4                GetConversion
 .text.GetTickMax
                0x00000ad0        0xc .\CortexM0\ARM_GCC_541\Debug\BLDC_pid.o
                0x00000ad0                GetTickMax
 .text.GetTickMin
                0x00000adc        0xc .\CortexM0\ARM_GCC_541\Debug\BLDC_pid.o
                0x00000adc                GetTickMin
 .text.GetmDegMax
                0x00000ae8        0xc .\CortexM0\ARM_GCC_541\Debug\BLDC_pid.o
                0x00000ae8                GetmDegMax
 .text.GetmDegMin
                0x00000af4        0xc .\CortexM0\ARM_GCC_541\Debug\BLDC_pid.o
                0x00000af4                GetmDegMin
 .text.SetkPosition
                0x00000b00        0xc .\CortexM0\ARM_GCC_541\Debug\BLDC_pid.o
                0x00000b00                SetkPosition
 .text.SetkIntegral
                0x00000b0c        0xc .\CortexM0\ARM_GCC_541\Debug\BLDC_pid.o
                0x00000b0c                SetkIntegral
 .text.SetkDerivative
                0x00000b18        0xc .\CortexM0\ARM_GCC_541\Debug\BLDC_pid.o
                0x00000b18                SetkDerivative
 .text.setTickMin
                0x00000b24        0xc .\CortexM0\ARM_GCC_541\Debug\BLDC_pid.o
                0x00000b24                setTickMin
 .text.setTickMax
                0x00000b30        0xc .\CortexM0\ARM_GCC_541\Debug\BLDC_pid.o
                0x00000b30                setTickMax
 .text.setmDegMin
                0x00000b3c        0xc .\CortexM0\ARM_GCC_541\Debug\BLDC_pid.o
                0x00000b3c                setmDegMin
 .text.setmDegMax
                0x00000b48        0xc .\CortexM0\ARM_GCC_541\Debug\BLDC_pid.o
                0x00000b48                setmDegMax
 .text.SetConversion
                0x00000b54        0xc .\CortexM0\ARM_GCC_541\Debug\BLDC_pid.o
                0x00000b54                SetConversion
 .text.GetPositionmDeg
                0x00000b60        0x4 .\CortexM0\ARM_GCC_541\Debug\BLDC_pid.o
                0x00000b60                GetPositionmDeg
 .text.Position_PID
                0x00000b64       0x7c .\CortexM0\ARM_GCC_541\Debug\BLDC_pid.o
                0x00000b64                Position_PID
 .text.SetPosition
                0x00000be0       0x18 .\CortexM0\ARM_GCC_541\Debug\BLDC_pid.o
                0x00000be0                SetPosition
 .text.AssembleChipTypeReportPacket
                0x00000bf8       0x24 .\CortexM0\ARM_GCC_541\Debug\CANCommon.o
                0x00000bf8                AssembleChipTypeReportPacket
 .text.AssembleTelemetryReportPacket
                0x00000c1c       0x2c .\CortexM0\ARM_GCC_541\Debug\CANCommon.o
                0x00000c1c                AssembleTelemetryReportPacket
 .text.DecodeTelemetryType
                0x00000c48        0x4 .\CortexM0\ARM_GCC_541\Debug\CANCommon.o
                0x00000c48                DecodeTelemetryType
 .text.GetModeFromPacket
                0x00000c4c        0x4 .\CortexM0\ARM_GCC_541\Debug\CANMotorUnit.o
                0x00000c4c                GetModeFromPacket
 .text.GetPWMFromPacket
                0x00000c50       0x10 .\CortexM0\ARM_GCC_541\Debug\CANMotorUnit.o
                0x00000c50                GetPWMFromPacket
 .text.GetPIDTargetFromPacket
                0x00000c60       0x10 .\CortexM0\ARM_GCC_541\Debug\CANMotorUnit.o
                0x00000c60                GetPIDTargetFromPacket
 .text.GetPFromPacket
                0x00000c70       0x10 .\CortexM0\ARM_GCC_541\Debug\CANMotorUnit.o
                0x00000c70                GetPFromPacket
 .text.GetIFromPacket
                0x00000c80       0x10 .\CortexM0\ARM_GCC_541\Debug\CANMotorUnit.o
                0x00000c80                GetIFromPacket
 .text.GetDFromPacket
                0x00000c90       0x10 .\CortexM0\ARM_GCC_541\Debug\CANMotorUnit.o
                0x00000c90                GetDFromPacket
 .text.GetEncoderPPJRFromPacket
                0x00000ca0       0x10 .\CortexM0\ARM_GCC_541\Debug\CANMotorUnit.o
                0x00000ca0                GetEncoderPPJRFromPacket
 .text.GetPotADCFromPacket
                0x00000cb0       0x10 .\CortexM0\ARM_GCC_541\Debug\CANMotorUnit.o
                0x00000cb0                GetPotADCFromPacket
 .text.GetPotmDegFromPacket
                0x00000cc0       0x10 .\CortexM0\ARM_GCC_541\Debug\CANMotorUnit.o
                0x00000cc0                GetPotmDegFromPacket
 .text.GetEncoderDirectionFromPacket
                0x00000cd0        0x8 .\CortexM0\ARM_GCC_541\Debug\CANMotorUnit.o
                0x00000cd0                GetEncoderDirectionFromPacket
 .text.GetEncoderZeroFromPacket
                0x00000cd8        0x8 .\CortexM0\ARM_GCC_541\Debug\CANMotorUnit.o
                0x00000cd8                GetEncoderZeroFromPacket
 .text.GetMaxPIDPWMFromPacket
                0x00000ce0       0x10 .\CortexM0\ARM_GCC_541\Debug\CANMotorUnit.o
                0x00000ce0                GetMaxPIDPWMFromPacket
 .text.GetEncoderValueFromPacket
                0x00000cf0       0x10 .\CortexM0\ARM_GCC_541\Debug\CANMotorUnit.o
                0x00000cf0                GetEncoderValueFromPacket
 .text.GetLimSwNumFromPacket
                0x00000d00        0x4 .\CortexM0\ARM_GCC_541\Debug\CANMotorUnit.o
                0x00000d00                GetLimSwNumFromPacket
 .text.ConstructCANID
                0x00000d04       0x1c .\CortexM0\ARM_GCC_541\Debug\CANPacket.o
                0x00000d04                ConstructCANID
 .text.WriteSenderSerialAndPacketID
                0x00000d20       0x18 .\CortexM0\ARM_GCC_541\Debug\CANPacket.o
                0x00000d20                WriteSenderSerialAndPacketID
 .text.GetDeviceSerialNumber
                0x00000d38        0x8 .\CortexM0\ARM_GCC_541\Debug\CANPacket.o
                0x00000d38                GetDeviceSerialNumber
 .text.GetSenderDeviceSerialNumber
                0x00000d40        0x4 .\CortexM0\ARM_GCC_541\Debug\CANPacket.o
                0x00000d40                GetSenderDeviceSerialNumber
 .text.GetSenderDeviceGroupCode
                0x00000d44        0x4 .\CortexM0\ARM_GCC_541\Debug\CANPacket.o
                0x00000d44                GetSenderDeviceGroupCode
 .text.PackIntIntoDataMSBFirst
                0x00000d48       0x18 .\CortexM0\ARM_GCC_541\Debug\CANPacket.o
                0x00000d48                PackIntIntoDataMSBFirst
 .text.DecodeBytesToIntMSBFirst
                0x00000d60       0x44 .\CortexM0\ARM_GCC_541\Debug\CANPacket.o
                0x00000d60                DecodeBytesToIntMSBFirst
 .text.InitCAN  0x00000da4       0x98 .\CortexM0\ARM_GCC_541\Debug\PortPSOC_CY8C4248AZI_L485.o
                0x00000da4                InitCAN
 .text.SendCANPacket
                0x00000e3c       0x40 .\CortexM0\ARM_GCC_541\Debug\PortPSOC_CY8C4248AZI_L485.o
                0x00000e3c                SendCANPacket
 .text.getLocalDeviceSerial
                0x00000e7c        0xc .\CortexM0\ARM_GCC_541\Debug\PortPSOC_CY8C4248AZI_L485.o
                0x00000e7c                getLocalDeviceSerial
 .text.getLocalDeviceGroup
                0x00000e88        0xc .\CortexM0\ARM_GCC_541\Debug\PortPSOC_CY8C4248AZI_L485.o
                0x00000e88                getLocalDeviceGroup
 .text.getChipType
                0x00000e94        0x4 .\CortexM0\ARM_GCC_541\Debug\PortPSOC_CY8C4248AZI_L485.o
                0x00000e94                getChipType
 .text.FIFOSize
                0x00000e98       0x48 .\CortexM0\ARM_GCC_541\Debug\PortPSOC_CY8C4248AZI_L485.o
                0x00000e98                FIFOSize
 .text.countAddFIFO
                0x00000ee0       0x50 .\CortexM0\ARM_GCC_541\Debug\PortPSOC_CY8C4248AZI_L485.o
                0x00000ee0                countAddFIFO
 .text.CAN_FLAG_ISR
                0x00000f30      0x12c .\CortexM0\ARM_GCC_541\Debug\PortPSOC_CY8C4248AZI_L485.o
                0x00000f30                CAN_FLAG_ISR
 .text.countRemoveFIFO
                0x0000105c       0x28 .\CortexM0\ARM_GCC_541\Debug\PortPSOC_CY8C4248AZI_L485.o
                0x0000105c                countRemoveFIFO
 .text.PollAndReceiveCANPacket
                0x00001084       0x4c .\CortexM0\ARM_GCC_541\Debug\PortPSOC_CY8C4248AZI_L485.o
                0x00001084                PollAndReceiveCANPacket
 .text.cfg_write_bytes32
                0x000010d0       0x34 .\CortexM0\ARM_GCC_541\Debug\cyfitter_cfg.o
 .text.AnalogSetDefault
                0x00001104       0x20 .\CortexM0\ARM_GCC_541\Debug\cyfitter_cfg.o
 .text.CYMEMZERO
                0x00001124        0xc .\CortexM0\ARM_GCC_541\Debug\cyfitter_cfg.o
 .text.IntDefaultHandler
                0x00001130       0x10 .\CortexM0\ARM_GCC_541\Debug\Cm0Start.o
                0x00001130                IntDefaultHandler
 .text._sbrk    0x00001140       0x30 .\CortexM0\ARM_GCC_541\Debug\Cm0Start.o
                0x00001140                _sbrk
 .text.Start_c  0x00001170       0x48 .\CortexM0\ARM_GCC_541\Debug\Cm0Start.o
                0x00001170                Start_c
 .text.initialize_psoc
                0x000011b8       0x4c .\CortexM0\ARM_GCC_541\Debug\Cm0Start.o
                0x000011b8                initialize_psoc
 .text.CySysClkImoSetPwrBgTrim5
                0x00001204       0x30 .\CortexM0\ARM_GCC_541\Debug\BLDC_Motor_Board.a(CyLib.o)
 .text.CySysClkImoSetImoTrims
                0x00001234       0xb0 .\CortexM0\ARM_GCC_541\Debug\BLDC_Motor_Board.a(CyLib.o)
 .text.CySysClkImoDisableWcoLock
                0x000012e4       0x54 .\CortexM0\ARM_GCC_541\Debug\BLDC_Motor_Board.a(CyLib.o)
                0x000012e4                CySysClkImoDisableWcoLock
 .text.CySysClkImoGetWcoLock
                0x00001338       0x14 .\CortexM0\ARM_GCC_541\Debug\BLDC_Motor_Board.a(CyLib.o)
                0x00001338                CySysClkImoGetWcoLock
 .text.CySysClkImoEnableUsbLock
                0x0000134c       0x44 .\CortexM0\ARM_GCC_541\Debug\BLDC_Motor_Board.a(CyLib.o)
                0x0000134c                CySysClkImoEnableUsbLock
 .text.CySysClkImoDisableUsbLock
                0x00001390       0x74 .\CortexM0\ARM_GCC_541\Debug\BLDC_Motor_Board.a(CyLib.o)
                0x00001390                CySysClkImoDisableUsbLock
 .text.CySysClkImoGetUsbLock
                0x00001404       0x14 .\CortexM0\ARM_GCC_541\Debug\BLDC_Motor_Board.a(CyLib.o)
                0x00001404                CySysClkImoGetUsbLock
 .text.CyIntEnable
                0x00001418       0x14 .\CortexM0\ARM_GCC_541\Debug\BLDC_Motor_Board.a(CyLib.o)
                0x00001418                CyIntEnable
 .text.CyIntDisable
                0x0000142c       0x14 .\CortexM0\ARM_GCC_541\Debug\BLDC_Motor_Board.a(CyLib.o)
                0x0000142c                CyIntDisable
 .text.CyHalt   0x00001440        0x4 .\CortexM0\ARM_GCC_541\Debug\BLDC_Motor_Board.a(CyLib.o)
                0x00001440                CyHalt
 .text.CyIntSetVector
                0x00001444       0x24 .\CortexM0\ARM_GCC_541\Debug\BLDC_Motor_Board.a(CyLib.o)
                0x00001444                CyIntSetVector
 .text.CyIntSetPriority
                0x00001468       0x4c .\CortexM0\ARM_GCC_541\Debug\BLDC_Motor_Board.a(CyLib.o)
                0x00001468                CyIntSetPriority
 .text.CyDelay  0x000014b4       0x30 .\CortexM0\ARM_GCC_541\Debug\BLDC_Motor_Board.a(CyLib.o)
                0x000014b4                CyDelay
 .text.CySysClkImoEnableWcoLock
                0x000014e4      0x104 .\CortexM0\ARM_GCC_541\Debug\BLDC_Motor_Board.a(CyLib.o)
                0x000014e4                CySysClkImoEnableWcoLock
 .text.CyDelayUs
                0x000015e8       0x14 .\CortexM0\ARM_GCC_541\Debug\BLDC_Motor_Board.a(CyLib.o)
                0x000015e8                CyDelayUs
 .text.CySysClkWriteImoFreq
                0x000015fc      0x1bc .\CortexM0\ARM_GCC_541\Debug\BLDC_Motor_Board.a(CyLib.o)
                0x000015fc                CySysClkWriteImoFreq
 .text.CySysWdtLocked
                0x000017b8       0x14 .\CortexM0\ARM_GCC_541\Debug\BLDC_Motor_Board.a(CyLFClk.o)
 .text.CySysClkWcoEnabled
                0x000017cc       0x14 .\CortexM0\ARM_GCC_541\Debug\BLDC_Motor_Board.a(CyLFClk.o)
                0x000017cc                CySysClkWcoEnabled
 .text.CySysWdtLock
                0x000017e0       0x1c .\CortexM0\ARM_GCC_541\Debug\BLDC_Motor_Board.a(CyLFClk.o)
                0x000017e0                CySysWdtLock
 .text.CySysWdtUnlock
                0x000017fc       0x30 .\CortexM0\ARM_GCC_541\Debug\BLDC_Motor_Board.a(CyLFClk.o)
                0x000017fc                CySysWdtUnlock
 .text.CySysWdtClearInterrupt
                0x0000182c       0x4c .\CortexM0\ARM_GCC_541\Debug\BLDC_Motor_Board.a(CyLFClk.o)
                0x0000182c                CySysWdtClearInterrupt
 .text.CySysWdtIsr
                0x00001878       0xa4 .\CortexM0\ARM_GCC_541\Debug\BLDC_Motor_Board.a(CyLFClk.o)
                0x00001878                CySysWdtIsr
 .text.CAN_GlobalIntEnable
                0x0000191c       0x1c .\CortexM0\ARM_GCC_541\Debug\BLDC_Motor_Board.a(CAN.o)
                0x0000191c                CAN_GlobalIntEnable
 .text.CAN_Enable
                0x00001938       0x48 .\CortexM0\ARM_GCC_541\Debug\BLDC_Motor_Board.a(CAN.o)
                0x00001938                CAN_Enable
 .text.CAN_SetPreScaler
                0x00001980       0x38 .\CortexM0\ARM_GCC_541\Debug\BLDC_Motor_Board.a(CAN.o)
                0x00001980                CAN_SetPreScaler
 .text.CAN_SetArbiter
                0x000019b8       0x40 .\CortexM0\ARM_GCC_541\Debug\BLDC_Motor_Board.a(CAN.o)
                0x000019b8                CAN_SetArbiter
 .text.CAN_SetTsegSample
                0x000019f8       0xa0 .\CortexM0\ARM_GCC_541\Debug\BLDC_Motor_Board.a(CAN.o)
                0x000019f8                CAN_SetTsegSample
 .text.CAN_SetRestartType
                0x00001a98       0x38 .\CortexM0\ARM_GCC_541\Debug\BLDC_Motor_Board.a(CAN.o)
                0x00001a98                CAN_SetRestartType
 .text.CAN_SetEdgeMode
                0x00001ad0       0x38 .\CortexM0\ARM_GCC_541\Debug\BLDC_Motor_Board.a(CAN.o)
                0x00001ad0                CAN_SetEdgeMode
 .text.CAN_SetIrqMask
                0x00001b08       0x1c .\CortexM0\ARM_GCC_541\Debug\BLDC_Motor_Board.a(CAN.o)
                0x00001b08                CAN_SetIrqMask
 .text.CAN_RxBufConfig
                0x00001b24       0x98 .\CortexM0\ARM_GCC_541\Debug\BLDC_Motor_Board.a(CAN.o)
                0x00001b24                CAN_RxBufConfig
 .text.CAN_TxBufConfig
                0x00001bbc       0x58 .\CortexM0\ARM_GCC_541\Debug\BLDC_Motor_Board.a(CAN.o)
                0x00001bbc                CAN_TxBufConfig
 .text.CAN_RxTxBuffersConfig
                0x00001c14       0x54 .\CortexM0\ARM_GCC_541\Debug\BLDC_Motor_Board.a(CAN.o)
                0x00001c14                CAN_RxTxBuffersConfig
 .text.CAN_SetSwapDataEndianness
                0x00001c68       0x40 .\CortexM0\ARM_GCC_541\Debug\BLDC_Motor_Board.a(CAN.o)
                0x00001c68                CAN_SetSwapDataEndianness
 .text.CAN_Init
                0x00001ca8       0xe4 .\CortexM0\ARM_GCC_541\Debug\BLDC_Motor_Board.a(CAN.o)
                0x00001ca8                CAN_Init
 .text.CAN_Start
                0x00001d8c       0x28 .\CortexM0\ARM_GCC_541\Debug\BLDC_Motor_Board.a(CAN.o)
                0x00001d8c                CAN_Start
 .text.CAN_ISR  0x00001db4        0x4 .\CortexM0\ARM_GCC_541\Debug\BLDC_Motor_Board.a(CAN_INT.o)
                0x00001db4                CAN_ISR
 .text.CAN_SendMsg
                0x00001db8      0x154 .\CortexM0\ARM_GCC_541\Debug\BLDC_Motor_Board.a(CAN_TX_RX_func.o)
                0x00001db8                CAN_SendMsg
 .text.UART_ScbModePostEnable
                0x00001f0c        0x8 .\CortexM0\ARM_GCC_541\Debug\BLDC_Motor_Board.a(UART.o)
 .text.UART_Init
                0x00001f14        0x8 .\CortexM0\ARM_GCC_541\Debug\BLDC_Motor_Board.a(UART.o)
                0x00001f14                UART_Init
 .text.UART_Enable
                0x00001f1c       0x18 .\CortexM0\ARM_GCC_541\Debug\BLDC_Motor_Board.a(UART.o)
                0x00001f1c                UART_Enable
 .text.UART_Start
                0x00001f34       0x20 .\CortexM0\ARM_GCC_541\Debug\BLDC_Motor_Board.a(UART.o)
                0x00001f34                UART_Start
 .text.UART_SpiUartReadRxData
                0x00001f54        0xc .\CortexM0\ARM_GCC_541\Debug\BLDC_Motor_Board.a(UART_SPI_UART.o)
                0x00001f54                UART_SpiUartReadRxData
 .text.UART_SpiUartGetRxBufferSize
                0x00001f60       0x10 .\CortexM0\ARM_GCC_541\Debug\BLDC_Motor_Board.a(UART_SPI_UART.o)
                0x00001f60                UART_SpiUartGetRxBufferSize
 .text.UART_SpiUartWriteTxData
                0x00001f70       0x1c .\CortexM0\ARM_GCC_541\Debug\BLDC_Motor_Board.a(UART_SPI_UART.o)
                0x00001f70                UART_SpiUartWriteTxData
 .text.UART_UartInit
                0x00001f8c       0xa8 .\CortexM0\ARM_GCC_541\Debug\BLDC_Motor_Board.a(UART_UART.o)
                0x00001f8c                UART_UartInit
 .text.UART_UartPostEnable
                0x00002034       0x24 .\CortexM0\ARM_GCC_541\Debug\BLDC_Motor_Board.a(UART_UART.o)
                0x00002034                UART_UartPostEnable
 .text.UART_UartGetByte
                0x00002058       0x34 .\CortexM0\ARM_GCC_541\Debug\BLDC_Motor_Board.a(UART_UART.o)
                0x00002058                UART_UartGetByte
 .text.UART_UartPutString
                0x0000208c       0x18 .\CortexM0\ARM_GCC_541\Debug\BLDC_Motor_Board.a(UART_UART.o)
                0x0000208c                UART_UartPutString
 .text.ERROR_LED_Write
                0x000020a4       0x18 .\CortexM0\ARM_GCC_541\Debug\BLDC_Motor_Board.a(ERROR_LED.o)
                0x000020a4                ERROR_LED_Write
 .text.Current_Sensor_I2C_ScbEnableIntr
                0x000020bc        0xc .\CortexM0\ARM_GCC_541\Debug\BLDC_Motor_Board.a(Current_Sensor_I2C.o)
 .text.Current_Sensor_I2C_Init
                0x000020c8        0x8 .\CortexM0\ARM_GCC_541\Debug\BLDC_Motor_Board.a(Current_Sensor_I2C.o)
                0x000020c8                Current_Sensor_I2C_Init
 .text.Current_Sensor_I2C_Enable
                0x000020d0       0x18 .\CortexM0\ARM_GCC_541\Debug\BLDC_Motor_Board.a(Current_Sensor_I2C.o)
                0x000020d0                Current_Sensor_I2C_Enable
 .text.Current_Sensor_I2C_Start
                0x000020e8       0x20 .\CortexM0\ARM_GCC_541\Debug\BLDC_Motor_Board.a(Current_Sensor_I2C.o)
                0x000020e8                Current_Sensor_I2C_Start
 .text.Current_Sensor_I2C_I2CInit
                0x00002108       0xb8 .\CortexM0\ARM_GCC_541\Debug\BLDC_Motor_Board.a(Current_Sensor_I2C_I2C.o)
                0x00002108                Current_Sensor_I2C_I2CInit
 .text.Current_Sensor_I2C_I2CFwBlockReset
                0x000021c0       0x5c .\CortexM0\ARM_GCC_541\Debug\BLDC_Motor_Board.a(Current_Sensor_I2C_I2C.o)
                0x000021c0                Current_Sensor_I2C_I2CFwBlockReset
 .text.CAN_LED_Write
                0x0000221c       0x18 .\CortexM0\ARM_GCC_541\Debug\BLDC_Motor_Board.a(CAN_LED.o)
                0x0000221c                CAN_LED_Write
 .text.TMC6100_SPI_ScbModePostEnable
                0x00002234        0x8 .\CortexM0\ARM_GCC_541\Debug\BLDC_Motor_Board.a(TMC6100_SPI.o)
 .text.TMC6100_SPI_Init
                0x0000223c        0x8 .\CortexM0\ARM_GCC_541\Debug\BLDC_Motor_Board.a(TMC6100_SPI.o)
                0x0000223c                TMC6100_SPI_Init
 .text.TMC6100_SPI_Enable
                0x00002244       0x18 .\CortexM0\ARM_GCC_541\Debug\BLDC_Motor_Board.a(TMC6100_SPI.o)
                0x00002244                TMC6100_SPI_Enable
 .text.TMC6100_SPI_Start
                0x0000225c       0x20 .\CortexM0\ARM_GCC_541\Debug\BLDC_Motor_Board.a(TMC6100_SPI.o)
                0x0000225c                TMC6100_SPI_Start
 .text.TMC6100_SPI_SpiInit
                0x0000227c       0x80 .\CortexM0\ARM_GCC_541\Debug\BLDC_Motor_Board.a(TMC6100_SPI_SPI.o)
                0x0000227c                TMC6100_SPI_SpiInit
 .text.TMC6100_SPI_SpiPostEnable
                0x000022fc       0x14 .\CortexM0\ARM_GCC_541\Debug\BLDC_Motor_Board.a(TMC6100_SPI_SPI.o)
                0x000022fc                TMC6100_SPI_SpiPostEnable
 .text.isr_Limit_1_SetVector
                0x00002310        0xc .\CortexM0\ARM_GCC_541\Debug\BLDC_Motor_Board.a(isr_Limit_1.o)
                0x00002310                isr_Limit_1_SetVector
 .text.isr_Limit_1_SetPriority
                0x0000231c       0x24 .\CortexM0\ARM_GCC_541\Debug\BLDC_Motor_Board.a(isr_Limit_1.o)
                0x0000231c                isr_Limit_1_SetPriority
 .text.isr_Limit_1_Enable
                0x00002340        0xc .\CortexM0\ARM_GCC_541\Debug\BLDC_Motor_Board.a(isr_Limit_1.o)
                0x00002340                isr_Limit_1_Enable
 .text.isr_Limit_1_Disable
                0x0000234c        0xc .\CortexM0\ARM_GCC_541\Debug\BLDC_Motor_Board.a(isr_Limit_1.o)
                0x0000234c                isr_Limit_1_Disable
 .text.isr_Limit_1_StartEx
                0x00002358       0x1c .\CortexM0\ARM_GCC_541\Debug\BLDC_Motor_Board.a(isr_Limit_1.o)
                0x00002358                isr_Limit_1_StartEx
 .text.Pin_Limit_2_Read
                0x00002374       0x10 .\CortexM0\ARM_GCC_541\Debug\BLDC_Motor_Board.a(Pin_Limit_2.o)
                0x00002374                Pin_Limit_2_Read
 .text.Pin_Limit_1_Read
                0x00002384       0x10 .\CortexM0\ARM_GCC_541\Debug\BLDC_Motor_Board.a(Pin_Limit_1.o)
                0x00002384                Pin_Limit_1_Read
 .text.Timer_Rotor_Delay_Enable
                0x00002394       0x14 .\CortexM0\ARM_GCC_541\Debug\BLDC_Motor_Board.a(Timer_Rotor_Delay.o)
                0x00002394                Timer_Rotor_Delay_Enable
 .text.Timer_Rotor_Delay_SetInterruptMode
                0x000023a8        0xc .\CortexM0\ARM_GCC_541\Debug\BLDC_Motor_Board.a(Timer_Rotor_Delay.o)
                0x000023a8                Timer_Rotor_Delay_SetInterruptMode
 .text.Timer_Rotor_Delay_ReadStatusRegister
                0x000023b4        0xc .\CortexM0\ARM_GCC_541\Debug\BLDC_Motor_Board.a(Timer_Rotor_Delay.o)
                0x000023b4                Timer_Rotor_Delay_ReadStatusRegister
 .text.Timer_Rotor_Delay_WritePeriod
                0x000023c0        0xc .\CortexM0\ARM_GCC_541\Debug\BLDC_Motor_Board.a(Timer_Rotor_Delay.o)
                0x000023c0                Timer_Rotor_Delay_WritePeriod
 .text.Timer_Rotor_Delay_ReadCapture
                0x000023cc        0xc .\CortexM0\ARM_GCC_541\Debug\BLDC_Motor_Board.a(Timer_Rotor_Delay.o)
                0x000023cc                Timer_Rotor_Delay_ReadCapture
 .text.Timer_Rotor_Delay_WriteCounter
                0x000023d8        0xc .\CortexM0\ARM_GCC_541\Debug\BLDC_Motor_Board.a(Timer_Rotor_Delay.o)
                0x000023d8                Timer_Rotor_Delay_WriteCounter
 .text.Timer_Rotor_Delay_EnableTrigger
                0x000023e4       0x14 .\CortexM0\ARM_GCC_541\Debug\BLDC_Motor_Board.a(Timer_Rotor_Delay.o)
                0x000023e4                Timer_Rotor_Delay_EnableTrigger
 .text.Timer_Rotor_Delay_ClearFIFO
                0x000023f8       0x14 .\CortexM0\ARM_GCC_541\Debug\BLDC_Motor_Board.a(Timer_Rotor_Delay.o)
                0x000023f8                Timer_Rotor_Delay_ClearFIFO
 .text.Timer_Rotor_Delay_Init
                0x0000240c       0x3c .\CortexM0\ARM_GCC_541\Debug\BLDC_Motor_Board.a(Timer_Rotor_Delay.o)
                0x0000240c                Timer_Rotor_Delay_Init
 .text.Timer_Rotor_Delay_Start
                0x00002448       0x20 .\CortexM0\ARM_GCC_541\Debug\BLDC_Motor_Board.a(Timer_Rotor_Delay.o)
                0x00002448                Timer_Rotor_Delay_Start
 .text.Address_Register_Read
                0x00002468        0xc .\CortexM0\ARM_GCC_541\Debug\BLDC_Motor_Board.a(Address_Register.o)
                0x00002468                Address_Register_Read
 .text.Limit_Register_Read
                0x00002474        0xc .\CortexM0\ARM_GCC_541\Debug\BLDC_Motor_Board.a(Limit_Register.o)
                0x00002474                Limit_Register_Read
 .text.Limit_Register_InterruptEnable
                0x00002480       0x1c .\CortexM0\ARM_GCC_541\Debug\BLDC_Motor_Board.a(Limit_Register.o)
                0x00002480                Limit_Register_InterruptEnable
 .text.Timer_Period_Reset_Enable
                0x0000249c       0x14 .\CortexM0\ARM_GCC_541\Debug\BLDC_Motor_Board.a(Timer_Period_Reset.o)
                0x0000249c                Timer_Period_Reset_Enable
 .text.Timer_Period_Reset_SetInterruptMode
                0x000024b0        0xc .\CortexM0\ARM_GCC_541\Debug\BLDC_Motor_Board.a(Timer_Period_Reset.o)
                0x000024b0                Timer_Period_Reset_SetInterruptMode
 .text.Timer_Period_Reset_ReadStatusRegister
                0x000024bc        0xc .\CortexM0\ARM_GCC_541\Debug\BLDC_Motor_Board.a(Timer_Period_Reset.o)
                0x000024bc                Timer_Period_Reset_ReadStatusRegister
 .text.Timer_Period_Reset_WritePeriod
                0x000024c8        0xc .\CortexM0\ARM_GCC_541\Debug\BLDC_Motor_Board.a(Timer_Period_Reset.o)
                0x000024c8                Timer_Period_Reset_WritePeriod
 .text.Timer_Period_Reset_ReadCapture
                0x000024d4        0xc .\CortexM0\ARM_GCC_541\Debug\BLDC_Motor_Board.a(Timer_Period_Reset.o)
                0x000024d4                Timer_Period_Reset_ReadCapture
 .text.Timer_Period_Reset_WriteCounter
                0x000024e0        0xc .\CortexM0\ARM_GCC_541\Debug\BLDC_Motor_Board.a(Timer_Period_Reset.o)
                0x000024e0                Timer_Period_Reset_WriteCounter
 .text.Timer_Period_Reset_ClearFIFO
                0x000024ec       0x14 .\CortexM0\ARM_GCC_541\Debug\BLDC_Motor_Board.a(Timer_Period_Reset.o)
                0x000024ec                Timer_Period_Reset_ClearFIFO
 .text.Timer_Period_Reset_Init
                0x00002500       0x34 .\CortexM0\ARM_GCC_541\Debug\BLDC_Motor_Board.a(Timer_Period_Reset.o)
                0x00002500                Timer_Period_Reset_Init
 .text.Timer_Period_Reset_Start
                0x00002534       0x20 .\CortexM0\ARM_GCC_541\Debug\BLDC_Motor_Board.a(Timer_Period_Reset.o)
                0x00002534                Timer_Period_Reset_Start
 .text.isr_Period_Reset_SetVector
                0x00002554        0xc .\CortexM0\ARM_GCC_541\Debug\BLDC_Motor_Board.a(isr_Period_Reset.o)
                0x00002554                isr_Period_Reset_SetVector
 .text.isr_Period_Reset_SetPriority
                0x00002560       0x24 .\CortexM0\ARM_GCC_541\Debug\BLDC_Motor_Board.a(isr_Period_Reset.o)
                0x00002560                isr_Period_Reset_SetPriority
 .text.isr_Period_Reset_Enable
                0x00002584        0xc .\CortexM0\ARM_GCC_541\Debug\BLDC_Motor_Board.a(isr_Period_Reset.o)
                0x00002584                isr_Period_Reset_Enable
 .text.isr_Period_Reset_Disable
                0x00002590        0xc .\CortexM0\ARM_GCC_541\Debug\BLDC_Motor_Board.a(isr_Period_Reset.o)
                0x00002590                isr_Period_Reset_Disable
 .text.isr_Period_Reset_StartEx
                0x0000259c       0x1c .\CortexM0\ARM_GCC_541\Debug\BLDC_Motor_Board.a(isr_Period_Reset.o)
                0x0000259c                isr_Period_Reset_StartEx
 .text          0x000025b8       0x20 .\CortexM0\ARM_GCC_541\Debug\BLDC_Motor_Board.a(CyBootAsmGnu.o)
                0x000025b8                CyDelayCycles
                0x000025ca                CyEnterCriticalSection
                0x000025d2                CyExitCriticalSection
 .text.CySysFlashSetWaitCycles
                0x000025d8       0x54 .\CortexM0\ARM_GCC_541\Debug\BLDC_Motor_Board.a(CyFlash.o)
                0x000025d8                CySysFlashSetWaitCycles
 .text.Current_Sensor_I2C_I2C_ISR
                0x0000262c      0x340 .\CortexM0\ARM_GCC_541\Debug\BLDC_Motor_Board.a(Current_Sensor_I2C_I2C_INT.o)
                0x0000262c                Current_Sensor_I2C_I2C_ISR
 .text          0x0000296c      0x114 c:/program files (x86)/cypress/psoc creator/4.4/psoc creator/import/gnu/arm/5.4.1/bin/../lib/gcc/arm-none-eabi/5.4.1/armv6-m\libgcc.a(_udivsi3.o)
                0x0000296c                __aeabi_uidiv
                0x0000296c                __udivsi3
                0x00002a78                __aeabi_uidivmod
 .text          0x00002a80      0x1d4 c:/program files (x86)/cypress/psoc creator/4.4/psoc creator/import/gnu/arm/5.4.1/bin/../lib/gcc/arm-none-eabi/5.4.1/armv6-m\libgcc.a(_divsi3.o)
                0x00002a80                __divsi3
                0x00002a80                __aeabi_idiv
                0x00002c4c                __aeabi_idivmod
 .text          0x00002c54        0x4 c:/program files (x86)/cypress/psoc creator/4.4/psoc creator/import/gnu/arm/5.4.1/bin/../lib/gcc/arm-none-eabi/5.4.1/armv6-m\libgcc.a(_dvmd_tls.o)
                0x00002c54                __aeabi_idiv0
                0x00002c54                __aeabi_ldiv0
 .text          0x00002c58      0x234 c:/program files (x86)/cypress/psoc creator/4.4/psoc creator/import/gnu/arm/5.4.1/bin/../lib/gcc/arm-none-eabi/5.4.1/armv6-m\libgcc.a(divsf3.o)
                0x00002c58                __aeabi_fdiv
 .text          0x00002e8c       0x90 c:/program files (x86)/cypress/psoc creator/4.4/psoc creator/import/gnu/arm/5.4.1/bin/../lib/gcc/arm-none-eabi/5.4.1/armv6-m\libgcc.a(floatsisf.o)
                0x00002e8c                __aeabi_i2f
 .text          0x00002f1c      0x62c c:/program files (x86)/cypress/psoc creator/4.4/psoc creator/import/gnu/arm/5.4.1/bin/../lib/gcc/arm-none-eabi/5.4.1/armv6-m\libgcc.a(divdf3.o)
                0x00002f1c                __aeabi_ddiv
 .text          0x00003548       0x84 c:/program files (x86)/cypress/psoc creator/4.4/psoc creator/import/gnu/arm/5.4.1/bin/../lib/gcc/arm-none-eabi/5.4.1/armv6-m\libgcc.a(floatsidf.o)
                0x00003548                __aeabi_i2d
 .text          0x000035cc       0x70 c:/program files (x86)/cypress/psoc creator/4.4/psoc creator/import/gnu/arm/5.4.1/bin/../lib/gcc/arm-none-eabi/5.4.1/armv6-m\libgcc.a(floatunsidf.o)
                0x000035cc                __aeabi_ui2d
 .text          0x0000363c       0x3c c:/program files (x86)/cypress/psoc creator/4.4/psoc creator/import/gnu/arm/5.4.1/bin/../lib/gcc/arm-none-eabi/5.4.1/armv6-m\libgcc.a(_clzsi2.o)
                0x0000363c                __clzsi2
 .text.__errno  0x00003678        0xc c:/program files (x86)/cypress/psoc creator/4.4/psoc creator/import/gnu/arm/5.4.1/bin/../lib/gcc/arm-none-eabi/5.4.1/../../../../arm-none-eabi/lib/armv6-m\libg_nano.a(lib_a-errno.o)
                0x00003678                __errno
 .text.__libc_init_array
                0x00003684       0x4c c:/program files (x86)/cypress/psoc creator/4.4/psoc creator/import/gnu/arm/5.4.1/bin/../lib/gcc/arm-none-eabi/5.4.1/../../../../arm-none-eabi/lib/armv6-m\libg_nano.a(lib_a-init.o)
                0x00003684                __libc_init_array
 .text.memcpy   0x000036d0       0x12 c:/program files (x86)/cypress/psoc creator/4.4/psoc creator/import/gnu/arm/5.4.1/bin/../lib/gcc/arm-none-eabi/5.4.1/../../../../arm-none-eabi/lib/armv6-m\libg_nano.a(lib_a-memcpy-stub.o)
                0x000036d0                memcpy
 .text.memset   0x000036e2       0x10 c:/program files (x86)/cypress/psoc creator/4.4/psoc creator/import/gnu/arm/5.4.1/bin/../lib/gcc/arm-none-eabi/5.4.1/../../../../arm-none-eabi/lib/armv6-m\libg_nano.a(lib_a-memset.o)
                0x000036e2                memset
 *fill*         0x000036f2        0x2 
 .text.sprintf  0x000036f4       0x44 c:/program files (x86)/cypress/psoc creator/4.4/psoc creator/import/gnu/arm/5.4.1/bin/../lib/gcc/arm-none-eabi/5.4.1/../../../../arm-none-eabi/lib/armv6-m\libg_nano.a(lib_a-sprintf.o)
                0x000036f4                siprintf
                0x000036f4                sprintf
 .text.__ssputs_r
                0x00003738       0xc4 c:/program files (x86)/cypress/psoc creator/4.4/psoc creator/import/gnu/arm/5.4.1/bin/../lib/gcc/arm-none-eabi/5.4.1/../../../../arm-none-eabi/lib/armv6-m\libg_nano.a(lib_a-nano-svfprintf.o)
                0x00003738                __ssputs_r
 .text._svfprintf_r
                0x000037fc      0x1fc c:/program files (x86)/cypress/psoc creator/4.4/psoc creator/import/gnu/arm/5.4.1/bin/../lib/gcc/arm-none-eabi/5.4.1/../../../../arm-none-eabi/lib/armv6-m\libg_nano.a(lib_a-nano-svfprintf.o)
                0x000037fc                _svfiprintf_r
                0x000037fc                _svfprintf_r
 .text._printf_common
                0x000039f8       0xdc c:/program files (x86)/cypress/psoc creator/4.4/psoc creator/import/gnu/arm/5.4.1/bin/../lib/gcc/arm-none-eabi/5.4.1/../../../../arm-none-eabi/lib/armv6-m\libg_nano.a(lib_a-nano-vfprintf_i.o)
                0x000039f8                _printf_common
 .text._printf_i
                0x00003ad4      0x244 c:/program files (x86)/cypress/psoc creator/4.4/psoc creator/import/gnu/arm/5.4.1/bin/../lib/gcc/arm-none-eabi/5.4.1/../../../../arm-none-eabi/lib/armv6-m\libg_nano.a(lib_a-nano-vfprintf_i.o)
                0x00003ad4                _printf_i
 .text.memchr   0x00003d18       0x16 c:/program files (x86)/cypress/psoc creator/4.4/psoc creator/import/gnu/arm/5.4.1/bin/../lib/gcc/arm-none-eabi/5.4.1/../../../../arm-none-eabi/lib/armv6-m\libg_nano.a(lib_a-memchr-stub.o)
                0x00003d18                memchr
 .text.memmove  0x00003d2e       0x2a c:/program files (x86)/cypress/psoc creator/4.4/psoc creator/import/gnu/arm/5.4.1/bin/../lib/gcc/arm-none-eabi/5.4.1/../../../../arm-none-eabi/lib/armv6-m\libg_nano.a(lib_a-memmove.o)
                0x00003d2e                memmove
 .text._free_r  0x00003d58       0x98 c:/program files (x86)/cypress/psoc creator/4.4/psoc creator/import/gnu/arm/5.4.1/bin/../lib/gcc/arm-none-eabi/5.4.1/../../../../arm-none-eabi/lib/armv6-m\libg_nano.a(lib_a-nano-freer.o)
                0x00003d58                _free_r
 .text._malloc_r
                0x00003df0       0xc0 c:/program files (x86)/cypress/psoc creator/4.4/psoc creator/import/gnu/arm/5.4.1/bin/../lib/gcc/arm-none-eabi/5.4.1/../../../../arm-none-eabi/lib/armv6-m\libg_nano.a(lib_a-nano-mallocr.o)
                0x00003df0                _malloc_r
 .text._realloc_r
                0x00003eb0       0x4c c:/program files (x86)/cypress/psoc creator/4.4/psoc creator/import/gnu/arm/5.4.1/bin/../lib/gcc/arm-none-eabi/5.4.1/../../../../arm-none-eabi/lib/armv6-m\libg_nano.a(lib_a-nano-reallocr.o)
                0x00003eb0                _realloc_r
 .text._sbrk_r  0x00003efc       0x24 c:/program files (x86)/cypress/psoc creator/4.4/psoc creator/import/gnu/arm/5.4.1/bin/../lib/gcc/arm-none-eabi/5.4.1/../../../../arm-none-eabi/lib/armv6-m\libg_nano.a(lib_a-sbrkr.o)
                0x00003efc                _sbrk_r
 .text.__malloc_lock
                0x00003f20        0x2 c:/program files (x86)/cypress/psoc creator/4.4/psoc creator/import/gnu/arm/5.4.1/bin/../lib/gcc/arm-none-eabi/5.4.1/../../../../arm-none-eabi/lib/armv6-m\libg_nano.a(lib_a-mlock.o)
                0x00003f20                __malloc_lock
 .text.__malloc_unlock
                0x00003f22        0x2 c:/program files (x86)/cypress/psoc creator/4.4/psoc creator/import/gnu/arm/5.4.1/bin/../lib/gcc/arm-none-eabi/5.4.1/../../../../arm-none-eabi/lib/armv6-m\libg_nano.a(lib_a-mlock.o)
                0x00003f22                __malloc_unlock
 .text._malloc_usable_size_r
                0x00003f24       0x16 c:/program files (x86)/cypress/psoc creator/4.4/psoc creator/import/gnu/arm/5.4.1/bin/../lib/gcc/arm-none-eabi/5.4.1/../../../../arm-none-eabi/lib/armv6-m\libg_nano.a(lib_a-nano-msizer.o)
                0x00003f24                _malloc_usable_size_r
 *(.plt)
 *(.gnu.warning)
 *(.glue_7t)
 .glue_7t       0x00003f3a        0x0 linker stubs
 *(.glue_7)
 .glue_7        0x00003f3a        0x0 linker stubs
 *(.vfp11_veneer)
 .vfp11_veneer  0x00003f3a        0x0 linker stubs
 *(.bootloader)
 *(.ARM.extab* .gnu.linkonce.armextab.*)
 *(.gcc_except_table)

.v4_bx          0x00003f3c        0x0
 .v4_bx         0x00003f3c        0x0 linker stubs

.iplt           0x00003f3c        0x0
 .iplt          0x00003f3c        0x0 c:/program files (x86)/cypress/psoc creator/4.4/psoc creator/import/gnu/arm/5.4.1/bin/../lib/gcc/arm-none-eabi/5.4.1/armv6-m/crtbegin.o

.eh_frame_hdr
 *(.eh_frame_hdr)

.eh_frame       0x00003f3c        0x4
 *(.eh_frame)
 .eh_frame      0x00003f3c        0x0 c:/program files (x86)/cypress/psoc creator/4.4/psoc creator/import/gnu/arm/5.4.1/bin/../lib/gcc/arm-none-eabi/5.4.1/armv6-m/crtbegin.o
 .eh_frame      0x00003f3c        0x4 c:/program files (x86)/cypress/psoc creator/4.4/psoc creator/import/gnu/arm/5.4.1/bin/../lib/gcc/arm-none-eabi/5.4.1/armv6-m/crtend.o
                [!provide]                PROVIDE (__exidx_start, .)

.ARM.exidx
 *(.ARM.exidx* .gnu.linkonce.armexidx.*)
                0x00003f40                __exidx_end = .

.rodata         0x00003f40      0x740
 *(.rodata .rodata.* .gnu.linkonce.r.*)
 .rodata        0x00003f40       0x54 .\CortexM0\ARM_GCC_541\Debug\main.o
 .rodata.str1.4
                0x00003f94      0x106 .\CortexM0\ARM_GCC_541\Debug\main.o
 *fill*         0x0000409a        0x2 
 .rodata.str1.4
                0x0000409c       0x14 .\CortexM0\ARM_GCC_541\Debug\BLDC_CAN.o
                                 0x11 (size before relaxing)
 .rodata        0x000040b0      0x314 .\CortexM0\ARM_GCC_541\Debug\cyfitter_cfg.o
 .rodata        0x000043c4       0x2e .\CortexM0\ARM_GCC_541\Debug\BLDC_Motor_Board.a(CyLib.o)
                0x000043c4                cyImoFreqMhz2Reg
 *fill*         0x000043f2        0x2 
 .rodata        0x000043f4      0x160 .\CortexM0\ARM_GCC_541\Debug\BLDC_Motor_Board.a(CAN.o)
 .rodata        0x00004554       0x80 c:/program files (x86)/cypress/psoc creator/4.4/psoc creator/import/gnu/arm/5.4.1/bin/../lib/gcc/arm-none-eabi/5.4.1/armv6-m\libgcc.a(divsf3.o)
 .rodata        0x000045d4       0x40 c:/program files (x86)/cypress/psoc creator/4.4/psoc creator/import/gnu/arm/5.4.1/bin/../lib/gcc/arm-none-eabi/5.4.1/armv6-m\libgcc.a(divdf3.o)
 .rodata.str1.1
                0x00004614        0x2 c:/program files (x86)/cypress/psoc creator/4.4/psoc creator/import/gnu/arm/5.4.1/bin/../lib/gcc/arm-none-eabi/5.4.1/../../../../arm-none-eabi/lib/armv6-m\libg_nano.a(lib_a-impure.o)
 .rodata.str1.1
                0x00004616       0x11 c:/program files (x86)/cypress/psoc creator/4.4/psoc creator/import/gnu/arm/5.4.1/bin/../lib/gcc/arm-none-eabi/5.4.1/../../../../arm-none-eabi/lib/armv6-m\libg_nano.a(lib_a-nano-svfprintf.o)
 .rodata.str1.1
                0x00004627       0x22 c:/program files (x86)/cypress/psoc creator/4.4/psoc creator/import/gnu/arm/5.4.1/bin/../lib/gcc/arm-none-eabi/5.4.1/../../../../arm-none-eabi/lib/armv6-m\libg_nano.a(lib_a-nano-vfprintf_i.o)
                0x0000464c                . = ALIGN (0x4)
 *fill*         0x00004649        0x3 
 *(.init)
 .init          0x0000464c        0x4 c:/program files (x86)/cypress/psoc creator/4.4/psoc creator/import/gnu/arm/5.4.1/bin/../lib/gcc/arm-none-eabi/5.4.1/armv6-m/crti.o
                0x0000464c                _init
 .init          0x00004650        0x8 c:/program files (x86)/cypress/psoc creator/4.4/psoc creator/import/gnu/arm/5.4.1/bin/../lib/gcc/arm-none-eabi/5.4.1/armv6-m/crtn.o
                0x00004658                . = ALIGN (0x4)
                0x00004658                __preinit_array_start = .
 *(.preinit_array)
                0x00004658                __preinit_array_end = .
                0x00004658                . = ALIGN (0x4)
                0x00004658                __init_array_start = .
 *(SORT(.init_array.*))
 *(.init_array)
 .init_array    0x00004658        0x4 c:/program files (x86)/cypress/psoc creator/4.4/psoc creator/import/gnu/arm/5.4.1/bin/../lib/gcc/arm-none-eabi/5.4.1/armv6-m/crtbegin.o
 .init_array    0x0000465c        0x4 .\CortexM0\ARM_GCC_541\Debug\Cm0Start.o
                0x00004660                __init_array_end = .
                0x00004660                . = ALIGN (0x4)
 *(.fini)
 .fini          0x00004660        0x4 c:/program files (x86)/cypress/psoc creator/4.4/psoc creator/import/gnu/arm/5.4.1/bin/../lib/gcc/arm-none-eabi/5.4.1/armv6-m/crti.o
                0x00004660                _fini
 .fini          0x00004664        0x8 c:/program files (x86)/cypress/psoc creator/4.4/psoc creator/import/gnu/arm/5.4.1/bin/../lib/gcc/arm-none-eabi/5.4.1/armv6-m/crtn.o
                0x0000466c                . = ALIGN (0x4)
                0x0000466c                __fini_array_start = .
 *(.fini_array)
 .fini_array    0x0000466c        0x4 c:/program files (x86)/cypress/psoc creator/4.4/psoc creator/import/gnu/arm/5.4.1/bin/../lib/gcc/arm-none-eabi/5.4.1/armv6-m/crtbegin.o
 *(SORT(.fini_array.*))
                0x00004670                __fini_array_end = .
                0x00004670                . = ALIGN (0x4)
 *crtbegin.o(.ctors)
 *(EXCLUDE_FILE(*crtend.o) .ctors)
 *(SORT(.ctors.*))
 *crtend.o(.ctors)
                0x00004670                . = ALIGN (0x4)
 *crtbegin.o(.dtors)
 *(EXCLUDE_FILE(*crtend.o) .dtors)
 *(SORT(.dtors.*))
 *crtend.o(.dtors)
                0x00004670                . = ALIGN (0x4)
                0x00004670                __cy_regions = .
                0x00004670        0x4 LONG 0x4680 __cy_region_init_ram
                0x00004674        0x4 LONG 0x200000c0 __cy_region_start_data
                0x00004678        0x4 LONG 0x98 __cy_region_init_size_ram
                0x0000467c        0x4 LONG 0x270 __cy_region_zero_size_ram
                0x00004680                __cy_regions_end = .
                0x00004680                . = ALIGN (0x8)
                0x00004680                _etext = .

.cy_checksum_exclude
                0x00004680        0x0
 *(.cy_checksum_exclude)

.ramvectors     0x20000000       0xc0
                0x20000000                __cy_region_start_ram = .
 *(.ramvectors)
 .ramvectors    0x20000000       0xc0 .\CortexM0\ARM_GCC_541\Debug\Cm0Start.o
                0x20000000                CyRamVectors

.noinit
 *(.noinit)

.data           0x200000c0       0x98 load address 0x00004680
                0x200000c0                __cy_region_start_data = .
 *(.jcr)
 .jcr           0x200000c0        0x0 c:/program files (x86)/cypress/psoc creator/4.4/psoc creator/import/gnu/arm/5.4.1/bin/../lib/gcc/arm-none-eabi/5.4.1/armv6-m/crtbegin.o
 .jcr           0x200000c0        0x4 c:/program files (x86)/cypress/psoc creator/4.4/psoc creator/import/gnu/arm/5.4.1/bin/../lib/gcc/arm-none-eabi/5.4.1/armv6-m/crtend.o
 *(.got.plt)
 *(.got)
 *(.shdata)
 *(.data .data.* .gnu.linkonce.d.*)
 .data          0x200000c4        0x2 .\CortexM0\ARM_GCC_541\Debug\BLDC_FSM.o
                0x200000c4                motorUnitMode
                0x200000c5                motorUnitState
 *fill*         0x200000c6        0x2 
 .data          0x200000c8        0xc .\CortexM0\ARM_GCC_541\Debug\BLDC_pid.o
                0x200000c8                maxSpeed
                0x200000cc                integralClamp
                0x200000d0                delayTime
 .data          0x200000d4        0x4 .\CortexM0\ARM_GCC_541\Debug\Cm0Start.o
 .data          0x200000d8       0x14 .\CortexM0\ARM_GCC_541\Debug\BLDC_Motor_Board.a(CyLib.o)
                0x200000d8                CySysClkPumpConfig
                0x200000dc                cydelay32kMs
                0x200000e0                cydelayFreqKhz
                0x200000e4                cydelayFreqMhz
                0x200000e8                cydelayFreqHz
 .data          0x200000ec        0x8 .\CortexM0\ARM_GCC_541\Debug\BLDC_Motor_Board.a(CyLFClk.o)
 .data.impure_data
                0x200000f4       0x60 c:/program files (x86)/cypress/psoc creator/4.4/psoc creator/import/gnu/arm/5.4.1/bin/../lib/gcc/arm-none-eabi/5.4.1/../../../../arm-none-eabi/lib/armv6-m\libg_nano.a(lib_a-impure.o)
 .data._impure_ptr
                0x20000154        0x4 c:/program files (x86)/cypress/psoc creator/4.4/psoc creator/import/gnu/arm/5.4.1/bin/../lib/gcc/arm-none-eabi/5.4.1/../../../../arm-none-eabi/lib/armv6-m\libg_nano.a(lib_a-impure.o)
                0x20000154                _impure_ptr
                0x20000158                . = ALIGN (0x8)
 *(.ram)
                0x20000158                _edata = .

.igot.plt       0x20000158        0x0 load address 0x00004718
 .igot.plt      0x20000158        0x0 c:/program files (x86)/cypress/psoc creator/4.4/psoc creator/import/gnu/arm/5.4.1/bin/../lib/gcc/arm-none-eabi/5.4.1/armv6-m/crtbegin.o

.bss            0x20000158      0x270 load address 0x00004718
                0x20000158                PROVIDE (__bss_start__, .)
 *(.shbss)
 *(.bss .bss.* .gnu.linkonce.b.*)
 .bss           0x20000158       0x1c c:/program files (x86)/cypress/psoc creator/4.4/psoc creator/import/gnu/arm/5.4.1/bin/../lib/gcc/arm-none-eabi/5.4.1/armv6-m/crtbegin.o
 .bss           0x20000174        0xf .\CortexM0\ARM_GCC_541\Debug\main.o
                0x20000174                Can_LED
                0x20000175                CAN_check_delay
                0x20000176                Error_LED
                0x20000177                Debug_LED
                0x20000178                ignoreLimSw
                0x20000179                address
                0x2000017a                nextPWM
                0x2000017c                millidegreeTarget
                0x20000180                drive
                0x20000181                hallSensorsTimeOut
                0x20000182                encoderTimeOut
 .bss           0x20000183        0x1 .\CortexM0\ARM_GCC_541\Debug\BLDC_FSM.o
                0x20000183                PIDConstSetReg
 .bss           0x20000184        0xd .\CortexM0\ARM_GCC_541\Debug\BLDC_Drive.o
                0x20000184                invalidate
                0x20000185                currentDir
                0x20000188                currentSpeed
                0x2000018c                hallState
                0x20000190                coilState
 *fill*         0x20000191        0x7 
 .bss           0x20000198       0x34 .\CortexM0\ARM_GCC_541\Debug\BLDC_pid.o
                0x20000198                integral
                0x2000019c                lastError
                0x200001a0                enabledPID
                0x200001a4                mDegMin
                0x200001a8                mDegMax
                0x200001ac                tickMax
                0x200001b0                tickMin
                0x200001b8                mDegPerTick
                0x200001c0                kPosition
                0x200001c4                kIntegral
                0x200001c8                kDerivative
 .bss           0x200001cc        0x4 .\CortexM0\ARM_GCC_541\Debug\PortPSOC_CY8C4248AZI_L485.o
                0x200001cc                latestMessageFull
                0x200001cd                latestMessageHead
                0x200001ce                latestMessageTail
                0x200001cf                messageReadFlag
 .bss           0x200001d0       0x20 .\CortexM0\ARM_GCC_541\Debug\BLDC_Motor_Board.a(CyLib.o)
                0x200001d0                CySysClkImoTrim4
                0x200001d4                CySysClkImoTrim5
                0x200001ec                CySysTickInitVar
 .bss           0x200001f0       0x28 .\CortexM0\ARM_GCC_541\Debug\BLDC_Motor_Board.a(CyLFClk.o)
 .bss           0x20000218        0x1 .\CortexM0\ARM_GCC_541\Debug\BLDC_Motor_Board.a(CAN.o)
                0x20000218                CAN_initVar
 *fill*         0x20000219        0x1 
 .bss           0x2000021a        0x4 .\CortexM0\ARM_GCC_541\Debug\BLDC_Motor_Board.a(UART.o)
                0x2000021a                UART_initVar
                0x2000021c                UART_IntrTxMask
 *fill*         0x2000021e        0x2 
 .bss           0x20000220        0x8 .\CortexM0\ARM_GCC_541\Debug\BLDC_Motor_Board.a(Current_Sensor_I2C.o)
                0x20000220                Current_Sensor_I2C_initVar
                0x20000224                Current_Sensor_I2C_customIntrHandler
 .bss           0x20000228        0x4 .\CortexM0\ARM_GCC_541\Debug\BLDC_Motor_Board.a(TMC6100_SPI.o)
                0x20000228                TMC6100_SPI_initVar
                0x2000022a                TMC6100_SPI_IntrTxMask
 .bss           0x2000022c        0x1 .\CortexM0\ARM_GCC_541\Debug\BLDC_Motor_Board.a(Timer_Rotor_Delay.o)
                0x2000022c                Timer_Rotor_Delay_initVar
 .bss           0x2000022d        0x1 .\CortexM0\ARM_GCC_541\Debug\BLDC_Motor_Board.a(Timer_Period_Reset.o)
                0x2000022d                Timer_Period_Reset_initVar
 *fill*         0x2000022e        0x2 
 .bss.__malloc_sbrk_start
                0x20000230        0x4 c:/program files (x86)/cypress/psoc creator/4.4/psoc creator/import/gnu/arm/5.4.1/bin/../lib/gcc/arm-none-eabi/5.4.1/../../../../arm-none-eabi/lib/armv6-m\libg_nano.a(lib_a-nano-mallocr.o)
                0x20000230                __malloc_sbrk_start
 .bss.__malloc_free_list
                0x20000234        0x4 c:/program files (x86)/cypress/psoc creator/4.4/psoc creator/import/gnu/arm/5.4.1/bin/../lib/gcc/arm-none-eabi/5.4.1/../../../../arm-none-eabi/lib/armv6-m\libg_nano.a(lib_a-nano-mallocr.o)
                0x20000234                __malloc_free_list
 *(COMMON)
 COMMON         0x20000238       0x8c .\CortexM0\ARM_GCC_541\Debug\main.o
                0x20000238                bound_set2
                0x2000023c                txData
                0x200002a0                can_send
                0x200002ac                bound_set1
                0x200002b0                enc_lim_2
                0x200002b4                can_recieve
                0x200002c0                enc_lim_1
 COMMON         0x200002c4        0x4 .\CortexM0\ARM_GCC_541\Debug\BLDC_Drive.o
                0x200002c4                delay_ms
 COMMON         0x200002c8       0xd8 .\CortexM0\ARM_GCC_541\Debug\PortPSOC_CY8C4248AZI_L485.o
                0x200002c8                deviceGroup
                0x200002cc                rxMailbox
                0x200002dc                deviceAddress
                0x200002e0                latestMessage
 COMMON         0x200003a0        0x1 .\CortexM0\ARM_GCC_541\Debug\BLDC_Motor_Board.a(Current_Sensor_I2C_I2C.o)
                0x200003a0                Current_Sensor_I2C_state
 *fill*         0x200003a1        0x3 
 COMMON         0x200003a4       0x20 .\CortexM0\ARM_GCC_541\Debug\BLDC_Motor_Board.a(Current_Sensor_I2C_I2C_MASTER.o)
                0x200003a4                Current_Sensor_I2C_mstrWrBufPtr
                0x200003a8                Current_Sensor_I2C_mstrWrBufSize
                0x200003ac                Current_Sensor_I2C_mstrRdBufPtr
                0x200003b0                Current_Sensor_I2C_mstrRdBufSize
                0x200003b4                Current_Sensor_I2C_mstrControl
                0x200003b6                Current_Sensor_I2C_mstrStatus
                0x200003b8                Current_Sensor_I2C_mstrWrBufIndex
                0x200003bc                Current_Sensor_I2C_mstrWrBufIndexTmp
                0x200003c0                Current_Sensor_I2C_mstrRdBufIndex
 COMMON         0x200003c4        0x4 c:/program files (x86)/cypress/psoc creator/4.4/psoc creator/import/gnu/arm/5.4.1/bin/../lib/gcc/arm-none-eabi/5.4.1/../../../../arm-none-eabi/lib/armv6-m\libg_nano.a(lib_a-reent.o)
                0x200003c4                errno
                0x200003c8                . = ALIGN (0x8)
 *(.ram.b)
                0x200003c8                _end = .
                0x200003c8                __end = .
                0x200003c8                PROVIDE (end, .)
                0x200003c8                PROVIDE (__bss_end__, .)
                0x00004680                __cy_region_init_ram = LOADADDR (.data)
                0x00000098                __cy_region_init_size_ram = (_edata - ADDR (.data))
                0x00000270                __cy_region_zero_size_ram = (_end - _edata)

.heap           0x200003c8       0x80 load address 0x00004718
                0x200003c8                . = _end
                0x20000448                . = (. + 0x80)
 *fill*         0x200003c8       0x80 
                0x20000448                __cy_heap_limit = .

.stack          0x20007800      0x800
                0x20007800                __cy_stack_limit = .
                0x20008000                . = (. + 0x800)
 *fill*         0x20007800      0x800 
                0x00000001                ASSERT ((__cy_stack_limit >= __cy_heap_limit), region RAM overflowed with stack)
                0x00000000                cy_checksum_exclude_size = (CY_APPL_LOADABLE == 0x1)?SIZEOF (.cy_checksum_exclude):0x0
                0x00000001                ASSERT ((cy_checksum_exclude_size <= CY_CHECKSUM_EXCLUDE_SIZE), CY_BOOT: Section .cy_checksum_exclude size exceedes specified limit.)
                0x0003ffc0                cyloadermeta_start = (cy_project_type_bootloader || cy_project_type_app_for_stack_and_copier)?(LENGTH (rom) - CY_METADATA_SIZE):0xf0000000

.cyloadermeta
 *(.cyloadermeta)
                0x0003ffc0                cyloadablemeta_start = cy_project_type_app_for_stack_and_copier?((LENGTH (rom) - CY_FLASH_ROW_SIZE) - CY_METADATA_SIZE):((LENGTH (rom) - (CY_FLASH_ROW_SIZE * (CY_APPL_NUM - 0x1))) - CY_METADATA_SIZE)

.cyloadablemeta
 *(.cyloadablemeta)

.cyflashprotect
                0x90400000       0x80
 *(.cyflashprotect)
 .cyflashprotect
                0x90400000       0x80 .\CortexM0\ARM_GCC_541\Debug\cymetadata.o
                0x90400000                cy_meta_flashprotect

.cymeta         0x90500000        0xc
 *(.cymeta)
 .cymeta        0x90500000        0xc .\CortexM0\ARM_GCC_541\Debug\cymetadata.o
                0x90500000                cy_metadata

.cychipprotect  0x90600000        0x1
 *(.cychipprotect)
 .cychipprotect
                0x90600000        0x1 .\CortexM0\ARM_GCC_541\Debug\cymetadata.o
                0x90600000                cy_meta_chipprotect

.rel.dyn        0x00004718        0x0 load address 0x90600004
 .rel.iplt      0x00004718        0x0 c:/program files (x86)/cypress/psoc creator/4.4/psoc creator/import/gnu/arm/5.4.1/bin/../lib/gcc/arm-none-eabi/5.4.1/armv6-m/crtbegin.o

.stab
 *(.stab)

.stabstr
 *(.stabstr)

.debug
 *(.debug)

.line
 *(.line)

.debug_srcinfo
 *(.debug_srcinfo)

.debug_sfnames
 *(.debug_sfnames)

.debug_aranges  0x00000000     0x1630
 *(.debug_aranges)
 .debug_aranges
                0x00000000       0x58 .\CortexM0\ARM_GCC_541\Debug\main.o
 .debug_aranges
                0x00000058       0x78 .\CortexM0\ARM_GCC_541\Debug\BLDC_FSM.o
 .debug_aranges
                0x000000d0       0x28 .\CortexM0\ARM_GCC_541\Debug\BLDC_CAN.o
 .debug_aranges
                0x000000f8       0x38 .\CortexM0\ARM_GCC_541\Debug\BLDC_Drive.o
 .debug_aranges
                0x00000130       0xf0 .\CortexM0\ARM_GCC_541\Debug\BLDC_pid.o
 .debug_aranges
                0x00000220       0x28 .\CortexM0\ARM_GCC_541\Debug\setInterrupt.o
 .debug_aranges
                0x00000248       0xc0 .\CortexM0\ARM_GCC_541\Debug\CANCommon.o
 .debug_aranges
                0x00000308       0x88 .\CortexM0\ARM_GCC_541\Debug\CANGPIO.o
 .debug_aranges
                0x00000390       0x18 .\CortexM0\ARM_GCC_541\Debug\CANLocalization.o
 .debug_aranges
                0x000003a8      0x140 .\CortexM0\ARM_GCC_541\Debug\CANMotorUnit.o
 .debug_aranges
                0x000004e8       0xa8 .\CortexM0\ARM_GCC_541\Debug\CANPacket.o
 .debug_aranges
                0x00000590       0x40 .\CortexM0\ARM_GCC_541\Debug\CANPower.o
 .debug_aranges
                0x000005d0       0x50 .\CortexM0\ARM_GCC_541\Debug\CANScience.o
 .debug_aranges
                0x00000620       0x68 .\CortexM0\ARM_GCC_541\Debug\PortPSOC_CY8C4248AZI_L485.o
 .debug_aranges
                0x00000688       0x40 .\CortexM0\ARM_GCC_541\Debug\cyfitter_cfg.o
 .debug_aranges
                0x000006c8       0x18 .\CortexM0\ARM_GCC_541\Debug\cymetadata.o
 .debug_aranges
                0x000006e0       0x48 .\CortexM0\ARM_GCC_541\Debug\Cm0Start.o
 .debug_aranges
                0x00000728      0x270 .\CortexM0\ARM_GCC_541\Debug\BLDC_Motor_Board.a(CyLib.o)
 .debug_aranges
                0x00000998      0x188 .\CortexM0\ARM_GCC_541\Debug\BLDC_Motor_Board.a(CyLFClk.o)
 .debug_aranges
                0x00000b20       0x48 .\CortexM0\ARM_GCC_541\Debug\BLDC_Motor_Board.a(HALL1.o)
 .debug_aranges
                0x00000b68       0x48 .\CortexM0\ARM_GCC_541\Debug\BLDC_Motor_Board.a(UH.o)
 .debug_aranges
                0x00000bb0       0x48 .\CortexM0\ARM_GCC_541\Debug\BLDC_Motor_Board.a(UL.o)
 .debug_aranges
                0x00000bf8       0x48 .\CortexM0\ARM_GCC_541\Debug\BLDC_Motor_Board.a(VH.o)
 .debug_aranges
                0x00000c40       0x48 .\CortexM0\ARM_GCC_541\Debug\BLDC_Motor_Board.a(VL.o)
 .debug_aranges
                0x00000c88       0x48 .\CortexM0\ARM_GCC_541\Debug\BLDC_Motor_Board.a(WH.o)
 .debug_aranges
                0x00000cd0       0x48 .\CortexM0\ARM_GCC_541\Debug\BLDC_Motor_Board.a(WL.o)
 .debug_aranges
                0x00000d18       0x48 .\CortexM0\ARM_GCC_541\Debug\BLDC_Motor_Board.a(HALL2.o)
 .debug_aranges
                0x00000d60       0x48 .\CortexM0\ARM_GCC_541\Debug\BLDC_Motor_Board.a(HALL3.o)
 .debug_aranges
                0x00000da8       0xe8 .\CortexM0\ARM_GCC_541\Debug\BLDC_Motor_Board.a(CAN.o)
 .debug_aranges
                0x00000e90       0x20 .\CortexM0\ARM_GCC_541\Debug\BLDC_Motor_Board.a(CAN_INT.o)
 .debug_aranges
                0x00000eb0       0x30 .\CortexM0\ARM_GCC_541\Debug\BLDC_Motor_Board.a(CAN_TX_RX_func.o)
 .debug_aranges
                0x00000ee0       0x58 .\CortexM0\ARM_GCC_541\Debug\BLDC_Motor_Board.a(UART.o)
 .debug_aranges
                0x00000f38       0x60 .\CortexM0\ARM_GCC_541\Debug\BLDC_Motor_Board.a(UART_SPI_UART.o)
 .debug_aranges
                0x00000f98       0x90 .\CortexM0\ARM_GCC_541\Debug\BLDC_Motor_Board.a(UART_UART.o)
 .debug_aranges
                0x00001028       0x48 .\CortexM0\ARM_GCC_541\Debug\BLDC_Motor_Board.a(ERROR_LED.o)
 .debug_aranges
                0x00001070       0x60 .\CortexM0\ARM_GCC_541\Debug\BLDC_Motor_Board.a(Current_Sensor_I2C.o)
 .debug_aranges
                0x000010d0       0x30 .\CortexM0\ARM_GCC_541\Debug\BLDC_Motor_Board.a(Current_Sensor_I2C_I2C.o)
 .debug_aranges
                0x00001100       0x98 .\CortexM0\ARM_GCC_541\Debug\BLDC_Motor_Board.a(Current_Sensor_I2C_I2C_MASTER.o)
 .debug_aranges
                0x00001198       0x48 .\CortexM0\ARM_GCC_541\Debug\BLDC_Motor_Board.a(CAN_LED.o)
 .debug_aranges
                0x000011e0       0x58 .\CortexM0\ARM_GCC_541\Debug\BLDC_Motor_Board.a(TMC6100_SPI.o)
 .debug_aranges
                0x00001238       0x38 .\CortexM0\ARM_GCC_541\Debug\BLDC_Motor_Board.a(TMC6100_SPI_SPI.o)
 .debug_aranges
                0x00001270       0x80 .\CortexM0\ARM_GCC_541\Debug\BLDC_Motor_Board.a(isr_Limit_1.o)
 .debug_aranges
                0x000012f0       0x48 .\CortexM0\ARM_GCC_541\Debug\BLDC_Motor_Board.a(Pin_Limit_2.o)
 .debug_aranges
                0x00001338       0x48 .\CortexM0\ARM_GCC_541\Debug\BLDC_Motor_Board.a(Pin_Limit_1.o)
 .debug_aranges
                0x00001380       0xa0 .\CortexM0\ARM_GCC_541\Debug\BLDC_Motor_Board.a(Timer_Rotor_Delay.o)
 .debug_aranges
                0x00001420       0x40 .\CortexM0\ARM_GCC_541\Debug\BLDC_Motor_Board.a(Address_Register.o)
 .debug_aranges
                0x00001460       0x40 .\CortexM0\ARM_GCC_541\Debug\BLDC_Motor_Board.a(Limit_Register.o)
 .debug_aranges
                0x000014a0       0x90 .\CortexM0\ARM_GCC_541\Debug\BLDC_Motor_Board.a(Timer_Period_Reset.o)
 .debug_aranges
                0x00001530       0x80 .\CortexM0\ARM_GCC_541\Debug\BLDC_Motor_Board.a(isr_Period_Reset.o)
 .debug_aranges
                0x000015b0       0x20 .\CortexM0\ARM_GCC_541\Debug\BLDC_Motor_Board.a(CyBootAsmGnu.o)
 .debug_aranges
                0x000015d0       0x40 .\CortexM0\ARM_GCC_541\Debug\BLDC_Motor_Board.a(CyFlash.o)
 .debug_aranges
                0x00001610       0x20 .\CortexM0\ARM_GCC_541\Debug\BLDC_Motor_Board.a(Current_Sensor_I2C_I2C_INT.o)

.debug_pubnames
 *(.debug_pubnames)

.debug_info     0x00000000     0xd6af
 *(.debug_info .gnu.linkonce.wi.*)
 .debug_info    0x00000000      0xb14 .\CortexM0\ARM_GCC_541\Debug\main.o
 .debug_info    0x00000b14      0x1ed .\CortexM0\ARM_GCC_541\Debug\BLDC_FSM.o
 .debug_info    0x00000d01      0xc06 .\CortexM0\ARM_GCC_541\Debug\BLDC_CAN.o
 .debug_info    0x00001907      0x347 .\CortexM0\ARM_GCC_541\Debug\BLDC_Drive.o
 .debug_info    0x00001c4e      0x545 .\CortexM0\ARM_GCC_541\Debug\BLDC_pid.o
 .debug_info    0x00002193      0x107 .\CortexM0\ARM_GCC_541\Debug\setInterrupt.o
 .debug_info    0x0000229a      0xa46 .\CortexM0\ARM_GCC_541\Debug\CANCommon.o
 .debug_info    0x00002ce0      0x60d .\CortexM0\ARM_GCC_541\Debug\CANGPIO.o
 .debug_info    0x000032ed       0x6b .\CortexM0\ARM_GCC_541\Debug\CANLocalization.o
 .debug_info    0x00003358     0x10ba .\CortexM0\ARM_GCC_541\Debug\CANMotorUnit.o
 .debug_info    0x00004412      0x641 .\CortexM0\ARM_GCC_541\Debug\CANPacket.o
 .debug_info    0x00004a53      0x2ff .\CortexM0\ARM_GCC_541\Debug\CANPower.o
 .debug_info    0x00004d52      0x353 .\CortexM0\ARM_GCC_541\Debug\CANScience.o
 .debug_info    0x000050a5      0x639 .\CortexM0\ARM_GCC_541\Debug\PortPSOC_CY8C4248AZI_L485.o
 .debug_info    0x000056de      0x3ce .\CortexM0\ARM_GCC_541\Debug\cyfitter_cfg.o
 .debug_info    0x00005aac       0xf8 .\CortexM0\ARM_GCC_541\Debug\cymetadata.o
 .debug_info    0x00005ba4      0x3a2 .\CortexM0\ARM_GCC_541\Debug\Cm0Start.o
 .debug_info    0x00005f46     0x17e4 .\CortexM0\ARM_GCC_541\Debug\BLDC_Motor_Board.a(CyLib.o)
 .debug_info    0x0000772a     0x1058 .\CortexM0\ARM_GCC_541\Debug\BLDC_Motor_Board.a(CyLFClk.o)
 .debug_info    0x00008782      0x19d .\CortexM0\ARM_GCC_541\Debug\BLDC_Motor_Board.a(HALL1.o)
 .debug_info    0x0000891f      0x19d .\CortexM0\ARM_GCC_541\Debug\BLDC_Motor_Board.a(UH.o)
 .debug_info    0x00008abc      0x19b .\CortexM0\ARM_GCC_541\Debug\BLDC_Motor_Board.a(UL.o)
 .debug_info    0x00008c57      0x19d .\CortexM0\ARM_GCC_541\Debug\BLDC_Motor_Board.a(VH.o)
 .debug_info    0x00008df4      0x19d .\CortexM0\ARM_GCC_541\Debug\BLDC_Motor_Board.a(VL.o)
 .debug_info    0x00008f91      0x19d .\CortexM0\ARM_GCC_541\Debug\BLDC_Motor_Board.a(WH.o)
 .debug_info    0x0000912e      0x19d .\CortexM0\ARM_GCC_541\Debug\BLDC_Motor_Board.a(WL.o)
 .debug_info    0x000092cb      0x19d .\CortexM0\ARM_GCC_541\Debug\BLDC_Motor_Board.a(HALL2.o)
 .debug_info    0x00009468      0x19d .\CortexM0\ARM_GCC_541\Debug\BLDC_Motor_Board.a(HALL3.o)
 .debug_info    0x00009605      0x9c6 .\CortexM0\ARM_GCC_541\Debug\BLDC_Motor_Board.a(CAN.o)
 .debug_info    0x00009fcb       0xa0 .\CortexM0\ARM_GCC_541\Debug\BLDC_Motor_Board.a(CAN_INT.o)
 .debug_info    0x0000a06b      0x37e .\CortexM0\ARM_GCC_541\Debug\BLDC_Motor_Board.a(CAN_TX_RX_func.o)
 .debug_info    0x0000a3e9      0x23a .\CortexM0\ARM_GCC_541\Debug\BLDC_Motor_Board.a(UART.o)
 .debug_info    0x0000a623      0x220 .\CortexM0\ARM_GCC_541\Debug\BLDC_Motor_Board.a(UART_SPI_UART.o)
 .debug_info    0x0000a843      0x3b5 .\CortexM0\ARM_GCC_541\Debug\BLDC_Motor_Board.a(UART_UART.o)
 .debug_info    0x0000abf8      0x19d .\CortexM0\ARM_GCC_541\Debug\BLDC_Motor_Board.a(ERROR_LED.o)
 .debug_info    0x0000ad95      0x298 .\CortexM0\ARM_GCC_541\Debug\BLDC_Motor_Board.a(Current_Sensor_I2C.o)
 .debug_info    0x0000b02d      0x195 .\CortexM0\ARM_GCC_541\Debug\BLDC_Motor_Board.a(Current_Sensor_I2C_I2C.o)
 .debug_info    0x0000b1c2      0x813 .\CortexM0\ARM_GCC_541\Debug\BLDC_Motor_Board.a(Current_Sensor_I2C_I2C_MASTER.o)
 .debug_info    0x0000b9d5      0x19d .\CortexM0\ARM_GCC_541\Debug\BLDC_Motor_Board.a(CAN_LED.o)
 .debug_info    0x0000bb72      0x23a .\CortexM0\ARM_GCC_541\Debug\BLDC_Motor_Board.a(TMC6100_SPI.o)
 .debug_info    0x0000bdac      0x13c .\CortexM0\ARM_GCC_541\Debug\BLDC_Motor_Board.a(TMC6100_SPI_SPI.o)
 .debug_info    0x0000bee8      0x305 .\CortexM0\ARM_GCC_541\Debug\BLDC_Motor_Board.a(isr_Limit_1.o)
 .debug_info    0x0000c1ed      0x19d .\CortexM0\ARM_GCC_541\Debug\BLDC_Motor_Board.a(Pin_Limit_2.o)
 .debug_info    0x0000c38a      0x19b .\CortexM0\ARM_GCC_541\Debug\BLDC_Motor_Board.a(Pin_Limit_1.o)
 .debug_info    0x0000c525      0x31b .\CortexM0\ARM_GCC_541\Debug\BLDC_Motor_Board.a(Timer_Rotor_Delay.o)
 .debug_info    0x0000c840      0x17f .\CortexM0\ARM_GCC_541\Debug\BLDC_Motor_Board.a(Address_Register.o)
 .debug_info    0x0000c9bf      0x17f .\CortexM0\ARM_GCC_541\Debug\BLDC_Motor_Board.a(Limit_Register.o)
 .debug_info    0x0000cb3e      0x2cf .\CortexM0\ARM_GCC_541\Debug\BLDC_Motor_Board.a(Timer_Period_Reset.o)
 .debug_info    0x0000ce0d      0x305 .\CortexM0\ARM_GCC_541\Debug\BLDC_Motor_Board.a(isr_Period_Reset.o)
 .debug_info    0x0000d112       0xa3 .\CortexM0\ARM_GCC_541\Debug\BLDC_Motor_Board.a(CyBootAsmGnu.o)
 .debug_info    0x0000d1b5      0x352 .\CortexM0\ARM_GCC_541\Debug\BLDC_Motor_Board.a(CyFlash.o)
 .debug_info    0x0000d507      0x1a8 .\CortexM0\ARM_GCC_541\Debug\BLDC_Motor_Board.a(Current_Sensor_I2C_I2C_INT.o)

.debug_abbrev   0x00000000     0x3866
 *(.debug_abbrev)
 .debug_abbrev  0x00000000      0x1c5 .\CortexM0\ARM_GCC_541\Debug\main.o
 .debug_abbrev  0x000001c5       0xd3 .\CortexM0\ARM_GCC_541\Debug\BLDC_FSM.o
 .debug_abbrev  0x00000298      0x170 .\CortexM0\ARM_GCC_541\Debug\BLDC_CAN.o
 .debug_abbrev  0x00000408      0x126 .\CortexM0\ARM_GCC_541\Debug\BLDC_Drive.o
 .debug_abbrev  0x0000052e      0x16b .\CortexM0\ARM_GCC_541\Debug\BLDC_pid.o
 .debug_abbrev  0x00000699       0xbf .\CortexM0\ARM_GCC_541\Debug\setInterrupt.o
 .debug_abbrev  0x00000758      0x149 .\CortexM0\ARM_GCC_541\Debug\CANCommon.o
 .debug_abbrev  0x000008a1      0x106 .\CortexM0\ARM_GCC_541\Debug\CANGPIO.o
 .debug_abbrev  0x000009a7       0x26 .\CortexM0\ARM_GCC_541\Debug\CANLocalization.o
 .debug_abbrev  0x000009cd      0x19d .\CortexM0\ARM_GCC_541\Debug\CANMotorUnit.o
 .debug_abbrev  0x00000b6a      0x16f .\CortexM0\ARM_GCC_541\Debug\CANPacket.o
 .debug_abbrev  0x00000cd9      0x124 .\CortexM0\ARM_GCC_541\Debug\CANPower.o
 .debug_abbrev  0x00000dfd       0xfe .\CortexM0\ARM_GCC_541\Debug\CANScience.o
 .debug_abbrev  0x00000efb      0x1ad .\CortexM0\ARM_GCC_541\Debug\PortPSOC_CY8C4248AZI_L485.o
 .debug_abbrev  0x000010a8      0x1b8 .\CortexM0\ARM_GCC_541\Debug\cyfitter_cfg.o
 .debug_abbrev  0x00001260       0x5d .\CortexM0\ARM_GCC_541\Debug\cymetadata.o
 .debug_abbrev  0x000012bd      0x1d7 .\CortexM0\ARM_GCC_541\Debug\Cm0Start.o
 .debug_abbrev  0x00001494      0x293 .\CortexM0\ARM_GCC_541\Debug\BLDC_Motor_Board.a(CyLib.o)
 .debug_abbrev  0x00001727      0x248 .\CortexM0\ARM_GCC_541\Debug\BLDC_Motor_Board.a(CyLFClk.o)
 .debug_abbrev  0x0000196f       0xc8 .\CortexM0\ARM_GCC_541\Debug\BLDC_Motor_Board.a(HALL1.o)
 .debug_abbrev  0x00001a37       0xc8 .\CortexM0\ARM_GCC_541\Debug\BLDC_Motor_Board.a(UH.o)
 .debug_abbrev  0x00001aff       0xc8 .\CortexM0\ARM_GCC_541\Debug\BLDC_Motor_Board.a(UL.o)
 .debug_abbrev  0x00001bc7       0xc8 .\CortexM0\ARM_GCC_541\Debug\BLDC_Motor_Board.a(VH.o)
 .debug_abbrev  0x00001c8f       0xc8 .\CortexM0\ARM_GCC_541\Debug\BLDC_Motor_Board.a(VL.o)
 .debug_abbrev  0x00001d57       0xc8 .\CortexM0\ARM_GCC_541\Debug\BLDC_Motor_Board.a(WH.o)
 .debug_abbrev  0x00001e1f       0xc8 .\CortexM0\ARM_GCC_541\Debug\BLDC_Motor_Board.a(WL.o)
 .debug_abbrev  0x00001ee7       0xc8 .\CortexM0\ARM_GCC_541\Debug\BLDC_Motor_Board.a(HALL2.o)
 .debug_abbrev  0x00001faf       0xc8 .\CortexM0\ARM_GCC_541\Debug\BLDC_Motor_Board.a(HALL3.o)
 .debug_abbrev  0x00002077      0x186 .\CortexM0\ARM_GCC_541\Debug\BLDC_Motor_Board.a(CAN.o)
 .debug_abbrev  0x000021fd       0x42 .\CortexM0\ARM_GCC_541\Debug\BLDC_Motor_Board.a(CAN_INT.o)
 .debug_abbrev  0x0000223f      0x159 .\CortexM0\ARM_GCC_541\Debug\BLDC_Motor_Board.a(CAN_TX_RX_func.o)
 .debug_abbrev  0x00002398       0xd5 .\CortexM0\ARM_GCC_541\Debug\BLDC_Motor_Board.a(UART.o)
 .debug_abbrev  0x0000246d      0x14f .\CortexM0\ARM_GCC_541\Debug\BLDC_Motor_Board.a(UART_SPI_UART.o)
 .debug_abbrev  0x000025bc      0x132 .\CortexM0\ARM_GCC_541\Debug\BLDC_Motor_Board.a(UART_UART.o)
 .debug_abbrev  0x000026ee       0xc8 .\CortexM0\ARM_GCC_541\Debug\BLDC_Motor_Board.a(ERROR_LED.o)
 .debug_abbrev  0x000027b6      0x118 .\CortexM0\ARM_GCC_541\Debug\BLDC_Motor_Board.a(Current_Sensor_I2C.o)
 .debug_abbrev  0x000028ce       0xc7 .\CortexM0\ARM_GCC_541\Debug\BLDC_Motor_Board.a(Current_Sensor_I2C_I2C.o)
 .debug_abbrev  0x00002995      0x1c2 .\CortexM0\ARM_GCC_541\Debug\BLDC_Motor_Board.a(Current_Sensor_I2C_I2C_MASTER.o)
 .debug_abbrev  0x00002b57       0xc8 .\CortexM0\ARM_GCC_541\Debug\BLDC_Motor_Board.a(CAN_LED.o)
 .debug_abbrev  0x00002c1f       0xd5 .\CortexM0\ARM_GCC_541\Debug\BLDC_Motor_Board.a(TMC6100_SPI.o)
 .debug_abbrev  0x00002cf4       0xc6 .\CortexM0\ARM_GCC_541\Debug\BLDC_Motor_Board.a(TMC6100_SPI_SPI.o)
 .debug_abbrev  0x00002dba      0x19a .\CortexM0\ARM_GCC_541\Debug\BLDC_Motor_Board.a(isr_Limit_1.o)
 .debug_abbrev  0x00002f54       0xc8 .\CortexM0\ARM_GCC_541\Debug\BLDC_Motor_Board.a(Pin_Limit_2.o)
 .debug_abbrev  0x0000301c       0xc8 .\CortexM0\ARM_GCC_541\Debug\BLDC_Motor_Board.a(Pin_Limit_1.o)
 .debug_abbrev  0x000030e4      0x12b .\CortexM0\ARM_GCC_541\Debug\BLDC_Motor_Board.a(Timer_Rotor_Delay.o)
 .debug_abbrev  0x0000320f       0xac .\CortexM0\ARM_GCC_541\Debug\BLDC_Motor_Board.a(Address_Register.o)
 .debug_abbrev  0x000032bb       0xac .\CortexM0\ARM_GCC_541\Debug\BLDC_Motor_Board.a(Limit_Register.o)
 .debug_abbrev  0x00003367      0x12b .\CortexM0\ARM_GCC_541\Debug\BLDC_Motor_Board.a(Timer_Period_Reset.o)
 .debug_abbrev  0x00003492      0x19a .\CortexM0\ARM_GCC_541\Debug\BLDC_Motor_Board.a(isr_Period_Reset.o)
 .debug_abbrev  0x0000362c       0x14 .\CortexM0\ARM_GCC_541\Debug\BLDC_Motor_Board.a(CyBootAsmGnu.o)
 .debug_abbrev  0x00003640      0x182 .\CortexM0\ARM_GCC_541\Debug\BLDC_Motor_Board.a(CyFlash.o)
 .debug_abbrev  0x000037c2       0xa4 .\CortexM0\ARM_GCC_541\Debug\BLDC_Motor_Board.a(Current_Sensor_I2C_I2C_INT.o)

.debug_line     0x00000000     0x593c
 *(.debug_line)
 .debug_line    0x00000000      0x406 .\CortexM0\ARM_GCC_541\Debug\main.o
 .debug_line    0x00000406      0x205 .\CortexM0\ARM_GCC_541\Debug\BLDC_FSM.o
 .debug_line    0x0000060b      0x249 .\CortexM0\ARM_GCC_541\Debug\BLDC_CAN.o
 .debug_line    0x00000854      0x23e .\CortexM0\ARM_GCC_541\Debug\BLDC_Drive.o
 .debug_line    0x00000a92      0x33b .\CortexM0\ARM_GCC_541\Debug\BLDC_pid.o
 .debug_line    0x00000dcd       0x76 .\CortexM0\ARM_GCC_541\Debug\setInterrupt.o
 .debug_line    0x00000e43      0x2f0 .\CortexM0\ARM_GCC_541\Debug\CANCommon.o
 .debug_line    0x00001133      0x24b .\CortexM0\ARM_GCC_541\Debug\CANGPIO.o
 .debug_line    0x0000137e       0x1d .\CortexM0\ARM_GCC_541\Debug\CANLocalization.o
 .debug_line    0x0000139b      0x414 .\CortexM0\ARM_GCC_541\Debug\CANMotorUnit.o
 .debug_line    0x000017af      0x2d9 .\CortexM0\ARM_GCC_541\Debug\CANPacket.o
 .debug_line    0x00001a88      0x19a .\CortexM0\ARM_GCC_541\Debug\CANPower.o
 .debug_line    0x00001c22      0x1c2 .\CortexM0\ARM_GCC_541\Debug\CANScience.o
 .debug_line    0x00001de4      0x2ed .\CortexM0\ARM_GCC_541\Debug\PortPSOC_CY8C4248AZI_L485.o
 .debug_line    0x000020d1      0x195 .\CortexM0\ARM_GCC_541\Debug\cyfitter_cfg.o
 .debug_line    0x00002266      0x141 .\CortexM0\ARM_GCC_541\Debug\cymetadata.o
 .debug_line    0x000023a7      0x236 .\CortexM0\ARM_GCC_541\Debug\Cm0Start.o
 .debug_line    0x000025dd      0x8ef .\CortexM0\ARM_GCC_541\Debug\BLDC_Motor_Board.a(CyLib.o)
 .debug_line    0x00002ecc      0x5d1 .\CortexM0\ARM_GCC_541\Debug\BLDC_Motor_Board.a(CyLFClk.o)
 .debug_line    0x0000349d       0xbd .\CortexM0\ARM_GCC_541\Debug\BLDC_Motor_Board.a(HALL1.o)
 .debug_line    0x0000355a       0xba .\CortexM0\ARM_GCC_541\Debug\BLDC_Motor_Board.a(UH.o)
 .debug_line    0x00003614       0xb9 .\CortexM0\ARM_GCC_541\Debug\BLDC_Motor_Board.a(UL.o)
 .debug_line    0x000036cd       0xba .\CortexM0\ARM_GCC_541\Debug\BLDC_Motor_Board.a(VH.o)
 .debug_line    0x00003787       0xba .\CortexM0\ARM_GCC_541\Debug\BLDC_Motor_Board.a(VL.o)
 .debug_line    0x00003841       0xba .\CortexM0\ARM_GCC_541\Debug\BLDC_Motor_Board.a(WH.o)
 .debug_line    0x000038fb       0xba .\CortexM0\ARM_GCC_541\Debug\BLDC_Motor_Board.a(WL.o)
 .debug_line    0x000039b5       0xbd .\CortexM0\ARM_GCC_541\Debug\BLDC_Motor_Board.a(HALL2.o)
 .debug_line    0x00003a72       0xbd .\CortexM0\ARM_GCC_541\Debug\BLDC_Motor_Board.a(HALL3.o)
 .debug_line    0x00003b2f      0x3e7 .\CortexM0\ARM_GCC_541\Debug\BLDC_Motor_Board.a(CAN.o)
 .debug_line    0x00003f16       0x53 .\CortexM0\ARM_GCC_541\Debug\BLDC_Motor_Board.a(CAN_INT.o)
 .debug_line    0x00003f69       0xfc .\CortexM0\ARM_GCC_541\Debug\BLDC_Motor_Board.a(CAN_TX_RX_func.o)
 .debug_line    0x00004065      0x108 .\CortexM0\ARM_GCC_541\Debug\BLDC_Motor_Board.a(UART.o)
 .debug_line    0x0000416d      0x11a .\CortexM0\ARM_GCC_541\Debug\BLDC_Motor_Board.a(UART_SPI_UART.o)
 .debug_line    0x00004287      0x1cf .\CortexM0\ARM_GCC_541\Debug\BLDC_Motor_Board.a(UART_UART.o)
 .debug_line    0x00004456       0xc1 .\CortexM0\ARM_GCC_541\Debug\BLDC_Motor_Board.a(ERROR_LED.o)
 .debug_line    0x00004517      0x142 .\CortexM0\ARM_GCC_541\Debug\BLDC_Motor_Board.a(Current_Sensor_I2C.o)
 .debug_line    0x00004659       0xe0 .\CortexM0\ARM_GCC_541\Debug\BLDC_Motor_Board.a(Current_Sensor_I2C_I2C.o)
 .debug_line    0x00004739      0x31a .\CortexM0\ARM_GCC_541\Debug\BLDC_Motor_Board.a(Current_Sensor_I2C_I2C_MASTER.o)
 .debug_line    0x00004a53       0xbf .\CortexM0\ARM_GCC_541\Debug\BLDC_Motor_Board.a(CAN_LED.o)
 .debug_line    0x00004b12      0x118 .\CortexM0\ARM_GCC_541\Debug\BLDC_Motor_Board.a(TMC6100_SPI.o)
 .debug_line    0x00004c2a       0xcc .\CortexM0\ARM_GCC_541\Debug\BLDC_Motor_Board.a(TMC6100_SPI_SPI.o)
 .debug_line    0x00004cf6      0x157 .\CortexM0\ARM_GCC_541\Debug\BLDC_Motor_Board.a(isr_Limit_1.o)
 .debug_line    0x00004e4d       0xc3 .\CortexM0\ARM_GCC_541\Debug\BLDC_Motor_Board.a(Pin_Limit_2.o)
 .debug_line    0x00004f10       0xc2 .\CortexM0\ARM_GCC_541\Debug\BLDC_Motor_Board.a(Pin_Limit_1.o)
 .debug_line    0x00004fd2      0x1a8 .\CortexM0\ARM_GCC_541\Debug\BLDC_Motor_Board.a(Timer_Rotor_Delay.o)
 .debug_line    0x0000517a       0xbf .\CortexM0\ARM_GCC_541\Debug\BLDC_Motor_Board.a(Address_Register.o)
 .debug_line    0x00005239       0xbd .\CortexM0\ARM_GCC_541\Debug\BLDC_Motor_Board.a(Limit_Register.o)
 .debug_line    0x000052f6      0x186 .\CortexM0\ARM_GCC_541\Debug\BLDC_Motor_Board.a(Timer_Period_Reset.o)
 .debug_line    0x0000547c      0x15c .\CortexM0\ARM_GCC_541\Debug\BLDC_Motor_Board.a(isr_Period_Reset.o)
 .debug_line    0x000055d8       0x68 .\CortexM0\ARM_GCC_541\Debug\BLDC_Motor_Board.a(CyBootAsmGnu.o)
 .debug_line    0x00005640      0x173 .\CortexM0\ARM_GCC_541\Debug\BLDC_Motor_Board.a(CyFlash.o)
 .debug_line    0x000057b3      0x189 .\CortexM0\ARM_GCC_541\Debug\BLDC_Motor_Board.a(Current_Sensor_I2C_I2C_INT.o)

.debug_frame    0x00000000     0x3810
 *(.debug_frame)
 .debug_frame   0x00000000      0x104 .\CortexM0\ARM_GCC_541\Debug\main.o
 .debug_frame   0x00000104       0xdc .\CortexM0\ARM_GCC_541\Debug\BLDC_FSM.o
 .debug_frame   0x000001e0       0x54 .\CortexM0\ARM_GCC_541\Debug\BLDC_CAN.o
 .debug_frame   0x00000234       0x7c .\CortexM0\ARM_GCC_541\Debug\BLDC_Drive.o
 .debug_frame   0x000002b0      0x200 .\CortexM0\ARM_GCC_541\Debug\BLDC_pid.o
 .debug_frame   0x000004b0       0x3c .\CortexM0\ARM_GCC_541\Debug\setInterrupt.o
 .debug_frame   0x000004ec      0x27c .\CortexM0\ARM_GCC_541\Debug\CANCommon.o
 .debug_frame   0x00000768      0x178 .\CortexM0\ARM_GCC_541\Debug\CANGPIO.o
 .debug_frame   0x000008e0      0x3f8 .\CortexM0\ARM_GCC_541\Debug\CANMotorUnit.o
 .debug_frame   0x00000cd8      0x1a4 .\CortexM0\ARM_GCC_541\Debug\CANPacket.o
 .debug_frame   0x00000e7c       0x8c .\CortexM0\ARM_GCC_541\Debug\CANPower.o
 .debug_frame   0x00000f08       0xb0 .\CortexM0\ARM_GCC_541\Debug\CANScience.o
 .debug_frame   0x00000fb8       0xfc .\CortexM0\ARM_GCC_541\Debug\PortPSOC_CY8C4248AZI_L485.o
 .debug_frame   0x000010b4       0x98 .\CortexM0\ARM_GCC_541\Debug\cyfitter_cfg.o
 .debug_frame   0x0000114c       0xbc .\CortexM0\ARM_GCC_541\Debug\Cm0Start.o
 .debug_frame   0x00001208      0x718 .\CortexM0\ARM_GCC_541\Debug\BLDC_Motor_Board.a(CyLib.o)
 .debug_frame   0x00001920      0x4a4 .\CortexM0\ARM_GCC_541\Debug\BLDC_Motor_Board.a(CyLFClk.o)
 .debug_frame   0x00001dc4       0x70 .\CortexM0\ARM_GCC_541\Debug\BLDC_Motor_Board.a(HALL1.o)
 .debug_frame   0x00001e34       0x70 .\CortexM0\ARM_GCC_541\Debug\BLDC_Motor_Board.a(UH.o)
 .debug_frame   0x00001ea4       0x70 .\CortexM0\ARM_GCC_541\Debug\BLDC_Motor_Board.a(UL.o)
 .debug_frame   0x00001f14       0x70 .\CortexM0\ARM_GCC_541\Debug\BLDC_Motor_Board.a(VH.o)
 .debug_frame   0x00001f84       0x70 .\CortexM0\ARM_GCC_541\Debug\BLDC_Motor_Board.a(VL.o)
 .debug_frame   0x00001ff4       0x70 .\CortexM0\ARM_GCC_541\Debug\BLDC_Motor_Board.a(WH.o)
 .debug_frame   0x00002064       0x70 .\CortexM0\ARM_GCC_541\Debug\BLDC_Motor_Board.a(WL.o)
 .debug_frame   0x000020d4       0x70 .\CortexM0\ARM_GCC_541\Debug\BLDC_Motor_Board.a(HALL2.o)
 .debug_frame   0x00002144       0x70 .\CortexM0\ARM_GCC_541\Debug\BLDC_Motor_Board.a(HALL3.o)
 .debug_frame   0x000021b4      0x238 .\CortexM0\ARM_GCC_541\Debug\BLDC_Motor_Board.a(CAN.o)
 .debug_frame   0x000023ec       0x20 .\CortexM0\ARM_GCC_541\Debug\BLDC_Motor_Board.a(CAN_INT.o)
 .debug_frame   0x0000240c       0x60 .\CortexM0\ARM_GCC_541\Debug\BLDC_Motor_Board.a(CAN_TX_RX_func.o)
 .debug_frame   0x0000246c       0xd8 .\CortexM0\ARM_GCC_541\Debug\BLDC_Motor_Board.a(UART.o)
 .debug_frame   0x00002544       0xb0 .\CortexM0\ARM_GCC_541\Debug\BLDC_Motor_Board.a(UART_SPI_UART.o)
 .debug_frame   0x000025f4      0x144 .\CortexM0\ARM_GCC_541\Debug\BLDC_Motor_Board.a(UART_UART.o)
 .debug_frame   0x00002738       0x70 .\CortexM0\ARM_GCC_541\Debug\BLDC_Motor_Board.a(ERROR_LED.o)
 .debug_frame   0x000027a8       0xe8 .\CortexM0\ARM_GCC_541\Debug\BLDC_Motor_Board.a(Current_Sensor_I2C.o)
 .debug_frame   0x00002890       0x58 .\CortexM0\ARM_GCC_541\Debug\BLDC_Motor_Board.a(Current_Sensor_I2C_I2C.o)
 .debug_frame   0x000028e8      0x1d8 .\CortexM0\ARM_GCC_541\Debug\BLDC_Motor_Board.a(Current_Sensor_I2C_I2C_MASTER.o)
 .debug_frame   0x00002ac0       0x70 .\CortexM0\ARM_GCC_541\Debug\BLDC_Motor_Board.a(CAN_LED.o)
 .debug_frame   0x00002b30       0xd8 .\CortexM0\ARM_GCC_541\Debug\BLDC_Motor_Board.a(TMC6100_SPI.o)
 .debug_frame   0x00002c08       0x50 .\CortexM0\ARM_GCC_541\Debug\BLDC_Motor_Board.a(TMC6100_SPI_SPI.o)
 .debug_frame   0x00002c58      0x110 .\CortexM0\ARM_GCC_541\Debug\BLDC_Motor_Board.a(isr_Limit_1.o)
 .debug_frame   0x00002d68       0x70 .\CortexM0\ARM_GCC_541\Debug\BLDC_Motor_Board.a(Pin_Limit_2.o)
 .debug_frame   0x00002dd8       0x70 .\CortexM0\ARM_GCC_541\Debug\BLDC_Motor_Board.a(Pin_Limit_1.o)
 .debug_frame   0x00002e48      0x144 .\CortexM0\ARM_GCC_541\Debug\BLDC_Motor_Board.a(Timer_Rotor_Delay.o)
 .debug_frame   0x00002f8c       0x78 .\CortexM0\ARM_GCC_541\Debug\BLDC_Motor_Board.a(Address_Register.o)
 .debug_frame   0x00003004       0x78 .\CortexM0\ARM_GCC_541\Debug\BLDC_Motor_Board.a(Limit_Register.o)
 .debug_frame   0x0000307c      0x124 .\CortexM0\ARM_GCC_541\Debug\BLDC_Motor_Board.a(Timer_Period_Reset.o)
 .debug_frame   0x000031a0      0x110 .\CortexM0\ARM_GCC_541\Debug\BLDC_Motor_Board.a(isr_Period_Reset.o)
 .debug_frame   0x000032b0       0x90 .\CortexM0\ARM_GCC_541\Debug\BLDC_Motor_Board.a(CyFlash.o)
 .debug_frame   0x00003340       0x2c .\CortexM0\ARM_GCC_541\Debug\BLDC_Motor_Board.a(Current_Sensor_I2C_I2C_INT.o)
 .debug_frame   0x0000336c       0x20 c:/program files (x86)/cypress/psoc creator/4.4/psoc creator/import/gnu/arm/5.4.1/bin/../lib/gcc/arm-none-eabi/5.4.1/armv6-m\libgcc.a(_udivsi3.o)
 .debug_frame   0x0000338c       0x20 c:/program files (x86)/cypress/psoc creator/4.4/psoc creator/import/gnu/arm/5.4.1/bin/../lib/gcc/arm-none-eabi/5.4.1/armv6-m\libgcc.a(_divsi3.o)
 .debug_frame   0x000033ac       0x3c c:/program files (x86)/cypress/psoc creator/4.4/psoc creator/import/gnu/arm/5.4.1/bin/../lib/gcc/arm-none-eabi/5.4.1/armv6-m\libgcc.a(divsf3.o)
 .debug_frame   0x000033e8       0x2c c:/program files (x86)/cypress/psoc creator/4.4/psoc creator/import/gnu/arm/5.4.1/bin/../lib/gcc/arm-none-eabi/5.4.1/armv6-m\libgcc.a(floatsisf.o)
 .debug_frame   0x00003414       0x3c c:/program files (x86)/cypress/psoc creator/4.4/psoc creator/import/gnu/arm/5.4.1/bin/../lib/gcc/arm-none-eabi/5.4.1/armv6-m\libgcc.a(divdf3.o)
 .debug_frame   0x00003450       0x2c c:/program files (x86)/cypress/psoc creator/4.4/psoc creator/import/gnu/arm/5.4.1/bin/../lib/gcc/arm-none-eabi/5.4.1/armv6-m\libgcc.a(floatsidf.o)
 .debug_frame   0x0000347c       0x2c c:/program files (x86)/cypress/psoc creator/4.4/psoc creator/import/gnu/arm/5.4.1/bin/../lib/gcc/arm-none-eabi/5.4.1/armv6-m\libgcc.a(floatunsidf.o)
 .debug_frame   0x000034a8       0x20 c:/program files (x86)/cypress/psoc creator/4.4/psoc creator/import/gnu/arm/5.4.1/bin/../lib/gcc/arm-none-eabi/5.4.1/../../../../arm-none-eabi/lib/armv6-m\libg_nano.a(lib_a-errno.o)
 .debug_frame   0x000034c8       0x28 c:/program files (x86)/cypress/psoc creator/4.4/psoc creator/import/gnu/arm/5.4.1/bin/../lib/gcc/arm-none-eabi/5.4.1/../../../../arm-none-eabi/lib/armv6-m\libg_nano.a(lib_a-exit.o)
 .debug_frame   0x000034f0       0x2c c:/program files (x86)/cypress/psoc creator/4.4/psoc creator/import/gnu/arm/5.4.1/bin/../lib/gcc/arm-none-eabi/5.4.1/../../../../arm-none-eabi/lib/armv6-m\libg_nano.a(lib_a-init.o)
 .debug_frame   0x0000351c       0x28 c:/program files (x86)/cypress/psoc creator/4.4/psoc creator/import/gnu/arm/5.4.1/bin/../lib/gcc/arm-none-eabi/5.4.1/../../../../arm-none-eabi/lib/armv6-m\libg_nano.a(lib_a-memcpy-stub.o)
 .debug_frame   0x00003544       0x20 c:/program files (x86)/cypress/psoc creator/4.4/psoc creator/import/gnu/arm/5.4.1/bin/../lib/gcc/arm-none-eabi/5.4.1/../../../../arm-none-eabi/lib/armv6-m\libg_nano.a(lib_a-memset.o)
 .debug_frame   0x00003564       0x50 c:/program files (x86)/cypress/psoc creator/4.4/psoc creator/import/gnu/arm/5.4.1/bin/../lib/gcc/arm-none-eabi/5.4.1/../../../../arm-none-eabi/lib/armv6-m\libg_nano.a(lib_a-sprintf.o)
 .debug_frame   0x000035b4       0x74 c:/program files (x86)/cypress/psoc creator/4.4/psoc creator/import/gnu/arm/5.4.1/bin/../lib/gcc/arm-none-eabi/5.4.1/../../../../arm-none-eabi/lib/armv6-m\libg_nano.a(lib_a-nano-svfprintf.o)
 .debug_frame   0x00003628       0x54 c:/program files (x86)/cypress/psoc creator/4.4/psoc creator/import/gnu/arm/5.4.1/bin/../lib/gcc/arm-none-eabi/5.4.1/../../../../arm-none-eabi/lib/armv6-m\libg_nano.a(lib_a-nano-vfprintf_i.o)
 .debug_frame   0x0000367c       0x20 c:/program files (x86)/cypress/psoc creator/4.4/psoc creator/import/gnu/arm/5.4.1/bin/../lib/gcc/arm-none-eabi/5.4.1/../../../../arm-none-eabi/lib/armv6-m\libg_nano.a(lib_a-memchr-stub.o)
 .debug_frame   0x0000369c       0x28 c:/program files (x86)/cypress/psoc creator/4.4/psoc creator/import/gnu/arm/5.4.1/bin/../lib/gcc/arm-none-eabi/5.4.1/../../../../arm-none-eabi/lib/armv6-m\libg_nano.a(lib_a-memmove.o)
 .debug_frame   0x000036c4       0x2c c:/program files (x86)/cypress/psoc creator/4.4/psoc creator/import/gnu/arm/5.4.1/bin/../lib/gcc/arm-none-eabi/5.4.1/../../../../arm-none-eabi/lib/armv6-m\libg_nano.a(lib_a-nano-freer.o)
 .debug_frame   0x000036f0       0x2c c:/program files (x86)/cypress/psoc creator/4.4/psoc creator/import/gnu/arm/5.4.1/bin/../lib/gcc/arm-none-eabi/5.4.1/../../../../arm-none-eabi/lib/armv6-m\libg_nano.a(lib_a-nano-mallocr.o)
 .debug_frame   0x0000371c       0x30 c:/program files (x86)/cypress/psoc creator/4.4/psoc creator/import/gnu/arm/5.4.1/bin/../lib/gcc/arm-none-eabi/5.4.1/../../../../arm-none-eabi/lib/armv6-m\libg_nano.a(lib_a-nano-reallocr.o)
 .debug_frame   0x0000374c       0x2c c:/program files (x86)/cypress/psoc creator/4.4/psoc creator/import/gnu/arm/5.4.1/bin/../lib/gcc/arm-none-eabi/5.4.1/../../../../arm-none-eabi/lib/armv6-m\libg_nano.a(lib_a-sbrkr.o)